[2026-08-20T05:02:43+00:00] Kimi-K3 max-num-seqs=1024 experiment start (out: /home/amd/shaohao/amd-benchmarks/amd-cloud/logs/atom/kimi_1024_20260820_050243)
[2026-08-20T05:02:43+00:00] image=rocm/atom-dev:latest conc='256 512 1024' ISL/OSL=1024/1024
[2026-08-20T05:02:43+00:00] GPUs idle, no foreign server, model + image present
[2026-08-20T05:02:43+00:00] starting server (max-num-seqs=1024) on port 8016
[2026-08-20T05:02:44+00:00] waiting for server (1.5 TB load, up to 40 min)
[2026-08-20T05:04:49+00:00]   still loading (120s)
[2026-08-20T05:06:54+00:00]   still loading (240s)
[2026-08-20T05:06:57+00:00] server READY
Kimi-K3 max-num-seqs=1024 sweep 20260820_050243
image   : rocm/atom-dev:latest
model   : /mnt/scratch/shaohao/models/Kimi-K3
port    : 8016
ISL/OSL : 1024/1024
conc    : 256 512 1024

  conc        req/s    out_tok/s  ttft_ms_med  tpot_ms_med
   256         2.20       2027.6       8564.0       108.42  rc=0 1242s completed=2560
   512         2.11       1945.7     118135.8       114.45  rc=0 2470s completed=5120
  1024         2.08       1919.1     366510.8       116.00  rc=0 4979s completed=10240
[2026-08-20T07:31:48+00:00] stopping server
[2026-08-20T07:32:25+00:00] generating results/kimi-k3-maxseqs1024.md
[2026-08-20T07:32:25+00:00] analyze rc=0 -> /home/amd/shaohao/amd-benchmarks/amd-cloud/results/kimi-k3-maxseqs1024.md
[2026-08-20T07:32:25+00:00] updating results/kimi-k3-improve.md with Run D
[2026-08-20T07:32:25+00:00] MAX-NUM-SEQS 512 EXPERIMENT DONE
