[RESULT] [ 83165.566549] Action name :babel-double-825MiB
[RESULT] [ 83165.607989] Module name :babel
[INFO  ] [ 83165.608019] Missing 'device_index' key.
[RESULT] [ 83166.180270] [babel-double-825MiB] [GPU:: 17010] Starting the Babel memory stress test
[RESULT] [ 83166.180354] Running kernels 2000 times, Precision: double
[RESULT] [ 83166.180395] Array size: 6920.6 MB (=6.9 GB), Total size: 20761.8 MB (=20.8 GB)

[INFO  ] [ 83169.394656] 
elements per lane 2,chunks per block 1, block count 844800
Using HIP device AMD Instinct MI355X, Driver: 71460850, pciBusID: 117
[RESULT] [ 83200.659042] 
---------------------------------------------------------------------------------
GPU Id      Function    MBytes/sec     Max MB/s       Min MB/s       Avg MB/s       
---------------------------------------------------------------------------------
17010       Read        7260052.620    7260052.620    6450357.628    7181119.507    
17010       Write       6952562.530    6952562.530    1254546.720    6605893.865    
17010       Copy        6549370.198    6549370.198    2299979.528    6461308.183    
17010       Mul         6618107.749    6618107.749    6128273.992    6519011.253    
17010       Add         6289047.104    6289047.104    6038127.285    6233084.356    
17010       Triad       6148015.350    6148015.350    2613637.039    6088625.745    
17010       Dot         5873029.354    5873029.354    5334401.354    5807143.776    
---------------------------------------------------------------------------------

[RESULT] [ 83201.126994] [babel-double-825MiB] [GPU:: 42583] Starting the Babel memory stress test
[RESULT] [ 83201.127063] Running kernels 2000 times, Precision: double
[RESULT] [ 83201.127091] Array size: 6920.6 MB (=6.9 GB), Total size: 20761.8 MB (=20.8 GB)

[INFO  ] [ 83204.370011] 
elements per lane 2,chunks per block 1, block count 844800
Using HIP device AMD Instinct MI355X, Driver: 71460850, pciBusID: 117
[RESULT] [ 83235.867635] 
---------------------------------------------------------------------------------
GPU Id      Function    MBytes/sec     Max MB/s       Min MB/s       Avg MB/s       
---------------------------------------------------------------------------------
42583       Read        7223761.186    7223761.186    6499004.668    7123862.327    
42583       Write       6736676.849    6736676.849    5403857.644    6337018.489    
42583       Copy        6381543.083    6381543.083    6003867.994    6290093.737    
42583       Mul         6402412.723    6402412.723    6035361.879    6321146.043    
42583       Add         6303176.087    6303176.087    6034511.966    6213653.930    
42583       Triad       6239773.657    6239773.657    5991601.751    6168387.212    
42583       Dot         5911507.303    5911507.303    5614527.707    5857261.286    
---------------------------------------------------------------------------------

[RESULT] [ 83236.346363] [babel-double-825MiB] [GPU:: 36479] Starting the Babel memory stress test
[RESULT] [ 83236.346473] Running kernels 2000 times, Precision: double
[RESULT] [ 83236.346499] Array size: 6920.6 MB (=6.9 GB), Total size: 20761.8 MB (=20.8 GB)

[INFO  ] [ 83239.572580] 
elements per lane 2,chunks per block 1, block count 844800
Using HIP device AMD Instinct MI355X, Driver: 71460850, pciBusID: 117
[RESULT] [ 83270.986234] 
---------------------------------------------------------------------------------
GPU Id      Function    MBytes/sec     Max MB/s       Min MB/s       Avg MB/s       
---------------------------------------------------------------------------------
36479       Read        7207510.990    7207510.990    6576443.176    7130863.214    
36479       Write       6796410.786    6796410.786    5611090.833    6347584.702    
36479       Copy        6450537.995    6450537.995    6114683.286    6355186.181    
36479       Mul         6596942.411    6596942.411    6207257.375    6508095.016    
36479       Add         6203288.473    6203288.473    5914892.439    6141783.227    
36479       Triad       6194700.411    6194700.411    5955101.064    6138045.445    
36479       Dot         5944152.669    5944152.669    4491027.551    5870433.742    
---------------------------------------------------------------------------------

[RESULT] [ 83271.450307] [babel-double-825MiB] [GPU:: 27226] Starting the Babel memory stress test
[RESULT] [ 83271.450361] Running kernels 2000 times, Precision: double
[RESULT] [ 83271.450386] Array size: 6920.6 MB (=6.9 GB), Total size: 20761.8 MB (=20.8 GB)

[INFO  ] [ 83274.687356] 
elements per lane 2,chunks per block 1, block count 844800
Using HIP device AMD Instinct MI355X, Driver: 71460850, pciBusID: 117
[RESULT] [ 83305.983859] 
---------------------------------------------------------------------------------
GPU Id      Function    MBytes/sec     Max MB/s       Min MB/s       Avg MB/s       
---------------------------------------------------------------------------------
27226       Read        7210882.902    7210882.902    6494912.073    7112235.330    
27226       Write       6828606.612    6828606.612    5758870.428    6450621.574    
27226       Copy        6520491.218    6520491.218    6167154.204    6425706.622    
27226       Mul         6412019.453    6412019.453    6027897.157    6308192.105    
27226       Add         6165359.453    6165359.453    5932671.405    6092128.936    
27226       Triad       6456194.609    6456194.609    6177613.810    6368495.117    
27226       Dot         5940861.462    5940861.462    5670929.956    5864839.158    
---------------------------------------------------------------------------------

[RESULT] [ 83306.606072] [babel-double-825MiB] [GPU:: 57875] Starting the Babel memory stress test
[RESULT] [ 83306.606130] Running kernels 2000 times, Precision: double
[RESULT] [ 83306.606155] Array size: 6920.6 MB (=6.9 GB), Total size: 20761.8 MB (=20.8 GB)

[INFO  ] [ 83309.842920] 
elements per lane 2,chunks per block 1, block count 844800
Using HIP device AMD Instinct MI355X, Driver: 71460850, pciBusID: 117
[RESULT] [ 83342.337689] 
---------------------------------------------------------------------------------
GPU Id      Function    MBytes/sec     Max MB/s       Min MB/s       Avg MB/s       
---------------------------------------------------------------------------------
57875       Read        7253508.632    7253508.632    6346840.841    7156288.151    
57875       Write       6758908.238    6758908.238    5595348.826    6356059.732    
57875       Copy        6391769.004    6391769.004    5903839.423    6287157.150    
57875       Mul         6394423.660    6394423.660    5891377.884    6291038.119    
57875       Add         6140053.446    6140053.446    5807791.891    6058659.725    
57875       Triad       6081851.441    6081851.441    5735243.405    5994657.824    
57875       Dot         5843646.727    5843646.727    5391123.648    5794541.079    
---------------------------------------------------------------------------------

[RESULT] [ 83342.805698] [babel-double-825MiB] [GPU:: 1590] Starting the Babel memory stress test
[RESULT] [ 83342.805759] Running kernels 2000 times, Precision: double
[RESULT] [ 83342.805783] Array size: 6920.6 MB (=6.9 GB), Total size: 20761.8 MB (=20.8 GB)

[INFO  ] [ 83346.12905 ] 
elements per lane 2,chunks per block 1, block count 844800
Using HIP device AMD Instinct MI355X, Driver: 71460850, pciBusID: 117
[RESULT] [ 83378.430812] 
---------------------------------------------------------------------------------
GPU Id      Function    MBytes/sec     Max MB/s       Min MB/s       Avg MB/s       
---------------------------------------------------------------------------------
1590        Read        7239781.863    7239781.863    6420377.174    7162272.678    
1590        Write       6713275.512    6713275.512    5342534.457    6323182.231    
1590        Copy        6396199.583    6396199.583    5964107.810    6309132.759    
1590        Mul         6401021.115    6401021.115    5949674.258    6310332.056    
1590        Add         6168290.198    6168290.198    5830215.300    6080626.333    
1590        Triad       6098624.874    6098624.874    5779097.019    6008825.321    
1590        Dot         5838445.691    5838445.691    5508921.249    5793251.296    
---------------------------------------------------------------------------------

[RESULT] [ 83378.946465] [babel-double-825MiB] [GPU:: 11806] Starting the Babel memory stress test
[RESULT] [ 83378.946520] Running kernels 2000 times, Precision: double
[RESULT] [ 83378.946555] Array size: 6920.6 MB (=6.9 GB), Total size: 20761.8 MB (=20.8 GB)

[INFO  ] [ 83382.610161] 
elements per lane 2,chunks per block 1, block count 844800
Using HIP device AMD Instinct MI355X, Driver: 71460850, pciBusID: 117
[RESULT] [ 83415.111847] 
---------------------------------------------------------------------------------
GPU Id      Function    MBytes/sec     Max MB/s       Min MB/s       Avg MB/s       
---------------------------------------------------------------------------------
11806       Read        7245459.000    7245459.000    6276381.273    7158312.433    
11806       Write       6723391.092    6723391.092    5505614.602    6324865.710    
11806       Copy        6381098.837    6381098.837    5887944.461    6300617.605    
11806       Mul         6393629.099    6393629.099    5859652.854    6303231.850    
11806       Add         6154870.107    6154870.107    4876034.729    6065953.136    
11806       Triad       6096243.208    6096243.208    4892004.671    6002322.244    
11806       Dot         5850365.067    5850365.067    4268570.662    5784202.706    
---------------------------------------------------------------------------------

[RESULT] [ 83415.726775] [babel-double-825MiB] [GPU:: 51771] Starting the Babel memory stress test
[RESULT] [ 83415.726832] Running kernels 2000 times, Precision: double
[RESULT] [ 83415.726858] Array size: 6920.6 MB (=6.9 GB), Total size: 20761.8 MB (=20.8 GB)

[INFO  ] [ 83419.179432] 
elements per lane 2,chunks per block 1, block count 844800
Using HIP device AMD Instinct MI355X, Driver: 71460850, pciBusID: 117
[RESULT] [ 83451.672512] 
---------------------------------------------------------------------------------
GPU Id      Function    MBytes/sec     Max MB/s       Min MB/s       Avg MB/s       
---------------------------------------------------------------------------------
51771       Read        7244700.523    7244700.523    6115491.083    7130358.583    
51771       Write       6750535.363    6750535.363    5485101.240    6350686.886    
51771       Copy        6395989.730    6395989.730    5862308.380    6302656.618    
51771       Mul         6396554.295    6396554.295    5850664.293    6306744.473    
51771       Add         6167538.929    6167538.929    5779418.762    6071615.183    
51771       Triad       6092933.457    6092933.457    5728296.733    6000789.492    
51771       Dot         5839012.179    5839012.179    4170603.597    5774555.481    
---------------------------------------------------------------------------------

+=====================================================================+
|                 ROCm Validation Suite (RVS) Summary                 |
+=====================================================================+
|                           System Overview                           |
+---------------------------------------------------------------------+
| Operating System                 | Ubuntu 22.04.5 LTS               |
| RVS version                      | 1.7.8                            |
| ROCm version                     | N/A                              |
| amdgpu version                   | 6.19.14                          |
| GPUs                             | 8                                |
+---------------------------------------------------------------------+
| GPU Name - GPU ID                |                                  |
| ID - Node ID - BDF               |                                  |
+---------------------------------------------------------------------+
| AMD Instinct MI355X - 42583      | AMD Instinct MI355X - 27226      |
| 0 - 3 - 0000:05:00.0             | 1 - 5 - 0000:15:00.0             |
+---------------------------------------------------------------------+
| AMD Instinct MI355X - 36479      | AMD Instinct MI355X - 17010      |
| 2 - 4 - 0000:65:00.0             | 3 - 2 - 0000:75:00.0             |
+---------------------------------------------------------------------+
| AMD Instinct MI355X - 1590       | AMD Instinct MI355X - 51771      |
| 4 - 7 - 0000:85:00.0             | 5 - 9 - 0000:95:00.0             |
+---------------------------------------------------------------------+
| AMD Instinct MI355X - 11806      | AMD Instinct MI355X - 57875      |
| 6 - 8 - 0000:e5:00.0             | 7 - 6 - 0000:f5:00.0             |
+=====================================================================+
| Action Name                      | Module         | Result          |
+=====================================================================+
| babel-double-825MiB              | BABEL          | [32mPASS          [0m  |
+---------------------------------------------------------------------+
