[RESULT] [ 83127.703656] Action name :metapackage-validation
[RESULT] [ 83127.703906] Module name :rcqt
Meta package rocm :
dpkg-query: package 'rocm' is not installed and no information is available
Use dpkg --info (= dpkg-deb --info) to examine archive files.
Meta package not installed or no dependencies present !!!

Meta package rocm-developer-tools :
dpkg-query: package 'rocm-developer-tools' is not installed and no information is available
Use dpkg --info (= dpkg-deb --info) to examine archive files.
Meta package not installed or no dependencies present !!!

Meta package rocm-openmp :
dpkg-query: package 'rocm-openmp' is not installed and no information is available
Use dpkg --info (= dpkg-deb --info) to examine archive files.
Meta package not installed or no dependencies present !!!

Meta package rocm-opencl-sdk :
dpkg-query: package 'rocm-opencl-sdk' is not installed and no information is available
Use dpkg --info (= dpkg-deb --info) to examine archive files.
Meta package not installed or no dependencies present !!!

Meta package rocm-hip :
dpkg-query: package 'rocm-hip' is not installed and no information is available
Use dpkg --info (= dpkg-deb --info) to examine archive files.
Meta package not installed or no dependencies present !!!

dpkg-query: package 'amd-smi-lib' is not installed and no information is available
Use dpkg --info (= dpkg-deb --info) to examine archive files.
[RESULT] [ 83127.745472] Action name :packagelist-install-validation
[RESULT] [ 83127.745484] Module name :rcqt
Package amd-smi-lib not installed 
dpkg-query: package 'migraphx' is not installed and no information is available
Use dpkg --info (= dpkg-deb --info) to examine archive files.
Package migraphx not installed 
dpkg-query: package 'migraphx-dev' is not installed and no information is available
Use dpkg --info (= dpkg-deb --info) to examine archive files.
Package migraphx-dev not installed 
dpkg-query: package 'miopen-hip' is not installed and no information is available
Use dpkg --info (= dpkg-deb --info) to examine archive files.
Package miopen-hip not installed 
dpkg-query: package 'miopen-hip-dev' is not installed and no information is available
Use dpkg --info (= dpkg-deb --info) to examine archive files.
Package miopen-hip-dev not installed 
dpkg-query: package 'mivisionx' is not installed and no information is available
Use dpkg --info (= dpkg-deb --info) to examine archive files.
Package mivisionx not installed 
dpkg-query: package 'mivisionx-dev' is not installed and no information is available
Use dpkg --info (= dpkg-deb --info) to examine archive files.
Package mivisionx-dev not installed 
dpkg-query: package 'rocm-cmake' is not installed and no information is available
Use dpkg --info (= dpkg-deb --info) to examine archive files.
Package rocm-cmake not installed 
dpkg-query: package 'rocm-core' is not installed and no information is available
Use dpkg --info (= dpkg-deb --info) to examine archive files.
Package rocm-core not installed 
dpkg-query: package 'rocminfo' is not installed and no information is available
Use dpkg --info (= dpkg-deb --info) to examine archive files.
Package rocminfo not installed 
dpkg-query: package 'half' is not installed and no information is available
Use dpkg --info (= dpkg-deb --info) to examine archive files.
Package half not installed 
dpkg-query: package 'rocm-llvm' is not installed and no information is available
Use dpkg --info (= dpkg-deb --info) to examine archive files.
Package rocm-llvm not installed 
dpkg-query: package 'rpp' is not installed and no information is available
Use dpkg --info (= dpkg-deb --info) to examine archive files.
Package rpp not installed 
dpkg-query: package 'rpp-dev' is not installed and no information is available
Use dpkg --info (= dpkg-deb --info) to examine archive files.
Package rpp-dev not installed 
dpkg-query: package 'roctracer-dev' is not installed and no information is available
Use dpkg --info (= dpkg-deb --info) to examine archive files.
Package roctracer-dev not installed 
dpkg-query: package 'rocprofiler-sdk' is not installed and no information is available
Use dpkg --info (= dpkg-deb --info) to examine archive files.
Package rocprofiler-sdk not installed 
dpkg-query: package 'rocm-dbgapi' is not installed and no information is available
Use dpkg --info (= dpkg-deb --info) to examine archive files.
Package rocm-dbgapi not installed 
dpkg-query: package 'hsa-amd-aqlprofile' is not installed and no information is available
Use dpkg --info (= dpkg-deb --info) to examine archive files.
Package hsa-amd-aqlprofile not installed 
dpkg-query: package 'rocm-debug-agent' is not installed and no information is available
Use dpkg --info (= dpkg-deb --info) to examine archive files.
Package rocm-debug-agent not installed 
dpkg-query: package 'rocprofiler-sdk-rocpd' is not installed and no information is available
Use dpkg --info (= dpkg-deb --info) to examine archive files.
Package rocprofiler-sdk-rocpd not installed 
dpkg-query: package 'hsa-rocr' is not installed and no information is available
Use dpkg --info (= dpkg-deb --info) to examine archive files.
Package hsa-rocr not installed 
dpkg-query: package 'hipblas' is not installed and no information is available
Use dpkg --info (= dpkg-deb --info) to examine archive files.
Package hipblas not installed 
dpkg-query: package 'hipblaslt' is not installed and no information is available
Use dpkg --info (= dpkg-deb --info) to examine archive files.
Package hipblaslt not installed 
dpkg-query: package 'rccl' is not installed and no information is available
Use dpkg --info (= dpkg-deb --info) to examine archive files.
Package rccl not installed 
dpkg-query: package 'rocblas' is not installed and no information is available
Use dpkg --info (= dpkg-deb --info) to examine archive files.
Package rocblas not installed 
dpkg-query: package 'rocm-device-libs' is not installed and no information is available
Use dpkg --info (= dpkg-deb --info) to examine archive files.
Package rocm-device-libs not installed 
dpkg-query: package 'hipify-clang' is not installed and no information is available
Use dpkg --info (= dpkg-deb --info) to examine archive files.
Package hipify-clang not installed 
dpkg-query: package 'hipcc' is not installed and no information is available
Use dpkg --info (= dpkg-deb --info) to examine archive files.
Package hipcc not installed 
dpkg-query: package 'composablekernel-dev' is not installed and no information is available
Use dpkg --info (= dpkg-deb --info) to examine archive files.
Package composablekernel-dev not installed 
dpkg-query: package 'hiptensor' is not installed and no information is available
Use dpkg --info (= dpkg-deb --info) to examine archive files.
Package hiptensor not installed 
dpkg-query: package 'comgr' is not installed and no information is available
Use dpkg --info (= dpkg-deb --info) to examine archive files.
Package comgr not installed 
dpkg-query: package 'openmp-extras-runtime' is not installed and no information is available
Use dpkg --info (= dpkg-deb --info) to examine archive files.
Package openmp-extras-runtime not installed 
dpkg-query: package 'openmp-extras-dev' is not installed and no information is available
Use dpkg --info (= dpkg-deb --info) to examine archive files.
Package openmp-extras-dev not installed 
dpkg-query: package 'rocm-language-runtime' is not installed and no information is available
Use dpkg --info (= dpkg-deb --info) to examine archive files.
Package rocm-language-runtime not installed 
dpkg-query: package 'hip-runtime-amd' is not installed and no information is available
Use dpkg --info (= dpkg-deb --info) to examine archive files.
Package hip-runtime-amd not installed 
Packages install validation complete : 
	Missing packages      : 35
	Installed packages    : 0
json log file is /var/tmp/rvs_1786650661069.json
+=====================================================================+
|                 ROCm Validation Suite (RVS) Summary                 |
+=====================================================================+
|                           System Overview                           |
+---------------------------------------------------------------------+
| Operating System                 | Ubuntu 22.04.5 LTS               |
| RVS version                      | 1.7.8                            |
| ROCm version                     | N/A                              |
| amdgpu version                   | 6.19.14                          |
| GPUs                             | 8                                |
+---------------------------------------------------------------------+
| GPU Name - GPU ID                |                                  |
| ID - Node ID - BDF               |                                  |
+---------------------------------------------------------------------+
| AMD Instinct MI355X - 42583      | AMD Instinct MI355X - 27226      |
| 0 - 3 - 0000:05:00.0             | 1 - 5 - 0000:15:00.0             |
+---------------------------------------------------------------------+
| AMD Instinct MI355X - 36479      | AMD Instinct MI355X - 17010      |
| 2 - 4 - 0000:65:00.0             | 3 - 2 - 0000:75:00.0             |
+---------------------------------------------------------------------+
| AMD Instinct MI355X - 1590       | AMD Instinct MI355X - 51771      |
| 4 - 7 - 0000:85:00.0             | 5 - 9 - 0000:95:00.0             |
+---------------------------------------------------------------------+
| AMD Instinct MI355X - 11806      | AMD Instinct MI355X - 57875      |
| 6 - 8 - 0000:e5:00.0             | 7 - 6 - 0000:f5:00.0             |
+=====================================================================+
| Action Name                      | Module         | Result          |
+=====================================================================+
| metapackage-validation           | RCQT           | [32mPASS          [0m  |
| packagelist-install-validation   | RCQT           | [32mPASS          [0m  |
+---------------------------------------------------------------------+
