# Collective test starting: all_reduce_perf
# nThread 1 nGpus 5 minBytes 16777216 maxBytes 8589934592 step: 2(factor) warmup iters: 5 iters: 20 agg iters: 1 validation: 1 graph: 0
#
rccl-tests: Version develop_deprecated:40b1b17
# Using devices
#  Rank  0 Group  0 Pid 1882191 on mi355-gpu-33 device  0 [0000:75:00] AMD Instinct MI355X
#  Rank  1 Group  0 Pid 1882191 on mi355-gpu-33 device  1 [0000:05:00] AMD Instinct MI355X
#  Rank  2 Group  0 Pid 1882191 on mi355-gpu-33 device  2 [0000:65:00] AMD Instinct MI355X
#  Rank  3 Group  0 Pid 1882191 on mi355-gpu-33 device  3 [0000:15:00] AMD Instinct MI355X
#  Rank  4 Group  0 Pid 1882191 on mi355-gpu-33 device  4 [0000:f5:00] AMD Instinct MI355X

[2026-08-13 21:11:22] mi355-gpu-33:1882191:1882191 [0] /__w/rockrel/rockrel/build/comm-libs/rccl/build/hipify/src/init.cc:236 NCCL WARN HSA_NO_SCRATCH_RECLAIM=1 must be set to avoid performance degradation with the current HIP configuration. (Runtime version:71460850, GPU Firmware version:0)
RCCL version : 2.30.4-HEAD:2b22ab0
HIP version  : 7.14.60850-0000000
ROCm version : 7.14.0.0-9999-2b22ab01
Hostname     : mi355-gpu-33
Librccl path : /opt/rocm/lib/librccl.so.1

[2026-08-13 21:11:24] mi355-gpu-33:1882191:1882199 [0] /__w/rockrel/rockrel/build/comm-libs/rccl/build/hipify/src/misc/amdsmi_wrap.cc:214 NCCL WARN RCCL_USE_AMD_SMI_LIB not set, but HIP_FABRIC_API is defined. Fabric support is only available through AMD SMI. Rerun with RCCL_USE_AMD_SMI_LIB=1 to enable AMD SMI and UALoE fabric support.
#
#                                                              out-of-place                       in-place          
#       size         count      type   redop    root     time   algbw   busbw #wrong     time   algbw   busbw #wrong                               
#        (B)    (elements)                               (us)  (GB/s)  (GB/s)            (us)  (GB/s)  (GB/s)                                      
    16777216       4194304     float     sum      -1    587.2   28.57   45.72      0    623.0   26.93   43.09      0
    33554432       8388608     float     sum      -1   1156.9   29.00   46.41      0   1180.1   28.43   45.49      0
    67108864      16777216     float     sum      -1   2268.7   29.58   47.33      0   2283.8   29.38   47.02      0
   134217728      33554432     float     sum      -1   4498.6   29.84   47.74      0   4530.1   29.63   47.40      0
   268435456      67108864     float     sum      -1   8934.2   30.05   48.07      0   8993.9   29.85   47.75      0
   536870912     134217728     float     sum      -1    17870   30.04   48.07      0    17959   29.89   47.83      0
  1073741824     268435456     float     sum      -1    35713   30.07   48.11      0    35831   29.97   47.95      0
  2147483648     536870912     float     sum      -1    71353   30.10   48.15      0    71677   29.96   47.94      0
  4294967296    1073741824     float     sum      -1   142732   30.09   48.15      0   143282   29.98   47.96      0
  8589934592    2147483648     float     sum      -1   285482   30.09   48.14      0   286271   30.01   48.01      0
# Errors with asterisks indicate errors that have exceeded the maximum threshold.
# Out of bounds values : 0 OK
# Avg bus bandwidth    : 47.3162 
#
# Collective test concluded: all_reduce_perf

