# Collective test starting: all_gather_perf
# nThread 1 nGpus 5 minBytes 16777216 maxBytes 8589934592 step: 2(factor) warmup iters: 5 iters: 20 agg iters: 1 validation: 1 graph: 0
#
rccl-tests: Version develop_deprecated:40b1b17
# Using devices
#  Rank  0 Group  0 Pid 1892973 on mi355-gpu-33 device  0 [0000:75:00] AMD Instinct MI355X
#  Rank  1 Group  0 Pid 1892973 on mi355-gpu-33 device  1 [0000:05:00] AMD Instinct MI355X
#  Rank  2 Group  0 Pid 1892973 on mi355-gpu-33 device  2 [0000:65:00] AMD Instinct MI355X
#  Rank  3 Group  0 Pid 1892973 on mi355-gpu-33 device  3 [0000:15:00] AMD Instinct MI355X
#  Rank  4 Group  0 Pid 1892973 on mi355-gpu-33 device  4 [0000:f5:00] AMD Instinct MI355X

[2026-08-13 21:14:39] mi355-gpu-33:1892973:1892973 [0] /__w/rockrel/rockrel/build/comm-libs/rccl/build/hipify/src/init.cc:236 NCCL WARN HSA_NO_SCRATCH_RECLAIM=1 must be set to avoid performance degradation with the current HIP configuration. (Runtime version:71460850, GPU Firmware version:0)
RCCL version : 2.30.4-HEAD:2b22ab0
HIP version  : 7.14.60850-0000000
ROCm version : 7.14.0.0-9999-2b22ab01
Hostname     : mi355-gpu-33
Librccl path : /opt/rocm/lib/librccl.so.1

[2026-08-13 21:14:41] mi355-gpu-33:1892973:1892981 [0] /__w/rockrel/rockrel/build/comm-libs/rccl/build/hipify/src/misc/amdsmi_wrap.cc:214 NCCL WARN RCCL_USE_AMD_SMI_LIB not set, but HIP_FABRIC_API is defined. Fabric support is only available through AMD SMI. Rerun with RCCL_USE_AMD_SMI_LIB=1 to enable AMD SMI and UALoE fabric support.
#
#                                                              out-of-place                       in-place          
#       size         count      type   redop    root     time   algbw   busbw #wrong     time   algbw   busbw #wrong                               
#        (B)    (elements)                               (us)  (GB/s)  (GB/s)            (us)  (GB/s)  (GB/s)                                      
    16777200        838860     float    none      -1    375.1   44.72   35.78      0    333.3   50.33   40.27      0
    33554400       1677720     float    none      -1    735.4   45.63   36.50      0    653.1   51.37   41.10      0
    67108800       3355440     float    none      -1   1371.1   48.94   39.15      0   1213.6   55.30   44.24      0
   134217680       6710884     float    none      -1   2723.6   49.28   39.42      0   2414.9   55.58   44.46      0
   268435440      13421772     float    none      -1   5345.6   50.22   40.17      0   4723.8   56.83   45.46      0
   536870880      26843544     float    none      -1    10673   50.30   40.24      0   9441.3   56.86   45.49      0
  1073741760      53687088     float    none      -1    21323   50.36   40.28      0    18824   57.04   45.63      0
  2147483600     107374180     float    none      -1    42525   50.50   40.40      0    37635   57.06   45.65      0
  4294967280     214748364     float    none      -1    84920   50.58   40.46      0    75144   57.16   45.73      0
  8589934560     429496728     float    none      -1   169672   50.63   40.50      0   150054   57.25   45.80      0
# Errors with asterisks indicate errors that have exceeded the maximum threshold.
# Out of bounds values : 0 OK
# Avg bus bandwidth    : 41.8372 
#
# Collective test concluded: all_gather_perf

