# Collective test starting: all_reduce_perf
# nThread 1 nGpus 4 minBytes 16777216 maxBytes 8589934592 step: 2(factor) warmup iters: 5 iters: 20 agg iters: 1 validation: 1 graph: 0
#
rccl-tests: Version develop_deprecated:40b1b17
# Using devices
#  Rank  0 Group  0 Pid 1880905 on mi355-gpu-33 device  0 [0000:75:00] AMD Instinct MI355X
#  Rank  1 Group  0 Pid 1880905 on mi355-gpu-33 device  1 [0000:05:00] AMD Instinct MI355X
#  Rank  2 Group  0 Pid 1880905 on mi355-gpu-33 device  2 [0000:65:00] AMD Instinct MI355X
#  Rank  3 Group  0 Pid 1880905 on mi355-gpu-33 device  3 [0000:15:00] AMD Instinct MI355X

[2026-08-13 21:11:01] mi355-gpu-33:1880905:1880905 [0] /__w/rockrel/rockrel/build/comm-libs/rccl/build/hipify/src/init.cc:236 NCCL WARN HSA_NO_SCRATCH_RECLAIM=1 must be set to avoid performance degradation with the current HIP configuration. (Runtime version:71460850, GPU Firmware version:0)
RCCL version : 2.30.4-HEAD:2b22ab0
HIP version  : 7.14.60850-0000000
ROCm version : 7.14.0.0-9999-2b22ab01
Hostname     : mi355-gpu-33
Librccl path : /opt/rocm/lib/librccl.so.1

[2026-08-13 21:11:05] mi355-gpu-33:1880905:1880935 [0] /__w/rockrel/rockrel/build/comm-libs/rccl/build/hipify/src/misc/amdsmi_wrap.cc:214 NCCL WARN RCCL_USE_AMD_SMI_LIB not set, but HIP_FABRIC_API is defined. Fabric support is only available through AMD SMI. Rerun with RCCL_USE_AMD_SMI_LIB=1 to enable AMD SMI and UALoE fabric support.
#
#                                                              out-of-place                       in-place          
#       size         count      type   redop    root     time   algbw   busbw #wrong     time   algbw   busbw #wrong                               
#        (B)    (elements)                               (us)  (GB/s)  (GB/s)            (us)  (GB/s)  (GB/s)                                      
    16777216       4194304     float     sum      -1    167.7  100.03  150.04      0    168.0   99.86  149.79      0
    33554432       8388608     float     sum      -1    312.6  107.34  161.02      0    312.4  107.41  161.11      0
    67108864      16777216     float     sum      -1    607.7  110.43  165.64      0    606.6  110.63  165.95      0
   134217728      33554432     float     sum      -1   1187.7  113.00  169.50      0   1189.3  112.86  169.29      0
   268435456      67108864     float     sum      -1   2355.6  113.96  170.94      0   2352.7  114.10  171.15      0
   536870912     134217728     float     sum      -1   4722.7  113.68  170.52      0   4729.0  113.53  170.29      0
  1073741824     268435456     float     sum      -1   9472.7  113.35  170.03      0   9476.1  113.31  169.97      0
  2147483648     536870912     float     sum      -1    18972  113.19  169.79      0    18959  113.27  169.91      0
  4294967296    1073741824     float     sum      -1    37940  113.20  169.81      0    37927  113.24  169.86      0
  8589934592    2147483648     float     sum      -1    75916  113.15  169.73      0    75890  113.19  169.78      0
# Errors with asterisks indicate errors that have exceeded the maximum threshold.
# Out of bounds values : 0 OK
# Avg bus bandwidth    : 166.705 
#
# Collective test concluded: all_reduce_perf

