# Collective test starting: all_reduce_perf
# nThread 1 nGpus 8 minBytes 16777216 maxBytes 8589934592 step: 2(factor) warmup iters: 5 iters: 20 agg iters: 1 validation: 1 graph: 0
#
rccl-tests: Version develop_deprecated:40b1b17
# Using devices
#  Rank  0 Group  0 Pid 1889296 on mi355-gpu-33 device  0 [0000:75:00] AMD Instinct MI355X
#  Rank  1 Group  0 Pid 1889296 on mi355-gpu-33 device  1 [0000:05:00] AMD Instinct MI355X
#  Rank  2 Group  0 Pid 1889296 on mi355-gpu-33 device  2 [0000:65:00] AMD Instinct MI355X
#  Rank  3 Group  0 Pid 1889296 on mi355-gpu-33 device  3 [0000:15:00] AMD Instinct MI355X
#  Rank  4 Group  0 Pid 1889296 on mi355-gpu-33 device  4 [0000:f5:00] AMD Instinct MI355X
#  Rank  5 Group  0 Pid 1889296 on mi355-gpu-33 device  5 [0000:85:00] AMD Instinct MI355X
#  Rank  6 Group  0 Pid 1889296 on mi355-gpu-33 device  6 [0000:e5:00] AMD Instinct MI355X
#  Rank  7 Group  0 Pid 1889296 on mi355-gpu-33 device  7 [0000:95:00] AMD Instinct MI355X

[2026-08-13 21:13:32] mi355-gpu-33:1889296:1889296 [0] /__w/rockrel/rockrel/build/comm-libs/rccl/build/hipify/src/init.cc:236 NCCL WARN HSA_NO_SCRATCH_RECLAIM=1 must be set to avoid performance degradation with the current HIP configuration. (Runtime version:71460850, GPU Firmware version:0)
RCCL version : 2.30.4-HEAD:2b22ab0
HIP version  : 7.14.60850-0000000
ROCm version : 7.14.0.0-9999-2b22ab01
Hostname     : mi355-gpu-33
Librccl path : /opt/rocm/lib/librccl.so.1

[2026-08-13 21:13:35] mi355-gpu-33:1889296:1889306 [2] /__w/rockrel/rockrel/build/comm-libs/rccl/build/hipify/src/misc/amdsmi_wrap.cc:214 NCCL WARN RCCL_USE_AMD_SMI_LIB not set, but HIP_FABRIC_API is defined. Fabric support is only available through AMD SMI. Rerun with RCCL_USE_AMD_SMI_LIB=1 to enable AMD SMI and UALoE fabric support.
#
#                                                              out-of-place                       in-place          
#       size         count      type   redop    root     time   algbw   busbw #wrong     time   algbw   busbw #wrong                               
#        (B)    (elements)                               (us)  (GB/s)  (GB/s)            (us)  (GB/s)  (GB/s)                                      
    16777216       4194304     float     sum      -1    137.7  121.81  213.17      0    133.9  125.31  219.30      0
    33554432       8388608     float     sum      -1    202.3  165.87  290.27      0    202.1  166.00  290.51      0
    67108864      16777216     float     sum      -1    341.6  196.44  343.77      0    341.6  196.46  343.81      0
   134217728      33554432     float     sum      -1    632.9  212.06  371.10      0    642.5  208.91  365.60      0
   268435456      67108864     float     sum      -1   1217.8  220.43  385.76      0   1218.9  220.22  385.39      0
   536870912     134217728     float     sum      -1   2407.2  223.02  390.29      0   2407.5  223.00  390.25      0
  1073741824     268435456     float     sum      -1   4752.3  225.94  395.40      0   4757.6  225.69  394.95      0
  2147483648     536870912     float     sum      -1   9466.5  226.85  396.99      0   9482.7  226.46  396.31      0
  4294967296    1073741824     float     sum      -1    18953  226.61  396.56      0    18959  226.54  396.44      0
  8589934592    2147483648     float     sum      -1    37868  226.84  396.97      0    37905  226.62  396.58      0
# Errors with asterisks indicate errors that have exceeded the maximum threshold.
# Out of bounds values : 0 OK
# Avg bus bandwidth    : 357.97 
#
# Collective test concluded: all_reduce_perf

