# Collective test starting: all_gather_perf
# nThread 1 nGpus 3 minBytes 16777216 maxBytes 8589934592 step: 2(factor) warmup iters: 5 iters: 20 agg iters: 1 validation: 1 graph: 0
#
rccl-tests: Version develop_deprecated:40b1b17
# Using devices
#  Rank  0 Group  0 Pid 1891880 on mi355-gpu-33 device  0 [0000:75:00] AMD Instinct MI355X
#  Rank  1 Group  0 Pid 1891880 on mi355-gpu-33 device  1 [0000:05:00] AMD Instinct MI355X
#  Rank  2 Group  0 Pid 1891880 on mi355-gpu-33 device  2 [0000:65:00] AMD Instinct MI355X

[2026-08-13 21:14:14] mi355-gpu-33:1891880:1891880 [0] /__w/rockrel/rockrel/build/comm-libs/rccl/build/hipify/src/init.cc:236 NCCL WARN HSA_NO_SCRATCH_RECLAIM=1 must be set to avoid performance degradation with the current HIP configuration. (Runtime version:71460850, GPU Firmware version:0)
RCCL version : 2.30.4-HEAD:2b22ab0
HIP version  : 7.14.60850-0000000
ROCm version : 7.14.0.0-9999-2b22ab01
Hostname     : mi355-gpu-33
Librccl path : /opt/rocm/lib/librccl.so.1

[2026-08-13 21:14:17] mi355-gpu-33:1891880:1891968 [0] /__w/rockrel/rockrel/build/comm-libs/rccl/build/hipify/src/misc/amdsmi_wrap.cc:214 NCCL WARN RCCL_USE_AMD_SMI_LIB not set, but HIP_FABRIC_API is defined. Fabric support is only available through AMD SMI. Rerun with RCCL_USE_AMD_SMI_LIB=1 to enable AMD SMI and UALoE fabric support.
#
#                                                              out-of-place                       in-place          
#       size         count      type   redop    root     time   algbw   busbw #wrong     time   algbw   busbw #wrong                               
#        (B)    (elements)                               (us)  (GB/s)  (GB/s)            (us)  (GB/s)  (GB/s)                                      
    16777200       1398100     float    none      -1    164.5  102.00   68.00      0    146.8  114.28   76.19      0
    33554400       2796200     float    none      -1    317.7  105.60   70.40      0    278.7  120.38   80.26      0
    67108848       5592404     float    none      -1    623.8  107.58   71.72      0    542.4  123.74   82.49      0
   134217696      11184808     float    none      -1   1227.9  109.31   72.87      0   1055.7  127.14   84.76      0
   268435440      22369620     float    none      -1   2467.3  108.80   72.53      0   2081.8  128.94   85.96      0
   536870880      44739240     float    none      -1   4890.1  109.79   73.19      0   4086.4  131.38   87.59      0
  1073741808      89478484     float    none      -1   9822.4  109.32   72.88      0   8140.7  131.90   87.93      0
  2147483616     178956968     float    none      -1    19524  109.99   73.33      0    15904  135.03   90.02      0
  4294967280     357913940     float    none      -1    39260  109.40   72.93      0    31918  134.56   89.71      0
  8589934560     715827880     float    none      -1    78421  109.54   73.02      0    63349  135.60   90.40      0
# Errors with asterisks indicate errors that have exceeded the maximum threshold.
# Out of bounds values : 0 OK
# Avg bus bandwidth    : 78.809 
#
# Collective test concluded: all_gather_perf

