# Collective test starting: all_reduce_perf
# nThread 1 nGpus 2 minBytes 16777216 maxBytes 8589934592 step: 2(factor) warmup iters: 5 iters: 20 agg iters: 1 validation: 1 graph: 0
#
rccl-tests: Version develop_deprecated:40b1b17
# Using devices
#  Rank  0 Group  0 Pid 1878533 on mi355-gpu-33 device  0 [0000:75:00] AMD Instinct MI355X
#  Rank  1 Group  0 Pid 1878533 on mi355-gpu-33 device  1 [0000:05:00] AMD Instinct MI355X

[2026-08-13 21:10:21] mi355-gpu-33:1878533:1878533 [0] /__w/rockrel/rockrel/build/comm-libs/rccl/build/hipify/src/init.cc:236 NCCL WARN HSA_NO_SCRATCH_RECLAIM=1 must be set to avoid performance degradation with the current HIP configuration. (Runtime version:71460850, GPU Firmware version:0)
RCCL version : 2.30.4-HEAD:2b22ab0
HIP version  : 7.14.60850-0000000
ROCm version : 7.14.0.0-9999-2b22ab01
Hostname     : mi355-gpu-33
Librccl path : /opt/rocm/lib/librccl.so.1

[2026-08-13 21:10:23] mi355-gpu-33:1878533:1878542 [1] /__w/rockrel/rockrel/build/comm-libs/rccl/build/hipify/src/misc/amdsmi_wrap.cc:214 NCCL WARN RCCL_USE_AMD_SMI_LIB not set, but HIP_FABRIC_API is defined. Fabric support is only available through AMD SMI. Rerun with RCCL_USE_AMD_SMI_LIB=1 to enable AMD SMI and UALoE fabric support.
#
#                                                              out-of-place                       in-place          
#       size         count      type   redop    root     time   algbw   busbw #wrong     time   algbw   busbw #wrong                               
#        (B)    (elements)                               (us)  (GB/s)  (GB/s)            (us)  (GB/s)  (GB/s)                                      
    16777216       4194304     float     sum      -1    304.4   55.12   55.12      0    303.8   55.22   55.22      0
    33554432       8388608     float     sum      -1    596.7   56.23   56.23      0    596.3   56.27   56.27      0
    67108864      16777216     float     sum      -1   1157.3   57.99   57.99      0   1158.0   57.95   57.95      0
   134217728      33554432     float     sum      -1   2280.2   58.86   58.86      0   2282.2   58.81   58.81      0
   268435456      67108864     float     sum      -1   4541.4   59.11   59.11      0   4539.2   59.14   59.14      0
   536870912     134217728     float     sum      -1   9061.2   59.25   59.25      0   9055.5   59.29   59.29      0
  1073741824     268435456     float     sum      -1    18080   59.39   59.39      0    18083   59.38   59.38      0
  2147483648     536870912     float     sum      -1    36054   59.56   59.56      0    36059   59.55   59.55      0
  4294967296    1073741824     float     sum      -1    72039   59.62   59.62      0    72043   59.62   59.62      0
  8589934592    2147483648     float     sum      -1   143923   59.68   59.68      0   143956   59.67   59.67      0
# Errors with asterisks indicate errors that have exceeded the maximum threshold.
# Out of bounds values : 0 OK
# Avg bus bandwidth    : 58.4858 
#
# Collective test concluded: all_reduce_perf

