# Collective test starting: all_gather_perf
# nThread 1 nGpus 2 minBytes 16777216 maxBytes 8589934592 step: 2(factor) warmup iters: 5 iters: 20 agg iters: 1 validation: 1 graph: 0
#
rccl-tests: Version develop_deprecated:40b1b17
# Using devices
#  Rank  0 Group  0 Pid 1891247 on mi355-gpu-33 device  0 [0000:75:00] AMD Instinct MI355X
#  Rank  1 Group  0 Pid 1891247 on mi355-gpu-33 device  1 [0000:05:00] AMD Instinct MI355X

[2026-08-13 21:14:03] mi355-gpu-33:1891247:1891247 [0] /__w/rockrel/rockrel/build/comm-libs/rccl/build/hipify/src/init.cc:236 NCCL WARN HSA_NO_SCRATCH_RECLAIM=1 must be set to avoid performance degradation with the current HIP configuration. (Runtime version:71460850, GPU Firmware version:0)
RCCL version : 2.30.4-HEAD:2b22ab0
HIP version  : 7.14.60850-0000000
ROCm version : 7.14.0.0-9999-2b22ab01
Hostname     : mi355-gpu-33
Librccl path : /opt/rocm/lib/librccl.so.1

[2026-08-13 21:14:05] mi355-gpu-33:1891247:1891255 [0] /__w/rockrel/rockrel/build/comm-libs/rccl/build/hipify/src/misc/amdsmi_wrap.cc:214 NCCL WARN RCCL_USE_AMD_SMI_LIB not set, but HIP_FABRIC_API is defined. Fabric support is only available through AMD SMI. Rerun with RCCL_USE_AMD_SMI_LIB=1 to enable AMD SMI and UALoE fabric support.
#
#                                                              out-of-place                       in-place          
#       size         count      type   redop    root     time   algbw   busbw #wrong     time   algbw   busbw #wrong                               
#        (B)    (elements)                               (us)  (GB/s)  (GB/s)            (us)  (GB/s)  (GB/s)                                      
    16777216       2097152     float    none      -1    165.9  101.14   50.57      0    162.6  103.16   51.58      0
    33554432       4194304     float    none      -1    321.3  104.42   52.21      0    314.2  106.79   53.39      0
    67108864       8388608     float    none      -1    601.1  111.63   55.82      0    599.4  111.96   55.98      0
   134217728      16777216     float    none      -1   1170.5  114.66   57.33      0   1162.1  115.50   57.75      0
   268435456      33554432     float    none      -1   2290.9  117.17   58.59      0   2282.6  117.60   58.80      0
   536870912      67108864     float    none      -1   4550.8  117.97   58.99      0   4524.9  118.65   59.32      0
  1073741824     134217728     float    none      -1   9064.8  118.45   59.23      0   9015.0  119.11   59.55      0
  2147483648     268435456     float    none      -1    18104  118.62   59.31      0    17983  119.42   59.71      0
  4294967296     536870912     float    none      -1    36184  118.70   59.35      0    35936  119.52   59.76      0
  8589934592    1073741824     float    none      -1    72317  118.78   59.39      0    71822  119.60   59.80      0
# Errors with asterisks indicate errors that have exceeded the maximum threshold.
# Out of bounds values : 0 OK
# Avg bus bandwidth    : 57.3215 
#
# Collective test concluded: all_gather_perf

