# Collective test starting: all_reduce_perf
# nThread 1 nGpus 6 minBytes 16777216 maxBytes 8589934592 step: 2(factor) warmup iters: 5 iters: 20 agg iters: 1 validation: 1 graph: 0
#
rccl-tests: Version develop_deprecated:40b1b17
# Using devices
#  Rank  0 Group  0 Pid 1884631 on mi355-gpu-33 device  0 [0000:75:00] AMD Instinct MI355X
#  Rank  1 Group  0 Pid 1884631 on mi355-gpu-33 device  1 [0000:05:00] AMD Instinct MI355X
#  Rank  2 Group  0 Pid 1884631 on mi355-gpu-33 device  2 [0000:65:00] AMD Instinct MI355X
#  Rank  3 Group  0 Pid 1884631 on mi355-gpu-33 device  3 [0000:15:00] AMD Instinct MI355X
#  Rank  4 Group  0 Pid 1884631 on mi355-gpu-33 device  4 [0000:f5:00] AMD Instinct MI355X
#  Rank  5 Group  0 Pid 1884631 on mi355-gpu-33 device  5 [0000:85:00] AMD Instinct MI355X

[2026-08-13 21:12:02] mi355-gpu-33:1884631:1884631 [0] /__w/rockrel/rockrel/build/comm-libs/rccl/build/hipify/src/init.cc:236 NCCL WARN HSA_NO_SCRATCH_RECLAIM=1 must be set to avoid performance degradation with the current HIP configuration. (Runtime version:71460850, GPU Firmware version:0)
RCCL version : 2.30.4-HEAD:2b22ab0
HIP version  : 7.14.60850-0000000
ROCm version : 7.14.0.0-9999-2b22ab01
Hostname     : mi355-gpu-33
Librccl path : /opt/rocm/lib/librccl.so.1

[2026-08-13 21:12:04] mi355-gpu-33:1884631:1884639 [0] /__w/rockrel/rockrel/build/comm-libs/rccl/build/hipify/src/misc/amdsmi_wrap.cc:214 NCCL WARN RCCL_USE_AMD_SMI_LIB not set, but HIP_FABRIC_API is defined. Fabric support is only available through AMD SMI. Rerun with RCCL_USE_AMD_SMI_LIB=1 to enable AMD SMI and UALoE fabric support.
#
#                                                              out-of-place                       in-place          
#       size         count      type   redop    root     time   algbw   busbw #wrong     time   algbw   busbw #wrong                               
#        (B)    (elements)                               (us)  (GB/s)  (GB/s)            (us)  (GB/s)  (GB/s)                                      
    16777216       4194304     float     sum      -1    653.9   25.66   42.76      0    668.3   25.10   41.84      0
    33554432       8388608     float     sum      -1   1227.7   27.33   45.55      0   1250.5   26.83   44.72      0
    67108864      16777216     float     sum      -1   2385.6   28.13   46.88      0   2406.1   27.89   46.49      0
   134217728      33554432     float     sum      -1   4733.7   28.35   47.26      0   4769.8   28.14   46.90      0
   268435456      67108864     float     sum      -1   9393.9   28.58   47.63      0   9433.8   28.45   47.42      0
   536870912     134217728     float     sum      -1    18787   28.58   47.63      0    18820   28.53   47.54      0
  1073741824     268435456     float     sum      -1    37487   28.64   47.74      0    37566   28.58   47.64      0
  2147483648     536870912     float     sum      -1    74886   28.68   47.79      0    75135   28.58   47.64      0
  4294967296    1073741824     float     sum      -1   149886   28.65   47.76      0   150021   28.63   47.72      0
  8589934592    2147483648     float     sum      -1   299301   28.70   47.83      0   300238   28.61   47.68      0
# Errors with asterisks indicate errors that have exceeded the maximum threshold.
# Out of bounds values : 0 OK
# Avg bus bandwidth    : 46.7209 
#
# Collective test concluded: all_reduce_perf

