# Collective test starting: all_gather_perf
# nThread 1 nGpus 6 minBytes 16777216 maxBytes 8589934592 step: 2(factor) warmup iters: 5 iters: 20 agg iters: 1 validation: 1 graph: 0
#
rccl-tests: Version develop_deprecated:40b1b17
# Using devices
#  Rank  0 Group  0 Pid 1895384 on mi355-gpu-33 device  0 [0000:75:00] AMD Instinct MI355X
#  Rank  1 Group  0 Pid 1895384 on mi355-gpu-33 device  1 [0000:05:00] AMD Instinct MI355X
#  Rank  2 Group  0 Pid 1895384 on mi355-gpu-33 device  2 [0000:65:00] AMD Instinct MI355X
#  Rank  3 Group  0 Pid 1895384 on mi355-gpu-33 device  3 [0000:15:00] AMD Instinct MI355X
#  Rank  4 Group  0 Pid 1895384 on mi355-gpu-33 device  4 [0000:f5:00] AMD Instinct MI355X
#  Rank  5 Group  0 Pid 1895384 on mi355-gpu-33 device  5 [0000:85:00] AMD Instinct MI355X

[2026-08-13 21:15:01] mi355-gpu-33:1895384:1895384 [0] /__w/rockrel/rockrel/build/comm-libs/rccl/build/hipify/src/init.cc:236 NCCL WARN HSA_NO_SCRATCH_RECLAIM=1 must be set to avoid performance degradation with the current HIP configuration. (Runtime version:71460850, GPU Firmware version:0)
RCCL version : 2.30.4-HEAD:2b22ab0
HIP version  : 7.14.60850-0000000
ROCm version : 7.14.0.0-9999-2b22ab01
Hostname     : mi355-gpu-33
Librccl path : /opt/rocm/lib/librccl.so.1

[2026-08-13 21:15:05] mi355-gpu-33:1895384:1895580 [1] /__w/rockrel/rockrel/build/comm-libs/rccl/build/hipify/src/misc/amdsmi_wrap.cc:214 NCCL WARN RCCL_USE_AMD_SMI_LIB not set, but HIP_FABRIC_API is defined. Fabric support is only available through AMD SMI. Rerun with RCCL_USE_AMD_SMI_LIB=1 to enable AMD SMI and UALoE fabric support.
#
#                                                              out-of-place                       in-place          
#       size         count      type   redop    root     time   algbw   busbw #wrong     time   algbw   busbw #wrong                               
#        (B)    (elements)                               (us)  (GB/s)  (GB/s)            (us)  (GB/s)  (GB/s)                                      
    16777152        699048     float    none      -1    394.3   42.55   35.46      0    359.7   46.64   38.87      0
    33554400       1398100     float    none      -1    760.1   44.14   36.79      0    689.0   48.70   40.58      0
    67108800       2796200     float    none      -1   1460.9   45.94   38.28      0   1322.4   50.75   42.29      0
   134217696       5592404     float    none      -1   2834.8   47.35   39.46      0   2580.3   52.02   43.35      0
   268435392      11184808     float    none      -1   5640.0   47.60   39.66      0   5112.1   52.51   43.76      0
   536870880      22369620     float    none      -1    11174   48.05   40.04      0    10122   53.04   44.20      0
  1073741760      44739240     float    none      -1    22343   48.06   40.05      0    20287   52.93   44.11      0
  2147483616      89478484     float    none      -1    44497   48.26   40.22      0    40368   53.20   44.33      0
  4294967232     178956968     float    none      -1    89165   48.17   40.14      0    80951   53.06   44.21      0
  8589934560     357913940     float    none      -1   177073   48.51   40.43      0   160983   53.36   44.47      0
# Errors with asterisks indicate errors that have exceeded the maximum threshold.
# Out of bounds values : 0 OK
# Avg bus bandwidth    : 41.0336 
#
# Collective test concluded: all_gather_perf

