# Collective test starting: alltoall_perf
# nThread 1 nGpus 3 minBytes 16777216 maxBytes 4294967296 step: 2(factor) warmup iters: 5 iters: 20 agg iters: 1 validation: 1 graph: 0
#
rccl-tests: Version develop_deprecated:40b1b17
# Using devices
#  Rank  0 Group  0 Pid 1943844 on mi355-gpu-33 device  0 [0000:75:00] AMD Instinct MI355X
#  Rank  1 Group  0 Pid 1943844 on mi355-gpu-33 device  1 [0000:05:00] AMD Instinct MI355X
#  Rank  2 Group  0 Pid 1943844 on mi355-gpu-33 device  2 [0000:65:00] AMD Instinct MI355X

[2026-08-13 21:27:53] mi355-gpu-33:1943844:1943844 [0] /__w/rockrel/rockrel/build/comm-libs/rccl/build/hipify/src/init.cc:236 NCCL WARN HSA_NO_SCRATCH_RECLAIM=1 must be set to avoid performance degradation with the current HIP configuration. (Runtime version:71460850, GPU Firmware version:0)
RCCL version : 2.30.4-HEAD:2b22ab0
HIP version  : 7.14.60850-0000000
ROCm version : 7.14.0.0-9999-2b22ab01
Hostname     : mi355-gpu-33
Librccl path : /opt/rocm/lib/librccl.so.1

[2026-08-13 21:27:56] mi355-gpu-33:1943844:1943854 [2] /__w/rockrel/rockrel/build/comm-libs/rccl/build/hipify/src/misc/amdsmi_wrap.cc:214 NCCL WARN RCCL_USE_AMD_SMI_LIB not set, but HIP_FABRIC_API is defined. Fabric support is only available through AMD SMI. Rerun with RCCL_USE_AMD_SMI_LIB=1 to enable AMD SMI and UALoE fabric support.
#
#                                                              out-of-place                       in-place          
#       size         count      type   redop    root     time   algbw   busbw #wrong     time   algbw   busbw #wrong                               
#        (B)    (elements)                               (us)  (GB/s)  (GB/s)            (us)  (GB/s)  (GB/s)                                      
    16777200       1398100     float    none      -1    194.7   86.16   57.44      0    143.2  117.17   78.11    N/A
    33554400       2796200     float    none      -1    366.6   91.53   61.02      0    272.8  123.00   82.00    N/A
    67108848       5592404     float    none      -1    723.1   92.80   61.87      0    528.7  126.93   84.62    N/A
   134217696      11184808     float    none      -1   1413.9   94.92   63.28      0   1015.3  132.20   88.13    N/A
   268435440      22369620     float    none      -1   1991.8  134.77   89.85      0   1567.4  171.26  114.18    N/A
   536870880      44739240     float    none      -1   3934.9  136.44   90.96      0   3104.5  172.93  115.29    N/A
  1073741808      89478484     float    none      -1   7876.6  136.32   90.88      0   6173.6  173.93  115.95    N/A
  2147483616     178956968     float    none      -1    15596  137.69   91.79      0    12288  174.76  116.51    N/A
  4294967280     357913940     float    none      -1    31311  137.17   91.45      0    24651  174.23  116.15    N/A
# Errors with asterisks indicate errors that have exceeded the maximum threshold.
# Out of bounds values : 0 OK
# Avg bus bandwidth    : 89.4159 
#
# Collective test concluded: alltoall_perf

