# Collective test starting: alltoall_perf
# nThread 1 nGpus 6 minBytes 16777216 maxBytes 4294967296 step: 2(factor) warmup iters: 5 iters: 20 agg iters: 1 validation: 1 graph: 0
#
rccl-tests: Version develop_deprecated:40b1b17
# Using devices
#  Rank  0 Group  0 Pid 1946056 on mi355-gpu-33 device  0 [0000:75:00] AMD Instinct MI355X
#  Rank  1 Group  0 Pid 1946056 on mi355-gpu-33 device  1 [0000:05:00] AMD Instinct MI355X
#  Rank  2 Group  0 Pid 1946056 on mi355-gpu-33 device  2 [0000:65:00] AMD Instinct MI355X
#  Rank  3 Group  0 Pid 1946056 on mi355-gpu-33 device  3 [0000:15:00] AMD Instinct MI355X
#  Rank  4 Group  0 Pid 1946056 on mi355-gpu-33 device  4 [0000:f5:00] AMD Instinct MI355X
#  Rank  5 Group  0 Pid 1946056 on mi355-gpu-33 device  5 [0000:85:00] AMD Instinct MI355X

[2026-08-13 21:28:25] mi355-gpu-33:1946056:1946056 [0] /__w/rockrel/rockrel/build/comm-libs/rccl/build/hipify/src/init.cc:236 NCCL WARN HSA_NO_SCRATCH_RECLAIM=1 must be set to avoid performance degradation with the current HIP configuration. (Runtime version:71460850, GPU Firmware version:0)
RCCL version : 2.30.4-HEAD:2b22ab0
HIP version  : 7.14.60850-0000000
ROCm version : 7.14.0.0-9999-2b22ab01
Hostname     : mi355-gpu-33
Librccl path : /opt/rocm/lib/librccl.so.1

[2026-08-13 21:28:28] mi355-gpu-33:1946056:1946064 [0] /__w/rockrel/rockrel/build/comm-libs/rccl/build/hipify/src/misc/amdsmi_wrap.cc:214 NCCL WARN RCCL_USE_AMD_SMI_LIB not set, but HIP_FABRIC_API is defined. Fabric support is only available through AMD SMI. Rerun with RCCL_USE_AMD_SMI_LIB=1 to enable AMD SMI and UALoE fabric support.
#
#                                                              out-of-place                       in-place          
#       size         count      type   redop    root     time   algbw   busbw #wrong     time   algbw   busbw #wrong                               
#        (B)    (elements)                               (us)  (GB/s)  (GB/s)            (us)  (GB/s)  (GB/s)                                      
    16777152        699048     float    none      -1   1186.1   14.15   11.79      0   1037.9   16.16   13.47    N/A
    33554400       1398100     float    none      -1   2407.5   13.94   11.61      0   2128.0   15.77   13.14    N/A
    67108800       2796200     float    none      -1   4652.8   14.42   12.02      0   4076.8   16.46   13.72    N/A
   134217696       5592404     float    none      -1   4900.3   27.39   22.82      0   4350.9   30.85   25.71    N/A
   268435392      11184808     float    none      -1   5231.1   51.31   42.76      0   4788.4   56.06   46.72    N/A
   536870880      22369620     float    none      -1   7786.3   68.95   57.46      0   7361.5   72.93   60.77    N/A
  1073741760      44739240     float    none      -1    15434   69.57   57.98      0    14607   73.51   61.26    N/A
  2147483616      89478484     float    none      -1    30783   69.76   58.14      0    29168   73.62   61.35    N/A
  4294967232     178956968     float    none      -1    61498   69.84   58.20      0    58223   73.77   61.47    N/A
# Errors with asterisks indicate errors that have exceeded the maximum threshold.
# Out of bounds values : 0 OK
# Avg bus bandwidth    : 38.3549 
#
# Collective test concluded: alltoall_perf

