# Collective test starting: alltoall_perf
# nThread 1 nGpus 5 minBytes 16777216 maxBytes 4294967296 step: 2(factor) warmup iters: 5 iters: 20 agg iters: 1 validation: 1 graph: 0
#
rccl-tests: Version develop_deprecated:40b1b17
# Using devices
#  Rank  0 Group  0 Pid 1945522 on mi355-gpu-33 device  0 [0000:75:00] AMD Instinct MI355X
#  Rank  1 Group  0 Pid 1945522 on mi355-gpu-33 device  1 [0000:05:00] AMD Instinct MI355X
#  Rank  2 Group  0 Pid 1945522 on mi355-gpu-33 device  2 [0000:65:00] AMD Instinct MI355X
#  Rank  3 Group  0 Pid 1945522 on mi355-gpu-33 device  3 [0000:15:00] AMD Instinct MI355X
#  Rank  4 Group  0 Pid 1945522 on mi355-gpu-33 device  4 [0000:f5:00] AMD Instinct MI355X

[2026-08-13 21:28:11] mi355-gpu-33:1945522:1945522 [0] /__w/rockrel/rockrel/build/comm-libs/rccl/build/hipify/src/init.cc:236 NCCL WARN HSA_NO_SCRATCH_RECLAIM=1 must be set to avoid performance degradation with the current HIP configuration. (Runtime version:71460850, GPU Firmware version:0)
RCCL version : 2.30.4-HEAD:2b22ab0
HIP version  : 7.14.60850-0000000
ROCm version : 7.14.0.0-9999-2b22ab01
Hostname     : mi355-gpu-33
Librccl path : /opt/rocm/lib/librccl.so.1

[2026-08-13 21:28:14] mi355-gpu-33:1945522:1945533 [1] /__w/rockrel/rockrel/build/comm-libs/rccl/build/hipify/src/misc/amdsmi_wrap.cc:214 NCCL WARN RCCL_USE_AMD_SMI_LIB not set, but HIP_FABRIC_API is defined. Fabric support is only available through AMD SMI. Rerun with RCCL_USE_AMD_SMI_LIB=1 to enable AMD SMI and UALoE fabric support.
#
#                                                              out-of-place                       in-place          
#       size         count      type   redop    root     time   algbw   busbw #wrong     time   algbw   busbw #wrong                               
#        (B)    (elements)                               (us)  (GB/s)  (GB/s)            (us)  (GB/s)  (GB/s)                                      
    16777200        838860     float    none      -1   1198.1   14.00   11.20      0   1037.8   16.17   12.93    N/A
    33554400       1677720     float    none      -1   2335.1   14.37   11.50      0   2002.9   16.75   13.40    N/A
    67108800       3355440     float    none      -1   4438.7   15.12   12.10      0   3845.8   17.45   13.96    N/A
   134217680       6710884     float    none      -1   4800.3   27.96   22.37      0   4138.6   32.43   25.94    N/A
   268435440      13421772     float    none      -1   5209.1   51.53   41.23      0   4650.4   57.72   46.18    N/A
   536870880      26843544     float    none      -1   7510.5   71.48   57.19      0   7014.0   76.54   61.23    N/A
  1073741760      53687088     float    none      -1    14856   72.28   57.82      0    13917   77.15   61.72    N/A
  2147483600     107374180     float    none      -1    29923   71.77   57.41      0    27968   76.78   61.43    N/A
  4294967280     214748364     float    none      -1    60107   71.46   57.16      0    55981   76.72   61.38    N/A
# Errors with asterisks indicate errors that have exceeded the maximum threshold.
# Out of bounds values : 0 OK
# Avg bus bandwidth    : 38.1196 
#
# Collective test concluded: alltoall_perf

