# Collective test starting: alltoallv_perf
# nThread 1 nGpus 6 minBytes 16777216 maxBytes 4294967296 step: 2(factor) warmup iters: 5 iters: 20 agg iters: 1 validation: 1 graph: 0
#
rccl-tests: Version develop_deprecated:40b1b17
# Using devices
#  Rank  0 Group  0 Pid 1951937 on mi355-gpu-33 device  0 [0000:75:00] AMD Instinct MI355X
#  Rank  1 Group  0 Pid 1951937 on mi355-gpu-33 device  1 [0000:05:00] AMD Instinct MI355X
#  Rank  2 Group  0 Pid 1951937 on mi355-gpu-33 device  2 [0000:65:00] AMD Instinct MI355X
#  Rank  3 Group  0 Pid 1951937 on mi355-gpu-33 device  3 [0000:15:00] AMD Instinct MI355X
#  Rank  4 Group  0 Pid 1951937 on mi355-gpu-33 device  4 [0000:f5:00] AMD Instinct MI355X
#  Rank  5 Group  0 Pid 1951937 on mi355-gpu-33 device  5 [0000:85:00] AMD Instinct MI355X

[2026-08-13 21:30:01] mi355-gpu-33:1951937:1951937 [0] /__w/rockrel/rockrel/build/comm-libs/rccl/build/hipify/src/init.cc:236 NCCL WARN HSA_NO_SCRATCH_RECLAIM=1 must be set to avoid performance degradation with the current HIP configuration. (Runtime version:71460850, GPU Firmware version:0)
RCCL version : 2.30.4-HEAD:2b22ab0
HIP version  : 7.14.60850-0000000
ROCm version : 7.14.0.0-9999-2b22ab01
Hostname     : mi355-gpu-33
Librccl path : /opt/rocm/lib/librccl.so.1

[2026-08-13 21:30:03] mi355-gpu-33:1951937:1952203 [0] /__w/rockrel/rockrel/build/comm-libs/rccl/build/hipify/src/misc/amdsmi_wrap.cc:214 NCCL WARN RCCL_USE_AMD_SMI_LIB not set, but HIP_FABRIC_API is defined. Fabric support is only available through AMD SMI. Rerun with RCCL_USE_AMD_SMI_LIB=1 to enable AMD SMI and UALoE fabric support.
#
#                                                              out-of-place                       in-place          
#       size         count      type   redop    root     time   algbw   busbw #wrong     time   algbw   busbw #wrong                               
#        (B)    (elements)                               (us)  (GB/s)  (GB/s)            (us)  (GB/s)  (GB/s)                                      
    16777152        699048     float    none      -1   1441.4   11.64    9.70      0   1278.9   13.12   10.93    N/A
    33554400       1398100     float    none      -1   2971.2   11.29    9.41      0   2580.6   13.00   10.84    N/A
    67108800       2796200     float    none      -1   4674.9   14.36   11.96      0   4105.9   16.34   13.62    N/A
   134217696       5592404     float    none      -1   5159.4   26.01   21.68      0   4495.9   29.85   24.88    N/A
   268435392      11184808     float    none      -1   5887.5   45.59   38.00      0   5535.1   48.50   40.41    N/A
   536870880      22369620     float    none      -1    10736   50.01   41.67      0    10183   52.72   43.94    N/A
  1073741760      44739240     float    none      -1    22035   48.73   40.61      0    20935   51.29   42.74    N/A
  2147483616      89478484     float    none      -1    44817   47.92   39.93      0    42523   50.50   42.08    N/A
  4294967232     178956968     float    none      -1    90765   47.32   39.43      0    86016   49.93   41.61    N/A
# Errors with asterisks indicate errors that have exceeded the maximum threshold.
# Out of bounds values : 0 OK
# Avg bus bandwidth    : 29.08 
#
# Collective test concluded: alltoallv_perf

