# Collective test starting: alltoallv_perf
# nThread 1 nGpus 3 minBytes 16777216 maxBytes 4294967296 step: 2(factor) warmup iters: 5 iters: 20 agg iters: 1 validation: 1 graph: 0
#
rccl-tests: Version develop_deprecated:40b1b17
# Using devices
#  Rank  0 Group  0 Pid 1949439 on mi355-gpu-33 device  0 [0000:75:00] AMD Instinct MI355X
#  Rank  1 Group  0 Pid 1949439 on mi355-gpu-33 device  1 [0000:05:00] AMD Instinct MI355X
#  Rank  2 Group  0 Pid 1949439 on mi355-gpu-33 device  2 [0000:65:00] AMD Instinct MI355X

[2026-08-13 21:29:27] mi355-gpu-33:1949439:1949439 [0] /__w/rockrel/rockrel/build/comm-libs/rccl/build/hipify/src/init.cc:236 NCCL WARN HSA_NO_SCRATCH_RECLAIM=1 must be set to avoid performance degradation with the current HIP configuration. (Runtime version:71460850, GPU Firmware version:0)
RCCL version : 2.30.4-HEAD:2b22ab0
HIP version  : 7.14.60850-0000000
ROCm version : 7.14.0.0-9999-2b22ab01
Hostname     : mi355-gpu-33
Librccl path : /opt/rocm/lib/librccl.so.1

[2026-08-13 21:29:29] mi355-gpu-33:1949439:1949448 [0] /__w/rockrel/rockrel/build/comm-libs/rccl/build/hipify/src/misc/amdsmi_wrap.cc:214 NCCL WARN RCCL_USE_AMD_SMI_LIB not set, but HIP_FABRIC_API is defined. Fabric support is only available through AMD SMI. Rerun with RCCL_USE_AMD_SMI_LIB=1 to enable AMD SMI and UALoE fabric support.
#
#                                                              out-of-place                       in-place          
#       size         count      type   redop    root     time   algbw   busbw #wrong     time   algbw   busbw #wrong                               
#        (B)    (elements)                               (us)  (GB/s)  (GB/s)            (us)  (GB/s)  (GB/s)                                      
    16777200       1398100     float    none      -1    213.3   78.65   52.43      0    173.2   96.86   64.57    N/A
    33554400       2796200     float    none      -1    412.9   81.27   54.18      0    338.7   99.08   66.06    N/A
    67108848       5592404     float    none      -1    811.9   82.65   55.10      0    646.8  103.76   69.17    N/A
   134217696      11184808     float    none      -1   1622.5   82.72   55.15      0   1271.3  105.58   70.39    N/A
   268435440      22369620     float    none      -1   2572.0  104.37   69.58      0   2104.2  127.57   85.05    N/A
   536870880      44739240     float    none      -1   4860.7  110.45   73.63      0   4090.0  131.27   87.51    N/A
  1073741808      89478484     float    none      -1   9730.9  110.34   73.56      0   8156.2  131.65   87.76    N/A
  2147483616     178956968     float    none      -1    19464  110.33   73.55      0    16228  132.33   88.22    N/A
  4294967280     357913940     float    none      -1    38614  111.23   74.15      0    32373  132.67   88.45    N/A
# Errors with asterisks indicate errors that have exceeded the maximum threshold.
# Out of bounds values : 0 OK
# Avg bus bandwidth    : 71.5849 
#
# Collective test concluded: alltoallv_perf

