# Collective test starting: alltoallv_perf
# nThread 1 nGpus 4 minBytes 16777216 maxBytes 4294967296 step: 2(factor) warmup iters: 5 iters: 20 agg iters: 1 validation: 1 graph: 0
#
rccl-tests: Version develop_deprecated:40b1b17
# Using devices
#  Rank  0 Group  0 Pid 1949968 on mi355-gpu-33 device  0 [0000:75:00] AMD Instinct MI355X
#  Rank  1 Group  0 Pid 1949968 on mi355-gpu-33 device  1 [0000:05:00] AMD Instinct MI355X
#  Rank  2 Group  0 Pid 1949968 on mi355-gpu-33 device  2 [0000:65:00] AMD Instinct MI355X
#  Rank  3 Group  0 Pid 1949968 on mi355-gpu-33 device  3 [0000:15:00] AMD Instinct MI355X

[2026-08-13 21:29:35] mi355-gpu-33:1949968:1949968 [0] /__w/rockrel/rockrel/build/comm-libs/rccl/build/hipify/src/init.cc:236 NCCL WARN HSA_NO_SCRATCH_RECLAIM=1 must be set to avoid performance degradation with the current HIP configuration. (Runtime version:71460850, GPU Firmware version:0)
RCCL version : 2.30.4-HEAD:2b22ab0
HIP version  : 7.14.60850-0000000
ROCm version : 7.14.0.0-9999-2b22ab01
Hostname     : mi355-gpu-33
Librccl path : /opt/rocm/lib/librccl.so.1

[2026-08-13 21:29:38] mi355-gpu-33:1949968:1949976 [0] /__w/rockrel/rockrel/build/comm-libs/rccl/build/hipify/src/misc/amdsmi_wrap.cc:214 NCCL WARN RCCL_USE_AMD_SMI_LIB not set, but HIP_FABRIC_API is defined. Fabric support is only available through AMD SMI. Rerun with RCCL_USE_AMD_SMI_LIB=1 to enable AMD SMI and UALoE fabric support.
#
#                                                              out-of-place                       in-place          
#       size         count      type   redop    root     time   algbw   busbw #wrong     time   algbw   busbw #wrong                               
#        (B)    (elements)                               (us)  (GB/s)  (GB/s)            (us)  (GB/s)  (GB/s)                                      
    16777216       1048576     float    none      -1    126.4  132.70   99.52      0    126.1  133.09   99.82    N/A
    33554432       2097152     float    none      -1    239.7  139.97  104.98      0    238.9  140.48  105.36    N/A
    67108864       4194304     float    none      -1    454.2  147.74  110.81      0    456.9  146.87  110.15    N/A
   134217728       8388608     float    none      -1    887.2  151.29  113.47      0    893.4  150.23  112.68    N/A
   268435456      16777216     float    none      -1   1757.6  152.73  114.54      0   1763.5  152.22  114.16    N/A
   536870912      33554432     float    none      -1   3496.5  153.55  115.16      0   3514.1  152.78  114.58    N/A
  1073741824      67108864     float    none      -1   6975.7  153.93  115.45      0   7031.8  152.70  114.52    N/A
  2147483648     134217728     float    none      -1    13978  153.63  115.22      0    14096  152.35  114.26    N/A
  4294967296     268435456     float    none      -1    27917  153.85  115.39      0    28185  152.39  114.29    N/A
# Errors with asterisks indicate errors that have exceeded the maximum threshold.
# Out of bounds values : 0 OK
# Avg bus bandwidth    : 111.353 
#
# Collective test concluded: alltoallv_perf

