# Collective test starting: alltoall_perf
# nThread 1 nGpus 2 minBytes 16777216 maxBytes 4294967296 step: 2(factor) warmup iters: 5 iters: 20 agg iters: 1 validation: 1 graph: 0
#
rccl-tests: Version develop_deprecated:40b1b17
# Using devices
#  Rank  0 Group  0 Pid 1943526 on mi355-gpu-33 device  0 [0000:75:00] AMD Instinct MI355X
#  Rank  1 Group  0 Pid 1943526 on mi355-gpu-33 device  1 [0000:05:00] AMD Instinct MI355X

[2026-08-13 21:27:45] mi355-gpu-33:1943526:1943526 [0] /__w/rockrel/rockrel/build/comm-libs/rccl/build/hipify/src/init.cc:236 NCCL WARN HSA_NO_SCRATCH_RECLAIM=1 must be set to avoid performance degradation with the current HIP configuration. (Runtime version:71460850, GPU Firmware version:0)
RCCL version : 2.30.4-HEAD:2b22ab0
HIP version  : 7.14.60850-0000000
ROCm version : 7.14.0.0-9999-2b22ab01
Hostname     : mi355-gpu-33
Librccl path : /opt/rocm/lib/librccl.so.1

[2026-08-13 21:27:48] mi355-gpu-33:1943526:1943534 [0] /__w/rockrel/rockrel/build/comm-libs/rccl/build/hipify/src/misc/amdsmi_wrap.cc:214 NCCL WARN RCCL_USE_AMD_SMI_LIB not set, but HIP_FABRIC_API is defined. Fabric support is only available through AMD SMI. Rerun with RCCL_USE_AMD_SMI_LIB=1 to enable AMD SMI and UALoE fabric support.
#
#                                                              out-of-place                       in-place          
#       size         count      type   redop    root     time   algbw   busbw #wrong     time   algbw   busbw #wrong                               
#        (B)    (elements)                               (us)  (GB/s)  (GB/s)            (us)  (GB/s)  (GB/s)                                      
    16777216       2097152     float    none      -1    169.6   98.94   49.47      0    168.6   99.48   49.74    N/A
    33554432       4194304     float    none      -1    317.2  105.79   52.89      0    316.2  106.11   53.05    N/A
    67108864       8388608     float    none      -1    608.1  110.35   55.18      0    603.6  111.18   55.59    N/A
   134217728      16777216     float    none      -1   1186.7  113.10   56.55      0   1186.7  113.10   56.55    N/A
   268435456      33554432     float    none      -1   2340.6  114.69   57.34      0   2335.7  114.93   57.46    N/A
   536870912      67108864     float    none      -1   4656.2  115.30   57.65      0   4644.7  115.59   57.79    N/A
  1073741824     134217728     float    none      -1   9261.3  115.94   57.97      0   9252.3  116.05   58.03    N/A
  2147483648     268435456     float    none      -1    18522  115.94   57.97      0    18520  115.96   57.98    N/A
  4294967296     536870912     float    none      -1    36897  116.40   58.20      0    36906  116.38   58.19    N/A
# Errors with asterisks indicate errors that have exceeded the maximum threshold.
# Out of bounds values : 0 OK
# Avg bus bandwidth    : 55.9787 
#
# Collective test concluded: alltoall_perf

