# Collective test starting: alltoallv_perf
# nThread 1 nGpus 5 minBytes 16777216 maxBytes 4294967296 step: 2(factor) warmup iters: 5 iters: 20 agg iters: 1 validation: 1 graph: 0
#
rccl-tests: Version develop_deprecated:40b1b17
# Using devices
#  Rank  0 Group  0 Pid 1950344 on mi355-gpu-33 device  0 [0000:75:00] AMD Instinct MI355X
#  Rank  1 Group  0 Pid 1950344 on mi355-gpu-33 device  1 [0000:05:00] AMD Instinct MI355X
#  Rank  2 Group  0 Pid 1950344 on mi355-gpu-33 device  2 [0000:65:00] AMD Instinct MI355X
#  Rank  3 Group  0 Pid 1950344 on mi355-gpu-33 device  3 [0000:15:00] AMD Instinct MI355X
#  Rank  4 Group  0 Pid 1950344 on mi355-gpu-33 device  4 [0000:f5:00] AMD Instinct MI355X

[2026-08-13 21:29:45] mi355-gpu-33:1950344:1950344 [0] /__w/rockrel/rockrel/build/comm-libs/rccl/build/hipify/src/init.cc:236 NCCL WARN HSA_NO_SCRATCH_RECLAIM=1 must be set to avoid performance degradation with the current HIP configuration. (Runtime version:71460850, GPU Firmware version:0)
RCCL version : 2.30.4-HEAD:2b22ab0
HIP version  : 7.14.60850-0000000
ROCm version : 7.14.0.0-9999-2b22ab01
Hostname     : mi355-gpu-33
Librccl path : /opt/rocm/lib/librccl.so.1

[2026-08-13 21:29:48] mi355-gpu-33:1950344:1950416 [0] /__w/rockrel/rockrel/build/comm-libs/rccl/build/hipify/src/misc/amdsmi_wrap.cc:214 NCCL WARN RCCL_USE_AMD_SMI_LIB not set, but HIP_FABRIC_API is defined. Fabric support is only available through AMD SMI. Rerun with RCCL_USE_AMD_SMI_LIB=1 to enable AMD SMI and UALoE fabric support.
#
#                                                              out-of-place                       in-place          
#       size         count      type   redop    root     time   algbw   busbw #wrong     time   algbw   busbw #wrong                               
#        (B)    (elements)                               (us)  (GB/s)  (GB/s)            (us)  (GB/s)  (GB/s)                                      
    16777200        838860     float    none      -1   1437.9   11.67    9.33      0   1208.2   13.89   11.11    N/A
    33554400       1677720     float    none      -1   2863.1   11.72    9.38      0   2397.4   14.00   11.20    N/A
    67108800       3355440     float    none      -1   4300.2   15.61   12.48      0   3846.8   17.45   13.96    N/A
   134217680       6710884     float    none      -1   4630.6   28.99   23.19      0   4124.9   32.54   26.03    N/A
   268435440      13421772     float    none      -1   5124.0   52.39   41.91      0   4669.8   57.48   45.99    N/A
   536870880      26843544     float    none      -1   9593.2   55.96   44.77      0   8967.9   59.87   47.89    N/A
  1073741760      53687088     float    none      -1    19717   54.46   43.57      0    18406   58.34   46.67    N/A
  2147483600     107374180     float    none      -1    40244   53.36   42.69      0    37552   57.19   45.75    N/A
  4294967280     214748364     float    none      -1    81037   53.00   42.40      0    75713   56.73   45.38    N/A
# Errors with asterisks indicate errors that have exceeded the maximum threshold.
# Out of bounds values : 0 OK
# Avg bus bandwidth    : 31.316 
#
# Collective test concluded: alltoallv_perf

