# Collective test starting: alltoall_perf
# nThread 1 nGpus 4 minBytes 16777216 maxBytes 4294967296 step: 2(factor) warmup iters: 5 iters: 20 agg iters: 1 validation: 1 graph: 0
#
rccl-tests: Version develop_deprecated:40b1b17
# Using devices
#  Rank  0 Group  0 Pid 1944840 on mi355-gpu-33 device  0 [0000:75:00] AMD Instinct MI355X
#  Rank  1 Group  0 Pid 1944840 on mi355-gpu-33 device  1 [0000:05:00] AMD Instinct MI355X
#  Rank  2 Group  0 Pid 1944840 on mi355-gpu-33 device  2 [0000:65:00] AMD Instinct MI355X
#  Rank  3 Group  0 Pid 1944840 on mi355-gpu-33 device  3 [0000:15:00] AMD Instinct MI355X

[2026-08-13 21:28:01] mi355-gpu-33:1944840:1944840 [0] /__w/rockrel/rockrel/build/comm-libs/rccl/build/hipify/src/init.cc:236 NCCL WARN HSA_NO_SCRATCH_RECLAIM=1 must be set to avoid performance degradation with the current HIP configuration. (Runtime version:71460850, GPU Firmware version:0)
RCCL version : 2.30.4-HEAD:2b22ab0
HIP version  : 7.14.60850-0000000
ROCm version : 7.14.0.0-9999-2b22ab01
Hostname     : mi355-gpu-33
Librccl path : /opt/rocm/lib/librccl.so.1

[2026-08-13 21:28:03] mi355-gpu-33:1944840:1944849 [1] /__w/rockrel/rockrel/build/comm-libs/rccl/build/hipify/src/misc/amdsmi_wrap.cc:214 NCCL WARN RCCL_USE_AMD_SMI_LIB not set, but HIP_FABRIC_API is defined. Fabric support is only available through AMD SMI. Rerun with RCCL_USE_AMD_SMI_LIB=1 to enable AMD SMI and UALoE fabric support.
#
#                                                              out-of-place                       in-place          
#       size         count      type   redop    root     time   algbw   busbw #wrong     time   algbw   busbw #wrong                               
#        (B)    (elements)                               (us)  (GB/s)  (GB/s)            (us)  (GB/s)  (GB/s)                                      
    16777216       1048576     float    none      -1    101.7  165.03  123.77      0    101.2  165.80  124.35    N/A
    33554432       2097152     float    none      -1    181.6  184.78  138.59      0    180.8  185.61  139.21    N/A
    67108864       4194304     float    none      -1    343.4  195.45  146.59      0    343.2  195.52  146.64    N/A
   134217728       8388608     float    none      -1    665.9  201.54  151.16      0    670.6  200.16  150.12    N/A
   268435456      16777216     float    none      -1   1314.2  204.25  153.19      0   1317.6  203.73  152.80    N/A
   536870912      33554432     float    none      -1   2605.1  206.09  154.56      0   2619.5  204.96  153.72    N/A
  1073741824      67108864     float    none      -1   5203.2  206.36  154.77      0   5232.7  205.20  153.90    N/A
  2147483648     134217728     float    none      -1    10370  207.09  155.32      0    10411  206.28  154.71    N/A
  4294967296     268435456     float    none      -1    20687  207.61  155.71      0    20903  205.47  154.11    N/A
# Errors with asterisks indicate errors that have exceeded the maximum threshold.
# Out of bounds values : 0 OK
# Avg bus bandwidth    : 147.956 
#
# Collective test concluded: alltoall_perf

