# Collective test starting: alltoallv_perf
# nThread 1 nGpus 7 minBytes 16777216 maxBytes 4294967296 step: 2(factor) warmup iters: 5 iters: 20 agg iters: 1 validation: 1 graph: 0
#
rccl-tests: Version develop_deprecated:40b1b17
# Using devices
#  Rank  0 Group  0 Pid 1954521 on mi355-gpu-33 device  0 [0000:75:00] AMD Instinct MI355X
#  Rank  1 Group  0 Pid 1954521 on mi355-gpu-33 device  1 [0000:05:00] AMD Instinct MI355X
#  Rank  2 Group  0 Pid 1954521 on mi355-gpu-33 device  2 [0000:65:00] AMD Instinct MI355X
#  Rank  3 Group  0 Pid 1954521 on mi355-gpu-33 device  3 [0000:15:00] AMD Instinct MI355X
#  Rank  4 Group  0 Pid 1954521 on mi355-gpu-33 device  4 [0000:f5:00] AMD Instinct MI355X
#  Rank  5 Group  0 Pid 1954521 on mi355-gpu-33 device  5 [0000:85:00] AMD Instinct MI355X
#  Rank  6 Group  0 Pid 1954521 on mi355-gpu-33 device  6 [0000:e5:00] AMD Instinct MI355X

[2026-08-13 21:30:18] mi355-gpu-33:1954521:1954521 [0] /__w/rockrel/rockrel/build/comm-libs/rccl/build/hipify/src/init.cc:236 NCCL WARN HSA_NO_SCRATCH_RECLAIM=1 must be set to avoid performance degradation with the current HIP configuration. (Runtime version:71460850, GPU Firmware version:0)
RCCL version : 2.30.4-HEAD:2b22ab0
HIP version  : 7.14.60850-0000000
ROCm version : 7.14.0.0-9999-2b22ab01
Hostname     : mi355-gpu-33
Librccl path : /opt/rocm/lib/librccl.so.1

[2026-08-13 21:30:21] mi355-gpu-33:1954521:1954532 [3] /__w/rockrel/rockrel/build/comm-libs/rccl/build/hipify/src/misc/amdsmi_wrap.cc:214 NCCL WARN RCCL_USE_AMD_SMI_LIB not set, but HIP_FABRIC_API is defined. Fabric support is only available through AMD SMI. Rerun with RCCL_USE_AMD_SMI_LIB=1 to enable AMD SMI and UALoE fabric support.
#
#                                                              out-of-place                       in-place          
#       size         count      type   redop    root     time   algbw   busbw #wrong     time   algbw   busbw #wrong                               
#        (B)    (elements)                               (us)  (GB/s)  (GB/s)            (us)  (GB/s)  (GB/s)                                      
    16777152        599184     float    none      -1   1623.3   10.33    8.86      0   1444.6   11.61    9.95    N/A
    33554416       1198372     float    none      -1   3230.5   10.39    8.90      0   2818.7   11.90   10.20    N/A
    67108832       2396744     float    none      -1   6334.7   10.59    9.08      0   5599.3   11.99   10.27    N/A
   134217664       4793488     float    none      -1   6870.0   19.54   16.75      0   6241.4   21.50   18.43    N/A
   268435440       9586980     float    none      -1   7672.5   34.99   29.99      0   7156.6   37.51   32.15    N/A
   536870880      19173960     float    none      -1    10770   49.85   42.73      0    10283   52.21   44.75    N/A
  1073741760      38347920     float    none      -1    22947   46.79   40.11      0    21959   48.90   41.91    N/A
  2147483632      76695844     float    none      -1    47481   45.23   38.77      0    45497   47.20   40.46    N/A
  4294967264     153391688     float    none      -1    95101   45.16   38.71      0    91213   47.09   40.36    N/A
# Errors with asterisks indicate errors that have exceeded the maximum threshold.
# Out of bounds values : 0 OK
# Avg bus bandwidth    : 26.7992 
#
# Collective test concluded: alltoallv_perf

