# Collective test starting: alltoallv_perf
# nThread 1 nGpus 8 minBytes 16777216 maxBytes 4294967296 step: 2(factor) warmup iters: 5 iters: 20 agg iters: 1 validation: 1 graph: 0
#
rccl-tests: Version develop_deprecated:40b1b17
# Using devices
#  Rank  0 Group  0 Pid 1955313 on mi355-gpu-33 device  0 [0000:75:00] AMD Instinct MI355X
#  Rank  1 Group  0 Pid 1955313 on mi355-gpu-33 device  1 [0000:05:00] AMD Instinct MI355X
#  Rank  2 Group  0 Pid 1955313 on mi355-gpu-33 device  2 [0000:65:00] AMD Instinct MI355X
#  Rank  3 Group  0 Pid 1955313 on mi355-gpu-33 device  3 [0000:15:00] AMD Instinct MI355X
#  Rank  4 Group  0 Pid 1955313 on mi355-gpu-33 device  4 [0000:f5:00] AMD Instinct MI355X
#  Rank  5 Group  0 Pid 1955313 on mi355-gpu-33 device  5 [0000:85:00] AMD Instinct MI355X
#  Rank  6 Group  0 Pid 1955313 on mi355-gpu-33 device  6 [0000:e5:00] AMD Instinct MI355X
#  Rank  7 Group  0 Pid 1955313 on mi355-gpu-33 device  7 [0000:95:00] AMD Instinct MI355X

[2026-08-13 21:30:39] mi355-gpu-33:1955313:1955313 [0] /__w/rockrel/rockrel/build/comm-libs/rccl/build/hipify/src/init.cc:236 NCCL WARN HSA_NO_SCRATCH_RECLAIM=1 must be set to avoid performance degradation with the current HIP configuration. (Runtime version:71460850, GPU Firmware version:0)
RCCL version : 2.30.4-HEAD:2b22ab0
HIP version  : 7.14.60850-0000000
ROCm version : 7.14.0.0-9999-2b22ab01
Hostname     : mi355-gpu-33
Librccl path : /opt/rocm/lib/librccl.so.1

[2026-08-13 21:30:42] mi355-gpu-33:1955313:1955349 [0] /__w/rockrel/rockrel/build/comm-libs/rccl/build/hipify/src/misc/amdsmi_wrap.cc:214 NCCL WARN RCCL_USE_AMD_SMI_LIB not set, but HIP_FABRIC_API is defined. Fabric support is only available through AMD SMI. Rerun with RCCL_USE_AMD_SMI_LIB=1 to enable AMD SMI and UALoE fabric support.
#
#                                                              out-of-place                       in-place          
#       size         count      type   redop    root     time   algbw   busbw #wrong     time   algbw   busbw #wrong                               
#        (B)    (elements)                               (us)  (GB/s)  (GB/s)            (us)  (GB/s)  (GB/s)                                      
    16777216        524288     float    none      -1    109.1  153.73  134.51      0    90.68  185.01  161.89    N/A
    33554432       1048576     float    none      -1    157.8  212.57  186.00      0    157.9  212.57  186.00    N/A
    67108864       2097152     float    none      -1    290.9  230.73  201.89      0    291.3  230.35  201.56    N/A
   134217728       4194304     float    none      -1    571.2  234.97  205.60      0    576.7  232.74  203.64    N/A
   268435456       8388608     float    none      -1   1124.2  238.78  208.93      0   1124.6  238.70  208.86    N/A
   536870912      16777216     float    none      -1   2230.4  240.70  210.62      0   2231.1  240.63  210.55    N/A
  1073741824      33554432     float    none      -1   4442.6  241.69  211.48      0   4458.2  240.85  210.74    N/A
  2147483648      67108864     float    none      -1   8876.1  241.94  211.70      0   8892.7  241.49  211.30    N/A
  4294967296     134217728     float    none      -1    17642  243.45  213.02      0    17709  242.52  212.21    N/A
# Errors with asterisks indicate errors that have exceeded the maximum threshold.
# Out of bounds values : 0 OK
# Avg bus bandwidth    : 199.473 
#
# Collective test concluded: alltoallv_perf

