# Collective test starting: broadcast_perf
# nThread 1 nGpus 4 minBytes 16777216 maxBytes 8589934592 step: 2(factor) warmup iters: 5 iters: 20 agg iters: 1 validation: 1 graph: 0
#
rccl-tests: Version develop_deprecated:40b1b17
# Using devices
#  Rank  0 Group  0 Pid 1910947 on mi355-gpu-33 device  0 [0000:75:00] AMD Instinct MI355X
#  Rank  1 Group  0 Pid 1910947 on mi355-gpu-33 device  1 [0000:05:00] AMD Instinct MI355X
#  Rank  2 Group  0 Pid 1910947 on mi355-gpu-33 device  2 [0000:65:00] AMD Instinct MI355X
#  Rank  3 Group  0 Pid 1910947 on mi355-gpu-33 device  3 [0000:15:00] AMD Instinct MI355X

[2026-08-13 21:19:17] mi355-gpu-33:1910947:1910947 [0] /__w/rockrel/rockrel/build/comm-libs/rccl/build/hipify/src/init.cc:236 NCCL WARN HSA_NO_SCRATCH_RECLAIM=1 must be set to avoid performance degradation with the current HIP configuration. (Runtime version:71460850, GPU Firmware version:0)
RCCL version : 2.30.4-HEAD:2b22ab0
HIP version  : 7.14.60850-0000000
ROCm version : 7.14.0.0-9999-2b22ab01
Hostname     : mi355-gpu-33
Librccl path : /opt/rocm/lib/librccl.so.1

[2026-08-13 21:19:19] mi355-gpu-33:1910947:1910980 [0] /__w/rockrel/rockrel/build/comm-libs/rccl/build/hipify/src/misc/amdsmi_wrap.cc:214 NCCL WARN RCCL_USE_AMD_SMI_LIB not set, but HIP_FABRIC_API is defined. Fabric support is only available through AMD SMI. Rerun with RCCL_USE_AMD_SMI_LIB=1 to enable AMD SMI and UALoE fabric support.
#
#                                                              out-of-place                       in-place          
#       size         count      type   redop    root     time   algbw   busbw #wrong     time   algbw   busbw #wrong                               
#        (B)    (elements)                               (us)  (GB/s)  (GB/s)            (us)  (GB/s)  (GB/s)                                      
    16777216       4194304     float    none       0    125.4  133.78  133.78      0    125.2  133.98  133.98      0
    33554432       8388608     float    none       0    227.3  147.60  147.60      0    226.2  148.32  148.32      0
    67108864      16777216     float    none       0    425.6  157.69  157.69      0    426.2  157.48  157.48      0
   134217728      33554432     float    none       0    829.8  161.75  161.75      0    833.5  161.03  161.03      0
   268435456      67108864     float    none       0   1624.8  165.21  165.21      0   1625.9  165.10  165.10      0
   536870912     134217728     float    none       0   3118.5  172.16  172.16      0   3133.8  171.32  171.32      0
  1073741824     268435456     float    none       0   6186.7  173.56  173.56      0   6203.1  173.10  173.10      0
  2147483648     536870912     float    none       0    12341  174.01  174.01      0    12368  173.63  173.63      0
  4294967296    1073741824     float    none       0    24549  174.95  174.95      0    24699  173.89  173.89      0
  8589934592    2147483648     float    none       0    49091  174.98  174.98      0    49081  175.02  175.02      0
# Errors with asterisks indicate errors that have exceeded the maximum threshold.
# Out of bounds values : 0 OK
# Avg bus bandwidth    : 163.428 
#
# Collective test concluded: broadcast_perf

