# Collective test starting: broadcast_perf
# nThread 1 nGpus 2 minBytes 16777216 maxBytes 8589934592 step: 2(factor) warmup iters: 5 iters: 20 agg iters: 1 validation: 1 graph: 0
#
rccl-tests: Version develop_deprecated:40b1b17
# Using devices
#  Rank  0 Group  0 Pid 1908701 on mi355-gpu-33 device  0 [0000:75:00] AMD Instinct MI355X
#  Rank  1 Group  0 Pid 1908701 on mi355-gpu-33 device  1 [0000:05:00] AMD Instinct MI355X

[2026-08-13 21:18:44] mi355-gpu-33:1908701:1908701 [0] /__w/rockrel/rockrel/build/comm-libs/rccl/build/hipify/src/init.cc:236 NCCL WARN HSA_NO_SCRATCH_RECLAIM=1 must be set to avoid performance degradation with the current HIP configuration. (Runtime version:71460850, GPU Firmware version:0)
RCCL version : 2.30.4-HEAD:2b22ab0
HIP version  : 7.14.60850-0000000
ROCm version : 7.14.0.0-9999-2b22ab01
Hostname     : mi355-gpu-33
Librccl path : /opt/rocm/lib/librccl.so.1

[2026-08-13 21:18:46] mi355-gpu-33:1908701:1908709 [0] /__w/rockrel/rockrel/build/comm-libs/rccl/build/hipify/src/misc/amdsmi_wrap.cc:214 NCCL WARN RCCL_USE_AMD_SMI_LIB not set, but HIP_FABRIC_API is defined. Fabric support is only available through AMD SMI. Rerun with RCCL_USE_AMD_SMI_LIB=1 to enable AMD SMI and UALoE fabric support.
#
#                                                              out-of-place                       in-place          
#       size         count      type   redop    root     time   algbw   busbw #wrong     time   algbw   busbw #wrong                               
#        (B)    (elements)                               (us)  (GB/s)  (GB/s)            (us)  (GB/s)  (GB/s)                                      
    16777216       4194304     float    none       0    284.2   59.04   59.04      0    282.4   59.41   59.41      0
    33554432       8388608     float    none       0    559.7   59.96   59.96      0    555.1   60.45   60.45      0
    67108864      16777216     float    none       0   1102.9   60.85   60.85      0   1097.0   61.17   61.17      0
   134217728      33554432     float    none       0   2196.8   61.10   61.10      0   2184.8   61.43   61.43      0
   268435456      67108864     float    none       0   4416.2   60.78   60.78      0   4342.9   61.81   61.81      0
   536870912     134217728     float    none       0   8820.5   60.87   60.87      0   8672.7   61.90   61.90      0
  1073741824     268435456     float    none       0    17680   60.73   60.73      0    17340   61.92   61.92      0
  2147483648     536870912     float    none       0    35341   60.77   60.77      0    34666   61.95   61.95      0
  4294967296    1073741824     float    none       0    70681   60.77   60.77      0    69317   61.96   61.96      0
  8589934592    2147483648     float    none       0   141334   60.78   60.78      0   138614   61.97   61.97      0
# Errors with asterisks indicate errors that have exceeded the maximum threshold.
# Out of bounds values : 0 OK
# Avg bus bandwidth    : 60.9812 
#
# Collective test concluded: broadcast_perf

