# Collective test starting: broadcast_perf
# nThread 1 nGpus 8 minBytes 16777216 maxBytes 8589934592 step: 2(factor) warmup iters: 5 iters: 20 agg iters: 1 validation: 1 graph: 0
#
rccl-tests: Version develop_deprecated:40b1b17
# Using devices
#  Rank  0 Group  0 Pid 1917953 on mi355-gpu-33 device  0 [0000:75:00] AMD Instinct MI355X
#  Rank  1 Group  0 Pid 1917953 on mi355-gpu-33 device  1 [0000:05:00] AMD Instinct MI355X
#  Rank  2 Group  0 Pid 1917953 on mi355-gpu-33 device  2 [0000:65:00] AMD Instinct MI355X
#  Rank  3 Group  0 Pid 1917953 on mi355-gpu-33 device  3 [0000:15:00] AMD Instinct MI355X
#  Rank  4 Group  0 Pid 1917953 on mi355-gpu-33 device  4 [0000:f5:00] AMD Instinct MI355X
#  Rank  5 Group  0 Pid 1917953 on mi355-gpu-33 device  5 [0000:85:00] AMD Instinct MI355X
#  Rank  6 Group  0 Pid 1917953 on mi355-gpu-33 device  6 [0000:e5:00] AMD Instinct MI355X
#  Rank  7 Group  0 Pid 1917953 on mi355-gpu-33 device  7 [0000:95:00] AMD Instinct MI355X

[2026-08-13 21:21:00] mi355-gpu-33:1917953:1917953 [0] /__w/rockrel/rockrel/build/comm-libs/rccl/build/hipify/src/init.cc:236 NCCL WARN HSA_NO_SCRATCH_RECLAIM=1 must be set to avoid performance degradation with the current HIP configuration. (Runtime version:71460850, GPU Firmware version:0)
RCCL version : 2.30.4-HEAD:2b22ab0
HIP version  : 7.14.60850-0000000
ROCm version : 7.14.0.0-9999-2b22ab01
Hostname     : mi355-gpu-33
Librccl path : /opt/rocm/lib/librccl.so.1

[2026-08-13 21:21:04] mi355-gpu-33:1917953:1918055 [0] /__w/rockrel/rockrel/build/comm-libs/rccl/build/hipify/src/misc/amdsmi_wrap.cc:214 NCCL WARN RCCL_USE_AMD_SMI_LIB not set, but HIP_FABRIC_API is defined. Fabric support is only available through AMD SMI. Rerun with RCCL_USE_AMD_SMI_LIB=1 to enable AMD SMI and UALoE fabric support.
#
#                                                              out-of-place                       in-place          
#       size         count      type   redop    root     time   algbw   busbw #wrong     time   algbw   busbw #wrong                               
#        (B)    (elements)                               (us)  (GB/s)  (GB/s)            (us)  (GB/s)  (GB/s)                                      
    16777216       4194304     float    none       0    121.8  137.73  137.73      0    116.4  144.07  144.07      0
    33554432       8388608     float    none       0    164.5  203.98  203.98      0    164.5  204.04  204.04      0
    67108864      16777216     float    none       0    284.7  235.69  235.69      0    284.3  236.09  236.09      0
   134217728      33554432     float    none       0    457.4  293.42  293.42      0    467.4  287.15  287.15      0
   268435456      67108864     float    none       0    870.0  308.55  308.55      0    870.8  308.26  308.26      0
   536870912     134217728     float    none       0   1542.0  348.17  348.17      0   1540.8  348.44  348.44      0
  1073741824     268435456     float    none       0   3035.6  353.72  353.72      0   3036.8  353.58  353.58      0
  2147483648     536870912     float    none       0   5724.5  375.14  375.14      0   5724.1  375.17  375.17      0
  4294967296    1073741824     float    none       0    11383  377.32  377.32      0    11378  377.48  377.48      0
  8589934592    2147483648     float    none       0    22053  389.51  389.51      0    22050  389.56  389.56      0
# Errors with asterisks indicate errors that have exceeded the maximum threshold.
# Out of bounds values : 0 OK
# Avg bus bandwidth    : 302.353 
#
# Collective test concluded: broadcast_perf

