# Collective test starting: broadcast_perf
# nThread 1 nGpus 6 minBytes 16777216 maxBytes 8589934592 step: 2(factor) warmup iters: 5 iters: 20 agg iters: 1 validation: 1 graph: 0
#
rccl-tests: Version develop_deprecated:40b1b17
# Using devices
#  Rank  0 Group  0 Pid 1912637 on mi355-gpu-33 device  0 [0000:75:00] AMD Instinct MI355X
#  Rank  1 Group  0 Pid 1912637 on mi355-gpu-33 device  1 [0000:05:00] AMD Instinct MI355X
#  Rank  2 Group  0 Pid 1912637 on mi355-gpu-33 device  2 [0000:65:00] AMD Instinct MI355X
#  Rank  3 Group  0 Pid 1912637 on mi355-gpu-33 device  3 [0000:15:00] AMD Instinct MI355X
#  Rank  4 Group  0 Pid 1912637 on mi355-gpu-33 device  4 [0000:f5:00] AMD Instinct MI355X
#  Rank  5 Group  0 Pid 1912637 on mi355-gpu-33 device  5 [0000:85:00] AMD Instinct MI355X

[2026-08-13 21:19:58] mi355-gpu-33:1912637:1912637 [0] /__w/rockrel/rockrel/build/comm-libs/rccl/build/hipify/src/init.cc:236 NCCL WARN HSA_NO_SCRATCH_RECLAIM=1 must be set to avoid performance degradation with the current HIP configuration. (Runtime version:71460850, GPU Firmware version:0)
RCCL version : 2.30.4-HEAD:2b22ab0
HIP version  : 7.14.60850-0000000
ROCm version : 7.14.0.0-9999-2b22ab01
Hostname     : mi355-gpu-33
Librccl path : /opt/rocm/lib/librccl.so.1

[2026-08-13 21:20:01] mi355-gpu-33:1912637:1912704 [0] /__w/rockrel/rockrel/build/comm-libs/rccl/build/hipify/src/misc/amdsmi_wrap.cc:214 NCCL WARN RCCL_USE_AMD_SMI_LIB not set, but HIP_FABRIC_API is defined. Fabric support is only available through AMD SMI. Rerun with RCCL_USE_AMD_SMI_LIB=1 to enable AMD SMI and UALoE fabric support.
#
#                                                              out-of-place                       in-place          
#       size         count      type   redop    root     time   algbw   busbw #wrong     time   algbw   busbw #wrong                               
#        (B)    (elements)                               (us)  (GB/s)  (GB/s)            (us)  (GB/s)  (GB/s)                                      
    16777216       4194304     float    none       0    503.2   33.34   33.34      0    501.9   33.43   33.43      0
    33554432       8388608     float    none       0    938.5   35.75   35.75      0    937.3   35.80   35.80      0
    67108864      16777216     float    none       0   1829.1   36.69   36.69      0   1827.7   36.72   36.72      0
   134217728      33554432     float    none       0   3535.3   37.97   37.97      0   3541.9   37.89   37.89      0
   268435456      67108864     float    none       0   7016.9   38.26   38.26      0   7013.0   38.28   38.28      0
   536870912     134217728     float    none       0    13806   38.89   38.89      0    13800   38.90   38.90      0
  1073741824     268435456     float    none       0    27399   39.19   39.19      0    27386   39.21   39.21      0
  2147483648     536870912     float    none       0    54607   39.33   39.33      0    54599   39.33   39.33      0
  4294967296    1073741824     float    none       0   109147   39.35   39.35      0   109185   39.34   39.34      0
  8589934592    2147483648     float    none       0   218289   39.35   39.35      0   218254   39.36   39.36      0
# Errors with asterisks indicate errors that have exceeded the maximum threshold.
# Out of bounds values : 0 OK
# Avg bus bandwidth    : 37.8181 
#
# Collective test concluded: broadcast_perf

