# Collective test starting: broadcast_perf
# nThread 1 nGpus 3 minBytes 16777216 maxBytes 8589934592 step: 2(factor) warmup iters: 5 iters: 20 agg iters: 1 validation: 1 graph: 0
#
rccl-tests: Version develop_deprecated:40b1b17
# Using devices
#  Rank  0 Group  0 Pid 1910136 on mi355-gpu-33 device  0 [0000:75:00] AMD Instinct MI355X
#  Rank  1 Group  0 Pid 1910136 on mi355-gpu-33 device  1 [0000:05:00] AMD Instinct MI355X
#  Rank  2 Group  0 Pid 1910136 on mi355-gpu-33 device  2 [0000:65:00] AMD Instinct MI355X

[2026-08-13 21:19:02] mi355-gpu-33:1910136:1910136 [0] /__w/rockrel/rockrel/build/comm-libs/rccl/build/hipify/src/init.cc:236 NCCL WARN HSA_NO_SCRATCH_RECLAIM=1 must be set to avoid performance degradation with the current HIP configuration. (Runtime version:71460850, GPU Firmware version:0)
RCCL version : 2.30.4-HEAD:2b22ab0
HIP version  : 7.14.60850-0000000
ROCm version : 7.14.0.0-9999-2b22ab01
Hostname     : mi355-gpu-33
Librccl path : /opt/rocm/lib/librccl.so.1

[2026-08-13 21:19:04] mi355-gpu-33:1910136:1910145 [1] /__w/rockrel/rockrel/build/comm-libs/rccl/build/hipify/src/misc/amdsmi_wrap.cc:214 NCCL WARN RCCL_USE_AMD_SMI_LIB not set, but HIP_FABRIC_API is defined. Fabric support is only available through AMD SMI. Rerun with RCCL_USE_AMD_SMI_LIB=1 to enable AMD SMI and UALoE fabric support.
#
#                                                              out-of-place                       in-place          
#       size         count      type   redop    root     time   algbw   busbw #wrong     time   algbw   busbw #wrong                               
#        (B)    (elements)                               (us)  (GB/s)  (GB/s)            (us)  (GB/s)  (GB/s)                                      
    16777216       4194304     float    none       0    237.5   70.64   70.64      0    236.0   71.10   71.10      0
    33554432       8388608     float    none       0    449.1   74.72   74.72      0    448.1   74.88   74.88      0
    67108864      16777216     float    none       0    880.8   76.20   76.20      0    878.7   76.37   76.37      0
   134217728      33554432     float    none       0   1709.0   78.54   78.54      0   1715.6   78.23   78.23      0
   268435456      67108864     float    none       0   3398.5   78.99   78.99      0   3396.6   79.03   79.03      0
   536870912     134217728     float    none       0   6237.1   86.08   86.08      0   6070.0   88.45   88.45      0
  1073741824     268435456     float    none       0    12459   86.18   86.18      0    12103   88.71   88.71      0
  2147483648     536870912     float    none       0    24887   86.29   86.29      0    24187   88.79   88.79      0
  4294967296    1073741824     float    none       0    49772   86.29   86.29      0    48335   88.86   88.86      0
  8589934592    2147483648     float    none       0    99547   86.29   86.29      0    96648   88.88   88.88      0
# Errors with asterisks indicate errors that have exceeded the maximum threshold.
# Out of bounds values : 0 OK
# Avg bus bandwidth    : 81.6754 
#
# Collective test concluded: broadcast_perf

