# Collective test starting: gather_perf
# nThread 1 nGpus 2 minBytes 16777216 maxBytes 8589934592 step: 2(factor) warmup iters: 5 iters: 20 agg iters: 1 validation: 1 graph: 0
#
rccl-tests: Version develop_deprecated:40b1b17
# Using devices
#  Rank  0 Group  0 Pid 1929966 on mi355-gpu-33 device  0 [0000:75:00] AMD Instinct MI355X
#  Rank  1 Group  0 Pid 1929966 on mi355-gpu-33 device  1 [0000:05:00] AMD Instinct MI355X

[2026-08-13 21:24:17] mi355-gpu-33:1929966:1929966 [0] /__w/rockrel/rockrel/build/comm-libs/rccl/build/hipify/src/init.cc:236 NCCL WARN HSA_NO_SCRATCH_RECLAIM=1 must be set to avoid performance degradation with the current HIP configuration. (Runtime version:71460850, GPU Firmware version:0)
RCCL version : 2.30.4-HEAD:2b22ab0
HIP version  : 7.14.60850-0000000
ROCm version : 7.14.0.0-9999-2b22ab01
Hostname     : mi355-gpu-33
Librccl path : /opt/rocm/lib/librccl.so.1

[2026-08-13 21:24:19] mi355-gpu-33:1929966:1929974 [0] /__w/rockrel/rockrel/build/comm-libs/rccl/build/hipify/src/misc/amdsmi_wrap.cc:214 NCCL WARN RCCL_USE_AMD_SMI_LIB not set, but HIP_FABRIC_API is defined. Fabric support is only available through AMD SMI. Rerun with RCCL_USE_AMD_SMI_LIB=1 to enable AMD SMI and UALoE fabric support.
#
#                                                              out-of-place                       in-place          
#       size         count      type   redop    root     time   algbw   busbw #wrong     time   algbw   busbw #wrong                               
#        (B)    (elements)                               (us)  (GB/s)  (GB/s)            (us)  (GB/s)  (GB/s)                                      
    16777216       2097152     float    none       0    145.2  115.54   57.77      0    129.7  129.36   64.68      0
    33554432       4194304     float    none       0    281.1  119.39   59.69      0    249.9  134.25   67.12      0
    67108864       8388608     float    none       0    552.6  121.44   60.72      0    491.4  136.57   68.29      0
   134217728      16777216     float    none       0   1104.4  121.53   60.76      0    974.4  137.74   68.87      0
   268435456      33554432     float    none       0   2195.9  122.24   61.12      0   1936.1  138.65   69.32      0
   536870912      67108864     float    none       0   4386.9  122.38   61.19      0   3889.8  138.02   69.01      0
  1073741824     134217728     float    none       0   8757.4  122.61   61.30      0   7822.2  137.27   68.63      0
  2147483648     268435456     float    none       0    17497  122.73   61.37      0    15834  135.63   67.81      0
  4294967296     536870912     float    none       0    34964  122.84   61.42      0    32748  131.15   65.58      0
  8589934592    1073741824     float    none       0    69945  122.81   61.40      0    69772  123.11   61.56      0
# Errors with asterisks indicate errors that have exceeded the maximum threshold.
# Out of bounds values : 0 OK
# Avg bus bandwidth    : 63.8817 
#
# Collective test concluded: gather_perf

