# Collective test starting: gather_perf
# nThread 1 nGpus 8 minBytes 16777216 maxBytes 8589934592 step: 2(factor) warmup iters: 5 iters: 20 agg iters: 1 validation: 1 graph: 0
#
rccl-tests: Version develop_deprecated:40b1b17
# Using devices
#  Rank  0 Group  0 Pid 1936388 on mi355-gpu-33 device  0 [0000:75:00] AMD Instinct MI355X
#  Rank  1 Group  0 Pid 1936388 on mi355-gpu-33 device  1 [0000:05:00] AMD Instinct MI355X
#  Rank  2 Group  0 Pid 1936388 on mi355-gpu-33 device  2 [0000:65:00] AMD Instinct MI355X
#  Rank  3 Group  0 Pid 1936388 on mi355-gpu-33 device  3 [0000:15:00] AMD Instinct MI355X
#  Rank  4 Group  0 Pid 1936388 on mi355-gpu-33 device  4 [0000:f5:00] AMD Instinct MI355X
#  Rank  5 Group  0 Pid 1936388 on mi355-gpu-33 device  5 [0000:85:00] AMD Instinct MI355X
#  Rank  6 Group  0 Pid 1936388 on mi355-gpu-33 device  6 [0000:e5:00] AMD Instinct MI355X
#  Rank  7 Group  0 Pid 1936388 on mi355-gpu-33 device  7 [0000:95:00] AMD Instinct MI355X

[2026-08-13 21:25:43] mi355-gpu-33:1936388:1936388 [0] /__w/rockrel/rockrel/build/comm-libs/rccl/build/hipify/src/init.cc:236 NCCL WARN HSA_NO_SCRATCH_RECLAIM=1 must be set to avoid performance degradation with the current HIP configuration. (Runtime version:71460850, GPU Firmware version:0)
RCCL version : 2.30.4-HEAD:2b22ab0
HIP version  : 7.14.60850-0000000
ROCm version : 7.14.0.0-9999-2b22ab01
Hostname     : mi355-gpu-33
Librccl path : /opt/rocm/lib/librccl.so.1

[2026-08-13 21:25:46] mi355-gpu-33:1936388:1936396 [0] /__w/rockrel/rockrel/build/comm-libs/rccl/build/hipify/src/misc/amdsmi_wrap.cc:214 NCCL WARN RCCL_USE_AMD_SMI_LIB not set, but HIP_FABRIC_API is defined. Fabric support is only available through AMD SMI. Rerun with RCCL_USE_AMD_SMI_LIB=1 to enable AMD SMI and UALoE fabric support.
#
#                                                              out-of-place                       in-place          
#       size         count      type   redop    root     time   algbw   busbw #wrong     time   algbw   busbw #wrong                               
#        (B)    (elements)                               (us)  (GB/s)  (GB/s)            (us)  (GB/s)  (GB/s)                                      
    16777216        524288     float    none       0    71.20  235.62  206.17      0    54.35  308.71  270.12      0
    33554432       1048576     float    none       0    79.61  421.50  368.81      0    74.21  452.17  395.65      0
    67108864       2097152     float    none       0    147.6  454.52  397.71      0    138.7  483.72  423.25      0
   134217728       4194304     float    none       0    285.5  470.13  411.36      0    273.5  490.79  429.44      0
   268435456       8388608     float    none       0    562.3  477.43  417.75      0    526.3  510.04  446.28      0
   536870912      16777216     float    none       0   1111.4  483.06  422.68      0   1045.0  513.75  449.53      0
  1073741824      33554432     float    none       0   2210.7  485.70  424.99      0   2088.4  514.15  449.88      0
  2147483648      67108864     float    none       0   4415.5  486.35  425.55      0   4195.4  511.87  447.88      0
  4294967296     134217728     float    none       0   8822.8  486.80  425.95      0   8475.8  506.73  443.39      0
  8589934592     268435456     float    none       0    17644  486.85  425.99      0    17642  486.89  426.03      0
# Errors with asterisks indicate errors that have exceeded the maximum threshold.
# Out of bounds values : 0 OK
# Avg bus bandwidth    : 405.421 
#
# Collective test concluded: gather_perf

