# Collective test starting: gather_perf
# nThread 1 nGpus 6 minBytes 16777216 maxBytes 8589934592 step: 2(factor) warmup iters: 5 iters: 20 agg iters: 1 validation: 1 graph: 0
#
rccl-tests: Version develop_deprecated:40b1b17
# Using devices
#  Rank  0 Group  0 Pid 1934168 on mi355-gpu-33 device  0 [0000:75:00] AMD Instinct MI355X
#  Rank  1 Group  0 Pid 1934168 on mi355-gpu-33 device  1 [0000:05:00] AMD Instinct MI355X
#  Rank  2 Group  0 Pid 1934168 on mi355-gpu-33 device  2 [0000:65:00] AMD Instinct MI355X
#  Rank  3 Group  0 Pid 1934168 on mi355-gpu-33 device  3 [0000:15:00] AMD Instinct MI355X
#  Rank  4 Group  0 Pid 1934168 on mi355-gpu-33 device  4 [0000:f5:00] AMD Instinct MI355X
#  Rank  5 Group  0 Pid 1934168 on mi355-gpu-33 device  5 [0000:85:00] AMD Instinct MI355X

[2026-08-13 21:25:06] mi355-gpu-33:1934168:1934168 [0] /__w/rockrel/rockrel/build/comm-libs/rccl/build/hipify/src/init.cc:236 NCCL WARN HSA_NO_SCRATCH_RECLAIM=1 must be set to avoid performance degradation with the current HIP configuration. (Runtime version:71460850, GPU Firmware version:0)
RCCL version : 2.30.4-HEAD:2b22ab0
HIP version  : 7.14.60850-0000000
ROCm version : 7.14.0.0-9999-2b22ab01
Hostname     : mi355-gpu-33
Librccl path : /opt/rocm/lib/librccl.so.1

[2026-08-13 21:25:08] mi355-gpu-33:1934168:1934192 [0] /__w/rockrel/rockrel/build/comm-libs/rccl/build/hipify/src/misc/amdsmi_wrap.cc:214 NCCL WARN RCCL_USE_AMD_SMI_LIB not set, but HIP_FABRIC_API is defined. Fabric support is only available through AMD SMI. Rerun with RCCL_USE_AMD_SMI_LIB=1 to enable AMD SMI and UALoE fabric support.
#
#                                                              out-of-place                       in-place          
#       size         count      type   redop    root     time   algbw   busbw #wrong     time   algbw   busbw #wrong                               
#        (B)    (elements)                               (us)  (GB/s)  (GB/s)            (us)  (GB/s)  (GB/s)                                      
    16777152        699048     float    none       0    498.0   33.69   28.08      0    394.9   42.49   35.40      0
    33554400       1398100     float    none       0   1058.2   31.71   26.43      0    864.3   38.82   32.35      0
    67108800       2796200     float    none       0   2153.6   31.16   25.97      0   1782.0   37.66   31.38      0
   134217696       5592404     float    none       0   2320.9   57.83   48.19      0   1895.3   70.82   59.01      0
   268435392      11184808     float    none       0   2870.5   93.52   77.93      0   2277.9  117.84   98.20      0
   536870880      22369620     float    none       0   4375.4  122.70  102.25      0   3794.3  141.50  117.91      0
  1073741760      44739240     float    none       0    10925   98.28   81.90      0   9581.4  112.07   93.39      0
  2147483616      89478484     float    none       0    24092   89.14   74.28      0    21263  101.00   84.16      0
  4294967232     178956968     float    none       0    50211   85.54   71.28      0    45506   94.38   78.65      0
  8589934560     357913940     float    none       0   101724   84.44   70.37      0    97551   88.06   73.38      0
# Errors with asterisks indicate errors that have exceeded the maximum threshold.
# Out of bounds values : 0 OK
# Avg bus bandwidth    : 65.5265 
#
# Collective test concluded: gather_perf

