# Collective test starting: gather_perf
# nThread 1 nGpus 5 minBytes 16777216 maxBytes 8589934592 step: 2(factor) warmup iters: 5 iters: 20 agg iters: 1 validation: 1 graph: 0
#
rccl-tests: Version develop_deprecated:40b1b17
# Using devices
#  Rank  0 Group  0 Pid 1931250 on mi355-gpu-33 device  0 [0000:75:00] AMD Instinct MI355X
#  Rank  1 Group  0 Pid 1931250 on mi355-gpu-33 device  1 [0000:05:00] AMD Instinct MI355X
#  Rank  2 Group  0 Pid 1931250 on mi355-gpu-33 device  2 [0000:65:00] AMD Instinct MI355X
#  Rank  3 Group  0 Pid 1931250 on mi355-gpu-33 device  3 [0000:15:00] AMD Instinct MI355X
#  Rank  4 Group  0 Pid 1931250 on mi355-gpu-33 device  4 [0000:f5:00] AMD Instinct MI355X

[2026-08-13 21:24:50] mi355-gpu-33:1931250:1931250 [0] /__w/rockrel/rockrel/build/comm-libs/rccl/build/hipify/src/init.cc:236 NCCL WARN HSA_NO_SCRATCH_RECLAIM=1 must be set to avoid performance degradation with the current HIP configuration. (Runtime version:71460850, GPU Firmware version:0)
RCCL version : 2.30.4-HEAD:2b22ab0
HIP version  : 7.14.60850-0000000
ROCm version : 7.14.0.0-9999-2b22ab01
Hostname     : mi355-gpu-33
Librccl path : /opt/rocm/lib/librccl.so.1

[2026-08-13 21:24:52] mi355-gpu-33:1931250:1931343 [1] /__w/rockrel/rockrel/build/comm-libs/rccl/build/hipify/src/misc/amdsmi_wrap.cc:214 NCCL WARN RCCL_USE_AMD_SMI_LIB not set, but HIP_FABRIC_API is defined. Fabric support is only available through AMD SMI. Rerun with RCCL_USE_AMD_SMI_LIB=1 to enable AMD SMI and UALoE fabric support.
#
#                                                              out-of-place                       in-place          
#       size         count      type   redop    root     time   algbw   busbw #wrong     time   algbw   busbw #wrong                               
#        (B)    (elements)                               (us)  (GB/s)  (GB/s)            (us)  (GB/s)  (GB/s)                                      
    16777200        838860     float    none       0    516.9   32.46   25.97      0    389.5   43.07   34.46      0
    33554400       1677720     float    none       0    967.0   34.70   27.76      0    750.2   44.73   35.78      0
    67108800       3355440     float    none       0   2165.1   31.00   24.80      0   1688.8   39.74   31.79      0
   134217680       6710884     float    none       0   2424.5   55.36   44.29      0   1893.4   70.89   56.71      0
   268435440      13421772     float    none       0   3053.6   87.91   70.33      0   2344.2  114.51   91.61      0
   536870880      26843544     float    none       0   4469.6  120.12   96.09      0   3798.5  141.34  113.07      0
  1073741760      53687088     float    none       0    10403  103.21   82.57      0   9022.2  119.01   95.21      0
  2147483600     107374180     float    none       0    22663   94.76   75.81      0    20075  106.97   85.58      0
  4294967280     214748364     float    none       0    46514   92.34   73.87      0    42397  101.30   81.04      0
  8589934560     429496728     float    none       0    92858   92.51   74.00      0    87790   97.85   78.28      0
# Errors with asterisks indicate errors that have exceeded the maximum threshold.
# Out of bounds values : 0 OK
# Avg bus bandwidth    : 64.9503 
#
# Collective test concluded: gather_perf

