# Collective test starting: gather_perf
# nThread 1 nGpus 3 minBytes 16777216 maxBytes 8589934592 step: 2(factor) warmup iters: 5 iters: 20 agg iters: 1 validation: 1 graph: 0
#
rccl-tests: Version develop_deprecated:40b1b17
# Using devices
#  Rank  0 Group  0 Pid 1930364 on mi355-gpu-33 device  0 [0000:75:00] AMD Instinct MI355X
#  Rank  1 Group  0 Pid 1930364 on mi355-gpu-33 device  1 [0000:05:00] AMD Instinct MI355X
#  Rank  2 Group  0 Pid 1930364 on mi355-gpu-33 device  2 [0000:65:00] AMD Instinct MI355X

[2026-08-13 21:24:27] mi355-gpu-33:1930364:1930364 [0] /__w/rockrel/rockrel/build/comm-libs/rccl/build/hipify/src/init.cc:236 NCCL WARN HSA_NO_SCRATCH_RECLAIM=1 must be set to avoid performance degradation with the current HIP configuration. (Runtime version:71460850, GPU Firmware version:0)
RCCL version : 2.30.4-HEAD:2b22ab0
HIP version  : 7.14.60850-0000000
ROCm version : 7.14.0.0-9999-2b22ab01
Hostname     : mi355-gpu-33
Librccl path : /opt/rocm/lib/librccl.so.1

[2026-08-13 21:24:30] mi355-gpu-33:1930364:1930376 [2] /__w/rockrel/rockrel/build/comm-libs/rccl/build/hipify/src/misc/amdsmi_wrap.cc:214 NCCL WARN RCCL_USE_AMD_SMI_LIB not set, but HIP_FABRIC_API is defined. Fabric support is only available through AMD SMI. Rerun with RCCL_USE_AMD_SMI_LIB=1 to enable AMD SMI and UALoE fabric support.
#
#                                                              out-of-place                       in-place          
#       size         count      type   redop    root     time   algbw   busbw #wrong     time   algbw   busbw #wrong                               
#        (B)    (elements)                               (us)  (GB/s)  (GB/s)            (us)  (GB/s)  (GB/s)                                      
    16777200       1398100     float    none       0    107.7  155.72  103.81      0    97.88  171.40  114.27      0
    33554400       2796200     float    none       0    203.9  164.57  109.72      0    187.1  179.38  119.59      0
    67108848       5592404     float    none       0    399.6  167.93  111.95      0    366.8  182.97  121.98      0
   134217696      11184808     float    none       0    913.9  146.86   97.91      0    717.1  187.18  124.79      0
   268435440      22369620     float    none       0   1458.9  183.99  122.66      0   1302.5  206.09  137.39      0
   536870880      44739240     float    none       0   3238.4  165.78  110.52      0   2628.1  204.28  136.19      0
  1073741808      89478484     float    none       0   6999.0  153.41  102.28      0   5292.2  202.89  135.26      0
  2147483616     178956968     float    none       0    14434  148.78   99.19      0    10725  200.24  133.49      0
  4294967280     357913940     float    none       0    29271  146.73   97.82      0    22092  194.42  129.61      0
  8589934560     715827880     float    none       0    58630  146.51   97.67      0    46814  183.49  122.33      0
# Errors with asterisks indicate errors that have exceeded the maximum threshold.
# Out of bounds values : 0 OK
# Avg bus bandwidth    : 116.421 
#
# Collective test concluded: gather_perf

