# Collective test starting: reduce_scatter_perf
# nThread 1 nGpus 6 minBytes 16777216 maxBytes 8589934592 step: 2(factor) warmup iters: 5 iters: 20 agg iters: 1 validation: 1 graph: 0
#
rccl-tests: Version develop_deprecated:40b1b17
# Using devices
#  Rank  0 Group  0 Pid 1904416 on mi355-gpu-33 device  0 [0000:75:00] AMD Instinct MI355X
#  Rank  1 Group  0 Pid 1904416 on mi355-gpu-33 device  1 [0000:05:00] AMD Instinct MI355X
#  Rank  2 Group  0 Pid 1904416 on mi355-gpu-33 device  2 [0000:65:00] AMD Instinct MI355X
#  Rank  3 Group  0 Pid 1904416 on mi355-gpu-33 device  3 [0000:15:00] AMD Instinct MI355X
#  Rank  4 Group  0 Pid 1904416 on mi355-gpu-33 device  4 [0000:f5:00] AMD Instinct MI355X
#  Rank  5 Group  0 Pid 1904416 on mi355-gpu-33 device  5 [0000:85:00] AMD Instinct MI355X

[2026-08-13 21:17:21] mi355-gpu-33:1904416:1904416 [0] /__w/rockrel/rockrel/build/comm-libs/rccl/build/hipify/src/init.cc:236 NCCL WARN HSA_NO_SCRATCH_RECLAIM=1 must be set to avoid performance degradation with the current HIP configuration. (Runtime version:71460850, GPU Firmware version:0)
RCCL version : 2.30.4-HEAD:2b22ab0
HIP version  : 7.14.60850-0000000
ROCm version : 7.14.0.0-9999-2b22ab01
Hostname     : mi355-gpu-33
Librccl path : /opt/rocm/lib/librccl.so.1

[2026-08-13 21:17:24] mi355-gpu-33:1904416:1904453 [0] /__w/rockrel/rockrel/build/comm-libs/rccl/build/hipify/src/misc/amdsmi_wrap.cc:214 NCCL WARN RCCL_USE_AMD_SMI_LIB not set, but HIP_FABRIC_API is defined. Fabric support is only available through AMD SMI. Rerun with RCCL_USE_AMD_SMI_LIB=1 to enable AMD SMI and UALoE fabric support.
#
#                                                              out-of-place                       in-place          
#       size         count      type   redop    root     time   algbw   busbw #wrong     time   algbw   busbw #wrong                               
#        (B)    (elements)                               (us)  (GB/s)  (GB/s)            (us)  (GB/s)  (GB/s)                                      
    16777152        699048     float     sum      -1    304.7   55.07   45.89      0    313.8   53.47   44.56      0
    33554400       1398100     float     sum      -1    611.5   54.87   45.72      0    631.1   53.17   44.31      0
    67108800       2796200     float     sum      -1   1176.0   57.07   47.56      0   1197.4   56.05   46.71      0
   134217696       5592404     float     sum      -1   2370.3   56.63   47.19      0   2390.4   56.15   46.79      0
   268435392      11184808     float     sum      -1   4697.8   57.14   47.62      0   4709.4   57.00   47.50      0
   536870880      22369620     float     sum      -1   9400.2   57.11   47.59      0   9394.3   57.15   47.62      0
  1073741760      44739240     float     sum      -1    18733   57.32   47.77      0    18790   57.15   47.62      0
  2147483616      89478484     float     sum      -1    37531   57.22   47.68      0    37694   56.97   47.48      0
  4294967232     178956968     float     sum      -1    74908   57.34   47.78      0    75504   56.88   47.40      0
  8589934560     357913940     float     sum      -1   150108   57.23   47.69      0   151698   56.63   47.19      0
# Errors with asterisks indicate errors that have exceeded the maximum threshold.
# Out of bounds values : 0 OK
# Avg bus bandwidth    : 46.9829 
#
# Collective test concluded: reduce_scatter_perf

