# Collective test starting: reduce_perf
# nThread 1 nGpus 5 minBytes 16777216 maxBytes 8589934592 step: 2(factor) warmup iters: 5 iters: 20 agg iters: 1 validation: 1 graph: 0
#
rccl-tests: Version develop_deprecated:40b1b17
# Using devices
#  Rank  0 Group  0 Pid 1923113 on mi355-gpu-33 device  0 [0000:75:00] AMD Instinct MI355X
#  Rank  1 Group  0 Pid 1923113 on mi355-gpu-33 device  1 [0000:05:00] AMD Instinct MI355X
#  Rank  2 Group  0 Pid 1923113 on mi355-gpu-33 device  2 [0000:65:00] AMD Instinct MI355X
#  Rank  3 Group  0 Pid 1923113 on mi355-gpu-33 device  3 [0000:15:00] AMD Instinct MI355X
#  Rank  4 Group  0 Pid 1923113 on mi355-gpu-33 device  4 [0000:f5:00] AMD Instinct MI355X

[2026-08-13 21:22:14] mi355-gpu-33:1923113:1923113 [0] /__w/rockrel/rockrel/build/comm-libs/rccl/build/hipify/src/init.cc:236 NCCL WARN HSA_NO_SCRATCH_RECLAIM=1 must be set to avoid performance degradation with the current HIP configuration. (Runtime version:71460850, GPU Firmware version:0)
RCCL version : 2.30.4-HEAD:2b22ab0
HIP version  : 7.14.60850-0000000
ROCm version : 7.14.0.0-9999-2b22ab01
Hostname     : mi355-gpu-33
Librccl path : /opt/rocm/lib/librccl.so.1

[2026-08-13 21:22:17] mi355-gpu-33:1923113:1923199 [0] /__w/rockrel/rockrel/build/comm-libs/rccl/build/hipify/src/misc/amdsmi_wrap.cc:214 NCCL WARN RCCL_USE_AMD_SMI_LIB not set, but HIP_FABRIC_API is defined. Fabric support is only available through AMD SMI. Rerun with RCCL_USE_AMD_SMI_LIB=1 to enable AMD SMI and UALoE fabric support.
#
#                                                              out-of-place                       in-place          
#       size         count      type   redop    root     time   algbw   busbw #wrong     time   algbw   busbw #wrong                               
#        (B)    (elements)                               (us)  (GB/s)  (GB/s)            (us)  (GB/s)  (GB/s)                                      
    16777216       4194304     float     sum       0    432.7   38.77   38.77      0    422.9   39.67   39.67      0
    33554432       8388608     float     sum       0    812.6   41.30   41.30      0    792.4   42.34   42.34      0
    67108864      16777216     float     sum       0   1458.2   46.02   46.02      0   1498.3   44.79   44.79      0
   134217728      33554432     float     sum       0   2836.2   47.32   47.32      0   2949.2   45.51   45.51      0
   268435456      67108864     float     sum       0   5331.3   50.35   50.35      0   5771.5   46.51   46.51      0
   536870912     134217728     float     sum       0    10526   51.00   51.00      0    11521   46.60   46.60      0
  1073741824     268435456     float     sum       0    20915   51.34   51.34      0    23050   46.58   46.58      0
  2147483648     536870912     float     sum       0    41706   51.49   51.49      0    46176   46.51   46.51      0
  4294967296    1073741824     float     sum       0    83374   51.51   51.51      0    92925   46.22   46.22      0
  8589934592    2147483648     float     sum       0   166712   51.53   51.53      0   188070   45.67   45.67      0
# Errors with asterisks indicate errors that have exceeded the maximum threshold.
# Out of bounds values : 0 OK
# Avg bus bandwidth    : 46.5519 
#
# Collective test concluded: reduce_perf

