# Collective test starting: reduce_perf
# nThread 1 nGpus 4 minBytes 16777216 maxBytes 8589934592 step: 2(factor) warmup iters: 5 iters: 20 agg iters: 1 validation: 1 graph: 0
#
rccl-tests: Version develop_deprecated:40b1b17
# Using devices
#  Rank  0 Group  0 Pid 1921517 on mi355-gpu-33 device  0 [0000:75:00] AMD Instinct MI355X
#  Rank  1 Group  0 Pid 1921517 on mi355-gpu-33 device  1 [0000:05:00] AMD Instinct MI355X
#  Rank  2 Group  0 Pid 1921517 on mi355-gpu-33 device  2 [0000:65:00] AMD Instinct MI355X
#  Rank  3 Group  0 Pid 1921517 on mi355-gpu-33 device  3 [0000:15:00] AMD Instinct MI355X

[2026-08-13 21:21:57] mi355-gpu-33:1921517:1921517 [0] /__w/rockrel/rockrel/build/comm-libs/rccl/build/hipify/src/init.cc:236 NCCL WARN HSA_NO_SCRATCH_RECLAIM=1 must be set to avoid performance degradation with the current HIP configuration. (Runtime version:71460850, GPU Firmware version:0)
RCCL version : 2.30.4-HEAD:2b22ab0
HIP version  : 7.14.60850-0000000
ROCm version : 7.14.0.0-9999-2b22ab01
Hostname     : mi355-gpu-33
Librccl path : /opt/rocm/lib/librccl.so.1

[2026-08-13 21:22:01] mi355-gpu-33:1921517:1921525 [0] /__w/rockrel/rockrel/build/comm-libs/rccl/build/hipify/src/misc/amdsmi_wrap.cc:214 NCCL WARN RCCL_USE_AMD_SMI_LIB not set, but HIP_FABRIC_API is defined. Fabric support is only available through AMD SMI. Rerun with RCCL_USE_AMD_SMI_LIB=1 to enable AMD SMI and UALoE fabric support.
#
#                                                              out-of-place                       in-place          
#       size         count      type   redop    root     time   algbw   busbw #wrong     time   algbw   busbw #wrong                               
#        (B)    (elements)                               (us)  (GB/s)  (GB/s)            (us)  (GB/s)  (GB/s)                                      
    16777216       4194304     float     sum       0    140.8  119.15  119.15      0    126.7  132.39  132.39      0
    33554432       8388608     float     sum       0    261.4  128.37  128.37      0    232.1  144.57  144.57      0
    67108864      16777216     float     sum       0    479.8  139.88  139.88      0    424.4  158.11  158.11      0
   134217728      33554432     float     sum       0    944.5  142.11  142.11      0    834.1  160.92  160.92      0
   268435456      67108864     float     sum       0   1746.6  153.69  153.69      0   1512.7  177.46  177.46      0
   536870912     134217728     float     sum       0   3445.8  155.81  155.81      0   3040.6  176.57  176.57      0
  1073741824     268435456     float     sum       0   6489.5  165.46  165.46      0   5752.1  186.67  186.67      0
  2147483648     536870912     float     sum       0    12948  165.86  165.86      0    11641  184.47  184.47      0
  4294967296    1073741824     float     sum       0    25230  170.24  170.24      0    23584  182.12  182.12      0
  8589934592    2147483648     float     sum       0    50055  171.61  171.61      0    50257  170.92  170.92      0
# Errors with asterisks indicate errors that have exceeded the maximum threshold.
# Out of bounds values : 0 OK
# Avg bus bandwidth    : 159.318 
#
# Collective test concluded: reduce_perf

