# Collective test starting: reduce_perf
# nThread 1 nGpus 7 minBytes 16777216 maxBytes 8589934592 step: 2(factor) warmup iters: 5 iters: 20 agg iters: 1 validation: 1 graph: 0
#
rccl-tests: Version develop_deprecated:40b1b17
# Using devices
#  Rank  0 Group  0 Pid 1926552 on mi355-gpu-33 device  0 [0000:75:00] AMD Instinct MI355X
#  Rank  1 Group  0 Pid 1926552 on mi355-gpu-33 device  1 [0000:05:00] AMD Instinct MI355X
#  Rank  2 Group  0 Pid 1926552 on mi355-gpu-33 device  2 [0000:65:00] AMD Instinct MI355X
#  Rank  3 Group  0 Pid 1926552 on mi355-gpu-33 device  3 [0000:15:00] AMD Instinct MI355X
#  Rank  4 Group  0 Pid 1926552 on mi355-gpu-33 device  4 [0000:f5:00] AMD Instinct MI355X
#  Rank  5 Group  0 Pid 1926552 on mi355-gpu-33 device  5 [0000:85:00] AMD Instinct MI355X
#  Rank  6 Group  0 Pid 1926552 on mi355-gpu-33 device  6 [0000:e5:00] AMD Instinct MI355X

[2026-08-13 21:23:15] mi355-gpu-33:1926552:1926552 [0] /__w/rockrel/rockrel/build/comm-libs/rccl/build/hipify/src/init.cc:236 NCCL WARN HSA_NO_SCRATCH_RECLAIM=1 must be set to avoid performance degradation with the current HIP configuration. (Runtime version:71460850, GPU Firmware version:0)
RCCL version : 2.30.4-HEAD:2b22ab0
HIP version  : 7.14.60850-0000000
ROCm version : 7.14.0.0-9999-2b22ab01
Hostname     : mi355-gpu-33
Librccl path : /opt/rocm/lib/librccl.so.1

[2026-08-13 21:23:17] mi355-gpu-33:1926552:1926668 [0] /__w/rockrel/rockrel/build/comm-libs/rccl/build/hipify/src/misc/amdsmi_wrap.cc:214 NCCL WARN RCCL_USE_AMD_SMI_LIB not set, but HIP_FABRIC_API is defined. Fabric support is only available through AMD SMI. Rerun with RCCL_USE_AMD_SMI_LIB=1 to enable AMD SMI and UALoE fabric support.
#
#                                                              out-of-place                       in-place          
#       size         count      type   redop    root     time   algbw   busbw #wrong     time   algbw   busbw #wrong                               
#        (B)    (elements)                               (us)  (GB/s)  (GB/s)            (us)  (GB/s)  (GB/s)                                      
    16777216       4194304     float     sum       0    459.1   36.54   36.54      0    447.4   37.50   37.50      0
    33554432       8388608     float     sum       0    838.0   40.04   40.04      0    819.2   40.96   40.96      0
    67108864      16777216     float     sum       0   1507.7   44.51   44.51      0   1551.5   43.25   43.25      0
   134217728      33554432     float     sum       0   2883.6   46.55   46.55      0   3012.1   44.56   44.56      0
   268435456      67108864     float     sum       0   5419.3   49.53   49.53      0   5881.7   45.64   45.64      0
   536870912     134217728     float     sum       0    10612   50.59   50.59      0    11619   46.21   46.21      0
  1073741824     268435456     float     sum       0    21075   50.95   50.95      0    23140   46.40   46.40      0
  2147483648     536870912     float     sum       0    41932   51.21   51.21      0    46322   46.36   46.36      0
  4294967296    1073741824     float     sum       0    83820   51.24   51.24      0    93115   46.13   46.13      0
  8589934592    2147483648     float     sum       0   167536   51.27   51.27      0   188743   45.51   45.51      0
# Errors with asterisks indicate errors that have exceeded the maximum threshold.
# Out of bounds values : 0 OK
# Avg bus bandwidth    : 45.7475 
#
# Collective test concluded: reduce_perf

