# Collective test starting: reduce_perf
# nThread 1 nGpus 3 minBytes 16777216 maxBytes 8589934592 step: 2(factor) warmup iters: 5 iters: 20 agg iters: 1 validation: 1 graph: 0
#
rccl-tests: Version develop_deprecated:40b1b17
# Using devices
#  Rank  0 Group  0 Pid 1920975 on mi355-gpu-33 device  0 [0000:75:00] AMD Instinct MI355X
#  Rank  1 Group  0 Pid 1920975 on mi355-gpu-33 device  1 [0000:05:00] AMD Instinct MI355X
#  Rank  2 Group  0 Pid 1920975 on mi355-gpu-33 device  2 [0000:65:00] AMD Instinct MI355X

[2026-08-13 21:21:41] mi355-gpu-33:1920975:1920975 [0] /__w/rockrel/rockrel/build/comm-libs/rccl/build/hipify/src/init.cc:236 NCCL WARN HSA_NO_SCRATCH_RECLAIM=1 must be set to avoid performance degradation with the current HIP configuration. (Runtime version:71460850, GPU Firmware version:0)
RCCL version : 2.30.4-HEAD:2b22ab0
HIP version  : 7.14.60850-0000000
ROCm version : 7.14.0.0-9999-2b22ab01
Hostname     : mi355-gpu-33
Librccl path : /opt/rocm/lib/librccl.so.1

[2026-08-13 21:21:43] mi355-gpu-33:1920975:1920985 [0] /__w/rockrel/rockrel/build/comm-libs/rccl/build/hipify/src/misc/amdsmi_wrap.cc:214 NCCL WARN RCCL_USE_AMD_SMI_LIB not set, but HIP_FABRIC_API is defined. Fabric support is only available through AMD SMI. Rerun with RCCL_USE_AMD_SMI_LIB=1 to enable AMD SMI and UALoE fabric support.
#
#                                                              out-of-place                       in-place          
#       size         count      type   redop    root     time   algbw   busbw #wrong     time   algbw   busbw #wrong                               
#        (B)    (elements)                               (us)  (GB/s)  (GB/s)            (us)  (GB/s)  (GB/s)                                      
    16777216       4194304     float     sum       0    223.5   75.05   75.05      0    216.8   77.40   77.40      0
    33554432       8388608     float     sum       0    420.3   79.84   79.84      0    406.9   82.46   82.46      0
    67108864      16777216     float     sum       0    809.6   82.89   82.89      0    786.1   85.37   85.37      0
   134217728      33554432     float     sum       0   1415.1   94.85   94.85      0   1498.2   89.59   89.59      0
   268435456      67108864     float     sum       0   2779.7   96.57   96.57      0   2959.0   90.72   90.72      0
   536870912     134217728     float     sum       0   5479.7   97.97   97.97      0   5284.3  101.60  101.60      0
  1073741824     268435456     float     sum       0    10871   98.77   98.77      0    10528  101.99  101.99      0
  2147483648     536870912     float     sum       0    21677   99.07   99.07      0    21050  102.02  102.02      0
  4294967296    1073741824     float     sum       0    43279   99.24   99.24      0    42465  101.14  101.14      0
  8589934592    2147483648     float     sum       0    86573   99.22   99.22      0    86519   99.28   99.28      0
# Errors with asterisks indicate errors that have exceeded the maximum threshold.
# Out of bounds values : 0 OK
# Avg bus bandwidth    : 92.7512 
#
# Collective test concluded: reduce_perf

