# Collective test starting: reduce_scatter_perf
# nThread 1 nGpus 8 minBytes 16777216 maxBytes 8589934592 step: 2(factor) warmup iters: 5 iters: 20 agg iters: 1 validation: 1 graph: 0
#
rccl-tests: Version develop_deprecated:40b1b17
# Using devices
#  Rank  0 Group  0 Pid 1907561 on mi355-gpu-33 device  0 [0000:75:00] AMD Instinct MI355X
#  Rank  1 Group  0 Pid 1907561 on mi355-gpu-33 device  1 [0000:05:00] AMD Instinct MI355X
#  Rank  2 Group  0 Pid 1907561 on mi355-gpu-33 device  2 [0000:65:00] AMD Instinct MI355X
#  Rank  3 Group  0 Pid 1907561 on mi355-gpu-33 device  3 [0000:15:00] AMD Instinct MI355X
#  Rank  4 Group  0 Pid 1907561 on mi355-gpu-33 device  4 [0000:f5:00] AMD Instinct MI355X
#  Rank  5 Group  0 Pid 1907561 on mi355-gpu-33 device  5 [0000:85:00] AMD Instinct MI355X
#  Rank  6 Group  0 Pid 1907561 on mi355-gpu-33 device  6 [0000:e5:00] AMD Instinct MI355X
#  Rank  7 Group  0 Pid 1907561 on mi355-gpu-33 device  7 [0000:95:00] AMD Instinct MI355X

[2026-08-13 21:18:18] mi355-gpu-33:1907561:1907561 [0] /__w/rockrel/rockrel/build/comm-libs/rccl/build/hipify/src/init.cc:236 NCCL WARN HSA_NO_SCRATCH_RECLAIM=1 must be set to avoid performance degradation with the current HIP configuration. (Runtime version:71460850, GPU Firmware version:0)
RCCL version : 2.30.4-HEAD:2b22ab0
HIP version  : 7.14.60850-0000000
ROCm version : 7.14.0.0-9999-2b22ab01
Hostname     : mi355-gpu-33
Librccl path : /opt/rocm/lib/librccl.so.1

[2026-08-13 21:18:21] mi355-gpu-33:1907561:1907570 [1] /__w/rockrel/rockrel/build/comm-libs/rccl/build/hipify/src/misc/amdsmi_wrap.cc:214 NCCL WARN RCCL_USE_AMD_SMI_LIB not set, but HIP_FABRIC_API is defined. Fabric support is only available through AMD SMI. Rerun with RCCL_USE_AMD_SMI_LIB=1 to enable AMD SMI and UALoE fabric support.
#
#                                                              out-of-place                       in-place          
#       size         count      type   redop    root     time   algbw   busbw #wrong     time   algbw   busbw #wrong                               
#        (B)    (elements)                               (us)  (GB/s)  (GB/s)            (us)  (GB/s)  (GB/s)                                      
    16777216        524288     float     sum      -1    94.70  177.16  155.02      0    79.06  212.20  185.67      0
    33554432       1048576     float     sum      -1    117.9  284.52  248.96      0    117.6  285.38  249.71      0
    67108864       2097152     float     sum      -1    194.8  344.59  301.51      0    192.1  349.32  305.66      0
   134217728       4194304     float     sum      -1    346.7  387.09  338.71      0    339.6  395.27  345.86      0
   268435456       8388608     float     sum      -1    656.9  408.65  357.57      0    611.7  438.84  383.98      0
   536870912      16777216     float     sum      -1   1281.2  419.05  366.67      0   1195.8  448.97  392.85      0
  1073741824      33554432     float     sum      -1   2493.6  430.60  376.77      0   2321.6  462.51  404.69      0
  2147483648      67108864     float     sum      -1   4915.1  436.91  382.30      0   4596.3  467.22  408.82      0
  4294967296     134217728     float     sum      -1   9780.1  439.15  384.26      0   9348.9  459.41  401.98      0
  8589934592     268435456     float     sum      -1    19376  443.33  387.91      0    19405  442.68  387.34      0
# Errors with asterisks indicate errors that have exceeded the maximum threshold.
# Out of bounds values : 0 OK
# Avg bus bandwidth    : 338.312 
#
# Collective test concluded: reduce_scatter_perf

