# Collective test starting: scatter_perf
# nThread 1 nGpus 4 minBytes 16777216 maxBytes 8589934592 step: 2(factor) warmup iters: 5 iters: 20 agg iters: 1 validation: 1 graph: 0
#
rccl-tests: Version develop_deprecated:40b1b17
# Using devices
#  Rank  0 Group  0 Pid 1939313 on mi355-gpu-33 device  0 [0000:75:00] AMD Instinct MI355X
#  Rank  1 Group  0 Pid 1939313 on mi355-gpu-33 device  1 [0000:05:00] AMD Instinct MI355X
#  Rank  2 Group  0 Pid 1939313 on mi355-gpu-33 device  2 [0000:65:00] AMD Instinct MI355X
#  Rank  3 Group  0 Pid 1939313 on mi355-gpu-33 device  3 [0000:15:00] AMD Instinct MI355X

[2026-08-13 21:26:26] mi355-gpu-33:1939313:1939313 [0] /__w/rockrel/rockrel/build/comm-libs/rccl/build/hipify/src/init.cc:236 NCCL WARN HSA_NO_SCRATCH_RECLAIM=1 must be set to avoid performance degradation with the current HIP configuration. (Runtime version:71460850, GPU Firmware version:0)
RCCL version : 2.30.4-HEAD:2b22ab0
HIP version  : 7.14.60850-0000000
ROCm version : 7.14.0.0-9999-2b22ab01
Hostname     : mi355-gpu-33
Librccl path : /opt/rocm/lib/librccl.so.1

[2026-08-13 21:26:29] mi355-gpu-33:1939313:1939322 [1] /__w/rockrel/rockrel/build/comm-libs/rccl/build/hipify/src/misc/amdsmi_wrap.cc:214 NCCL WARN RCCL_USE_AMD_SMI_LIB not set, but HIP_FABRIC_API is defined. Fabric support is only available through AMD SMI. Rerun with RCCL_USE_AMD_SMI_LIB=1 to enable AMD SMI and UALoE fabric support.
#
#                                                              out-of-place                       in-place          
#       size         count      type   redop    root     time   algbw   busbw #wrong     time   algbw   busbw #wrong                               
#        (B)    (elements)                               (us)  (GB/s)  (GB/s)            (us)  (GB/s)  (GB/s)                                      
    16777216       1048576     float    none       0    80.19  209.22  156.91      0    79.72  210.45  157.84      0
    33554432       2097152     float    none       0    150.8  222.58  166.93      0    149.9  223.81  167.86      0
    67108864       4194304     float    none       0    289.7  231.69  173.76      0    290.7  230.87  173.15      0
   134217728       8388608     float    none       0    568.6  236.05  177.04      0    562.4  238.64  178.98      0
   268435456      16777216     float    none       0   1129.0  237.77  178.33      0   1054.3  254.62  190.97      0
   536870912      33554432     float    none       0   2245.8  239.06  179.29      0   2112.3  254.16  190.62      0
  1073741824      67108864     float    none       0   4478.3  239.77  179.82      0   4221.6  254.35  190.76      0
  2147483648     134217728     float    none       0   8945.3  240.07  180.05      0   8426.0  254.86  191.15      0
  4294967296     268435456     float    none       0    17884  240.15  180.12      0    17258  248.86  186.65      0
  8589934592     536870912     float    none       0    35750  240.28  180.21      0    35796  239.97  179.98      0
# Errors with asterisks indicate errors that have exceeded the maximum threshold.
# Out of bounds values : 0 OK
# Avg bus bandwidth    : 178.021 
#
# Collective test concluded: scatter_perf

