# Collective test starting: scatter_perf
# nThread 1 nGpus 8 minBytes 16777216 maxBytes 8589934592 step: 2(factor) warmup iters: 5 iters: 20 agg iters: 1 validation: 1 graph: 0
#
rccl-tests: Version develop_deprecated:40b1b17
# Using devices
#  Rank  0 Group  0 Pid 1942721 on mi355-gpu-33 device  0 [0000:75:00] AMD Instinct MI355X
#  Rank  1 Group  0 Pid 1942721 on mi355-gpu-33 device  1 [0000:05:00] AMD Instinct MI355X
#  Rank  2 Group  0 Pid 1942721 on mi355-gpu-33 device  2 [0000:65:00] AMD Instinct MI355X
#  Rank  3 Group  0 Pid 1942721 on mi355-gpu-33 device  3 [0000:15:00] AMD Instinct MI355X
#  Rank  4 Group  0 Pid 1942721 on mi355-gpu-33 device  4 [0000:f5:00] AMD Instinct MI355X
#  Rank  5 Group  0 Pid 1942721 on mi355-gpu-33 device  5 [0000:85:00] AMD Instinct MI355X
#  Rank  6 Group  0 Pid 1942721 on mi355-gpu-33 device  6 [0000:e5:00] AMD Instinct MI355X
#  Rank  7 Group  0 Pid 1942721 on mi355-gpu-33 device  7 [0000:95:00] AMD Instinct MI355X

[2026-08-13 21:27:28] mi355-gpu-33:1942721:1942721 [0] /__w/rockrel/rockrel/build/comm-libs/rccl/build/hipify/src/init.cc:236 NCCL WARN HSA_NO_SCRATCH_RECLAIM=1 must be set to avoid performance degradation with the current HIP configuration. (Runtime version:71460850, GPU Firmware version:0)
RCCL version : 2.30.4-HEAD:2b22ab0
HIP version  : 7.14.60850-0000000
ROCm version : 7.14.0.0-9999-2b22ab01
Hostname     : mi355-gpu-33
Librccl path : /opt/rocm/lib/librccl.so.1

[2026-08-13 21:27:31] mi355-gpu-33:1942721:1942730 [0] /__w/rockrel/rockrel/build/comm-libs/rccl/build/hipify/src/misc/amdsmi_wrap.cc:214 NCCL WARN RCCL_USE_AMD_SMI_LIB not set, but HIP_FABRIC_API is defined. Fabric support is only available through AMD SMI. Rerun with RCCL_USE_AMD_SMI_LIB=1 to enable AMD SMI and UALoE fabric support.
#
#                                                              out-of-place                       in-place          
#       size         count      type   redop    root     time   algbw   busbw #wrong     time   algbw   busbw #wrong                               
#        (B)    (elements)                               (us)  (GB/s)  (GB/s)            (us)  (GB/s)  (GB/s)                                      
    16777216        524288     float    none       0    64.97  258.21  225.93      0    54.66  306.91  268.55      0
    33554432       1048576     float    none       0    87.39  383.96  335.96      0    87.46  383.66  335.70      0
    67108864       2097152     float    none       0    162.3  413.53  361.84      0    158.5  423.37  370.45      0
   134217728       4194304     float    none       0    311.6  430.75  376.91      0    300.9  446.04  390.28      0
   268435456       8388608     float    none       0    607.4  441.92  386.68      0    555.6  483.16  422.77      0
   536870912      16777216     float    none       0   1201.5  446.82  390.96      0   1097.9  488.98  427.86      0
  1073741824      33554432     float    none       0   2386.7  449.88  393.65      0   2184.2  491.59  430.14      0
  2147483648      67108864     float    none       0   4751.8  451.93  395.44      0   4405.0  487.52  426.58      0
  4294967296     134217728     float    none       0   9487.7  452.69  396.10      0   9027.6  475.76  416.29      0
  8589934592     268435456     float    none       0    18959  453.08  396.45      0    18950  453.29  396.63      0
# Errors with asterisks indicate errors that have exceeded the maximum threshold.
# Out of bounds values : 0 OK
# Avg bus bandwidth    : 377.258 
#
# Collective test concluded: scatter_perf

