# Collective test starting: scatter_perf
# nThread 1 nGpus 7 minBytes 16777216 maxBytes 8589934592 step: 2(factor) warmup iters: 5 iters: 20 agg iters: 1 validation: 1 graph: 0
#
rccl-tests: Version develop_deprecated:40b1b17
# Using devices
#  Rank  0 Group  0 Pid 1942050 on mi355-gpu-33 device  0 [0000:75:00] AMD Instinct MI355X
#  Rank  1 Group  0 Pid 1942050 on mi355-gpu-33 device  1 [0000:05:00] AMD Instinct MI355X
#  Rank  2 Group  0 Pid 1942050 on mi355-gpu-33 device  2 [0000:65:00] AMD Instinct MI355X
#  Rank  3 Group  0 Pid 1942050 on mi355-gpu-33 device  3 [0000:15:00] AMD Instinct MI355X
#  Rank  4 Group  0 Pid 1942050 on mi355-gpu-33 device  4 [0000:f5:00] AMD Instinct MI355X
#  Rank  5 Group  0 Pid 1942050 on mi355-gpu-33 device  5 [0000:85:00] AMD Instinct MI355X
#  Rank  6 Group  0 Pid 1942050 on mi355-gpu-33 device  6 [0000:e5:00] AMD Instinct MI355X

[2026-08-13 21:27:10] mi355-gpu-33:1942050:1942050 [0] /__w/rockrel/rockrel/build/comm-libs/rccl/build/hipify/src/init.cc:236 NCCL WARN HSA_NO_SCRATCH_RECLAIM=1 must be set to avoid performance degradation with the current HIP configuration. (Runtime version:71460850, GPU Firmware version:0)
RCCL version : 2.30.4-HEAD:2b22ab0
HIP version  : 7.14.60850-0000000
ROCm version : 7.14.0.0-9999-2b22ab01
Hostname     : mi355-gpu-33
Librccl path : /opt/rocm/lib/librccl.so.1

[2026-08-13 21:27:12] mi355-gpu-33:1942050:1942119 [4] /__w/rockrel/rockrel/build/comm-libs/rccl/build/hipify/src/misc/amdsmi_wrap.cc:214 NCCL WARN RCCL_USE_AMD_SMI_LIB not set, but HIP_FABRIC_API is defined. Fabric support is only available through AMD SMI. Rerun with RCCL_USE_AMD_SMI_LIB=1 to enable AMD SMI and UALoE fabric support.
#
#                                                              out-of-place                       in-place          
#       size         count      type   redop    root     time   algbw   busbw #wrong     time   algbw   busbw #wrong                               
#        (B)    (elements)                               (us)  (GB/s)  (GB/s)            (us)  (GB/s)  (GB/s)                                      
    16777152        599184     float    none       0    816.4   20.55   17.61      0    730.3   22.97   19.69      0
    33554416       1198372     float    none       0   1620.7   20.70   17.75      0   1447.6   23.18   19.87      0
    67108832       2396744     float    none       0   3182.6   21.09   18.07      0   2835.9   23.66   20.28      0
   134217664       4793488     float    none       0   3306.1   40.60   34.80      0   2929.5   45.82   39.27      0
   268435440       9586980     float    none       0   4177.8   64.25   55.07      0   3556.5   75.48   64.69      0
   536870880      19173960     float    none       0   6589.1   81.48   69.84      0   5886.5   91.20   78.17      0
  1073741760      38347920     float    none       0    13015   82.50   70.72      0    11615   92.44   79.24      0
  2147483632      76695844     float    none       0    26285   81.70   70.03      0    23698   90.62   77.67      0
  4294967264     153391688     float    none       0    51972   82.64   70.83      0    47809   89.84   77.00      0
  8589934528     306783376     float    none       0   104221   82.42   70.65      0   100003   85.90   73.63      0
# Errors with asterisks indicate errors that have exceeded the maximum threshold.
# Out of bounds values : 0 OK
# Avg bus bandwidth    : 52.2445 
#
# Collective test concluded: scatter_perf

