# Collective test starting: scatter_perf
# nThread 1 nGpus 5 minBytes 16777216 maxBytes 8589934592 step: 2(factor) warmup iters: 5 iters: 20 agg iters: 1 validation: 1 graph: 0
#
rccl-tests: Version develop_deprecated:40b1b17
# Using devices
#  Rank  0 Group  0 Pid 1939783 on mi355-gpu-33 device  0 [0000:75:00] AMD Instinct MI355X
#  Rank  1 Group  0 Pid 1939783 on mi355-gpu-33 device  1 [0000:05:00] AMD Instinct MI355X
#  Rank  2 Group  0 Pid 1939783 on mi355-gpu-33 device  2 [0000:65:00] AMD Instinct MI355X
#  Rank  3 Group  0 Pid 1939783 on mi355-gpu-33 device  3 [0000:15:00] AMD Instinct MI355X
#  Rank  4 Group  0 Pid 1939783 on mi355-gpu-33 device  4 [0000:f5:00] AMD Instinct MI355X

[2026-08-13 21:26:37] mi355-gpu-33:1939783:1939783 [0] /__w/rockrel/rockrel/build/comm-libs/rccl/build/hipify/src/init.cc:236 NCCL WARN HSA_NO_SCRATCH_RECLAIM=1 must be set to avoid performance degradation with the current HIP configuration. (Runtime version:71460850, GPU Firmware version:0)
RCCL version : 2.30.4-HEAD:2b22ab0
HIP version  : 7.14.60850-0000000
ROCm version : 7.14.0.0-9999-2b22ab01
Hostname     : mi355-gpu-33
Librccl path : /opt/rocm/lib/librccl.so.1

[2026-08-13 21:26:39] mi355-gpu-33:1939783:1939793 [2] /__w/rockrel/rockrel/build/comm-libs/rccl/build/hipify/src/misc/amdsmi_wrap.cc:214 NCCL WARN RCCL_USE_AMD_SMI_LIB not set, but HIP_FABRIC_API is defined. Fabric support is only available through AMD SMI. Rerun with RCCL_USE_AMD_SMI_LIB=1 to enable AMD SMI and UALoE fabric support.
#
#                                                              out-of-place                       in-place          
#       size         count      type   redop    root     time   algbw   busbw #wrong     time   algbw   busbw #wrong                               
#        (B)    (elements)                               (us)  (GB/s)  (GB/s)            (us)  (GB/s)  (GB/s)                                      
    16777200        838860     float    none       0    792.8   21.16   16.93      0    674.0   24.89   19.91      0
    33554400       1677720     float    none       0   1551.5   21.63   17.30      0   1311.5   25.59   20.47      0
    67108800       3355440     float    none       0   3038.3   22.09   17.67      0   2578.6   26.03   20.82      0
   134217680       6710884     float    none       0   3218.5   41.70   33.36      0   2722.6   49.30   39.44      0
   268435440      13421772     float    none       0   4014.2   66.87   53.50      0   3296.2   81.44   65.15      0
   536870880      26843544     float    none       0   6678.7   80.39   64.31      0   5863.3   91.56   73.25      0
  1073741760      53687088     float    none       0    13246   81.06   64.85      0    11628   92.34   73.87      0
  2147483600     107374180     float    none       0    26660   80.55   64.44      0    23534   91.25   73.00      0
  4294967280     214748364     float    none       0    53210   80.72   64.57      0    47998   89.48   71.59      0
  8589934560     429496728     float    none       0   105860   81.14   64.92      0    99067   86.71   69.37      0
# Errors with asterisks indicate errors that have exceeded the maximum threshold.
# Out of bounds values : 0 OK
# Avg bus bandwidth    : 49.4356 
#
# Collective test concluded: scatter_perf

