# Collective test starting: scatter_perf
# nThread 1 nGpus 2 minBytes 16777216 maxBytes 8589934592 step: 2(factor) warmup iters: 5 iters: 20 agg iters: 1 validation: 1 graph: 0
#
rccl-tests: Version develop_deprecated:40b1b17
# Using devices
#  Rank  0 Group  0 Pid 1937929 on mi355-gpu-33 device  0 [0000:75:00] AMD Instinct MI355X
#  Rank  1 Group  0 Pid 1937929 on mi355-gpu-33 device  1 [0000:05:00] AMD Instinct MI355X

[2026-08-13 21:26:04] mi355-gpu-33:1937929:1937929 [0] /__w/rockrel/rockrel/build/comm-libs/rccl/build/hipify/src/init.cc:236 NCCL WARN HSA_NO_SCRATCH_RECLAIM=1 must be set to avoid performance degradation with the current HIP configuration. (Runtime version:71460850, GPU Firmware version:0)
RCCL version : 2.30.4-HEAD:2b22ab0
HIP version  : 7.14.60850-0000000
ROCm version : 7.14.0.0-9999-2b22ab01
Hostname     : mi355-gpu-33
Librccl path : /opt/rocm/lib/librccl.so.1

[2026-08-13 21:26:08] mi355-gpu-33:1937929:1937937 [0] /__w/rockrel/rockrel/build/comm-libs/rccl/build/hipify/src/misc/amdsmi_wrap.cc:214 NCCL WARN RCCL_USE_AMD_SMI_LIB not set, but HIP_FABRIC_API is defined. Fabric support is only available through AMD SMI. Rerun with RCCL_USE_AMD_SMI_LIB=1 to enable AMD SMI and UALoE fabric support.
#
#                                                              out-of-place                       in-place          
#       size         count      type   redop    root     time   algbw   busbw #wrong     time   algbw   busbw #wrong                               
#        (B)    (elements)                               (us)  (GB/s)  (GB/s)            (us)  (GB/s)  (GB/s)                                      
    16777216       2097152     float    none       0    146.0  114.89   57.44      0    145.9  115.02   57.51      0
    33554432       4194304     float    none       0    282.7  118.71   59.36      0    283.1  118.53   59.26      0
    67108864       8388608     float    none       0    556.3  120.63   60.32      0    556.1  120.67   60.33      0
   134217728      16777216     float    none       0   1105.9  121.36   60.68      0   1104.8  121.49   60.74      0
   268435456      33554432     float    none       0   2196.3  122.22   61.11      0   2139.2  125.49   62.74      0
   536870912      67108864     float    none       0   4386.1  122.40   61.20      0   4182.7  128.35   64.18      0
  1073741824     134217728     float    none       0   8764.3  122.51   61.26      0   8485.1  126.54   63.27      0
  2147483648     268435456     float    none       0    17530  122.50   61.25      0    17072  125.79   62.90      0
  4294967296     536870912     float    none       0    35077  122.44   61.22      0    34526  124.40   62.20      0
  8589934592    1073741824     float    none       0    70110  122.52   61.26      0    69980  122.75   61.37      0
# Errors with asterisks indicate errors that have exceeded the maximum threshold.
# Out of bounds values : 0 OK
# Avg bus bandwidth    : 60.9806 
#
# Collective test concluded: scatter_perf

