# Collective test starting: sendrecv_perf
# nThread 1 nGpus 4 minBytes 16777216 maxBytes 8589934592 step: 2(factor) warmup iters: 5 iters: 20 agg iters: 1 validation: 1 graph: 0
#
rccl-tests: Version develop_deprecated:40b1b17
# Using devices
#  Rank  0 Group  0 Pid 1958852 on mi355-gpu-33 device  0 [0000:75:00] AMD Instinct MI355X
#  Rank  1 Group  0 Pid 1958852 on mi355-gpu-33 device  1 [0000:05:00] AMD Instinct MI355X
#  Rank  2 Group  0 Pid 1958852 on mi355-gpu-33 device  2 [0000:65:00] AMD Instinct MI355X
#  Rank  3 Group  0 Pid 1958852 on mi355-gpu-33 device  3 [0000:15:00] AMD Instinct MI355X

[2026-08-13 21:31:39] mi355-gpu-33:1958852:1958852 [0] /__w/rockrel/rockrel/build/comm-libs/rccl/build/hipify/src/init.cc:236 NCCL WARN HSA_NO_SCRATCH_RECLAIM=1 must be set to avoid performance degradation with the current HIP configuration. (Runtime version:71460850, GPU Firmware version:0)
RCCL version : 2.30.4-HEAD:2b22ab0
HIP version  : 7.14.60850-0000000
ROCm version : 7.14.0.0-9999-2b22ab01
Hostname     : mi355-gpu-33
Librccl path : /opt/rocm/lib/librccl.so.1

[2026-08-13 21:31:41] mi355-gpu-33:1958852:1958860 [0] /__w/rockrel/rockrel/build/comm-libs/rccl/build/hipify/src/misc/amdsmi_wrap.cc:214 NCCL WARN RCCL_USE_AMD_SMI_LIB not set, but HIP_FABRIC_API is defined. Fabric support is only available through AMD SMI. Rerun with RCCL_USE_AMD_SMI_LIB=1 to enable AMD SMI and UALoE fabric support.
#
#                                                              out-of-place                       in-place          
#       size         count      type   redop    root     time   algbw   busbw #wrong     time   algbw   busbw #wrong                               
#        (B)    (elements)                               (us)  (GB/s)  (GB/s)            (us)  (GB/s)  (GB/s)                                      
    16777216       4194304     float     sum      -1    306.9   54.67   54.67      0    304.0   55.19   55.19    N/A
    33554432       8388608     float     sum      -1    582.8   57.58   57.58      0    582.9   57.57   57.57    N/A
    67108864      16777216     float     sum      -1   1138.2   58.96   58.96      0   1135.8   59.09   59.09    N/A
   134217728      33554432     float     sum      -1   2249.9   59.65   59.65      0   2248.4   59.70   59.70    N/A
   268435456      67108864     float     sum      -1   4476.2   59.97   59.97      0   4455.1   60.25   60.25    N/A
   536870912     134217728     float     sum      -1   8933.9   60.09   60.09      0   8879.5   60.46   60.46    N/A
  1073741824     268435456     float     sum      -1    17817   60.26   60.26      0    17746   60.50   60.50    N/A
  2147483648     536870912     float     sum      -1    35670   60.20   60.20      0    35418   60.63   60.63    N/A
  4294967296    1073741824     float     sum      -1    71273   60.26   60.26      0    70771   60.69   60.69    N/A
  8589934592    2147483648     float     sum      -1   142700   60.20   60.20      0   142168   60.42   60.42    N/A
# Errors with asterisks indicate errors that have exceeded the maximum threshold.
# Out of bounds values : 0 OK
# Avg bus bandwidth    : 59.3178 
#
# Collective test concluded: sendrecv_perf

