# Collective test starting: sendrecv_perf
# nThread 1 nGpus 7 minBytes 16777216 maxBytes 8589934592 step: 2(factor) warmup iters: 5 iters: 20 agg iters: 1 validation: 1 graph: 0
#
rccl-tests: Version develop_deprecated:40b1b17
# Using devices
#  Rank  0 Group  0 Pid 1962610 on mi355-gpu-33 device  0 [0000:75:00] AMD Instinct MI355X
#  Rank  1 Group  0 Pid 1962610 on mi355-gpu-33 device  1 [0000:05:00] AMD Instinct MI355X
#  Rank  2 Group  0 Pid 1962610 on mi355-gpu-33 device  2 [0000:65:00] AMD Instinct MI355X
#  Rank  3 Group  0 Pid 1962610 on mi355-gpu-33 device  3 [0000:15:00] AMD Instinct MI355X
#  Rank  4 Group  0 Pid 1962610 on mi355-gpu-33 device  4 [0000:f5:00] AMD Instinct MI355X
#  Rank  5 Group  0 Pid 1962610 on mi355-gpu-33 device  5 [0000:85:00] AMD Instinct MI355X
#  Rank  6 Group  0 Pid 1962610 on mi355-gpu-33 device  6 [0000:e5:00] AMD Instinct MI355X

[2026-08-13 21:32:49] mi355-gpu-33:1962610:1962610 [0] /__w/rockrel/rockrel/build/comm-libs/rccl/build/hipify/src/init.cc:236 NCCL WARN HSA_NO_SCRATCH_RECLAIM=1 must be set to avoid performance degradation with the current HIP configuration. (Runtime version:71460850, GPU Firmware version:0)
RCCL version : 2.30.4-HEAD:2b22ab0
HIP version  : 7.14.60850-0000000
ROCm version : 7.14.0.0-9999-2b22ab01
Hostname     : mi355-gpu-33
Librccl path : /opt/rocm/lib/librccl.so.1

[2026-08-13 21:32:53] mi355-gpu-33:1962610:1962706 [0] /__w/rockrel/rockrel/build/comm-libs/rccl/build/hipify/src/misc/amdsmi_wrap.cc:214 NCCL WARN RCCL_USE_AMD_SMI_LIB not set, but HIP_FABRIC_API is defined. Fabric support is only available through AMD SMI. Rerun with RCCL_USE_AMD_SMI_LIB=1 to enable AMD SMI and UALoE fabric support.
#
#                                                              out-of-place                       in-place          
#       size         count      type   redop    root     time   algbw   busbw #wrong     time   algbw   busbw #wrong                               
#        (B)    (elements)                               (us)  (GB/s)  (GB/s)            (us)  (GB/s)  (GB/s)                                      
    16777216       4194304     float     sum      -1   1233.9   13.60   13.60      0   1236.1   13.57   13.57    N/A
    33554432       8388608     float     sum      -1   1280.1   26.21   26.21      0   1278.9   26.24   26.24    N/A
    67108864      16777216     float     sum      -1   1401.1   47.90   47.90      0   1403.4   47.82   47.82    N/A
   134217728      33554432     float     sum      -1   2254.6   59.53   59.53      0   2258.4   59.43   59.43    N/A
   268435456      67108864     float     sum      -1   4468.0   60.08   60.08      0   4457.1   60.23   60.23    N/A
   536870912     134217728     float     sum      -1   8898.2   60.33   60.33      0   8940.6   60.05   60.05    N/A
  1073741824     268435456     float     sum      -1    17760   60.46   60.46      0    17839   60.19   60.19    N/A
  2147483648     536870912     float     sum      -1    35466   60.55   60.55      0    35607   60.31   60.31    N/A
  4294967296    1073741824     float     sum      -1    70953   60.53   60.53      0    71361   60.19   60.19    N/A
  8589934592    2147483648     float     sum      -1   141985   60.50   60.50      0   142516   60.27   60.27    N/A
# Errors with asterisks indicate errors that have exceeded the maximum threshold.
# Out of bounds values : 0 OK
# Avg bus bandwidth    : 50.8993 
#
# Collective test concluded: sendrecv_perf

