# Collective test starting: sendrecv_perf
# nThread 1 nGpus 5 minBytes 16777216 maxBytes 8589934592 step: 2(factor) warmup iters: 5 iters: 20 agg iters: 1 validation: 1 graph: 0
#
rccl-tests: Version develop_deprecated:40b1b17
# Using devices
#  Rank  0 Group  0 Pid 1960072 on mi355-gpu-33 device  0 [0000:75:00] AMD Instinct MI355X
#  Rank  1 Group  0 Pid 1960072 on mi355-gpu-33 device  1 [0000:05:00] AMD Instinct MI355X
#  Rank  2 Group  0 Pid 1960072 on mi355-gpu-33 device  2 [0000:65:00] AMD Instinct MI355X
#  Rank  3 Group  0 Pid 1960072 on mi355-gpu-33 device  3 [0000:15:00] AMD Instinct MI355X
#  Rank  4 Group  0 Pid 1960072 on mi355-gpu-33 device  4 [0000:f5:00] AMD Instinct MI355X

[2026-08-13 21:32:00] mi355-gpu-33:1960072:1960072 [0] /__w/rockrel/rockrel/build/comm-libs/rccl/build/hipify/src/init.cc:236 NCCL WARN HSA_NO_SCRATCH_RECLAIM=1 must be set to avoid performance degradation with the current HIP configuration. (Runtime version:71460850, GPU Firmware version:0)
RCCL version : 2.30.4-HEAD:2b22ab0
HIP version  : 7.14.60850-0000000
ROCm version : 7.14.0.0-9999-2b22ab01
Hostname     : mi355-gpu-33
Librccl path : /opt/rocm/lib/librccl.so.1

[2026-08-13 21:32:04] mi355-gpu-33:1960072:1960419 [0] /__w/rockrel/rockrel/build/comm-libs/rccl/build/hipify/src/misc/amdsmi_wrap.cc:214 NCCL WARN RCCL_USE_AMD_SMI_LIB not set, but HIP_FABRIC_API is defined. Fabric support is only available through AMD SMI. Rerun with RCCL_USE_AMD_SMI_LIB=1 to enable AMD SMI and UALoE fabric support.
#
#                                                              out-of-place                       in-place          
#       size         count      type   redop    root     time   algbw   busbw #wrong     time   algbw   busbw #wrong                               
#        (B)    (elements)                               (us)  (GB/s)  (GB/s)            (us)  (GB/s)  (GB/s)                                      
    16777216       4194304     float     sum      -1   1243.8   13.49   13.49      0   1237.8   13.55   13.55    N/A
    33554432       8388608     float     sum      -1   1279.6   26.22   26.22      0   1289.9   26.01   26.01    N/A
    67108864      16777216     float     sum      -1   1402.7   47.84   47.84      0   1421.7   47.20   47.20    N/A
   134217728      33554432     float     sum      -1   2253.6   59.56   59.56      0   2253.5   59.56   59.56    N/A
   268435456      67108864     float     sum      -1   4485.9   59.84   59.84      0   4464.3   60.13   60.13    N/A
   536870912     134217728     float     sum      -1   8962.8   59.90   59.90      0   8914.3   60.23   60.23    N/A
  1073741824     268435456     float     sum      -1    17848   60.16   60.16      0    17769   60.43   60.43    N/A
  2147483648     536870912     float     sum      -1    35658   60.22   60.22      0    35451   60.58   60.58    N/A
  4294967296    1073741824     float     sum      -1    71225   60.30   60.30      0    70869   60.60   60.60    N/A
  8589934592    2147483648     float     sum      -1   142479   60.29   60.29      0   142352   60.34   60.34    N/A
# Errors with asterisks indicate errors that have exceeded the maximum threshold.
# Out of bounds values : 0 OK
# Avg bus bandwidth    : 50.8231 
#
# Collective test concluded: sendrecv_perf

