# Collective test starting: sendrecv_perf
# nThread 1 nGpus 8 minBytes 16777216 maxBytes 8589934592 step: 2(factor) warmup iters: 5 iters: 20 agg iters: 1 validation: 1 graph: 0
#
rccl-tests: Version develop_deprecated:40b1b17
# Using devices
#  Rank  0 Group  0 Pid 1964784 on mi355-gpu-33 device  0 [0000:75:00] AMD Instinct MI355X
#  Rank  1 Group  0 Pid 1964784 on mi355-gpu-33 device  1 [0000:05:00] AMD Instinct MI355X
#  Rank  2 Group  0 Pid 1964784 on mi355-gpu-33 device  2 [0000:65:00] AMD Instinct MI355X
#  Rank  3 Group  0 Pid 1964784 on mi355-gpu-33 device  3 [0000:15:00] AMD Instinct MI355X
#  Rank  4 Group  0 Pid 1964784 on mi355-gpu-33 device  4 [0000:f5:00] AMD Instinct MI355X
#  Rank  5 Group  0 Pid 1964784 on mi355-gpu-33 device  5 [0000:85:00] AMD Instinct MI355X
#  Rank  6 Group  0 Pid 1964784 on mi355-gpu-33 device  6 [0000:e5:00] AMD Instinct MI355X
#  Rank  7 Group  0 Pid 1964784 on mi355-gpu-33 device  7 [0000:95:00] AMD Instinct MI355X

[2026-08-13 21:33:15] mi355-gpu-33:1964784:1964784 [0] /__w/rockrel/rockrel/build/comm-libs/rccl/build/hipify/src/init.cc:236 NCCL WARN HSA_NO_SCRATCH_RECLAIM=1 must be set to avoid performance degradation with the current HIP configuration. (Runtime version:71460850, GPU Firmware version:0)
RCCL version : 2.30.4-HEAD:2b22ab0
HIP version  : 7.14.60850-0000000
ROCm version : 7.14.0.0-9999-2b22ab01
Hostname     : mi355-gpu-33
Librccl path : /opt/rocm/lib/librccl.so.1

[2026-08-13 21:33:18] mi355-gpu-33:1964784:1964792 [0] /__w/rockrel/rockrel/build/comm-libs/rccl/build/hipify/src/misc/amdsmi_wrap.cc:214 NCCL WARN RCCL_USE_AMD_SMI_LIB not set, but HIP_FABRIC_API is defined. Fabric support is only available through AMD SMI. Rerun with RCCL_USE_AMD_SMI_LIB=1 to enable AMD SMI and UALoE fabric support.
#
#                                                              out-of-place                       in-place          
#       size         count      type   redop    root     time   algbw   busbw #wrong     time   algbw   busbw #wrong                               
#        (B)    (elements)                               (us)  (GB/s)  (GB/s)            (us)  (GB/s)  (GB/s)                                      
    16777216       4194304     float     sum      -1    308.7   54.35   54.35      0    307.3   54.59   54.59    N/A
    33554432       8388608     float     sum      -1    586.7   57.19   57.19      0    582.4   57.61   57.61    N/A
    67108864      16777216     float     sum      -1   1140.6   58.84   58.84      0   1136.3   59.06   59.06    N/A
   134217728      33554432     float     sum      -1   2246.9   59.73   59.73      0   2253.2   59.57   59.57    N/A
   268435456      67108864     float     sum      -1   4472.1   60.02   60.02      0   4451.4   60.30   60.30    N/A
   536870912     134217728     float     sum      -1   8910.1   60.25   60.25      0   8866.0   60.55   60.55    N/A
  1073741824     268435456     float     sum      -1    17809   60.29   60.29      0    17689   60.70   60.70    N/A
  2147483648     536870912     float     sum      -1    35571   60.37   60.37      0    35398   60.67   60.67    N/A
  4294967296    1073741824     float     sum      -1    71050   60.45   60.45      0    71095   60.41   60.41    N/A
  8589934592    2147483648     float     sum      -1   142108   60.45   60.45      0   142631   60.22   60.22    N/A
# Errors with asterisks indicate errors that have exceeded the maximum threshold.
# Out of bounds values : 0 OK
# Avg bus bandwidth    : 59.2823 
#
# Collective test concluded: sendrecv_perf

