# Collective test starting: sendrecv_perf
# nThread 1 nGpus 2 minBytes 16777216 maxBytes 8589934592 step: 2(factor) warmup iters: 5 iters: 20 agg iters: 1 validation: 1 graph: 0
#
rccl-tests: Version develop_deprecated:40b1b17
# Using devices
#  Rank  0 Group  0 Pid 1957071 on mi355-gpu-33 device  0 [0000:75:00] AMD Instinct MI355X
#  Rank  1 Group  0 Pid 1957071 on mi355-gpu-33 device  1 [0000:05:00] AMD Instinct MI355X

[2026-08-13 21:31:01] mi355-gpu-33:1957071:1957071 [0] /__w/rockrel/rockrel/build/comm-libs/rccl/build/hipify/src/init.cc:236 NCCL WARN HSA_NO_SCRATCH_RECLAIM=1 must be set to avoid performance degradation with the current HIP configuration. (Runtime version:71460850, GPU Firmware version:0)
RCCL version : 2.30.4-HEAD:2b22ab0
HIP version  : 7.14.60850-0000000
ROCm version : 7.14.0.0-9999-2b22ab01
Hostname     : mi355-gpu-33
Librccl path : /opt/rocm/lib/librccl.so.1

[2026-08-13 21:31:03] mi355-gpu-33:1957071:1957156 [0] /__w/rockrel/rockrel/build/comm-libs/rccl/build/hipify/src/misc/amdsmi_wrap.cc:214 NCCL WARN RCCL_USE_AMD_SMI_LIB not set, but HIP_FABRIC_API is defined. Fabric support is only available through AMD SMI. Rerun with RCCL_USE_AMD_SMI_LIB=1 to enable AMD SMI and UALoE fabric support.
#
#                                                              out-of-place                       in-place          
#       size         count      type   redop    root     time   algbw   busbw #wrong     time   algbw   busbw #wrong                               
#        (B)    (elements)                               (us)  (GB/s)  (GB/s)            (us)  (GB/s)  (GB/s)                                      
    16777216       4194304     float     sum      -1    317.3   52.87   52.87      0    316.2   53.06   53.06    N/A
    33554432       8388608     float     sum      -1    604.3   55.52   55.52      0    605.7   55.39   55.39    N/A
    67108864      16777216     float     sum      -1   1180.0   56.87   56.87      0   1179.9   56.88   56.88    N/A
   134217728      33554432     float     sum      -1   2330.4   57.59   57.59      0   2329.9   57.61   57.61    N/A
   268435456      67108864     float     sum      -1   4618.8   58.12   58.12      0   4622.6   58.07   58.07    N/A
   536870912     134217728     float     sum      -1   9225.4   58.19   58.19      0   9225.9   58.19   58.19    N/A
  1073741824     268435456     float     sum      -1    18370   58.45   58.45      0    18374   58.44   58.44    N/A
  2147483648     536870912     float     sum      -1    36738   58.45   58.45      0    36805   58.35   58.35    N/A
  4294967296    1073741824     float     sum      -1    73462   58.47   58.47      0    73495   58.44   58.44    N/A
  8589934592    2147483648     float     sum      -1   146787   58.52   58.52      0   146990   58.44   58.44    N/A
# Errors with asterisks indicate errors that have exceeded the maximum threshold.
# Out of bounds values : 0 OK
# Avg bus bandwidth    : 57.2962 
#
# Collective test concluded: sendrecv_perf

