# Collective test starting: sendrecv_perf
# nThread 1 nGpus 3 minBytes 16777216 maxBytes 8589934592 step: 2(factor) warmup iters: 5 iters: 20 agg iters: 1 validation: 1 graph: 0
#
rccl-tests: Version develop_deprecated:40b1b17
# Using devices
#  Rank  0 Group  0 Pid 1958045 on mi355-gpu-33 device  0 [0000:75:00] AMD Instinct MI355X
#  Rank  1 Group  0 Pid 1958045 on mi355-gpu-33 device  1 [0000:05:00] AMD Instinct MI355X
#  Rank  2 Group  0 Pid 1958045 on mi355-gpu-33 device  2 [0000:65:00] AMD Instinct MI355X

[2026-08-13 21:31:19] mi355-gpu-33:1958045:1958045 [0] /__w/rockrel/rockrel/build/comm-libs/rccl/build/hipify/src/init.cc:236 NCCL WARN HSA_NO_SCRATCH_RECLAIM=1 must be set to avoid performance degradation with the current HIP configuration. (Runtime version:71460850, GPU Firmware version:0)
RCCL version : 2.30.4-HEAD:2b22ab0
HIP version  : 7.14.60850-0000000
ROCm version : 7.14.0.0-9999-2b22ab01
Hostname     : mi355-gpu-33
Librccl path : /opt/rocm/lib/librccl.so.1

[2026-08-13 21:31:22] mi355-gpu-33:1958045:1958105 [2] /__w/rockrel/rockrel/build/comm-libs/rccl/build/hipify/src/misc/amdsmi_wrap.cc:214 NCCL WARN RCCL_USE_AMD_SMI_LIB not set, but HIP_FABRIC_API is defined. Fabric support is only available through AMD SMI. Rerun with RCCL_USE_AMD_SMI_LIB=1 to enable AMD SMI and UALoE fabric support.
#
#                                                              out-of-place                       in-place          
#       size         count      type   redop    root     time   algbw   busbw #wrong     time   algbw   busbw #wrong                               
#        (B)    (elements)                               (us)  (GB/s)  (GB/s)            (us)  (GB/s)  (GB/s)                                      
    16777216       4194304     float     sum      -1    359.3   46.69   46.69      0    364.5   46.03   46.03    N/A
    33554432       8388608     float     sum      -1    703.0   47.73   47.73      0    707.8   47.41   47.41    N/A
    67108864      16777216     float     sum      -1   1389.3   48.30   48.30      0   1395.1   48.10   48.10    N/A
   134217728      33554432     float     sum      -1   2250.6   59.64   59.64      0   2244.5   59.80   59.80    N/A
   268435456      67108864     float     sum      -1   4460.7   60.18   60.18      0   4437.0   60.50   60.50    N/A
   536870912     134217728     float     sum      -1   8887.7   60.41   60.41      0   8822.9   60.85   60.85    N/A
  1073741824     268435456     float     sum      -1    17769   60.43   60.43      0    17592   61.03   61.03    N/A
  2147483648     536870912     float     sum      -1    35554   60.40   60.40      0    35142   61.11   61.11    N/A
  4294967296    1073741824     float     sum      -1    70975   60.51   60.51      0    70249   61.14   61.14    N/A
  8589934592    2147483648     float     sum      -1   141879   60.54   60.54      0   141037   60.91   60.91    N/A
# Errors with asterisks indicate errors that have exceeded the maximum threshold.
# Out of bounds values : 0 OK
# Avg bus bandwidth    : 56.5854 
#
# Collective test concluded: sendrecv_perf

