Trying to pull docker.io/rocm/primus:v25.9_gfx950...
Getting image source signatures
Copying blob sha256:277933a5693d00fe4288a5594f6effe4b655d4faec6fe7cba32498a4461e41e9
Copying blob sha256:e6fdc8487bfe6d764301ef3634bc6c043841dc3ab05ca14f81e69c0f92562d46
Copying blob sha256:240eef942de58be87c5758c8a5e1c9de3b88e2dcfffe5e20a0cab9d4ca38e1f8
Copying blob sha256:4a038bc78c09ace84a01bb1498f75927bc6a053978c36013d3eacd3319ea0686
Copying blob sha256:e5016123cc030dae2d301265fed93f2c98cfafce73d3203f6446f60e1670d45d
Copying blob sha256:efbc093d9adb695f4b7e6faaa3ba7a92191f6e2b037df6ae12280f9ce432a62d
Copying blob sha256:6b13ded028803dbaa4d736e56384affa39c84980b83ffcc3f47cef1b1abebc47
Copying blob sha256:14bec5c4b51564b0620dbec0d71a5fb501f81774cdc678a7ae98f3e9f36cf45d
Copying blob sha256:473b43034189409465e51882aab30c24693361af8b202b91d3cbec586f6e8baa
Copying blob sha256:4bef8a6fa880ba56b2ac39bf578a9609d42c9c3a9f62c5130ae1d0458d6ed2ee
Copying blob sha256:aab0848a910a0d5383bd35028909b801f084aed107fc57f2c239d54a62e2ed24
Copying blob sha256:3622838a2746b6b6ddd39fd1256c87726f41ba002aa9c68d4e4c7a4f655f4e5f
Copying blob sha256:5d3988fc96c5d4c7a258c8e69a774b0e6fd9fb2d851c1d48e36b63b6b2517a2c
Copying blob sha256:e444d7f77a835c15614044627e1245259e89b66703ac72b9cc2c33d41d22c664
Copying blob sha256:62061532e8e07a556b2e8f49cbb23c2d4a534211156e30ab2e8ba1abe35e45dd
Copying blob sha256:d4963d6a90aef6a6cdbeddbd35766c003fe61e91c141955639195528c32066fb
Copying blob sha256:d1530c32632a5f7dccbdedb007a1d0452fb8d76f9a29d0f437ae5eff046a5a18
Copying blob sha256:5562401dca3acaea2ee94fe41e7c887a2a0a67cc281881ece1ee4c523d304830
Copying blob sha256:d25ef5f404794828f24e6ec997f23859669715a232527b3e3179de4e59842bfe
Copying blob sha256:2ffabf8dc4871f2797b004c4c4f9934c30acca933b55478cd615ea4e70eab304
Copying blob sha256:869d69809660f8f8817a536119e512753ee20a9ea857bf8fb0e7c5aa6db9e0d6
Copying blob sha256:27dc8cb82ab5cf99007e77101a6947b6c73980e84fa8acda57bbe7b2fcddf4b0
Copying blob sha256:2991e39e68190547ac9de25afa06a9127a21f4993a075fff451b8a0031ab8c1c
Copying blob sha256:ed46d3291e054a944e443fd98956de85eb2465bdfe8ec38e74bd1e86b7d98cb4
Copying blob sha256:e21d548a10df7ac440de3f09e80aede2ad67f02c082fd866ca650ff8a032726d
Copying blob sha256:1cd4a0324f59a33416199e1b1e89648075f73c0c2f7381ac85a7d8a7255fb8fc
Copying blob sha256:379a56d56cbc2345c8718d810c36ea016bd10a0ea57640d3862925d8edd3e66b
Copying blob sha256:db4e13f203832d2cd09edf8e740dc5287f5d5d5853f0a1b51e7c4ea98f581c7b
Copying blob sha256:40464f16af6b5ebb870f9fe35a1efe8ca940577e4c88e45e1d0219db6897b5a6
Copying blob sha256:22d10b206a2984ba81498a783c05e1762f60aceba81a8dccd6229e50b4a46805
Copying blob sha256:012542db1d31200e0f6a7c94276cc6a312cc4fcc0e94166aad83e52f9f778e95
Copying blob sha256:16e7b81bc02270679b062a5a51ca7c1c9309dd4d82a2722138373001e3d555a3
Copying blob sha256:aa3458237189c30fb4590f255363a151fca677d69b96183253cce66d634cca1e
Copying blob sha256:ea53af27cde76891dc26461f2d94e619eebe4c7e48d718d18c5323472ea9217e
Copying blob sha256:11a13d704689d84ac2183e4f714ca49cc1266205509674850d2d14098a0d40fe
Copying blob sha256:23d65df5ef8ca24e0c9fedfa53d72a202479d2cb16d47c030b6b7f5ce09063ef
Copying blob sha256:062f111f46b0dacacd99697fd95d5e83ef3c419acc4dba7672cd9d5414befc61
Copying blob sha256:25aa6d0ff5541d32c45c4f95b7c07b4757bb2978607f023af29c4fbc512f96c8
Copying blob sha256:be400a0e883abd1042b56846f02e39a599df0f380a41fcced3c9b8aeca39f396
Copying blob sha256:63ca8326c0af2dbedc2f3a341ba7c3dacc6e29cd3d09303df2217d930a1e6645
Copying blob sha256:cacdde94ec90dd4871cb8b48c49f1e15d9bf944f4acf38bb66b1411f733558e0
Copying blob sha256:3dc395286aa539ea78590eebe1c0694a48db9bbc8105b1fb0f9e3adacc3c45e5
Copying blob sha256:f995ab4257ce4e07fb034a880f250f1b9d35bc5fb12d250733e840284d4c33b9
Copying blob sha256:de03522aa90e5c2b1fb640185a0f2b8daf5e9ab170dfb2b926bb9f933ff7b28a
Copying blob sha256:27564ad01939a8ed507cc1236ea0168f3157693fad0500752d5f95a097ef2ace
Copying blob sha256:4f4fb700ef54461cfa02571ae0db9a0dc1e0cdb5577484a6d75e68dc38e8acc1
Copying blob sha256:e2758d1879e56656b518993b6879606b4d64e143ad900834f246cfff453b0c69
Copying blob sha256:f8ac54b81ac53af8bf44a68bf3fd054fcb7fd918a22ab729f920ba4b3e88f31d
Copying blob sha256:c96f8b7fdb91d930b012cadb096a7c694a48a395c101ab5d7d8fc9d7baab6e4e
Copying blob sha256:4f4fb700ef54461cfa02571ae0db9a0dc1e0cdb5577484a6d75e68dc38e8acc1
Copying blob sha256:127a03074facf3cac7f6ae95d33433c1a8e23fc516879cceb80f23b4c8c4f9ae
Copying blob sha256:248a0ec10428a26ad64397246790aea0193080fa501402a172028d30e40f00cf
Copying blob sha256:aca21731fca9e806a0384fdbe9194a51cf3258e2a109736eb8692fea9394f462
Copying blob sha256:11829d3652d44b5947ca93d42bd94e5bdff68d7125385f34ea670f5176283cae
Copying blob sha256:69df67d0b24c94df4d610f93deb73ae1c937332747219c7c19882fa5290ef303
Copying config sha256:414724ee9bf02c3a0c9b7adac51ce5abcf7c413519c51c491c01fcd94feab7c7
Writing manifest to image destination
414724ee9bf02c3a0c9b7adac51ce5abcf7c413519c51c491c01fcd94feab7c7
PULL_RC=0
