# Collective test starting: all_reduce_perf
# nThread 1 nGpus 8 minBytes 16777216 maxBytes 8589934592 step: 2(factor) warmup iters: 5 iters: 20 agg iters: 1 validation: 1 graph: 0
#
rccl-tests: Version develop_deprecated:40b1b17
# Using devices
#  Rank  0 Group  0 Pid 1874516 on mi355-gpu-33 device  0 [0000:75:00] AMD Instinct MI355X
#  Rank  1 Group  0 Pid 1874516 on mi355-gpu-33 device  1 [0000:05:00] AMD Instinct MI355X
#  Rank  2 Group  0 Pid 1874516 on mi355-gpu-33 device  2 [0000:65:00] AMD Instinct MI355X
#  Rank  3 Group  0 Pid 1874516 on mi355-gpu-33 device  3 [0000:15:00] AMD Instinct MI355X
#  Rank  4 Group  0 Pid 1874516 on mi355-gpu-33 device  4 [0000:f5:00] AMD Instinct MI355X
#  Rank  5 Group  0 Pid 1874516 on mi355-gpu-33 device  5 [0000:85:00] AMD Instinct MI355X
#  Rank  6 Group  0 Pid 1874516 on mi355-gpu-33 device  6 [0000:e5:00] AMD Instinct MI355X
#  Rank  7 Group  0 Pid 1874516 on mi355-gpu-33 device  7 [0000:95:00] AMD Instinct MI355X

[2026-08-13 21:09:49] mi355-gpu-33:1874516:1874516 [0] /__w/rockrel/rockrel/build/comm-libs/rccl/build/hipify/src/init.cc:236 NCCL WARN HSA_NO_SCRATCH_RECLAIM=1 must be set to avoid performance degradation with the current HIP configuration. (Runtime version:71460850, GPU Firmware version:0)
RCCL version : 2.30.4-HEAD:2b22ab0
HIP version  : 7.14.60850-0000000
ROCm version : 7.14.0.0-9999-2b22ab01
Hostname     : mi355-gpu-33
Librccl path : /opt/rocm/lib/librccl.so.1

[2026-08-13 21:09:53] mi355-gpu-33:1874516:1874656 [0] /__w/rockrel/rockrel/build/comm-libs/rccl/build/hipify/src/misc/amdsmi_wrap.cc:214 NCCL WARN RCCL_USE_AMD_SMI_LIB not set, but HIP_FABRIC_API is defined. Fabric support is only available through AMD SMI. Rerun with RCCL_USE_AMD_SMI_LIB=1 to enable AMD SMI and UALoE fabric support.
#
#                                                              out-of-place                       in-place          
#       size         count      type   redop    root     time   algbw   busbw #wrong     time   algbw   busbw #wrong                               
#        (B)    (elements)                               (us)  (GB/s)  (GB/s)            (us)  (GB/s)  (GB/s)                                      
    16777216       4194304     float     sum      -1    138.2  121.39  212.44      0    132.9  126.27  220.98      0
    33554432       8388608     float     sum      -1    201.4  166.57  291.49      0    201.0  166.97  292.19      0
    67108864      16777216     float     sum      -1    341.3  196.64  344.13      0    341.1  196.72  344.26      0
   134217728      33554432     float     sum      -1    631.8  212.42  371.74      0    641.2  209.32  366.32      0
   268435456      67108864     float     sum      -1   1216.0  220.75  386.32      0   1218.0  220.40  385.69      0
   536870912     134217728     float     sum      -1   2407.2  223.02  390.29      0   2406.6  223.08  390.39      0
  1073741824     268435456     float     sum      -1   4744.7  226.30  396.03      0   4746.9  226.20  395.85      0
  2147483648     536870912     float     sum      -1   9487.7  226.34  396.10      0   9481.1  226.50  396.38      0
  4294967296    1073741824     float     sum      -1    18994  226.13  395.72      0    18986  226.22  395.89      0
  8589934592    2147483648     float     sum      -1    37935  226.44  396.27      0    37974  226.21  395.86      0
# Errors with asterisks indicate errors that have exceeded the maximum threshold.
# Out of bounds values : 0 OK
# Avg bus bandwidth    : 358.216 
#
# Collective test concluded: all_reduce_perf

