[2026-08-14T21:10:19+00:00] Megatron-LM reference reproduction (Dell-matched) start
[2026-08-14T21:10:19+00:00] image=rocm/megatron-lm:v26.1 N=8 MBS=4 GBS=32 seq=4096 L=40 H=6144
[2026-08-14T21:10:19+00:00] GPUs idle
[2026-08-14T21:10:19+00:00] pulling rocm/megatron-lm:v26.1 (this is a large image; / has 160G free)
[2026-08-14T21:18:55+00:00] pull OK
[2026-08-14T21:18:55+00:00] launching (timeout 3600s)
[2026-08-14T21:20:44+00:00] run rc=1 log=/home/amd/shaohao/amd-benchmarks/amd-cloud/logs/megatron-ref/run_20260814_211019/megatron_ref_N8.log
[2026-08-14T21:20:44+00:00] parsed TF/s/GPU = none
[2026-08-14T21:20:44+00:00] FAILED or no throughput parsed — not updating the report.
[2026-08-14T21:20:44+00:00] last 30 lines:
  time      : 2026-08-14_21:20:42
  host      : mi355-gpu-33
  rank      : 5 (local_rank: 5)
  exitcode  : -15 (pid: 80)
  error_file: <N/A>
  traceback : Signal 15 (SIGTERM) received by PID 80
[6]:
  time      : 2026-08-14_21:20:42
  host      : mi355-gpu-33
  rank      : 6 (local_rank: 6)
  exitcode  : -15 (pid: 81)
  error_file: <N/A>
  traceback : Signal 15 (SIGTERM) received by PID 81
[7]:
  time      : 2026-08-14_21:20:42
  host      : mi355-gpu-33
  rank      : 7 (local_rank: 7)
  exitcode  : -15 (pid: 82)
  error_file: <N/A>
  traceback : Signal 15 (SIGTERM) received by PID 82
------------------------------------------------------------
Root Cause (first observed failure):
[0]:
  time      : 2026-08-14_21:20:41
  host      : mi355-gpu-33
  rank      : 1 (local_rank: 1)
  exitcode  : 1 (pid: 76)
  error_file: <N/A>
  traceback : To enable traceback see: https://pytorch.org/docs/stable/elastic/errors.html
============================================================
