[2026-08-13 23:10:27] [NODE-0(mi355-gpu-33)] [INFO] [main] Loaded config: /workspace/Primus/runner/.primus.yaml
[2026-08-13 23:10:27] [NODE-0(mi355-gpu-33)] [INFO] [main] Would execute: bash /workspace/Primus/runner/primus-cli-direct.sh -- benchmark gemm --M 4096 --N 4096 --K 4096 --duration 10 --output-file /out/gemm_N5.md
[2026-08-13 23:10:27] [NODE-0(mi355-gpu-33)] [INFO] [main] Executing: bash /workspace/Primus/runner/primus-cli-direct.sh -- benchmark gemm --M 4096 --N 4096 --K 4096 --duration 10 --output-file /out/gemm_N5.md
[2026-08-13 23:10:27] [NODE-0(mi355-gpu-33)] [INFO] -----------------------------------------------
[2026-08-13 23:10:27] [NODE-0(mi355-gpu-33)] [INFO] primus-cli-direct.sh
[2026-08-13 23:10:27] [NODE-0(mi355-gpu-33)] [INFO] -----------------------------------------------
[2026-08-13 23:10:27] [NODE-0(mi355-gpu-33)] [INFO] [direct] PRE_PARSE_ARGS (runner options): 
[2026-08-13 23:10:27] [NODE-0(mi355-gpu-33)] [INFO] [direct] PRIMUS_ARGS (python module args): benchmark gemm --M 4096 --N 4096 --K 4096 --duration 10 --output-file /out/gemm_N5.md
[2026-08-13 23:10:27] [NODE-0(mi355-gpu-33)] [INFO] [direct] Combined args for second pass: -- benchmark gemm --M 4096 --N 4096 --K 4096 --duration 10 --output-file /out/gemm_N5.md
[2026-08-13 23:10:27] [NODE-0(mi355-gpu-33)] [INFO] [direct] Loaded config: /workspace/Primus/runner/.primus.yaml
[2026-08-13 23:10:27] [NODE-0(mi355-gpu-33)] [INFO] ========== Training Cluster Info ==========
[2026-08-13 23:10:27] [NODE-0(mi355-gpu-33)] [INFO]     MASTER_ADDR=localhost
[2026-08-13 23:10:27] [NODE-0(mi355-gpu-33)] [INFO]     MASTER_PORT=29733
[2026-08-13 23:10:27] [NODE-0(mi355-gpu-33)] [INFO]     NNODES=1
[2026-08-13 23:10:27] [NODE-0(mi355-gpu-33)] [INFO]     NODE_RANK=0
[2026-08-13 23:10:27] [NODE-0(mi355-gpu-33)] [INFO]     GPUS_PER_NODE=5
[2026-08-13 23:10:27] [NODE-0(mi355-gpu-33)] [INFO] ========== Python Path and Data Paths ==========
[2026-08-13 23:10:27] [NODE-0(mi355-gpu-33)] [INFO]     PRIMUS_PATH=/workspace/Primus
[2026-08-13 23:10:27] [NODE-0(mi355-gpu-33)] [INFO]     PRIMUS_IMPORT_ROOT=/workspace/Primus
[2026-08-13 23:10:27] [NODE-0(mi355-gpu-33)] [INFO]     DATA_PATH=/workspace/Primus/data
[2026-08-13 23:10:27] [NODE-0(mi355-gpu-33)] [INFO]     HF_HOME=/workspace/Primus/data/huggingface
[2026-08-13 23:10:27] [NODE-0(mi355-gpu-33)] [INFO]     PYTHONPATH=/workspace/Primus:/opt/venv/lib/python3.12/site-packages:
[2026-08-13 23:10:27] [NODE-0(mi355-gpu-33)] [INFO] ========== NCCL and Network Settings ==========
[2026-08-13 23:10:27] [NODE-0(mi355-gpu-33)] [INFO]     HIP_VISIBLE_DEVICES=0,1,2,3,4
[2026-08-13 23:10:27] [NODE-0(mi355-gpu-33)] [INFO]     NCCL_DEBUG=WARN
[2026-08-13 23:10:27] [NODE-0(mi355-gpu-33)] [INFO]     NCCL_CHECKS_DISABLE=1
[2026-08-13 23:10:27] [NODE-0(mi355-gpu-33)] [INFO]     NCCL_IB_GID_INDEX=3
[2026-08-13 23:10:27] [NODE-0(mi355-gpu-33)] [INFO]     NCCL_CROSS_NIC=0
[2026-08-13 23:10:27] [NODE-0(mi355-gpu-33)] [INFO]     NCCL_IB_HCA=rocep105s0:1,rocep121s0:1,rocep137s0:1,rocep153s0:1,rocep193s0f0:1,rocep193s0f1:1,rocep233s0:1,rocep249s0:1,rocep25s0:1,rocep9s0:1
[2026-08-13 23:10:27] [NODE-0(mi355-gpu-33)] [INFO]     IP_INTERFACE=enp193s0f0np0
[2026-08-13 23:10:27] [NODE-0(mi355-gpu-33)] [INFO]     NCCL_SOCKET_IFNAME=enp193s0f0np0
[2026-08-13 23:10:27] [NODE-0(mi355-gpu-33)] [INFO]     GLOO_SOCKET_IFNAME=enp193s0f0np0
[2026-08-13 23:10:27] [NODE-0(mi355-gpu-33)] [INFO] ========== RCCL Settings ==========
[2026-08-13 23:10:27] [NODE-0(mi355-gpu-33)] [INFO]     RCCL_MSCCL_ENABLE=1
[2026-08-13 23:10:27] [NODE-0(mi355-gpu-33)] [INFO]     RCCL_MSCCLPP_ENABLE=0
[2026-08-13 23:10:27] [NODE-0(mi355-gpu-33)] [INFO]     RCCL_MSCCLPP_FORCE_ENABLE=0
[2026-08-13 23:10:27] [NODE-0(mi355-gpu-33)] [INFO]     RCCL_MSCCLPP_THRESHOLD=1073741824
[2026-08-13 23:10:27] [NODE-0(mi355-gpu-33)] [INFO]     MSCCLPP_DISABLE_CHANNEL_CACHE=FALSE
[2026-08-13 23:10:28] [NODE-0(mi355-gpu-33)] [INFO]     TORCH_NCCL_USE_TENSOR_REGISTER_ALLOCATOR_HOOK=0
[2026-08-13 23:10:28] [NODE-0(mi355-gpu-33)] [INFO] ========== AMD GPU Optimizations ==========
[2026-08-13 23:10:28] [NODE-0(mi355-gpu-33)] [INFO]     HSA_ENABLE_SDMA=1
[2026-08-13 23:10:28] [NODE-0(mi355-gpu-33)] [INFO]     HSA_NO_SCRATCH_RECLAIM=1
[2026-08-13 23:10:28] [NODE-0(mi355-gpu-33)] [INFO] ========== General Performance Tuning ==========
[2026-08-13 23:10:28] [NODE-0(mi355-gpu-33)] [INFO]     GPU_MAX_HW_QUEUES=2
[2026-08-13 23:10:28] [NODE-0(mi355-gpu-33)] [INFO]     ENABLE_NUMA_BINDING=0
[2026-08-13 23:10:28] [NODE-0(mi355-gpu-33)] [INFO]     HSA_KERNARG_POOL_SIZE=<unset>
[2026-08-13 23:10:28] [NODE-0(mi355-gpu-33)] [INFO]     CUDA_DEVICE_MAX_CONNECTIONS=1
[2026-08-13 23:10:28] [NODE-0(mi355-gpu-33)] [INFO]     TORCH_NCCL_HIGH_PRIORITY=1
[2026-08-13 23:10:28] [NODE-0(mi355-gpu-33)] [INFO]     NCCL_PXN_DISABLE=1
[2026-08-13 23:10:28] [NODE-0(mi355-gpu-33)] [INFO]     NCCL_P2P_NET_CHUNKSIZE=524288
[2026-08-13 23:10:28] [NODE-0(mi355-gpu-33)] [INFO] ========== Transformer Engine Optimizations ==========
[2026-08-13 23:10:28] [NODE-0(mi355-gpu-33)] [INFO]     NVTE_USE_CAST_TRANSPOSE_TRITON=1
[2026-08-13 23:10:28] [NODE-0(mi355-gpu-33)] [INFO]     NVTE_USE_OPTIMIZED_HIPIFIED_CAST_TRANSPOSE=0
[2026-08-13 23:10:28] [NODE-0(mi355-gpu-33)] [INFO]     NVTE_CK_USES_BWD_V3=1
[2026-08-13 23:10:28] [NODE-0(mi355-gpu-33)] [INFO]     PRIMUS_TURBO_ATTN_V3_ATOMIC_FP32=0
[2026-08-13 23:10:28] [NODE-0(mi355-gpu-33)] [INFO]     NVTE_DEBUG=0
[2026-08-13 23:10:28] [NODE-0(mi355-gpu-33)] [INFO]     NVTE_DEBUG_LEVEL=0
[2026-08-13 23:10:28] [NODE-0(mi355-gpu-33)] [INFO]     NVTE_FUSED_ATTN_LOG_CONFIG=0
[2026-08-13 23:10:28] [NODE-0(mi355-gpu-33)] [INFO]     PATCH_TE_FLASH_ATTN=0
[2026-08-13 23:10:28] [NODE-0(mi355-gpu-33)] [INFO]     PRIMUS_DETERMINISTIC=<unset>
[2026-08-13 23:10:28] [NODE-0(mi355-gpu-33)] [INFO]     NCCL_ALGO=<unset>
[2026-08-13 23:10:28] [NODE-0(mi355-gpu-33)] [INFO]     NVTE_ALLOW_NONDETERMINISTIC_ALGO=<unset>
[2026-08-13 23:10:28] [NODE-0(mi355-gpu-33)] [INFO]     ROCBLAS_DEFAULT_ATOMICS_MODE=<unset>
[2026-08-13 23:10:28] [NODE-0(mi355-gpu-33)] [INFO]     TORCH_COMPILE_DISABLE=<unset>
[2026-08-13 23:10:28] [NODE-0(mi355-gpu-33)] [INFO]     PRIMUS_TURBO_DEEPEP_TIMEOUT=600

[2026-08-13 23:10:28] [NODE-0(mi355-gpu-33)] [INFO] === Loading Primus Environment Configuration ===
[2026-08-13 23:10:28] [NODE-0(mi355-gpu-33)] [INFO] Detected GPU model: MI355X
[2026-08-13 23:10:28] [NODE-0(mi355-gpu-33)] [INFO] Loading GPU-specific configuration: /workspace/Primus/runner/helpers/envs/MI355X.sh
[2026-08-13 23:10:28] [NODE-0(mi355-gpu-33)] [INFO] Loading MI355X-specific optimizations...

[2026-08-13 23:10:28] [NODE-0(mi355-gpu-33)] [INFO] === Validating Configuration ===
[2026-08-13 23:10:28] [NODE-0(mi355-gpu-33)] [INFO] ✓ Configuration validation passed

[2026-08-13 23:10:28] [NODE-0(mi355-gpu-33)] [INFO] === Environment Configuration Complete ===

[2026-08-13 23:10:28] [NODE-0(mi355-gpu-33)] [INFO] [Hooks] Detected hooks directory: /workspace/Primus/runner/helpers/hooks
[2026-08-13 23:10:28] [NODE-0(mi355-gpu-33)] [INFO] [Hooks] Executing hook: /workspace/Primus/runner/helpers/hooks/00_rebuild_primus_turbo.sh benchmark gemm --M 4096 --N 4096 --K 4096 --duration 10 --output-file /out/gemm_N5.md
[2026-08-13 23:10:28] [NODE-0(mi355-gpu-33)] [INFO] [Hooks] Hook /workspace/Primus/runner/helpers/hooks/00_rebuild_primus_turbo.sh finished in 0s
[2026-08-13 23:10:28] [NODE-0(mi355-gpu-33)] [INFO] [Hooks] Executing hook: /workspace/Primus/runner/helpers/hooks/01_patch_te_flash_attn_max_version.sh benchmark gemm --M 4096 --N 4096 --K 4096 --duration 10 --output-file /out/gemm_N5.md
[2026-08-13 23:10:28] [NODE-0(mi355-gpu-33)] [INFO] [Hooks] Hook /workspace/Primus/runner/helpers/hooks/01_patch_te_flash_attn_max_version.sh finished in 0s
[2026-08-13 23:10:28] [NODE-0(mi355-gpu-33)] [INFO] [Hooks] Executing hook: /workspace/Primus/runner/helpers/hooks/02_rebuild_bnxt.sh benchmark gemm --M 4096 --N 4096 --K 4096 --duration 10 --output-file /out/gemm_N5.md
[2026-08-13 23:10:28] [NODE-0(mi355-gpu-33)] [INFO] [Hooks] Hook /workspace/Primus/runner/helpers/hooks/02_rebuild_bnxt.sh finished in 0s
[2026-08-13 23:10:28] [NODE-0(mi355-gpu-33)] [INFO] [Hooks] Executing hook: /workspace/Primus/runner/helpers/hooks/03_detect_nccl_ib_tc.sh benchmark gemm --M 4096 --N 4096 --K 4096 --duration 10 --output-file /out/gemm_N5.md
[2026-08-13 23:10:28] [NODE-0(mi355-gpu-33)] [INFO] [Hooks] Hook /workspace/Primus/runner/helpers/hooks/03_detect_nccl_ib_tc.sh finished in 0s
[2026-08-13 23:10:28] [NODE-0(mi355-gpu-33)] [INFO] [Hooks] Executing hook: /workspace/Primus/runner/helpers/hooks/03_enable_ainic.sh benchmark gemm --M 4096 --N 4096 --K 4096 --duration 10 --output-file /out/gemm_N5.md
[2026-08-13 23:10:28] [NODE-0(mi355-gpu-33)] [INFO] [Hooks] Hook /workspace/Primus/runner/helpers/hooks/03_enable_ainic.sh finished in 0s
[2026-08-13 23:10:28] [NODE-0(mi355-gpu-33)] [INFO] [Hooks] Executing hook: /workspace/Primus/runner/helpers/hooks/03_enable_aiter.sh benchmark gemm --M 4096 --N 4096 --K 4096 --duration 10 --output-file /out/gemm_N5.md
[2026-08-13 23:10:28] [NODE-0(mi355-gpu-33)] [INFO] [Hooks] exported env from hook: AITER_LOG_LEVEL=ERROR
[2026-08-13 23:10:28] [NODE-0(mi355-gpu-33)] [INFO] [Hooks] Hook /workspace/Primus/runner/helpers/hooks/03_enable_aiter.sh finished in 0s
[2026-08-13 23:10:28] [NODE-0(mi355-gpu-33)] [INFO] [Hooks] Executing hook: /workspace/Primus/runner/helpers/hooks/04_rebuild_uep.sh benchmark gemm --M 4096 --N 4096 --K 4096 --duration 10 --output-file /out/gemm_N5.md
[2026-08-13 23:10:28] [NODE-0(mi355-gpu-33)] [INFO] [Hooks] Hook /workspace/Primus/runner/helpers/hooks/04_rebuild_uep.sh finished in 0s
[2026-08-13 23:10:28] [NODE-0(mi355-gpu-33)] [INFO] [Hooks] Executing hook: /workspace/Primus/runner/helpers/hooks/05_check_primus_requirements.sh benchmark gemm --M 4096 --N 4096 --K 4096 --duration 10 --output-file /out/gemm_N5.md

[WARN] Primus requirements not satisfied. Missing packages:
         - git+https://github.com/mlcommons/logging.git@6.0.0-rc5

       To install:  pip install -r /workspace/Primus/requirements.txt

[2026-08-13 23:10:28] [NODE-0(mi355-gpu-33)] [INFO] [Hooks] Hook /workspace/Primus/runner/helpers/hooks/05_check_primus_requirements.sh finished in 0s
[2026-08-13 23:10:28] [NODE-0(mi355-gpu-33)] [INFO] [Hooks] Executing hook: /workspace/Primus/runner/helpers/hooks/05_deterministic.sh benchmark gemm --M 4096 --N 4096 --K 4096 --duration 10 --output-file /out/gemm_N5.md
[2026-08-13 23:10:28] [NODE-0(mi355-gpu-33)] [INFO] [Hooks] Hook /workspace/Primus/runner/helpers/hooks/05_deterministic.sh finished in 0s
[2026-08-13 23:10:28] [NODE-0(mi355-gpu-33)] [INFO] [Hooks] Executing hook: /workspace/Primus/runner/helpers/hooks/05_using_uep.sh benchmark gemm --M 4096 --N 4096 --K 4096 --duration 10 --output-file /out/gemm_N5.md
[2026-08-13 23:10:28] [NODE-0(mi355-gpu-33)] [INFO] USING_UEP is disabled. PRIMUS_TURBO_MOE_DISPATCH_COMBINE_BACKEND set to TURBO
[2026-08-13 23:10:28] [NODE-0(mi355-gpu-33)] [INFO] [Hooks] exported env from hook: PRIMUS_TURBO_MOE_DISPATCH_COMBINE_BACKEND=TURBO
[2026-08-13 23:10:28] [NODE-0(mi355-gpu-33)] [INFO] [Hooks] Hook /workspace/Primus/runner/helpers/hooks/05_using_uep.sh finished in 0s
[2026-08-13 23:10:28] [NODE-0(mi355-gpu-33)] [INFO] [Hooks] Executing hook: /workspace/Primus/runner/helpers/hooks/06_enable_sdma_all_gather.sh benchmark gemm --M 4096 --N 4096 --K 4096 --duration 10 --output-file /out/gemm_N5.md
[2026-08-13 23:10:28] [NODE-0(mi355-gpu-33)] [INFO] [Hooks] Hook /workspace/Primus/runner/helpers/hooks/06_enable_sdma_all_gather.sh finished in 0s
[2026-08-13 23:10:28] [NODE-0(mi355-gpu-33)] [INFO] [Hooks] Executing hook: /workspace/Primus/runner/helpers/hooks/06_fix_aiter_asm_dir.sh benchmark gemm --M 4096 --N 4096 --K 4096 --duration 10 --output-file /out/gemm_N5.md
[fix_aiter_asm_dir] Symlink update done in /opt/venv/lib/python3.12/site-packages/aiter_meta/hsa: created=15, repaired=0
[2026-08-13 23:10:28] [NODE-0(mi355-gpu-33)] [INFO] [Hooks] Hook /workspace/Primus/runner/helpers/hooks/06_fix_aiter_asm_dir.sh finished in 0s
[2026-08-13 23:10:28] [NODE-0(mi355-gpu-33)] [INFO] [Hooks] Executing hook: /workspace/Primus/runner/helpers/hooks/10_auto_nccl_net.sh benchmark gemm --M 4096 --N 4096 --K 4096 --duration 10 --output-file /out/gemm_N5.md
[2026-08-13 23:10:28] [NODE-0(mi355-gpu-33)] [INFO] [Hooks] Hook /workspace/Primus/runner/helpers/hooks/10_auto_nccl_net.sh finished in 0s
[2026-08-13 23:10:28] [NODE-0(mi355-gpu-33)] [INFO] [Hooks] No hook directory for [benchmark/gemm]
[2026-08-13 23:10:28] [NODE-0(mi355-gpu-33)] [INFO] [Hooks] All hooks executed successfully
[2026-08-13 23:10:28] [NODE-0(mi355-gpu-33)] [INFO] [direct] NUMA binding: AUTO (default OFF)

==========================================
  Primus Direct Launch Configuration
==========================================
  Run Mode        : torchrun
  Script Path     : primus/cli/main.py
  Config File     : <none>
  Log File        : logs/log_20260813_231027.txt
  NUMA Binding    : auto
  Patch Scripts   : <none>
  Primus Args     : benchmark gemm --M 4096 --N 4096 --K 4096 --duration 10 --output-file /out/gemm_N5.md

  Distributed Settings:
    NNODES          : 1
    NODE_RANK       : 0
    GPUS_PER_NODE   : 5
    MASTER_ADDR     : localhost
    MASTER_PORT     : 29733

========== System Information ==========
    Hostname: mi355-gpu-33
    Kernel: 6.8.0-65-generic
    CPUs: 256
    Memory: 3023 GB
    Container: Yes
    Slurm Job: No
    GPUs: 8
  Full Command:
    Executing: torchrun --nproc_per_node 5 --nnodes 1 --node_rank 0 --master_addr localhost --master_port 29733 --local-ranks-filter 0 primus/cli/main.py benchmark gemm --M 4096 --N 4096 --K 4096 --duration 10 --output-file /out/gemm_N5.md 2>&1 | tee logs/log_20260813_231027.txt

==========================================
  
==========================================
W0813 23:10:29.688000 419 torch/distributed/run.py:862] 
W0813 23:10:29.688000 419 torch/distributed/run.py:862] *****************************************
W0813 23:10:29.688000 419 torch/distributed/run.py:862] Setting OMP_NUM_THREADS environment variable for each process to be 1 in default, to avoid your system being overloaded, please further tune the variable for optimal performance in your application as needed. 
W0813 23:10:29.688000 419 torch/distributed/run.py:862] *****************************************
[Primus:Benchmark] suite=gemm args=Namespace(debug=False, command='benchmark', suite='gemm', func=<function run at 0x7dc02cb6e0c0>, M=4096, N=4096, K=4096, trans_a=False, trans_b=False, dtype='bf16', duration=10, output_file='/out/gemm_N5.md')
RCCL version : 2.30.4-HEAD:8ceab8e
HIP version  : 7.15.0-0000000
ROCm version : 7.15.0.0-9999-8ceab8e5
Hostname     : mi355-gpu-33
Librccl path : /opt/venv/lib/python3.12/site-packages/_rocm_sdk_libraries/lib/librccl.so.1

[2026-08-13 23:10:33] mi355-gpu-33:585:585 [0] /__w/rockrel/rockrel/build/comm-libs/rccl/build/hipify/src/misc/amdsmi_wrap.cc:222 NCCL WARN RCCL_USE_AMD_SMI_LIB not set, but HIP_FABRIC_API is defined. Fabric support is only available through AMD SMI. Rerun with RCCL_USE_AMD_SMI_LIB=1 to enable AMD SMI and UALoE fabric support.
[BENCH] Markdown saved: /out/gemm_N5.md (overwrite)
[✔] GEMM benchmark finished. Results saved to /out/gemm_N5.md
[2026-08-13 23:10:51] [NODE-0(mi355-gpu-33)] [INFO] [direct] torchrun finished successfully (code 0)
