[2026-08-13 23:05:11] [NODE-0(mi355-gpu-33)] [INFO] [main] Loaded config: /workspace/Primus/runner/.primus.yaml
[2026-08-13 23:05:11] [NODE-0(mi355-gpu-33)] [INFO] [main] Would execute: bash /workspace/Primus/runner/primus-cli-direct.sh -- benchmark rccl --output-file /out/rccl_N3.md
[2026-08-13 23:05:11] [NODE-0(mi355-gpu-33)] [INFO] [main] Executing: bash /workspace/Primus/runner/primus-cli-direct.sh -- benchmark rccl --output-file /out/rccl_N3.md
[2026-08-13 23:05:11] [NODE-0(mi355-gpu-33)] [INFO] -----------------------------------------------
[2026-08-13 23:05:11] [NODE-0(mi355-gpu-33)] [INFO] primus-cli-direct.sh
[2026-08-13 23:05:11] [NODE-0(mi355-gpu-33)] [INFO] -----------------------------------------------
[2026-08-13 23:05:11] [NODE-0(mi355-gpu-33)] [INFO] [direct] PRE_PARSE_ARGS (runner options): 
[2026-08-13 23:05:11] [NODE-0(mi355-gpu-33)] [INFO] [direct] PRIMUS_ARGS (python module args): benchmark rccl --output-file /out/rccl_N3.md
[2026-08-13 23:05:11] [NODE-0(mi355-gpu-33)] [INFO] [direct] Combined args for second pass: -- benchmark rccl --output-file /out/rccl_N3.md
[2026-08-13 23:05:11] [NODE-0(mi355-gpu-33)] [INFO] [direct] Loaded config: /workspace/Primus/runner/.primus.yaml
[2026-08-13 23:05:11] [NODE-0(mi355-gpu-33)] [INFO] ========== Training Cluster Info ==========
[2026-08-13 23:05:11] [NODE-0(mi355-gpu-33)] [INFO]     MASTER_ADDR=localhost
[2026-08-13 23:05:11] [NODE-0(mi355-gpu-33)] [INFO]     MASTER_PORT=29707
[2026-08-13 23:05:11] [NODE-0(mi355-gpu-33)] [INFO]     NNODES=1
[2026-08-13 23:05:11] [NODE-0(mi355-gpu-33)] [INFO]     NODE_RANK=0
[2026-08-13 23:05:11] [NODE-0(mi355-gpu-33)] [INFO]     GPUS_PER_NODE=3
[2026-08-13 23:05:11] [NODE-0(mi355-gpu-33)] [INFO] ========== Python Path and Data Paths ==========
[2026-08-13 23:05:11] [NODE-0(mi355-gpu-33)] [INFO]     PRIMUS_PATH=/workspace/Primus
[2026-08-13 23:05:11] [NODE-0(mi355-gpu-33)] [INFO]     PRIMUS_IMPORT_ROOT=/workspace/Primus
[2026-08-13 23:05:11] [NODE-0(mi355-gpu-33)] [INFO]     DATA_PATH=/workspace/Primus/data
[2026-08-13 23:05:11] [NODE-0(mi355-gpu-33)] [INFO]     HF_HOME=/workspace/Primus/data/huggingface
[2026-08-13 23:05:11] [NODE-0(mi355-gpu-33)] [INFO]     PYTHONPATH=/workspace/Primus:/opt/venv/lib/python3.12/site-packages:
[2026-08-13 23:05:11] [NODE-0(mi355-gpu-33)] [INFO] ========== NCCL and Network Settings ==========
[2026-08-13 23:05:11] [NODE-0(mi355-gpu-33)] [INFO]     HIP_VISIBLE_DEVICES=0,1,2
[2026-08-13 23:05:11] [NODE-0(mi355-gpu-33)] [INFO]     NCCL_DEBUG=WARN
[2026-08-13 23:05:11] [NODE-0(mi355-gpu-33)] [INFO]     NCCL_CHECKS_DISABLE=1
[2026-08-13 23:05:11] [NODE-0(mi355-gpu-33)] [INFO]     NCCL_IB_GID_INDEX=3
[2026-08-13 23:05:11] [NODE-0(mi355-gpu-33)] [INFO]     NCCL_CROSS_NIC=0
[2026-08-13 23:05:11] [NODE-0(mi355-gpu-33)] [INFO]     NCCL_IB_HCA=rocep105s0:1,rocep121s0:1,rocep137s0:1,rocep153s0:1,rocep193s0f0:1,rocep193s0f1:1,rocep233s0:1,rocep249s0:1,rocep25s0:1,rocep9s0:1
[2026-08-13 23:05:11] [NODE-0(mi355-gpu-33)] [INFO]     IP_INTERFACE=enp193s0f0np0
[2026-08-13 23:05:11] [NODE-0(mi355-gpu-33)] [INFO]     NCCL_SOCKET_IFNAME=enp193s0f0np0
[2026-08-13 23:05:11] [NODE-0(mi355-gpu-33)] [INFO]     GLOO_SOCKET_IFNAME=enp193s0f0np0
[2026-08-13 23:05:11] [NODE-0(mi355-gpu-33)] [INFO] ========== RCCL Settings ==========
[2026-08-13 23:05:11] [NODE-0(mi355-gpu-33)] [INFO]     RCCL_MSCCL_ENABLE=1
[2026-08-13 23:05:11] [NODE-0(mi355-gpu-33)] [INFO]     RCCL_MSCCLPP_ENABLE=0
[2026-08-13 23:05:11] [NODE-0(mi355-gpu-33)] [INFO]     RCCL_MSCCLPP_FORCE_ENABLE=0
[2026-08-13 23:05:11] [NODE-0(mi355-gpu-33)] [INFO]     RCCL_MSCCLPP_THRESHOLD=1073741824
[2026-08-13 23:05:11] [NODE-0(mi355-gpu-33)] [INFO]     MSCCLPP_DISABLE_CHANNEL_CACHE=FALSE
[2026-08-13 23:05:11] [NODE-0(mi355-gpu-33)] [INFO]     TORCH_NCCL_USE_TENSOR_REGISTER_ALLOCATOR_HOOK=0
[2026-08-13 23:05:11] [NODE-0(mi355-gpu-33)] [INFO] ========== AMD GPU Optimizations ==========
[2026-08-13 23:05:11] [NODE-0(mi355-gpu-33)] [INFO]     HSA_ENABLE_SDMA=1
[2026-08-13 23:05:11] [NODE-0(mi355-gpu-33)] [INFO]     HSA_NO_SCRATCH_RECLAIM=1
[2026-08-13 23:05:11] [NODE-0(mi355-gpu-33)] [INFO] ========== General Performance Tuning ==========
[2026-08-13 23:05:11] [NODE-0(mi355-gpu-33)] [INFO]     GPU_MAX_HW_QUEUES=2
[2026-08-13 23:05:11] [NODE-0(mi355-gpu-33)] [INFO]     ENABLE_NUMA_BINDING=0
[2026-08-13 23:05:11] [NODE-0(mi355-gpu-33)] [INFO]     HSA_KERNARG_POOL_SIZE=<unset>
[2026-08-13 23:05:11] [NODE-0(mi355-gpu-33)] [INFO]     CUDA_DEVICE_MAX_CONNECTIONS=1
[2026-08-13 23:05:11] [NODE-0(mi355-gpu-33)] [INFO]     TORCH_NCCL_HIGH_PRIORITY=1
[2026-08-13 23:05:11] [NODE-0(mi355-gpu-33)] [INFO]     NCCL_PXN_DISABLE=1
[2026-08-13 23:05:11] [NODE-0(mi355-gpu-33)] [INFO]     NCCL_P2P_NET_CHUNKSIZE=524288
[2026-08-13 23:05:11] [NODE-0(mi355-gpu-33)] [INFO] ========== Transformer Engine Optimizations ==========
[2026-08-13 23:05:11] [NODE-0(mi355-gpu-33)] [INFO]     NVTE_USE_CAST_TRANSPOSE_TRITON=1
[2026-08-13 23:05:11] [NODE-0(mi355-gpu-33)] [INFO]     NVTE_USE_OPTIMIZED_HIPIFIED_CAST_TRANSPOSE=0
[2026-08-13 23:05:11] [NODE-0(mi355-gpu-33)] [INFO]     NVTE_CK_USES_BWD_V3=1
[2026-08-13 23:05:11] [NODE-0(mi355-gpu-33)] [INFO]     PRIMUS_TURBO_ATTN_V3_ATOMIC_FP32=0
[2026-08-13 23:05:11] [NODE-0(mi355-gpu-33)] [INFO]     NVTE_DEBUG=0
[2026-08-13 23:05:11] [NODE-0(mi355-gpu-33)] [INFO]     NVTE_DEBUG_LEVEL=0
[2026-08-13 23:05:11] [NODE-0(mi355-gpu-33)] [INFO]     NVTE_FUSED_ATTN_LOG_CONFIG=0
[2026-08-13 23:05:11] [NODE-0(mi355-gpu-33)] [INFO]     PATCH_TE_FLASH_ATTN=0
[2026-08-13 23:05:11] [NODE-0(mi355-gpu-33)] [INFO]     PRIMUS_DETERMINISTIC=<unset>
[2026-08-13 23:05:11] [NODE-0(mi355-gpu-33)] [INFO]     NCCL_ALGO=<unset>
[2026-08-13 23:05:11] [NODE-0(mi355-gpu-33)] [INFO]     NVTE_ALLOW_NONDETERMINISTIC_ALGO=<unset>
[2026-08-13 23:05:11] [NODE-0(mi355-gpu-33)] [INFO]     ROCBLAS_DEFAULT_ATOMICS_MODE=<unset>
[2026-08-13 23:05:11] [NODE-0(mi355-gpu-33)] [INFO]     TORCH_COMPILE_DISABLE=<unset>
[2026-08-13 23:05:11] [NODE-0(mi355-gpu-33)] [INFO]     PRIMUS_TURBO_DEEPEP_TIMEOUT=600

[2026-08-13 23:05:11] [NODE-0(mi355-gpu-33)] [INFO] === Loading Primus Environment Configuration ===
[2026-08-13 23:05:11] [NODE-0(mi355-gpu-33)] [INFO] Detected GPU model: MI355X
[2026-08-13 23:05:11] [NODE-0(mi355-gpu-33)] [INFO] Loading GPU-specific configuration: /workspace/Primus/runner/helpers/envs/MI355X.sh
[2026-08-13 23:05:11] [NODE-0(mi355-gpu-33)] [INFO] Loading MI355X-specific optimizations...

[2026-08-13 23:05:11] [NODE-0(mi355-gpu-33)] [INFO] === Validating Configuration ===
[2026-08-13 23:05:11] [NODE-0(mi355-gpu-33)] [INFO] ✓ Configuration validation passed

[2026-08-13 23:05:11] [NODE-0(mi355-gpu-33)] [INFO] === Environment Configuration Complete ===

[2026-08-13 23:05:11] [NODE-0(mi355-gpu-33)] [INFO] [Hooks] Detected hooks directory: /workspace/Primus/runner/helpers/hooks
[2026-08-13 23:05:11] [NODE-0(mi355-gpu-33)] [INFO] [Hooks] Executing hook: /workspace/Primus/runner/helpers/hooks/00_rebuild_primus_turbo.sh benchmark rccl --output-file /out/rccl_N3.md
[2026-08-13 23:05:11] [NODE-0(mi355-gpu-33)] [INFO] [Hooks] Hook /workspace/Primus/runner/helpers/hooks/00_rebuild_primus_turbo.sh finished in 0s
[2026-08-13 23:05:11] [NODE-0(mi355-gpu-33)] [INFO] [Hooks] Executing hook: /workspace/Primus/runner/helpers/hooks/01_patch_te_flash_attn_max_version.sh benchmark rccl --output-file /out/rccl_N3.md
[2026-08-13 23:05:11] [NODE-0(mi355-gpu-33)] [INFO] [Hooks] Hook /workspace/Primus/runner/helpers/hooks/01_patch_te_flash_attn_max_version.sh finished in 0s
[2026-08-13 23:05:11] [NODE-0(mi355-gpu-33)] [INFO] [Hooks] Executing hook: /workspace/Primus/runner/helpers/hooks/02_rebuild_bnxt.sh benchmark rccl --output-file /out/rccl_N3.md
[2026-08-13 23:05:11] [NODE-0(mi355-gpu-33)] [INFO] [Hooks] Hook /workspace/Primus/runner/helpers/hooks/02_rebuild_bnxt.sh finished in 0s
[2026-08-13 23:05:11] [NODE-0(mi355-gpu-33)] [INFO] [Hooks] Executing hook: /workspace/Primus/runner/helpers/hooks/03_detect_nccl_ib_tc.sh benchmark rccl --output-file /out/rccl_N3.md
[2026-08-13 23:05:11] [NODE-0(mi355-gpu-33)] [INFO] [Hooks] Hook /workspace/Primus/runner/helpers/hooks/03_detect_nccl_ib_tc.sh finished in 0s
[2026-08-13 23:05:11] [NODE-0(mi355-gpu-33)] [INFO] [Hooks] Executing hook: /workspace/Primus/runner/helpers/hooks/03_enable_ainic.sh benchmark rccl --output-file /out/rccl_N3.md
[2026-08-13 23:05:11] [NODE-0(mi355-gpu-33)] [INFO] [Hooks] Hook /workspace/Primus/runner/helpers/hooks/03_enable_ainic.sh finished in 0s
[2026-08-13 23:05:11] [NODE-0(mi355-gpu-33)] [INFO] [Hooks] Executing hook: /workspace/Primus/runner/helpers/hooks/03_enable_aiter.sh benchmark rccl --output-file /out/rccl_N3.md
[2026-08-13 23:05:11] [NODE-0(mi355-gpu-33)] [INFO] [Hooks] exported env from hook: AITER_LOG_LEVEL=ERROR
[2026-08-13 23:05:11] [NODE-0(mi355-gpu-33)] [INFO] [Hooks] Hook /workspace/Primus/runner/helpers/hooks/03_enable_aiter.sh finished in 0s
[2026-08-13 23:05:11] [NODE-0(mi355-gpu-33)] [INFO] [Hooks] Executing hook: /workspace/Primus/runner/helpers/hooks/04_rebuild_uep.sh benchmark rccl --output-file /out/rccl_N3.md
[2026-08-13 23:05:11] [NODE-0(mi355-gpu-33)] [INFO] [Hooks] Hook /workspace/Primus/runner/helpers/hooks/04_rebuild_uep.sh finished in 0s
[2026-08-13 23:05:11] [NODE-0(mi355-gpu-33)] [INFO] [Hooks] Executing hook: /workspace/Primus/runner/helpers/hooks/05_check_primus_requirements.sh benchmark rccl --output-file /out/rccl_N3.md

[WARN] Primus requirements not satisfied. Missing packages:
         - git+https://github.com/mlcommons/logging.git@6.0.0-rc5

       To install:  pip install -r /workspace/Primus/requirements.txt

[2026-08-13 23:05:11] [NODE-0(mi355-gpu-33)] [INFO] [Hooks] Hook /workspace/Primus/runner/helpers/hooks/05_check_primus_requirements.sh finished in 0s
[2026-08-13 23:05:11] [NODE-0(mi355-gpu-33)] [INFO] [Hooks] Executing hook: /workspace/Primus/runner/helpers/hooks/05_deterministic.sh benchmark rccl --output-file /out/rccl_N3.md
[2026-08-13 23:05:11] [NODE-0(mi355-gpu-33)] [INFO] [Hooks] Hook /workspace/Primus/runner/helpers/hooks/05_deterministic.sh finished in 0s
[2026-08-13 23:05:11] [NODE-0(mi355-gpu-33)] [INFO] [Hooks] Executing hook: /workspace/Primus/runner/helpers/hooks/05_using_uep.sh benchmark rccl --output-file /out/rccl_N3.md
[2026-08-13 23:05:11] [NODE-0(mi355-gpu-33)] [INFO] USING_UEP is disabled. PRIMUS_TURBO_MOE_DISPATCH_COMBINE_BACKEND set to TURBO
[2026-08-13 23:05:11] [NODE-0(mi355-gpu-33)] [INFO] [Hooks] exported env from hook: PRIMUS_TURBO_MOE_DISPATCH_COMBINE_BACKEND=TURBO
[2026-08-13 23:05:11] [NODE-0(mi355-gpu-33)] [INFO] [Hooks] Hook /workspace/Primus/runner/helpers/hooks/05_using_uep.sh finished in 0s
[2026-08-13 23:05:11] [NODE-0(mi355-gpu-33)] [INFO] [Hooks] Executing hook: /workspace/Primus/runner/helpers/hooks/06_enable_sdma_all_gather.sh benchmark rccl --output-file /out/rccl_N3.md
[2026-08-13 23:05:11] [NODE-0(mi355-gpu-33)] [INFO] [Hooks] Hook /workspace/Primus/runner/helpers/hooks/06_enable_sdma_all_gather.sh finished in 0s
[2026-08-13 23:05:11] [NODE-0(mi355-gpu-33)] [INFO] [Hooks] Executing hook: /workspace/Primus/runner/helpers/hooks/06_fix_aiter_asm_dir.sh benchmark rccl --output-file /out/rccl_N3.md
[fix_aiter_asm_dir] Symlink update done in /opt/venv/lib/python3.12/site-packages/aiter_meta/hsa: created=15, repaired=0
[2026-08-13 23:05:11] [NODE-0(mi355-gpu-33)] [INFO] [Hooks] Hook /workspace/Primus/runner/helpers/hooks/06_fix_aiter_asm_dir.sh finished in 0s
[2026-08-13 23:05:11] [NODE-0(mi355-gpu-33)] [INFO] [Hooks] Executing hook: /workspace/Primus/runner/helpers/hooks/10_auto_nccl_net.sh benchmark rccl --output-file /out/rccl_N3.md
[2026-08-13 23:05:11] [NODE-0(mi355-gpu-33)] [INFO] [Hooks] Hook /workspace/Primus/runner/helpers/hooks/10_auto_nccl_net.sh finished in 0s
[2026-08-13 23:05:11] [NODE-0(mi355-gpu-33)] [INFO] [Hooks] No hook directory for [benchmark/rccl]
[2026-08-13 23:05:11] [NODE-0(mi355-gpu-33)] [INFO] [Hooks] All hooks executed successfully
[2026-08-13 23:05:11] [NODE-0(mi355-gpu-33)] [INFO] [direct] NUMA binding: AUTO (default OFF)

==========================================
  Primus Direct Launch Configuration
==========================================
  Run Mode        : torchrun
  Script Path     : primus/cli/main.py
  Config File     : <none>
  Log File        : logs/log_20260813_230511.txt
  NUMA Binding    : auto
  Patch Scripts   : <none>
  Primus Args     : benchmark rccl --output-file /out/rccl_N3.md

  Distributed Settings:
    NNODES          : 1
    NODE_RANK       : 0
    GPUS_PER_NODE   : 3
    MASTER_ADDR     : localhost
    MASTER_PORT     : 29707

========== System Information ==========
    Hostname: mi355-gpu-33
    Kernel: 6.8.0-65-generic
    CPUs: 256
    Memory: 3023 GB
    Container: Yes
    Slurm Job: No
    GPUs: 8
  Full Command:
    Executing: torchrun --nproc_per_node 3 --nnodes 1 --node_rank 0 --master_addr localhost --master_port 29707 --local-ranks-filter 0 primus/cli/main.py benchmark rccl --output-file /out/rccl_N3.md 2>&1 | tee logs/log_20260813_230511.txt

==========================================
  
==========================================
W0813 23:05:13.046000 419 torch/distributed/run.py:862] 
W0813 23:05:13.046000 419 torch/distributed/run.py:862] *****************************************
W0813 23:05:13.046000 419 torch/distributed/run.py:862] Setting OMP_NUM_THREADS environment variable for each process to be 1 in default, to avoid your system being overloaded, please further tune the variable for optimal performance in your application as needed. 
W0813 23:05:13.046000 419 torch/distributed/run.py:862] *****************************************
[Primus:Benchmark] suite=rccl args=Namespace(debug=False, command='benchmark', suite='rccl', func=<function run at 0x7d9b980320c0>, op=['all_reduce'], sizes=None, min_bytes='1K', max_bytes='128M', num_sizes=12, scale='log2', dtype='bf16', warmup=20, iters=100, repeat=1, aggregate_repeat=False, check=False, output_file='/out/rccl_N3.md', append=False, per_rank=False, per_rank_file='', per_iter_trace=False, trace_file='', trace_limit=0, trace_ops='', trace_sizes='', cluster='amd-aig-poolside')
RCCL version : 2.30.4-HEAD:8ceab8e
HIP version  : 7.15.0-0000000
ROCm version : 7.15.0.0-9999-8ceab8e5
Hostname     : mi355-gpu-33
Librccl path : /opt/venv/lib/python3.12/site-packages/_rocm_sdk_libraries/lib/librccl.so.1

[2026-08-13 23:05:15] mi355-gpu-33:585:585 [0] /__w/rockrel/rockrel/build/comm-libs/rccl/build/hipify/src/misc/amdsmi_wrap.cc:222 NCCL WARN RCCL_USE_AMD_SMI_LIB not set, but HIP_FABRIC_API is defined. Fabric support is only available through AMD SMI. Rerun with RCCL_USE_AMD_SMI_LIB=1 to enable AMD SMI and UALoE fabric support.
[RCCL-BENCH] host=mi355-gpu-33 world_size=3 dtype=torch.bfloat16 ops=['all_reduce'] sizes=['1.0KB', '2.0KB', '4.0KB', '8.0KB', '16.0KB', '32.0KB', '64.0KB', '128.0KB', '256.0KB', '512.0KB', '1.0MB', '2.0MB', '4.0MB', '8.0MB', '16.0MB', '32.0MB', '64.0MB', '128.0MB'] repeat=1
[RCCL-BENCH][env] HIP_VISIBLE_DEVICES=0,1,2
[RCCL-BENCH][env] NCCL_DEBUG=WARN
[RCCL-BENCH][env] RCCL_MSCCL_ENABLE=1
[RCCL-BENCH][env] RCCL_MSCCLPP_ENABLE=0
[RCCL-BENCH][env] RCCL_MSCCLPP_THRESHOLD=1073741824
[RCCL][all_reduce   ] repeat 1/1 size=   1.0KB p50= 0.030ms  p95= 0.044ms  min= 0.029ms  max= 0.058ms  eff=  0.05 GB/s
[RCCL][all_reduce   ] repeat 1/1 size=   2.0KB p50= 0.030ms  p95= 0.043ms  min= 0.029ms  max= 0.049ms  eff=  0.09 GB/s
[RCCL][all_reduce   ] repeat 1/1 size=   4.0KB p50= 0.030ms  p95= 0.042ms  min= 0.029ms  max= 0.054ms  eff=  0.18 GB/s
[RCCL][all_reduce   ] repeat 1/1 size=   8.0KB p50= 0.033ms  p95= 0.046ms  min= 0.033ms  max= 0.109ms  eff=  0.33 GB/s
[RCCL][all_reduce   ] repeat 1/1 size=  16.0KB p50= 0.034ms  p95= 0.042ms  min= 0.033ms  max= 0.050ms  eff=  0.65 GB/s
[RCCL][all_reduce   ] repeat 1/1 size=  32.0KB p50= 0.034ms  p95= 0.043ms  min= 0.033ms  max= 0.529ms  eff=  1.27 GB/s
[RCCL][all_reduce   ] repeat 1/1 size=  64.0KB p50= 0.042ms  p95= 0.049ms  min= 0.041ms  max= 3.760ms  eff=  2.07 GB/s
[RCCL][all_reduce   ] repeat 1/1 size= 128.0KB p50= 0.043ms  p95= 0.048ms  min= 0.042ms  max= 0.071ms  eff=  4.11 GB/s
[RCCL][all_reduce   ] repeat 1/1 size= 256.0KB p50= 0.043ms  p95= 0.050ms  min= 0.042ms  max= 0.114ms  eff=  8.14 GB/s
[RCCL][all_reduce   ] repeat 1/1 size= 512.0KB p50= 0.047ms  p95= 0.053ms  min= 0.046ms  max= 0.065ms  eff= 15.02 GB/s
[RCCL][all_reduce   ] repeat 1/1 size=   1.0MB p50= 0.056ms  p95= 0.061ms  min= 0.055ms  max= 0.069ms  eff= 25.16 GB/s
[RCCL][all_reduce   ] repeat 1/1 size=   2.0MB p50= 0.073ms  p95= 0.080ms  min= 0.071ms  max= 0.092ms  eff= 38.49 GB/s
[RCCL][all_reduce   ] repeat 1/1 size=   4.0MB p50= 0.108ms  p95= 0.115ms  min= 0.106ms  max= 6.668ms  eff= 51.82 GB/s
[RCCL][all_reduce   ] repeat 1/1 size=   8.0MB p50= 0.179ms  p95= 0.188ms  min= 0.174ms  max= 0.205ms  eff= 62.55 GB/s
[RCCL][all_reduce   ] repeat 1/1 size=  16.0MB p50= 0.301ms  p95= 0.311ms  min= 0.292ms  max= 4.323ms  eff= 74.21 GB/s
[RCCL][all_reduce   ] repeat 1/1 size=  32.0MB p50= 0.558ms  p95= 0.566ms  min= 0.549ms  max= 1.411ms  eff= 80.23 GB/s
[RCCL][all_reduce   ] repeat 1/1 size=  64.0MB p50= 1.073ms  p95= 1.164ms  min= 1.059ms  max= 3.506ms  eff= 83.41 GB/s
[RCCL][all_reduce   ] repeat 1/1 size= 128.0MB p50= 2.090ms  p95= 5.835ms  min= 2.079ms  max= 7.663ms  eff= 85.64 GB/s
Writing summary to /out/rccl_N3.md
[BENCH] Markdown saved: /out/rccl_N3.md (overwrite)
[2026-08-13 23:05:18] [NODE-0(mi355-gpu-33)] [INFO] [direct] torchrun finished successfully (code 0)
