fp4 scaling investigation 20260813_221751
repeats=3 duration_ms=30000

----- N=5 repeat=1 -----
  rc=0
    gpu17010=3543.27
    gpu42583=3544.28
    gpu36479=3793.04
    gpu1590=3816.89
    gpu27226=3915.57
----- N=5 repeat=2 -----
  rc=0
    gpu1590=2344.86
    gpu36479=2622.27
    gpu42583=3377.91
    gpu27226=3392.03
    gpu17010=3618.15
----- N=5 repeat=3 -----
  rc=0
    gpu42583=2012.60
    gpu17010=2026.35
    gpu36479=2404.66
    gpu27226=3089.84
    gpu1590=3252.47
----- N=6 repeat=1 -----
  rc=0
    gpu42583=1393.62
    gpu36479=3033.14
    gpu1590=3302.22
    gpu17010=3323.48
    gpu27226=3371.39
    gpu51771=3442.42
----- N=6 repeat=2 -----
  rc=0
    gpu1590=1446.52
    gpu17010=1518.16
    gpu27226=1528.53
    gpu51771=3114.76
    gpu36479=3286.74
    gpu42583=3547.49
----- N=6 repeat=3 -----
  rc=0
    gpu17010=1611.06
    gpu27226=2694.88
    gpu36479=2943.02
    gpu51771=3024.09
    gpu42583=3123.61
    gpu1590=3336.41
----- N=7 repeat=1 -----
  rc=0
    gpu51771=2147.71
    gpu1590=2195.11
    gpu36479=2205.78
    gpu27226=2206.50
    gpu42583=2239.61
    gpu11806=2241.35
    gpu17010=2524.45
----- N=7 repeat=2 -----
  rc=0
    gpu27226=1379.56
    gpu17010=1390.97
    gpu51771=1567.49
    gpu11806=2804.88
    gpu1590=2883.64
    gpu42583=2908.94
    gpu36479=2912.61
----- N=7 repeat=3 -----
  rc=0
    gpu17010=1419.19
    gpu51771=1519.01
    gpu36479=1560.91
    gpu11806=1594.67
    gpu27226=3067.58
    gpu42583=3287.03
    gpu1590=3913.21
----- N=8 repeat=1 -----
  rc=0
    gpu17010=1774.62
    gpu11806=2082.07
    gpu36479=2121.68
    gpu1590=2136.92
    gpu42583=2564.18
    gpu27226=3243.40
    gpu51771=3257.81
    gpu57875=3301.84
----- N=8 repeat=2 -----
  rc=0
    gpu27226=1782.27
    gpu17010=1824.72
    gpu11806=2046.67
    gpu51771=2159.61
    gpu36479=2170.65
    gpu1590=2343.06
    gpu42583=3296.89
    gpu57875=3670.55
----- N=8 repeat=3 -----
  rc=0
    gpu1590=1811.57
    gpu57875=1926.91
    gpu17010=2085.26
    gpu36479=2287.35
    gpu27226=2322.09
    gpu51771=2429.86
    gpu11806=2593.19
    gpu42583=3362.42

results: /home/amd/shaohao/amd-benchmarks/amd-cloud/logs/rvs/fp4_investigation_20260813_221751
Next: /mnt/scratch/shaohao/venv/bin/python analyze_fp4_scaling.py /home/amd/shaohao/amd-benchmarks/amd-cloud/logs/rvs/fp4_investigation_20260813_221751 -o $BENCH_ROOT/results
