[RESULT] [ 94347.420872] Action name :tflops-bf16
[RESULT] [ 94347.480471] Module name :gst
[RESULT] [ 94348.129181] [tflops-bf16] [GPU:: 61585] Start of GPU ramp up
[RESULT] [ 94354.920854] [tflops-bf16] [GPU:: 61585] GFLOPS 66351
[RESULT] [ 94355.889901] [tflops-bf16] [GPU:: 61585] End of GPU ramp up
[RESULT] [ 94370.858575] [tflops-bf16] [GPU:: 61585] GFLOPS 1469086
[RESULT] [ 94385.583834] [tflops-bf16] [GPU:: 61585] GFLOPS 1493373
[RESULT] [ 94400.319254] [tflops-bf16] [GPU:: 61585] GFLOPS 1492344
[RESULT] [ 94415.67967 ] [tflops-bf16] [GPU:: 61585] GFLOPS 1491000
[RESULT] [ 94429.814408] [tflops-bf16] [GPU:: 61585] GFLOPS 1491230
[RESULT] [ 94429.814485] [tflops-bf16] [GPU:: 61585] GFLOPS 1493373 Target GFLOPS: 0 met: TRUE
+=====================================================================+
|                 ROCm Validation Suite (RVS) Summary                 |
+=====================================================================+
|                           System Overview                           |
+---------------------------------------------------------------------+
| Operating System                 | Rocky Linux 8.10                 |
| RVS version                      | 1.5.47                           |
| ROCm version                     | 7.2.3-90                         |
| amdgpu version                   | 6.16.13                          |
| GPUs                             | 8                                |
+---------------------------------------------------------------------+
| GPU Name - GPU ID                |                                  |
| ID - Node ID - BDF               |                                  |
+---------------------------------------------------------------------+
| AMD Instinct MI355X - 61585      | AMD Instinct MI355X - 29764      |
| 0 - 2 - 0000:0c:00.0             | 1 - 3 - 0000:3d:00.0             |
+---------------------------------------------------------------------+
| AMD Instinct MI355X - 19435      | AMD Instinct MI355X - 27852      |
| 2 - 4 - 0000:a8:00.0             | 3 - 5 - 0000:dc:00.0             |
+---------------------------------------------------------------------+
| AMD Instinct MI355X - 62733      | AMD Instinct MI355X - 57625      |
| 4 - 6 - 0001:0d:00.0             | 5 - 7 - 0001:3d:00.0             |
+---------------------------------------------------------------------+
| AMD Instinct MI355X - 19314      | AMD Instinct MI355X - 63889      |
| 6 - 8 - 0001:a5:00.0             | 7 - 9 - 0001:dc:00.0             |
+=====================================================================+
| Action Name                      | Module         | Result          |
+=====================================================================+
| tflops-bf16                      | GST            | [32mPASS          [0m  |
+---------------------------------------------------------------------+
