[RESULT] [ 79031.149250] Action name :tflops-fp16
[RESULT] [ 79031.191079] Module name :gst
[RESULT] [ 79031.765289] [tflops-fp16] [GPU:: 42583] Start of GPU ramp up
[RESULT] [ 79037.296188] [tflops-fp16] [GPU:: 42583] GFLOPS 1544257
[RESULT] [ 79038.297524] [tflops-fp16] [GPU:: 42583] End of GPU ramp up
[RESULT] [ 79052.719071] [tflops-fp16] [GPU:: 42583] GFLOPS 1524820
[RESULT] [ 79052.719102] [tflops-fp16] [GPU:: 42583] GFLOPS 1524820 Target GFLOPS: 0 met: TRUE
+=====================================================================+
|                 ROCm Validation Suite (RVS) Summary                 |
+=====================================================================+
|                           System Overview                           |
+---------------------------------------------------------------------+
| Operating System                 | Ubuntu 22.04.5 LTS               |
| RVS version                      | 1.7.8                            |
| ROCm version                     | N/A                              |
| amdgpu version                   | 6.19.14                          |
| GPUs                             | 8                                |
+---------------------------------------------------------------------+
| GPU Name - GPU ID                |                                  |
| ID - Node ID - BDF               |                                  |
+---------------------------------------------------------------------+
| AMD Instinct MI355X - 42583      | AMD Instinct MI355X - 27226      |
| 0 - 3 - 0000:05:00.0             | 1 - 5 - 0000:15:00.0             |
+---------------------------------------------------------------------+
| AMD Instinct MI355X - 36479      | AMD Instinct MI355X - 17010      |
| 2 - 4 - 0000:65:00.0             | 3 - 2 - 0000:75:00.0             |
+---------------------------------------------------------------------+
| AMD Instinct MI355X - 1590       | AMD Instinct MI355X - 51771      |
| 4 - 7 - 0000:85:00.0             | 5 - 9 - 0000:95:00.0             |
+---------------------------------------------------------------------+
| AMD Instinct MI355X - 11806      | AMD Instinct MI355X - 57875      |
| 6 - 8 - 0000:e5:00.0             | 7 - 6 - 0000:f5:00.0             |
+=====================================================================+
| Action Name                      | Module         | Result          |
+=====================================================================+
| tflops-fp16                      | GST            | [32mPASS          [0m  |
+---------------------------------------------------------------------+
