[in-container] HIP_VISIBLE_DEVICES=0,1
[in-container] NCCL_ALGO=Ring,Tree
[in-container] NCCL_PROTO=Simple,LL,LL128
[in-container] RCCL_MSCCL_ENABLE=1
[in-container] binary: /home/v89592/shaohao/megatron-lm/work/rccl-tests/build/all_gather_perf

# Collective test starting: all_gather_perf
# nThread 1 nGpus 2 minBytes 16777216 maxBytes 8589934592 step: 2(factor) warmup iters: 5 iters: 20 agg iters: 1 validation: 0 graph: 0
#
rccl-tests: Version develop_deprecated:40b1b17
# Using devices
#  Rank  0 Group  0 Pid 469090 on  localhost device  0 [0000:0c:00] AMD Instinct MI355X
#  Rank  1 Group  0 Pid 469090 on  localhost device  1 [0000:3d:00] AMD Instinct MI355X

localhost:469090:469090 [0] /longer_pathname_so_that_rpms_can_support_packaging_the_debug_info_for_all_os_profiles/src/out/ubuntu-22.04/22.04/build/rccl/hipify/src/init.cc:157 NCCL WARN NUMA auto balancing enabled which can lead to variability in the RCCL performance! Disable by "sudo sysctl kernel.numa_balancing=0"

localhost:469090:469090 [0] /longer_pathname_so_that_rpms_can_support_packaging_the_debug_info_for_all_os_profiles/src/out/ubuntu-22.04/22.04/build/rccl/hipify/src/init.cc:178 NCCL WARN Missing "iommu=pt" from kernel command line which can lead to system instablity or hang!

localhost:469090:469090 [1] /longer_pathname_so_that_rpms_can_support_packaging_the_debug_info_for_all_os_profiles/src/out/ubuntu-22.04/22.04/build/rccl/hipify/src/init.cc:157 NCCL WARN NUMA auto balancing enabled which can lead to variability in the RCCL performance! Disable by "sudo sysctl kernel.numa_balancing=0"

localhost:469090:469090 [1] /longer_pathname_so_that_rpms_can_support_packaging_the_debug_info_for_all_os_profiles/src/out/ubuntu-22.04/22.04/build/rccl/hipify/src/init.cc:178 NCCL WARN Missing "iommu=pt" from kernel command line which can lead to system instablity or hang!

localhost:469090:469090 [1] /longer_pathname_so_that_rpms_can_support_packaging_the_debug_info_for_all_os_profiles/src/out/ubuntu-22.04/22.04/build/rccl/hipify/src/init.cc:157 NCCL WARN NUMA auto balancing enabled which can lead to variability in the RCCL performance! Disable by "sudo sysctl kernel.numa_balancing=0"

localhost:469090:469090 [1] /longer_pathname_so_that_rpms_can_support_packaging_the_debug_info_for_all_os_profiles/src/out/ubuntu-22.04/22.04/build/rccl/hipify/src/init.cc:178 NCCL WARN Missing "iommu=pt" from kernel command line which can lead to system instablity or hang!
RCCL version : 2.22.3-HEAD:7d8d67c+
HIP version  : 6.4.43484-123eb5128
ROCm version : 6.4.3.0-128-e7d83f5
Hostname     : localhost.localdomain
Librccl path : /opt/rocm/lib/librccl.so.1

localhost:469090:469090 [1] /longer_pathname_so_that_rpms_can_support_packaging_the_debug_info_for_all_os_profiles/src/out/ubuntu-22.04/22.04/build/rccl/hipify/src/init.cc:157 NCCL WARN NUMA auto balancing enabled which can lead to variability in the RCCL performance! Disable by "sudo sysctl kernel.numa_balancing=0"

localhost:469090:469090 [1] /longer_pathname_so_that_rpms_can_support_packaging_the_debug_info_for_all_os_profiles/src/out/ubuntu-22.04/22.04/build/rccl/hipify/src/init.cc:178 NCCL WARN Missing "iommu=pt" from kernel command line which can lead to system instablity or hang!
#
#                                                              out-of-place                       in-place          
#       size         count      type   redop    root     time   algbw   busbw #wrong     time   algbw   busbw #wrong                               
#        (B)    (elements)                               (us)  (GB/s)  (GB/s)            (us)  (GB/s)  (GB/s)                                      
    16777216       2097152     float    none      -1    160.7  104.40   52.20    N/A    160.1  104.78   52.39    N/A
    33554432       4194304     float    none      -1    309.8  108.30   54.15    N/A    308.6  108.74   54.37    N/A
    67108864       8388608     float    none      -1    605.3  110.87   55.44    N/A    605.7  110.80   55.40    N/A
   134217728      16777216     float    none      -1   1197.8  112.05   56.02    N/A   1197.3  112.10   56.05    N/A
   268435456      33554432     float    none      -1   2315.9  115.91   57.96    N/A   2500.0  107.38   53.69    N/A
   536870912      67108864     float    none      -1   4554.1  117.89   58.94    N/A   4681.2  114.69   57.34    N/A
  1073741824     134217728     float    none      -1   9190.2  116.84   58.42    N/A   9026.3  118.96   59.48    N/A
  2147483648     268435456     float    none      -1    18400  116.71   58.36    N/A    18157  118.27   59.14    N/A
  4294967296     536870912     float    none      -1    36027  119.21   59.61    N/A    35164  122.14   61.07    N/A
  8589934592    1073741824     float    none      -1    71972  119.35   59.68    N/A    70895  121.16   60.58    N/A
# Out of bounds values : 0 OK
# Avg bus bandwidth    : 57.014 
#
# Collective test concluded: all_gather_perf

