[in-container] HIP_VISIBLE_DEVICES=0,1
[in-container] NCCL_ALGO=Ring,Tree
[in-container] NCCL_PROTO=Simple,LL,LL128
[in-container] RCCL_MSCCL_ENABLE=1
[in-container] binary: /home/v89592/shaohao/megatron-lm/work/rccl-tests/build/all_reduce_perf

# Collective test starting: all_reduce_perf
# nThread 1 nGpus 2 minBytes 16777216 maxBytes 8589934592 step: 2(factor) warmup iters: 5 iters: 20 agg iters: 1 validation: 0 graph: 0
#
rccl-tests: Version develop_deprecated:40b1b17
# Using devices
#  Rank  0 Group  0 Pid 467908 on  localhost device  0 [0000:0c:00] AMD Instinct MI355X
#  Rank  1 Group  0 Pid 467908 on  localhost device  1 [0000:3d:00] AMD Instinct MI355X

localhost:467908:467908 [0] /longer_pathname_so_that_rpms_can_support_packaging_the_debug_info_for_all_os_profiles/src/out/ubuntu-22.04/22.04/build/rccl/hipify/src/init.cc:157 NCCL WARN NUMA auto balancing enabled which can lead to variability in the RCCL performance! Disable by "sudo sysctl kernel.numa_balancing=0"

localhost:467908:467908 [0] /longer_pathname_so_that_rpms_can_support_packaging_the_debug_info_for_all_os_profiles/src/out/ubuntu-22.04/22.04/build/rccl/hipify/src/init.cc:178 NCCL WARN Missing "iommu=pt" from kernel command line which can lead to system instablity or hang!

localhost:467908:467908 [1] /longer_pathname_so_that_rpms_can_support_packaging_the_debug_info_for_all_os_profiles/src/out/ubuntu-22.04/22.04/build/rccl/hipify/src/init.cc:157 NCCL WARN NUMA auto balancing enabled which can lead to variability in the RCCL performance! Disable by "sudo sysctl kernel.numa_balancing=0"

localhost:467908:467908 [1] /longer_pathname_so_that_rpms_can_support_packaging_the_debug_info_for_all_os_profiles/src/out/ubuntu-22.04/22.04/build/rccl/hipify/src/init.cc:178 NCCL WARN Missing "iommu=pt" from kernel command line which can lead to system instablity or hang!

localhost:467908:467908 [1] /longer_pathname_so_that_rpms_can_support_packaging_the_debug_info_for_all_os_profiles/src/out/ubuntu-22.04/22.04/build/rccl/hipify/src/init.cc:157 NCCL WARN NUMA auto balancing enabled which can lead to variability in the RCCL performance! Disable by "sudo sysctl kernel.numa_balancing=0"

localhost:467908:467908 [1] /longer_pathname_so_that_rpms_can_support_packaging_the_debug_info_for_all_os_profiles/src/out/ubuntu-22.04/22.04/build/rccl/hipify/src/init.cc:178 NCCL WARN Missing "iommu=pt" from kernel command line which can lead to system instablity or hang!
RCCL version : 2.22.3-HEAD:7d8d67c+
HIP version  : 6.4.43484-123eb5128
ROCm version : 6.4.3.0-128-e7d83f5
Hostname     : localhost.localdomain
Librccl path : /opt/rocm/lib/librccl.so.1

localhost:467908:467908 [1] /longer_pathname_so_that_rpms_can_support_packaging_the_debug_info_for_all_os_profiles/src/out/ubuntu-22.04/22.04/build/rccl/hipify/src/init.cc:157 NCCL WARN NUMA auto balancing enabled which can lead to variability in the RCCL performance! Disable by "sudo sysctl kernel.numa_balancing=0"

localhost:467908:467908 [1] /longer_pathname_so_that_rpms_can_support_packaging_the_debug_info_for_all_os_profiles/src/out/ubuntu-22.04/22.04/build/rccl/hipify/src/init.cc:178 NCCL WARN Missing "iommu=pt" from kernel command line which can lead to system instablity or hang!
#
#                                                              out-of-place                       in-place          
#       size         count      type   redop    root     time   algbw   busbw #wrong     time   algbw   busbw #wrong                               
#        (B)    (elements)                               (us)  (GB/s)  (GB/s)            (us)  (GB/s)  (GB/s)                                      
    16777216       4194304     float     sum      -1    298.3   56.25   56.25    N/A    478.8   35.04   35.04    N/A
    33554432       8388608     float     sum      -1    583.2   57.54   57.54    N/A    582.5   57.60   57.60    N/A
    67108864      16777216     float     sum      -1   1152.9   58.21   58.21    N/A   1152.7   58.22   58.22    N/A
   134217728      33554432     float     sum      -1   2289.3   58.63   58.63    N/A   2472.6   54.28   54.28    N/A
   268435456      67108864     float     sum      -1   4469.1   60.06   60.06    N/A   4699.6   57.12   57.12    N/A
   536870912     134217728     float     sum      -1   8997.5   59.67   59.67    N/A   9187.9   58.43   58.43    N/A
  1073741824     268435456     float     sum      -1    18116   59.27   59.27    N/A    18031   59.55   59.55    N/A
  2147483648     536870912     float     sum      -1    35883   59.85   59.85    N/A    35591   60.34   60.34    N/A
  4294967296    1073741824     float     sum      -1    71062   60.44   60.44    N/A    70732   60.72   60.72    N/A
  8589934592    2147483648     float     sum      -1   140048   61.34   61.34    N/A   140177   61.28   61.28    N/A
# Out of bounds values : 0 OK
# Avg bus bandwidth    : 57.6914 
#
# Collective test concluded: all_reduce_perf

