[in-container] HIP_VISIBLE_DEVICES=0,1,2,3,4,5,6,7
[in-container] NCCL_ALGO=Ring,Tree
[in-container] NCCL_PROTO=Simple,LL,LL128
[in-container] RCCL_MSCCL_ENABLE=1
[in-container] binary: /home/v89592/shaohao/megatron-lm/work/rccl-tests/build/alltoall_perf

# Collective test starting: alltoall_perf
# nThread 1 nGpus 8 minBytes 16777216 maxBytes 8589934592 step: 2(factor) warmup iters: 5 iters: 20 agg iters: 1 validation: 0 graph: 0
#
rccl-tests: Version develop_deprecated:40b1b17
# Using devices
#  Rank  0 Group  0 Pid 481757 on  localhost device  0 [0000:0c:00] AMD Instinct MI355X
#  Rank  1 Group  0 Pid 481757 on  localhost device  1 [0000:3d:00] AMD Instinct MI355X
#  Rank  2 Group  0 Pid 481757 on  localhost device  2 [0000:a8:00] AMD Instinct MI355X
#  Rank  3 Group  0 Pid 481757 on  localhost device  3 [0000:dc:00] AMD Instinct MI355X
#  Rank  4 Group  0 Pid 481757 on  localhost device  4 [0001:0d:00] AMD Instinct MI355X
#  Rank  5 Group  0 Pid 481757 on  localhost device  5 [0001:3d:00] AMD Instinct MI355X
#  Rank  6 Group  0 Pid 481757 on  localhost device  6 [0001:a5:00] AMD Instinct MI355X
#  Rank  7 Group  0 Pid 481757 on  localhost device  7 [0001:dc:00] AMD Instinct MI355X

localhost:481757:481757 [0] /longer_pathname_so_that_rpms_can_support_packaging_the_debug_info_for_all_os_profiles/src/out/ubuntu-22.04/22.04/build/rccl/hipify/src/init.cc:157 NCCL WARN NUMA auto balancing enabled which can lead to variability in the RCCL performance! Disable by "sudo sysctl kernel.numa_balancing=0"

localhost:481757:481757 [0] /longer_pathname_so_that_rpms_can_support_packaging_the_debug_info_for_all_os_profiles/src/out/ubuntu-22.04/22.04/build/rccl/hipify/src/init.cc:178 NCCL WARN Missing "iommu=pt" from kernel command line which can lead to system instablity or hang!

localhost:481757:481757 [7] /longer_pathname_so_that_rpms_can_support_packaging_the_debug_info_for_all_os_profiles/src/out/ubuntu-22.04/22.04/build/rccl/hipify/src/init.cc:157 NCCL WARN NUMA auto balancing enabled which can lead to variability in the RCCL performance! Disable by "sudo sysctl kernel.numa_balancing=0"

localhost:481757:481757 [7] /longer_pathname_so_that_rpms_can_support_packaging_the_debug_info_for_all_os_profiles/src/out/ubuntu-22.04/22.04/build/rccl/hipify/src/init.cc:178 NCCL WARN Missing "iommu=pt" from kernel command line which can lead to system instablity or hang!

localhost:481757:481757 [7] /longer_pathname_so_that_rpms_can_support_packaging_the_debug_info_for_all_os_profiles/src/out/ubuntu-22.04/22.04/build/rccl/hipify/src/init.cc:157 NCCL WARN NUMA auto balancing enabled which can lead to variability in the RCCL performance! Disable by "sudo sysctl kernel.numa_balancing=0"

localhost:481757:481757 [7] /longer_pathname_so_that_rpms_can_support_packaging_the_debug_info_for_all_os_profiles/src/out/ubuntu-22.04/22.04/build/rccl/hipify/src/init.cc:178 NCCL WARN Missing "iommu=pt" from kernel command line which can lead to system instablity or hang!
RCCL version : 2.22.3-HEAD:7d8d67c+
HIP version  : 6.4.43484-123eb5128
ROCm version : 6.4.3.0-128-e7d83f5
Hostname     : localhost.localdomain
Librccl path : /opt/rocm/lib/librccl.so.1

localhost:481757:481757 [7] /longer_pathname_so_that_rpms_can_support_packaging_the_debug_info_for_all_os_profiles/src/out/ubuntu-22.04/22.04/build/rccl/hipify/src/init.cc:157 NCCL WARN NUMA auto balancing enabled which can lead to variability in the RCCL performance! Disable by "sudo sysctl kernel.numa_balancing=0"

localhost:481757:481757 [7] /longer_pathname_so_that_rpms_can_support_packaging_the_debug_info_for_all_os_profiles/src/out/ubuntu-22.04/22.04/build/rccl/hipify/src/init.cc:178 NCCL WARN Missing "iommu=pt" from kernel command line which can lead to system instablity or hang!

localhost:481757:481757 [7] /longer_pathname_so_that_rpms_can_support_packaging_the_debug_info_for_all_os_profiles/src/out/ubuntu-22.04/22.04/build/rccl/hipify/src/init.cc:157 NCCL WARN NUMA auto balancing enabled which can lead to variability in the RCCL performance! Disable by "sudo sysctl kernel.numa_balancing=0"

localhost:481757:481757 [7] /longer_pathname_so_that_rpms_can_support_packaging_the_debug_info_for_all_os_profiles/src/out/ubuntu-22.04/22.04/build/rccl/hipify/src/init.cc:178 NCCL WARN Missing "iommu=pt" from kernel command line which can lead to system instablity or hang!

localhost:481757:481757 [7] /longer_pathname_so_that_rpms_can_support_packaging_the_debug_info_for_all_os_profiles/src/out/ubuntu-22.04/22.04/build/rccl/hipify/src/init.cc:157 NCCL WARN NUMA auto balancing enabled which can lead to variability in the RCCL performance! Disable by "sudo sysctl kernel.numa_balancing=0"

localhost:481757:481757 [7] /longer_pathname_so_that_rpms_can_support_packaging_the_debug_info_for_all_os_profiles/src/out/ubuntu-22.04/22.04/build/rccl/hipify/src/init.cc:178 NCCL WARN Missing "iommu=pt" from kernel command line which can lead to system instablity or hang!

localhost:481757:481757 [7] /longer_pathname_so_that_rpms_can_support_packaging_the_debug_info_for_all_os_profiles/src/out/ubuntu-22.04/22.04/build/rccl/hipify/src/init.cc:157 NCCL WARN NUMA auto balancing enabled which can lead to variability in the RCCL performance! Disable by "sudo sysctl kernel.numa_balancing=0"

localhost:481757:481757 [7] /longer_pathname_so_that_rpms_can_support_packaging_the_debug_info_for_all_os_profiles/src/out/ubuntu-22.04/22.04/build/rccl/hipify/src/init.cc:178 NCCL WARN Missing "iommu=pt" from kernel command line which can lead to system instablity or hang!

localhost:481757:481757 [7] /longer_pathname_so_that_rpms_can_support_packaging_the_debug_info_for_all_os_profiles/src/out/ubuntu-22.04/22.04/build/rccl/hipify/src/init.cc:157 NCCL WARN NUMA auto balancing enabled which can lead to variability in the RCCL performance! Disable by "sudo sysctl kernel.numa_balancing=0"

localhost:481757:481757 [7] /longer_pathname_so_that_rpms_can_support_packaging_the_debug_info_for_all_os_profiles/src/out/ubuntu-22.04/22.04/build/rccl/hipify/src/init.cc:178 NCCL WARN Missing "iommu=pt" from kernel command line which can lead to system instablity or hang!

localhost:481757:481757 [7] /longer_pathname_so_that_rpms_can_support_packaging_the_debug_info_for_all_os_profiles/src/out/ubuntu-22.04/22.04/build/rccl/hipify/src/init.cc:157 NCCL WARN NUMA auto balancing enabled which can lead to variability in the RCCL performance! Disable by "sudo sysctl kernel.numa_balancing=0"

localhost:481757:481757 [7] /longer_pathname_so_that_rpms_can_support_packaging_the_debug_info_for_all_os_profiles/src/out/ubuntu-22.04/22.04/build/rccl/hipify/src/init.cc:178 NCCL WARN Missing "iommu=pt" from kernel command line which can lead to system instablity or hang!

localhost:481757:481757 [7] /longer_pathname_so_that_rpms_can_support_packaging_the_debug_info_for_all_os_profiles/src/out/ubuntu-22.04/22.04/build/rccl/hipify/src/init.cc:157 NCCL WARN NUMA auto balancing enabled which can lead to variability in the RCCL performance! Disable by "sudo sysctl kernel.numa_balancing=0"

localhost:481757:481757 [7] /longer_pathname_so_that_rpms_can_support_packaging_the_debug_info_for_all_os_profiles/src/out/ubuntu-22.04/22.04/build/rccl/hipify/src/init.cc:178 NCCL WARN Missing "iommu=pt" from kernel command line which can lead to system instablity or hang!
#
#                                                              out-of-place                       in-place          
#       size         count      type   redop    root     time   algbw   busbw #wrong     time   algbw   busbw #wrong                               
#        (B)    (elements)                               (us)  (GB/s)  (GB/s)            (us)  (GB/s)  (GB/s)                                      
    16777216        524288     float    none      -1    67.08  250.09  218.83    N/A    79.69  210.53  184.22    N/A
    33554432       1048576     float    none      -1    126.4  265.43  232.25    N/A    125.7  266.89  233.53    N/A
    67108864       2097152     float    none      -1    210.3  319.15  279.25    N/A    210.5  318.78  278.93    N/A
   134217728       4194304     float    none      -1    374.5  358.36  313.56    N/A    374.9  358.06  313.30    N/A
   268435456       8388608     float    none      -1    701.2  382.81  334.96    N/A   1168.5  229.73  201.02    N/A
   536870912      16777216     float    none      -1   1356.9  395.65  346.19    N/A   1352.9  396.84  347.23    N/A
  1073741824      33554432     float    none      -1   2655.9  404.29  353.75    N/A   2654.9  404.44  353.88    N/A
  2147483648      67108864     float    none      -1   5257.5  408.46  357.40    N/A   5695.9  377.02  329.89    N/A
  4294967296     134217728     float    none      -1    10429  411.84  360.36    N/A    10854  395.72  346.25    N/A
  8589934592     268435456     float    none      -1    21815  393.77  344.55    N/A    20826  412.46  360.90    N/A
# Out of bounds values : 0 OK
# Avg bus bandwidth    : 304.513 
#
# Collective test concluded: alltoall_perf

