[in-container] HIP_VISIBLE_DEVICES=0,1,2,3,4
[in-container] NCCL_ALGO=Ring,Tree
[in-container] NCCL_PROTO=Simple,LL,LL128
[in-container] RCCL_MSCCL_ENABLE=1
[in-container] binary: /home/v89592/shaohao/megatron-lm/work/rccl-tests/build/gather_perf

# Collective test starting: gather_perf
# nThread 1 nGpus 5 minBytes 16777216 maxBytes 8589934592 step: 2(factor) warmup iters: 5 iters: 20 agg iters: 1 validation: 0 graph: 0
#
rccl-tests: Version develop_deprecated:40b1b17
# Using devices
#  Rank  0 Group  0 Pid 477321 on  localhost device  0 [0000:0c:00] AMD Instinct MI355X
#  Rank  1 Group  0 Pid 477321 on  localhost device  1 [0000:3d:00] AMD Instinct MI355X
#  Rank  2 Group  0 Pid 477321 on  localhost device  2 [0000:a8:00] AMD Instinct MI355X
#  Rank  3 Group  0 Pid 477321 on  localhost device  3 [0000:dc:00] AMD Instinct MI355X
#  Rank  4 Group  0 Pid 477321 on  localhost device  4 [0001:0d:00] AMD Instinct MI355X

localhost:477321:477321 [0] /longer_pathname_so_that_rpms_can_support_packaging_the_debug_info_for_all_os_profiles/src/out/ubuntu-22.04/22.04/build/rccl/hipify/src/init.cc:157 NCCL WARN NUMA auto balancing enabled which can lead to variability in the RCCL performance! Disable by "sudo sysctl kernel.numa_balancing=0"

localhost:477321:477321 [0] /longer_pathname_so_that_rpms_can_support_packaging_the_debug_info_for_all_os_profiles/src/out/ubuntu-22.04/22.04/build/rccl/hipify/src/init.cc:178 NCCL WARN Missing "iommu=pt" from kernel command line which can lead to system instablity or hang!

localhost:477321:477321 [4] /longer_pathname_so_that_rpms_can_support_packaging_the_debug_info_for_all_os_profiles/src/out/ubuntu-22.04/22.04/build/rccl/hipify/src/init.cc:157 NCCL WARN NUMA auto balancing enabled which can lead to variability in the RCCL performance! Disable by "sudo sysctl kernel.numa_balancing=0"

localhost:477321:477321 [4] /longer_pathname_so_that_rpms_can_support_packaging_the_debug_info_for_all_os_profiles/src/out/ubuntu-22.04/22.04/build/rccl/hipify/src/init.cc:178 NCCL WARN Missing "iommu=pt" from kernel command line which can lead to system instablity or hang!

localhost:477321:477321 [4] /longer_pathname_so_that_rpms_can_support_packaging_the_debug_info_for_all_os_profiles/src/out/ubuntu-22.04/22.04/build/rccl/hipify/src/init.cc:157 NCCL WARN NUMA auto balancing enabled which can lead to variability in the RCCL performance! Disable by "sudo sysctl kernel.numa_balancing=0"

localhost:477321:477321 [4] /longer_pathname_so_that_rpms_can_support_packaging_the_debug_info_for_all_os_profiles/src/out/ubuntu-22.04/22.04/build/rccl/hipify/src/init.cc:178 NCCL WARN Missing "iommu=pt" from kernel command line which can lead to system instablity or hang!
RCCL version : 2.22.3-HEAD:7d8d67c+
HIP version  : 6.4.43484-123eb5128
ROCm version : 6.4.3.0-128-e7d83f5
Hostname     : localhost.localdomain
Librccl path : /opt/rocm/lib/librccl.so.1

localhost:477321:477321 [4] /longer_pathname_so_that_rpms_can_support_packaging_the_debug_info_for_all_os_profiles/src/out/ubuntu-22.04/22.04/build/rccl/hipify/src/init.cc:157 NCCL WARN NUMA auto balancing enabled which can lead to variability in the RCCL performance! Disable by "sudo sysctl kernel.numa_balancing=0"

localhost:477321:477321 [4] /longer_pathname_so_that_rpms_can_support_packaging_the_debug_info_for_all_os_profiles/src/out/ubuntu-22.04/22.04/build/rccl/hipify/src/init.cc:178 NCCL WARN Missing "iommu=pt" from kernel command line which can lead to system instablity or hang!

localhost:477321:477321 [4] /longer_pathname_so_that_rpms_can_support_packaging_the_debug_info_for_all_os_profiles/src/out/ubuntu-22.04/22.04/build/rccl/hipify/src/init.cc:157 NCCL WARN NUMA auto balancing enabled which can lead to variability in the RCCL performance! Disable by "sudo sysctl kernel.numa_balancing=0"

localhost:477321:477321 [4] /longer_pathname_so_that_rpms_can_support_packaging_the_debug_info_for_all_os_profiles/src/out/ubuntu-22.04/22.04/build/rccl/hipify/src/init.cc:178 NCCL WARN Missing "iommu=pt" from kernel command line which can lead to system instablity or hang!

localhost:477321:477321 [4] /longer_pathname_so_that_rpms_can_support_packaging_the_debug_info_for_all_os_profiles/src/out/ubuntu-22.04/22.04/build/rccl/hipify/src/init.cc:157 NCCL WARN NUMA auto balancing enabled which can lead to variability in the RCCL performance! Disable by "sudo sysctl kernel.numa_balancing=0"

localhost:477321:477321 [4] /longer_pathname_so_that_rpms_can_support_packaging_the_debug_info_for_all_os_profiles/src/out/ubuntu-22.04/22.04/build/rccl/hipify/src/init.cc:178 NCCL WARN Missing "iommu=pt" from kernel command line which can lead to system instablity or hang!

localhost:477321:477321 [4] /longer_pathname_so_that_rpms_can_support_packaging_the_debug_info_for_all_os_profiles/src/out/ubuntu-22.04/22.04/build/rccl/hipify/src/init.cc:157 NCCL WARN NUMA auto balancing enabled which can lead to variability in the RCCL performance! Disable by "sudo sysctl kernel.numa_balancing=0"

localhost:477321:477321 [4] /longer_pathname_so_that_rpms_can_support_packaging_the_debug_info_for_all_os_profiles/src/out/ubuntu-22.04/22.04/build/rccl/hipify/src/init.cc:178 NCCL WARN Missing "iommu=pt" from kernel command line which can lead to system instablity or hang!
#
#                                                              out-of-place                       in-place          
#       size         count      type   redop    root     time   algbw   busbw #wrong     time   algbw   busbw #wrong                               
#        (B)    (elements)                               (us)  (GB/s)  (GB/s)            (us)  (GB/s)  (GB/s)                                      
    16777200        838860     float    none       0    674.3   24.88   19.90    N/A    529.0   31.72   25.37    N/A
    33554400       1677720     float    none       0   1313.8   25.54   20.43    N/A   1022.0   32.83   26.27    N/A
    67108800       3355440     float    none       0   2586.3   25.95   20.76    N/A   2007.5   33.43   26.74    N/A
   134217680       6710884     float    none       0   2908.8   46.14   36.91    N/A   2032.6   66.03   52.83    N/A
   268435440      13421772     float    none       0   3071.4   87.40   69.92    N/A   2280.9  117.69   94.15    N/A
   536870880      26843544     float    none       0   7294.9   73.59   58.88    N/A   5288.6  101.52   81.21    N/A
  1073741760      53687088     float    none       0    15224   70.53   56.43    N/A    11841   90.68   72.55    N/A
  2147483600     107374180     float    none       0    30980   69.32   55.46    N/A    24801   86.59   69.27    N/A
  4294967280     214748364     float    none       0    64668   66.42   53.13    N/A    50233   85.50   68.40    N/A
  8589934560     429496728     float    none       0   128303   66.95   53.56    N/A    99046   86.73   69.38    N/A
# Out of bounds values : 0 OK
# Avg bus bandwidth    : 51.5771 
#
# Collective test concluded: gather_perf

