[in-container] HIP_VISIBLE_DEVICES=0,1,2
[in-container] NCCL_ALGO=Ring,Tree
[in-container] NCCL_PROTO=Simple,LL,LL128
[in-container] RCCL_MSCCL_ENABLE=1
[in-container] binary: /home/v89592/shaohao/megatron-lm/work/rccl-tests/build/reduce_perf

# Collective test starting: reduce_perf
# nThread 1 nGpus 3 minBytes 16777216 maxBytes 8589934592 step: 2(factor) warmup iters: 5 iters: 20 agg iters: 1 validation: 0 graph: 0
#
rccl-tests: Version develop_deprecated:40b1b17
# Using devices
#  Rank  0 Group  0 Pid 476084 on  localhost device  0 [0000:0c:00] AMD Instinct MI355X
#  Rank  1 Group  0 Pid 476084 on  localhost device  1 [0000:3d:00] AMD Instinct MI355X
#  Rank  2 Group  0 Pid 476084 on  localhost device  2 [0000:a8:00] AMD Instinct MI355X

localhost:476084:476084 [0] /longer_pathname_so_that_rpms_can_support_packaging_the_debug_info_for_all_os_profiles/src/out/ubuntu-22.04/22.04/build/rccl/hipify/src/init.cc:157 NCCL WARN NUMA auto balancing enabled which can lead to variability in the RCCL performance! Disable by "sudo sysctl kernel.numa_balancing=0"

localhost:476084:476084 [0] /longer_pathname_so_that_rpms_can_support_packaging_the_debug_info_for_all_os_profiles/src/out/ubuntu-22.04/22.04/build/rccl/hipify/src/init.cc:178 NCCL WARN Missing "iommu=pt" from kernel command line which can lead to system instablity or hang!

localhost:476084:476084 [2] /longer_pathname_so_that_rpms_can_support_packaging_the_debug_info_for_all_os_profiles/src/out/ubuntu-22.04/22.04/build/rccl/hipify/src/init.cc:157 NCCL WARN NUMA auto balancing enabled which can lead to variability in the RCCL performance! Disable by "sudo sysctl kernel.numa_balancing=0"

localhost:476084:476084 [2] /longer_pathname_so_that_rpms_can_support_packaging_the_debug_info_for_all_os_profiles/src/out/ubuntu-22.04/22.04/build/rccl/hipify/src/init.cc:178 NCCL WARN Missing "iommu=pt" from kernel command line which can lead to system instablity or hang!

localhost:476084:476084 [2] /longer_pathname_so_that_rpms_can_support_packaging_the_debug_info_for_all_os_profiles/src/out/ubuntu-22.04/22.04/build/rccl/hipify/src/init.cc:157 NCCL WARN NUMA auto balancing enabled which can lead to variability in the RCCL performance! Disable by "sudo sysctl kernel.numa_balancing=0"

localhost:476084:476084 [2] /longer_pathname_so_that_rpms_can_support_packaging_the_debug_info_for_all_os_profiles/src/out/ubuntu-22.04/22.04/build/rccl/hipify/src/init.cc:178 NCCL WARN Missing "iommu=pt" from kernel command line which can lead to system instablity or hang!
RCCL version : 2.22.3-HEAD:7d8d67c+
HIP version  : 6.4.43484-123eb5128
ROCm version : 6.4.3.0-128-e7d83f5
Hostname     : localhost.localdomain
Librccl path : /opt/rocm/lib/librccl.so.1

localhost:476084:476084 [2] /longer_pathname_so_that_rpms_can_support_packaging_the_debug_info_for_all_os_profiles/src/out/ubuntu-22.04/22.04/build/rccl/hipify/src/init.cc:157 NCCL WARN NUMA auto balancing enabled which can lead to variability in the RCCL performance! Disable by "sudo sysctl kernel.numa_balancing=0"

localhost:476084:476084 [2] /longer_pathname_so_that_rpms_can_support_packaging_the_debug_info_for_all_os_profiles/src/out/ubuntu-22.04/22.04/build/rccl/hipify/src/init.cc:178 NCCL WARN Missing "iommu=pt" from kernel command line which can lead to system instablity or hang!

localhost:476084:476084 [2] /longer_pathname_so_that_rpms_can_support_packaging_the_debug_info_for_all_os_profiles/src/out/ubuntu-22.04/22.04/build/rccl/hipify/src/init.cc:157 NCCL WARN NUMA auto balancing enabled which can lead to variability in the RCCL performance! Disable by "sudo sysctl kernel.numa_balancing=0"

localhost:476084:476084 [2] /longer_pathname_so_that_rpms_can_support_packaging_the_debug_info_for_all_os_profiles/src/out/ubuntu-22.04/22.04/build/rccl/hipify/src/init.cc:178 NCCL WARN Missing "iommu=pt" from kernel command line which can lead to system instablity or hang!
#
#                                                              out-of-place                       in-place          
#       size         count      type   redop    root     time   algbw   busbw #wrong     time   algbw   busbw #wrong                               
#        (B)    (elements)                               (us)  (GB/s)  (GB/s)            (us)  (GB/s)  (GB/s)                                      
    16777216       4194304     float     sum       0    234.2   71.64   71.64    N/A    226.9   73.93   73.93    N/A
    33554432       8388608     float     sum       0    450.7   74.44   74.44    N/A    437.2   76.74   76.74    N/A
    67108864      16777216     float     sum       0    833.8   80.49   80.49    N/A    806.5   83.21   83.21    N/A
   134217728      33554432     float     sum       0   1643.9   81.65   81.65    N/A   1639.0   81.89   81.89    N/A
   268435456      67108864     float     sum       0   3205.3   83.75   83.75    N/A   3118.4   86.08   86.08    N/A
   536870912     134217728     float     sum       0   6562.6   81.81   81.81    N/A   6403.2   83.84   83.84    N/A
  1073741824     268435456     float     sum       0    13142   81.71   81.71    N/A    12524   85.73   85.73    N/A
  2147483648     536870912     float     sum       0    25894   82.93   82.93    N/A    25360   84.68   84.68    N/A
  4294967296    1073741824     float     sum       0    52064   82.49   82.49    N/A    50168   85.61   85.61    N/A
  8589934592    2147483648     float     sum       0   101643   84.51   84.51    N/A    99349   86.46   86.46    N/A
# Out of bounds values : 0 OK
# Avg bus bandwidth    : 81.6802 
#
# Collective test concluded: reduce_perf

