[in-container] HIP_VISIBLE_DEVICES=0,1
[in-container] NCCL_ALGO=Ring,Tree
[in-container] NCCL_PROTO=Simple,LL,LL128
[in-container] RCCL_MSCCL_ENABLE=1
[in-container] binary: /home/v89592/shaohao/megatron-lm/work/rccl-tests/build/reduce_perf

# Collective test starting: reduce_perf
# nThread 1 nGpus 2 minBytes 16777216 maxBytes 8589934592 step: 2(factor) warmup iters: 5 iters: 20 agg iters: 1 validation: 0 graph: 0
#
rccl-tests: Version develop_deprecated:40b1b17
# Using devices
#  Rank  0 Group  0 Pid 475954 on  localhost device  0 [0000:0c:00] AMD Instinct MI355X
#  Rank  1 Group  0 Pid 475954 on  localhost device  1 [0000:3d:00] AMD Instinct MI355X

localhost:475954:475954 [0] /longer_pathname_so_that_rpms_can_support_packaging_the_debug_info_for_all_os_profiles/src/out/ubuntu-22.04/22.04/build/rccl/hipify/src/init.cc:157 NCCL WARN NUMA auto balancing enabled which can lead to variability in the RCCL performance! Disable by "sudo sysctl kernel.numa_balancing=0"

localhost:475954:475954 [0] /longer_pathname_so_that_rpms_can_support_packaging_the_debug_info_for_all_os_profiles/src/out/ubuntu-22.04/22.04/build/rccl/hipify/src/init.cc:178 NCCL WARN Missing "iommu=pt" from kernel command line which can lead to system instablity or hang!

localhost:475954:475954 [1] /longer_pathname_so_that_rpms_can_support_packaging_the_debug_info_for_all_os_profiles/src/out/ubuntu-22.04/22.04/build/rccl/hipify/src/init.cc:157 NCCL WARN NUMA auto balancing enabled which can lead to variability in the RCCL performance! Disable by "sudo sysctl kernel.numa_balancing=0"

localhost:475954:475954 [1] /longer_pathname_so_that_rpms_can_support_packaging_the_debug_info_for_all_os_profiles/src/out/ubuntu-22.04/22.04/build/rccl/hipify/src/init.cc:178 NCCL WARN Missing "iommu=pt" from kernel command line which can lead to system instablity or hang!

localhost:475954:475954 [1] /longer_pathname_so_that_rpms_can_support_packaging_the_debug_info_for_all_os_profiles/src/out/ubuntu-22.04/22.04/build/rccl/hipify/src/init.cc:157 NCCL WARN NUMA auto balancing enabled which can lead to variability in the RCCL performance! Disable by "sudo sysctl kernel.numa_balancing=0"

localhost:475954:475954 [1] /longer_pathname_so_that_rpms_can_support_packaging_the_debug_info_for_all_os_profiles/src/out/ubuntu-22.04/22.04/build/rccl/hipify/src/init.cc:178 NCCL WARN Missing "iommu=pt" from kernel command line which can lead to system instablity or hang!
RCCL version : 2.22.3-HEAD:7d8d67c+
HIP version  : 6.4.43484-123eb5128
ROCm version : 6.4.3.0-128-e7d83f5
Hostname     : localhost.localdomain
Librccl path : /opt/rocm/lib/librccl.so.1

localhost:475954:475954 [1] /longer_pathname_so_that_rpms_can_support_packaging_the_debug_info_for_all_os_profiles/src/out/ubuntu-22.04/22.04/build/rccl/hipify/src/init.cc:157 NCCL WARN NUMA auto balancing enabled which can lead to variability in the RCCL performance! Disable by "sudo sysctl kernel.numa_balancing=0"

localhost:475954:475954 [1] /longer_pathname_so_that_rpms_can_support_packaging_the_debug_info_for_all_os_profiles/src/out/ubuntu-22.04/22.04/build/rccl/hipify/src/init.cc:178 NCCL WARN Missing "iommu=pt" from kernel command line which can lead to system instablity or hang!
#
#                                                              out-of-place                       in-place          
#       size         count      type   redop    root     time   algbw   busbw #wrong     time   algbw   busbw #wrong                               
#        (B)    (elements)                               (us)  (GB/s)  (GB/s)            (us)  (GB/s)  (GB/s)                                      
    16777216       4194304     float     sum       0    271.7   61.75   61.75    N/A    238.8   70.25   70.25    N/A
    33554432       8388608     float     sum       0    535.2   62.69   62.69    N/A    469.2   71.51   71.51    N/A
    67108864      16777216     float     sum       0   1058.9   63.38   63.38    N/A    928.9   72.25   72.25    N/A
   134217728      33554432     float     sum       0   2105.9   63.74   63.74    N/A   1848.1   72.62   72.62    N/A
   268435456      67108864     float     sum       0   4355.0   61.64   61.64    N/A   3684.6   72.85   72.85    N/A
   536870912     134217728     float     sum       0   8558.8   62.73   62.73    N/A   7504.8   71.54   71.54    N/A
  1073741824     268435456     float     sum       0    17180   62.50   62.50    N/A    15074   71.23   71.23    N/A
  2147483648     536870912     float     sum       0    33476   64.15   64.15    N/A    29386   73.08   73.08    N/A
  4294967296    1073741824     float     sum       0    67741   63.40   63.40    N/A    59658   71.99   71.99    N/A
  8589934592    2147483648     float     sum       0   134729   63.76   63.76    N/A   117884   72.87   72.87    N/A
# Out of bounds values : 0 OK
# Avg bus bandwidth    : 67.4961 
#
# Collective test concluded: reduce_perf

