[in-container] HIP_VISIBLE_DEVICES=0,1,2,3
[in-container] NCCL_ALGO=Ring,Tree
[in-container] NCCL_PROTO=Simple,LL,LL128
[in-container] RCCL_MSCCL_ENABLE=1
[in-container] binary: /home/v89592/shaohao/megatron-lm/work/rccl-tests/build/scatter_perf

# Collective test starting: scatter_perf
# nThread 1 nGpus 4 minBytes 16777216 maxBytes 8589934592 step: 2(factor) warmup iters: 5 iters: 20 agg iters: 1 validation: 0 graph: 0
#
rccl-tests: Version develop_deprecated:40b1b17
# Using devices
#  Rank  0 Group  0 Pid 478171 on  localhost device  0 [0000:0c:00] AMD Instinct MI355X
#  Rank  1 Group  0 Pid 478171 on  localhost device  1 [0000:3d:00] AMD Instinct MI355X
#  Rank  2 Group  0 Pid 478171 on  localhost device  2 [0000:a8:00] AMD Instinct MI355X
#  Rank  3 Group  0 Pid 478171 on  localhost device  3 [0000:dc:00] AMD Instinct MI355X

localhost:478171:478171 [0] /longer_pathname_so_that_rpms_can_support_packaging_the_debug_info_for_all_os_profiles/src/out/ubuntu-22.04/22.04/build/rccl/hipify/src/init.cc:157 NCCL WARN NUMA auto balancing enabled which can lead to variability in the RCCL performance! Disable by "sudo sysctl kernel.numa_balancing=0"

localhost:478171:478171 [0] /longer_pathname_so_that_rpms_can_support_packaging_the_debug_info_for_all_os_profiles/src/out/ubuntu-22.04/22.04/build/rccl/hipify/src/init.cc:178 NCCL WARN Missing "iommu=pt" from kernel command line which can lead to system instablity or hang!

localhost:478171:478171 [3] /longer_pathname_so_that_rpms_can_support_packaging_the_debug_info_for_all_os_profiles/src/out/ubuntu-22.04/22.04/build/rccl/hipify/src/init.cc:157 NCCL WARN NUMA auto balancing enabled which can lead to variability in the RCCL performance! Disable by "sudo sysctl kernel.numa_balancing=0"

localhost:478171:478171 [3] /longer_pathname_so_that_rpms_can_support_packaging_the_debug_info_for_all_os_profiles/src/out/ubuntu-22.04/22.04/build/rccl/hipify/src/init.cc:178 NCCL WARN Missing "iommu=pt" from kernel command line which can lead to system instablity or hang!

localhost:478171:478171 [3] /longer_pathname_so_that_rpms_can_support_packaging_the_debug_info_for_all_os_profiles/src/out/ubuntu-22.04/22.04/build/rccl/hipify/src/init.cc:157 NCCL WARN NUMA auto balancing enabled which can lead to variability in the RCCL performance! Disable by "sudo sysctl kernel.numa_balancing=0"

localhost:478171:478171 [3] /longer_pathname_so_that_rpms_can_support_packaging_the_debug_info_for_all_os_profiles/src/out/ubuntu-22.04/22.04/build/rccl/hipify/src/init.cc:178 NCCL WARN Missing "iommu=pt" from kernel command line which can lead to system instablity or hang!
RCCL version : 2.22.3-HEAD:7d8d67c+
HIP version  : 6.4.43484-123eb5128
ROCm version : 6.4.3.0-128-e7d83f5
Hostname     : localhost.localdomain
Librccl path : /opt/rocm/lib/librccl.so.1

localhost:478171:478171 [3] /longer_pathname_so_that_rpms_can_support_packaging_the_debug_info_for_all_os_profiles/src/out/ubuntu-22.04/22.04/build/rccl/hipify/src/init.cc:157 NCCL WARN NUMA auto balancing enabled which can lead to variability in the RCCL performance! Disable by "sudo sysctl kernel.numa_balancing=0"

localhost:478171:478171 [3] /longer_pathname_so_that_rpms_can_support_packaging_the_debug_info_for_all_os_profiles/src/out/ubuntu-22.04/22.04/build/rccl/hipify/src/init.cc:178 NCCL WARN Missing "iommu=pt" from kernel command line which can lead to system instablity or hang!

localhost:478171:478171 [3] /longer_pathname_so_that_rpms_can_support_packaging_the_debug_info_for_all_os_profiles/src/out/ubuntu-22.04/22.04/build/rccl/hipify/src/init.cc:157 NCCL WARN NUMA auto balancing enabled which can lead to variability in the RCCL performance! Disable by "sudo sysctl kernel.numa_balancing=0"

localhost:478171:478171 [3] /longer_pathname_so_that_rpms_can_support_packaging_the_debug_info_for_all_os_profiles/src/out/ubuntu-22.04/22.04/build/rccl/hipify/src/init.cc:178 NCCL WARN Missing "iommu=pt" from kernel command line which can lead to system instablity or hang!

localhost:478171:478171 [3] /longer_pathname_so_that_rpms_can_support_packaging_the_debug_info_for_all_os_profiles/src/out/ubuntu-22.04/22.04/build/rccl/hipify/src/init.cc:157 NCCL WARN NUMA auto balancing enabled which can lead to variability in the RCCL performance! Disable by "sudo sysctl kernel.numa_balancing=0"

localhost:478171:478171 [3] /longer_pathname_so_that_rpms_can_support_packaging_the_debug_info_for_all_os_profiles/src/out/ubuntu-22.04/22.04/build/rccl/hipify/src/init.cc:178 NCCL WARN Missing "iommu=pt" from kernel command line which can lead to system instablity or hang!
#
#                                                              out-of-place                       in-place          
#       size         count      type   redop    root     time   algbw   busbw #wrong     time   algbw   busbw #wrong                               
#        (B)    (elements)                               (us)  (GB/s)  (GB/s)            (us)  (GB/s)  (GB/s)                                      
    16777216       1048576     float    none       0    77.88  215.42  161.57    N/A    78.04  214.98  161.24    N/A
    33554432       2097152     float    none       0    147.0  228.28  171.21    N/A    145.8  230.06  172.55    N/A
    67108864       4194304     float    none       0    283.1  237.08  177.81    N/A    282.8  237.34  178.00    N/A
   134217728       8388608     float    none       0    556.0  241.39  181.04    N/A    543.1  247.14  185.35    N/A
   268435456      16777216     float    none       0   1103.6  243.23  182.42    N/A   1030.1  260.60  195.45    N/A
   536870912      33554432     float    none       0   2459.4  218.29  163.72    N/A   2061.2  260.47  195.35    N/A
  1073741824      67108864     float    none       0   4378.5  245.23  183.92    N/A   4399.6  244.05  183.04    N/A
  2147483648     134217728     float    none       0   9109.1  235.75  176.81    N/A   8543.0  251.37  188.53    N/A
  4294967296     268435456     float    none       0    18178  236.28  177.21    N/A    16633  258.22  193.66    N/A
  8589934592     536870912     float    none       0    35259  243.63  182.72    N/A    33619  255.51  191.63    N/A
# Out of bounds values : 0 OK
# Avg bus bandwidth    : 180.161 
#
# Collective test concluded: scatter_perf

