[RESULT] [ 79361.555050] Action name :tflops-bf16
[RESULT] [ 79361.597194] Module name :gst
[RESULT] [ 79362.176437] [tflops-bf16] [GPU:: 42583] Start of GPU ramp up
[RESULT] [ 79367.690588] [tflops-bf16] [GPU:: 42583] GFLOPS 1594650
[RESULT] [ 79368.690418] [tflops-bf16] [GPU:: 42583] End of GPU ramp up
[RESULT] [ 79382.198125] [tflops-bf16] [GPU:: 42583] GFLOPS 1627979
[RESULT] [ 79395.725222] [tflops-bf16] [GPU:: 42583] GFLOPS 1625646
[RESULT] [ 79409.259140] [tflops-bf16] [GPU:: 42583] GFLOPS 1624827
[RESULT] [ 79409.259162] [tflops-bf16] [GPU:: 42583] GFLOPS 1627979 Target GFLOPS: 0 met: TRUE
+=====================================================================+
|                 ROCm Validation Suite (RVS) Summary                 |
+=====================================================================+
|                           System Overview                           |
+---------------------------------------------------------------------+
| Operating System                 | Ubuntu 22.04.5 LTS               |
| RVS version                      | 1.7.8                            |
| ROCm version                     | N/A                              |
| amdgpu version                   | 6.19.14                          |
| GPUs                             | 8                                |
+---------------------------------------------------------------------+
| GPU Name - GPU ID                |                                  |
| ID - Node ID - BDF               |                                  |
+---------------------------------------------------------------------+
| AMD Instinct MI355X - 42583      | AMD Instinct MI355X - 27226      |
| 0 - 3 - 0000:05:00.0             | 1 - 5 - 0000:15:00.0             |
+---------------------------------------------------------------------+
| AMD Instinct MI355X - 36479      | AMD Instinct MI355X - 17010      |
| 2 - 4 - 0000:65:00.0             | 3 - 2 - 0000:75:00.0             |
+---------------------------------------------------------------------+
| AMD Instinct MI355X - 1590       | AMD Instinct MI355X - 51771      |
| 4 - 7 - 0000:85:00.0             | 5 - 9 - 0000:95:00.0             |
+---------------------------------------------------------------------+
| AMD Instinct MI355X - 11806      | AMD Instinct MI355X - 57875      |
| 6 - 8 - 0000:e5:00.0             | 7 - 6 - 0000:f5:00.0             |
+=====================================================================+
| Action Name                      | Module         | Result          |
+=====================================================================+
| tflops-bf16                      | GST            | [32mPASS          [0m  |
+---------------------------------------------------------------------+
