[RESULT] [ 79224.983648] Action name :tflops-fp8
[RESULT] [ 79225.25331 ] Module name :gst
[RESULT] [ 79225.597257] [tflops-fp8] [GPU:: 42583] Start of GPU ramp up
[RESULT] [ 79232.387278] [tflops-fp8] [GPU:: 42583] GFLOPS 3564057
[RESULT] [ 79233.387353] [tflops-fp8] [GPU:: 42583] End of GPU ramp up
[RESULT] [ 79239.629849] [tflops-fp8] [GPU:: 42583] GFLOPS 3522680
[RESULT] [ 79245.864103] [tflops-fp8] [GPU:: 42583] GFLOPS 3527343
[RESULT] [ 79252.106829] [tflops-fp8] [GPU:: 42583] GFLOPS 3522556
[RESULT] [ 79258.357725] [tflops-fp8] [GPU:: 42583] GFLOPS 3517953
[RESULT] [ 79264.617041] [tflops-fp8] [GPU:: 42583] GFLOPS 3513221
[RESULT] [ 79264.617072] [tflops-fp8] [GPU:: 42583] GFLOPS 3527343 Target GFLOPS: 0 met: TRUE
+=====================================================================+
|                 ROCm Validation Suite (RVS) Summary                 |
+=====================================================================+
|                           System Overview                           |
+---------------------------------------------------------------------+
| Operating System                 | Ubuntu 22.04.5 LTS               |
| RVS version                      | 1.7.8                            |
| ROCm version                     | N/A                              |
| amdgpu version                   | 6.19.14                          |
| GPUs                             | 8                                |
+---------------------------------------------------------------------+
| GPU Name - GPU ID                |                                  |
| ID - Node ID - BDF               |                                  |
+---------------------------------------------------------------------+
| AMD Instinct MI355X - 42583      | AMD Instinct MI355X - 27226      |
| 0 - 3 - 0000:05:00.0             | 1 - 5 - 0000:15:00.0             |
+---------------------------------------------------------------------+
| AMD Instinct MI355X - 36479      | AMD Instinct MI355X - 17010      |
| 2 - 4 - 0000:65:00.0             | 3 - 2 - 0000:75:00.0             |
+---------------------------------------------------------------------+
| AMD Instinct MI355X - 1590       | AMD Instinct MI355X - 51771      |
| 4 - 7 - 0000:85:00.0             | 5 - 9 - 0000:95:00.0             |
+---------------------------------------------------------------------+
| AMD Instinct MI355X - 11806      | AMD Instinct MI355X - 57875      |
| 6 - 8 - 0000:e5:00.0             | 7 - 6 - 0000:f5:00.0             |
+=====================================================================+
| Action Name                      | Module         | Result          |
+=====================================================================+
| tflops-fp8                       | GST            | [32mPASS          [0m  |
+---------------------------------------------------------------------+
