[RESULT] [ 79745.7463  ] Action name :tflops-bf8
[RESULT] [ 79745.49170 ] Module name :gst
[RESULT] [ 79745.628270] [tflops-bf8] [GPU:: 42583] Start of GPU ramp up
[RESULT] [ 79745.628362] [tflops-bf8] [GPU:: 27226] Start of GPU ramp up
[RESULT] [ 79752.522419] [tflops-bf8] [GPU:: 42583] GFLOPS 3291950
[RESULT] [ 79752.560133] [tflops-bf8] [GPU:: 27226] GFLOPS 3173193
[RESULT] [ 79753.522185] [tflops-bf8] [GPU:: 42583] End of GPU ramp up
[RESULT] [ 79753.559571] [tflops-bf8] [GPU:: 27226] End of GPU ramp up
[RESULT] [ 79760.356742] [tflops-bf8] [GPU:: 42583] GFLOPS 3217514
[RESULT] [ 79760.474190] [tflops-bf8] [GPU:: 27226] GFLOPS 3180264
[RESULT] [ 79767.206276] [tflops-bf8] [GPU:: 42583] GFLOPS 3210481
[RESULT] [ 79767.393490] [tflops-bf8] [GPU:: 27226] GFLOPS 3178117
[RESULT] [ 79774.56836 ] [tflops-bf8] [GPU:: 42583] GFLOPS 3210002
[RESULT] [ 79774.321827] [tflops-bf8] [GPU:: 27226] GFLOPS 3173974
[RESULT] [ 79780.897775] [tflops-bf8] [GPU:: 42583] GFLOPS 3214519
[RESULT] [ 79781.254407] [tflops-bf8] [GPU:: 27226] GFLOPS 3172033
[RESULT] [ 79787.743706] [tflops-bf8] [GPU:: 42583] GFLOPS 3212178
[RESULT] [ 79787.743744] [tflops-bf8] [GPU:: 42583] GFLOPS 3217514 Target GFLOPS: 0 met: TRUE
[RESULT] [ 79788.194080] [tflops-bf8] [GPU:: 27226] GFLOPS 3168792
[RESULT] [ 79788.194120] [tflops-bf8] [GPU:: 27226] GFLOPS 3180264 Target GFLOPS: 0 met: TRUE
+=====================================================================+
|                 ROCm Validation Suite (RVS) Summary                 |
+=====================================================================+
|                           System Overview                           |
+---------------------------------------------------------------------+
| Operating System                 | Ubuntu 22.04.5 LTS               |
| RVS version                      | 1.7.8                            |
| ROCm version                     | N/A                              |
| amdgpu version                   | 6.19.14                          |
| GPUs                             | 8                                |
+---------------------------------------------------------------------+
| GPU Name - GPU ID                |                                  |
| ID - Node ID - BDF               |                                  |
+---------------------------------------------------------------------+
| AMD Instinct MI355X - 42583      | AMD Instinct MI355X - 27226      |
| 0 - 3 - 0000:05:00.0             | 1 - 5 - 0000:15:00.0             |
+---------------------------------------------------------------------+
| AMD Instinct MI355X - 36479      | AMD Instinct MI355X - 17010      |
| 2 - 4 - 0000:65:00.0             | 3 - 2 - 0000:75:00.0             |
+---------------------------------------------------------------------+
| AMD Instinct MI355X - 1590       | AMD Instinct MI355X - 51771      |
| 4 - 7 - 0000:85:00.0             | 5 - 9 - 0000:95:00.0             |
+---------------------------------------------------------------------+
| AMD Instinct MI355X - 11806      | AMD Instinct MI355X - 57875      |
| 6 - 8 - 0000:e5:00.0             | 7 - 6 - 0000:f5:00.0             |
+=====================================================================+
| Action Name                      | Module         | Result          |
+=====================================================================+
| tflops-bf8                       | GST            | [32mPASS          [0m  |
+---------------------------------------------------------------------+
