[RESULT] [ 79586.538758] Action name :tflops-fp6
[RESULT] [ 79586.584085] Module name :gst
[RESULT] [ 79587.157653] [tflops-fp6] [GPU:: 42583] Start of GPU ramp up
[RESULT] [ 79587.157715] [tflops-fp6] [GPU:: 27226] Start of GPU ramp up
[RESULT] [ 79606.366142] [tflops-fp6] [GPU:: 42583] GFLOPS 1173438
[RESULT] [ 79606.613521] [tflops-fp6] [GPU:: 27226] GFLOPS 1172187
[RESULT] [ 79607.366497] [tflops-fp6] [GPU:: 42583] End of GPU ramp up
[RESULT] [ 79607.614855] [tflops-fp6] [GPU:: 27226] End of GPU ramp up
[RESULT] [ 79625.124675] [tflops-fp6] [GPU:: 42583] GFLOPS 1238317
[RESULT] [ 79625.389744] [tflops-fp6] [GPU:: 27226] GFLOPS 1237152
[RESULT] [ 79642.885624] [tflops-fp6] [GPU:: 42583] GFLOPS 1238124
[RESULT] [ 79642.885637] [tflops-fp6] [GPU:: 42583] GFLOPS 1238317 Target GFLOPS: 0 met: TRUE
[RESULT] [ 79643.159547] [tflops-fp6] [GPU:: 27226] GFLOPS 1237507
[RESULT] [ 79643.159563] [tflops-fp6] [GPU:: 27226] GFLOPS 1237507 Target GFLOPS: 0 met: TRUE
+=====================================================================+
|                 ROCm Validation Suite (RVS) Summary                 |
+=====================================================================+
|                           System Overview                           |
+---------------------------------------------------------------------+
| Operating System                 | Ubuntu 22.04.5 LTS               |
| RVS version                      | 1.7.8                            |
| ROCm version                     | N/A                              |
| amdgpu version                   | 6.19.14                          |
| GPUs                             | 8                                |
+---------------------------------------------------------------------+
| GPU Name - GPU ID                |                                  |
| ID - Node ID - BDF               |                                  |
+---------------------------------------------------------------------+
| AMD Instinct MI355X - 42583      | AMD Instinct MI355X - 27226      |
| 0 - 3 - 0000:05:00.0             | 1 - 5 - 0000:15:00.0             |
+---------------------------------------------------------------------+
| AMD Instinct MI355X - 36479      | AMD Instinct MI355X - 17010      |
| 2 - 4 - 0000:65:00.0             | 3 - 2 - 0000:75:00.0             |
+---------------------------------------------------------------------+
| AMD Instinct MI355X - 1590       | AMD Instinct MI355X - 51771      |
| 4 - 7 - 0000:85:00.0             | 5 - 9 - 0000:95:00.0             |
+---------------------------------------------------------------------+
| AMD Instinct MI355X - 11806      | AMD Instinct MI355X - 57875      |
| 6 - 8 - 0000:e5:00.0             | 7 - 6 - 0000:f5:00.0             |
+=====================================================================+
| Action Name                      | Module         | Result          |
+=====================================================================+
| tflops-fp6                       | GST            | [32mPASS          [0m  |
+---------------------------------------------------------------------+
