[RESULT] [ 79789.577080] Action name :tflops-fp16
[RESULT] [ 79789.618500] Module name :gst
[RESULT] [ 79790.195196] [tflops-fp16] [GPU:: 42583] Start of GPU ramp up
[RESULT] [ 79790.195342] [tflops-fp16] [GPU:: 27226] Start of GPU ramp up
[RESULT] [ 79795.669608] [tflops-fp16] [GPU:: 27226] GFLOPS 1482820
[RESULT] [ 79795.723349] [tflops-fp16] [GPU:: 42583] GFLOPS 1534559
[RESULT] [ 79796.669439] [tflops-fp16] [GPU:: 27226] End of GPU ramp up
[RESULT] [ 79796.724284] [tflops-fp16] [GPU:: 42583] End of GPU ramp up
[RESULT] [ 79811.64752 ] [tflops-fp16] [GPU:: 27226] GFLOPS 1527599
[RESULT] [ 79811.197065] [tflops-fp16] [GPU:: 42583] GFLOPS 1519421
[RESULT] [ 79825.466769] [tflops-fp16] [GPU:: 27226] GFLOPS 1526890
[RESULT] [ 79825.688820] [tflops-fp16] [GPU:: 42583] GFLOPS 1517433
[RESULT] [ 79839.896138] [tflops-fp16] [GPU:: 27226] GFLOPS 1523994
[RESULT] [ 79839.896179] [tflops-fp16] [GPU:: 27226] GFLOPS 1527599 Target GFLOPS: 0 met: TRUE
[RESULT] [ 79840.205982] [tflops-fp16] [GPU:: 42583] GFLOPS 1514778
[RESULT] [ 79840.206015] [tflops-fp16] [GPU:: 42583] GFLOPS 1519421 Target GFLOPS: 0 met: TRUE
+=====================================================================+
|                 ROCm Validation Suite (RVS) Summary                 |
+=====================================================================+
|                           System Overview                           |
+---------------------------------------------------------------------+
| Operating System                 | Ubuntu 22.04.5 LTS               |
| RVS version                      | 1.7.8                            |
| ROCm version                     | N/A                              |
| amdgpu version                   | 6.19.14                          |
| GPUs                             | 8                                |
+---------------------------------------------------------------------+
| GPU Name - GPU ID                |                                  |
| ID - Node ID - BDF               |                                  |
+---------------------------------------------------------------------+
| AMD Instinct MI355X - 42583      | AMD Instinct MI355X - 27226      |
| 0 - 3 - 0000:05:00.0             | 1 - 5 - 0000:15:00.0             |
+---------------------------------------------------------------------+
| AMD Instinct MI355X - 36479      | AMD Instinct MI355X - 17010      |
| 2 - 4 - 0000:65:00.0             | 3 - 2 - 0000:75:00.0             |
+---------------------------------------------------------------------+
| AMD Instinct MI355X - 1590       | AMD Instinct MI355X - 51771      |
| 4 - 7 - 0000:85:00.0             | 5 - 9 - 0000:95:00.0             |
+---------------------------------------------------------------------+
| AMD Instinct MI355X - 11806      | AMD Instinct MI355X - 57875      |
| 6 - 8 - 0000:e5:00.0             | 7 - 6 - 0000:f5:00.0             |
+=====================================================================+
| Action Name                      | Module         | Result          |
+=====================================================================+
| tflops-fp16                      | GST            | [32mPASS          [0m  |
+---------------------------------------------------------------------+
