[RESULT] [ 79890.679705] Action name :tflops-fp32
[RESULT] [ 79890.721339] Module name :gst
[RESULT] [ 79891.295457] [tflops-fp32] [GPU:: 42583] Start of GPU ramp up
[RESULT] [ 79891.295576] [tflops-fp32] [GPU:: 27226] Start of GPU ramp up
[RESULT] [ 79895.986558] [tflops-fp32] [GPU:: 27226] GFLOPS 153284
[RESULT] [ 79896.24820 ] [tflops-fp32] [GPU:: 42583] GFLOPS 152455
[RESULT] [ 79896.992433] [tflops-fp32] [GPU:: 27226] End of GPU ramp up
[RESULT] [ 79897.25116 ] [tflops-fp32] [GPU:: 42583] End of GPU ramp up
[RESULT] [ 79911.342089] [tflops-fp32] [GPU:: 27226] GFLOPS 153245
[RESULT] [ 79911.399542] [tflops-fp32] [GPU:: 42583] GFLOPS 152981
[RESULT] [ 79925.642803] [tflops-fp32] [GPU:: 27226] GFLOPS 153770
[RESULT] [ 79925.771888] [tflops-fp32] [GPU:: 42583] GFLOPS 153004
[RESULT] [ 79939.992646] [tflops-fp32] [GPU:: 27226] GFLOPS 153244
[RESULT] [ 79939.992669] [tflops-fp32] [GPU:: 27226] GFLOPS 153770 Target GFLOPS: 0 met: TRUE
[RESULT] [ 79940.141494] [tflops-fp32] [GPU:: 42583] GFLOPS 153033
[RESULT] [ 79940.141515] [tflops-fp32] [GPU:: 42583] GFLOPS 153033 Target GFLOPS: 0 met: TRUE
+=====================================================================+
|                 ROCm Validation Suite (RVS) Summary                 |
+=====================================================================+
|                           System Overview                           |
+---------------------------------------------------------------------+
| Operating System                 | Ubuntu 22.04.5 LTS               |
| RVS version                      | 1.7.8                            |
| ROCm version                     | N/A                              |
| amdgpu version                   | 6.19.14                          |
| GPUs                             | 8                                |
+---------------------------------------------------------------------+
| GPU Name - GPU ID                |                                  |
| ID - Node ID - BDF               |                                  |
+---------------------------------------------------------------------+
| AMD Instinct MI355X - 42583      | AMD Instinct MI355X - 27226      |
| 0 - 3 - 0000:05:00.0             | 1 - 5 - 0000:15:00.0             |
+---------------------------------------------------------------------+
| AMD Instinct MI355X - 36479      | AMD Instinct MI355X - 17010      |
| 2 - 4 - 0000:65:00.0             | 3 - 2 - 0000:75:00.0             |
+---------------------------------------------------------------------+
| AMD Instinct MI355X - 1590       | AMD Instinct MI355X - 51771      |
| 4 - 7 - 0000:85:00.0             | 5 - 9 - 0000:95:00.0             |
+---------------------------------------------------------------------+
| AMD Instinct MI355X - 11806      | AMD Instinct MI355X - 57875      |
| 6 - 8 - 0000:e5:00.0             | 7 - 6 - 0000:f5:00.0             |
+=====================================================================+
| Action Name                      | Module         | Result          |
+=====================================================================+
| tflops-fp32                      | GST            | [32mPASS          [0m  |
+---------------------------------------------------------------------+
