[RESULT] [ 79941.500720] Action name :tflops-fp64
[RESULT] [ 79941.550445] Module name :gst
[RESULT] [ 79942.123459] [tflops-fp64] [GPU:: 42583] Start of GPU ramp up
[RESULT] [ 79942.123506] [tflops-fp64] [GPU:: 27226] Start of GPU ramp up
[RESULT] [ 79947.39681 ] [tflops-fp64] [GPU:: 27226] GFLOPS 76690
[RESULT] [ 79947.85269 ] [tflops-fp64] [GPU:: 42583] GFLOPS 76493
[RESULT] [ 79948.43367 ] [tflops-fp64] [GPU:: 27226] End of GPU ramp up
[RESULT] [ 79948.76264 ] [tflops-fp64] [GPU:: 42583] End of GPU ramp up
[RESULT] [ 79976.685307] [tflops-fp64] [GPU:: 27226] GFLOPS 76776
[RESULT] [ 79976.758386] [tflops-fp64] [GPU:: 42583] GFLOPS 76668
[RESULT] [ 80005.334970] [tflops-fp64] [GPU:: 27226] GFLOPS 76755
[RESULT] [ 80005.334986] [tflops-fp64] [GPU:: 27226] GFLOPS 76776 Target GFLOPS: 0 met: TRUE
[RESULT] [ 80005.454244] [tflops-fp64] [GPU:: 42583] GFLOPS 76632
[RESULT] [ 80005.454263] [tflops-fp64] [GPU:: 42583] GFLOPS 76668 Target GFLOPS: 0 met: TRUE
+=====================================================================+
|                 ROCm Validation Suite (RVS) Summary                 |
+=====================================================================+
|                           System Overview                           |
+---------------------------------------------------------------------+
| Operating System                 | Ubuntu 22.04.5 LTS               |
| RVS version                      | 1.7.8                            |
| ROCm version                     | N/A                              |
| amdgpu version                   | 6.19.14                          |
| GPUs                             | 8                                |
+---------------------------------------------------------------------+
| GPU Name - GPU ID                |                                  |
| ID - Node ID - BDF               |                                  |
+---------------------------------------------------------------------+
| AMD Instinct MI355X - 42583      | AMD Instinct MI355X - 27226      |
| 0 - 3 - 0000:05:00.0             | 1 - 5 - 0000:15:00.0             |
+---------------------------------------------------------------------+
| AMD Instinct MI355X - 36479      | AMD Instinct MI355X - 17010      |
| 2 - 4 - 0000:65:00.0             | 3 - 2 - 0000:75:00.0             |
+---------------------------------------------------------------------+
| AMD Instinct MI355X - 1590       | AMD Instinct MI355X - 51771      |
| 4 - 7 - 0000:85:00.0             | 5 - 9 - 0000:95:00.0             |
+---------------------------------------------------------------------+
| AMD Instinct MI355X - 11806      | AMD Instinct MI355X - 57875      |
| 6 - 8 - 0000:e5:00.0             | 7 - 6 - 0000:f5:00.0             |
+=====================================================================+
| Action Name                      | Module         | Result          |
+=====================================================================+
| tflops-fp64                      | GST            | [32mPASS          [0m  |
+---------------------------------------------------------------------+
