[RESULT] [ 80332.51401 ] Action name :tflops-bf16
[RESULT] [ 80332.95370 ] Module name :gst
[RESULT] [ 80332.668147] [tflops-bf16] [GPU:: 42583] Start of GPU ramp up
[RESULT] [ 80332.668192] [tflops-bf16] [GPU:: 36479] Start of GPU ramp up
[RESULT] [ 80332.668290] [tflops-bf16] [GPU:: 27226] Start of GPU ramp up
[RESULT] [ 80338.481664] [tflops-bf16] [GPU:: 27226] GFLOPS 1669721
[RESULT] [ 80338.498877] [tflops-bf16] [GPU:: 42583] GFLOPS 1611006
[RESULT] [ 80338.531269] [tflops-bf16] [GPU:: 36479] GFLOPS 1585452
[RESULT] [ 80339.481565] [tflops-bf16] [GPU:: 27226] End of GPU ramp up
[RESULT] [ 80339.498556] [tflops-bf16] [GPU:: 42583] End of GPU ramp up
[RESULT] [ 80339.530641] [tflops-bf16] [GPU:: 36479] End of GPU ramp up
[RESULT] [ 80352.931695] [tflops-bf16] [GPU:: 27226] GFLOPS 1634948
[RESULT] [ 80352.978809] [tflops-bf16] [GPU:: 36479] GFLOPS 1635187
[RESULT] [ 80352.988549] [tflops-bf16] [GPU:: 42583] GFLOPS 1630117
[RESULT] [ 80366.389694] [tflops-bf16] [GPU:: 27226] GFLOPS 1633993
[RESULT] [ 80366.449135] [tflops-bf16] [GPU:: 36479] GFLOPS 1632498
[RESULT] [ 80366.497595] [tflops-bf16] [GPU:: 42583] GFLOPS 1627820
[RESULT] [ 80379.850528] [tflops-bf16] [GPU:: 27226] GFLOPS 1633650
[RESULT] [ 80379.850555] [tflops-bf16] [GPU:: 27226] GFLOPS 1634948 Target GFLOPS: 0 met: TRUE
[RESULT] [ 80379.923055] [tflops-bf16] [GPU:: 36479] GFLOPS 1632065
[RESULT] [ 80379.923090] [tflops-bf16] [GPU:: 36479] GFLOPS 1635187 Target GFLOPS: 0 met: TRUE
[RESULT] [ 80380.7601  ] [tflops-bf16] [GPU:: 42583] GFLOPS 1627704
[RESULT] [ 80380.7630  ] [tflops-bf16] [GPU:: 42583] GFLOPS 1630117 Target GFLOPS: 0 met: TRUE
+=====================================================================+
|                 ROCm Validation Suite (RVS) Summary                 |
+=====================================================================+
|                           System Overview                           |
+---------------------------------------------------------------------+
| Operating System                 | Ubuntu 22.04.5 LTS               |
| RVS version                      | 1.7.8                            |
| ROCm version                     | N/A                              |
| amdgpu version                   | 6.19.14                          |
| GPUs                             | 8                                |
+---------------------------------------------------------------------+
| GPU Name - GPU ID                |                                  |
| ID - Node ID - BDF               |                                  |
+---------------------------------------------------------------------+
| AMD Instinct MI355X - 42583      | AMD Instinct MI355X - 27226      |
| 0 - 3 - 0000:05:00.0             | 1 - 5 - 0000:15:00.0             |
+---------------------------------------------------------------------+
| AMD Instinct MI355X - 36479      | AMD Instinct MI355X - 17010      |
| 2 - 4 - 0000:65:00.0             | 3 - 2 - 0000:75:00.0             |
+---------------------------------------------------------------------+
| AMD Instinct MI355X - 1590       | AMD Instinct MI355X - 51771      |
| 4 - 7 - 0000:85:00.0             | 5 - 9 - 0000:95:00.0             |
+---------------------------------------------------------------------+
| AMD Instinct MI355X - 11806      | AMD Instinct MI355X - 57875      |
| 6 - 8 - 0000:e5:00.0             | 7 - 6 - 0000:f5:00.0             |
+=====================================================================+
| Action Name                      | Module         | Result          |
+=====================================================================+
| tflops-bf16                      | GST            | [32mPASS          [0m  |
+---------------------------------------------------------------------+
