[RESULT] [ 80279.865990] Action name :tflops-fp16
[RESULT] [ 80279.907448] Module name :gst
[RESULT] [ 80280.481061] [tflops-fp16] [GPU:: 42583] Start of GPU ramp up
[RESULT] [ 80280.481098] [tflops-fp16] [GPU:: 36479] Start of GPU ramp up
[RESULT] [ 80280.481238] [tflops-fp16] [GPU:: 27226] Start of GPU ramp up
[RESULT] [ 80285.987941] [tflops-fp16] [GPU:: 27226] GFLOPS 1513436
[RESULT] [ 80285.998372] [tflops-fp16] [GPU:: 36479] GFLOPS 1531353
[RESULT] [ 80286.20434 ] [tflops-fp16] [GPU:: 42583] GFLOPS 1532420
[RESULT] [ 80286.986569] [tflops-fp16] [GPU:: 27226] End of GPU ramp up
[RESULT] [ 80286.998826] [tflops-fp16] [GPU:: 36479] End of GPU ramp up
[RESULT] [ 80287.21399 ] [tflops-fp16] [GPU:: 42583] End of GPU ramp up
[RESULT] [ 80301.368700] [tflops-fp16] [GPU:: 27226] GFLOPS 1528999
[RESULT] [ 80301.396146] [tflops-fp16] [GPU:: 36479] GFLOPS 1527386
[RESULT] [ 80301.553938] [tflops-fp16] [GPU:: 42583] GFLOPS 1513174
[RESULT] [ 80315.797914] [tflops-fp16] [GPU:: 27226] GFLOPS 1524011
[RESULT] [ 80315.818195] [tflops-fp16] [GPU:: 36479] GFLOPS 1524770
[RESULT] [ 80316.104138] [tflops-fp16] [GPU:: 42583] GFLOPS 1511339
[RESULT] [ 80330.232034] [tflops-fp16] [GPU:: 27226] GFLOPS 1523493
[RESULT] [ 80330.232061] [tflops-fp16] [GPU:: 27226] GFLOPS 1528999 Target GFLOPS: 0 met: TRUE
[RESULT] [ 80330.247088] [tflops-fp16] [GPU:: 36479] GFLOPS 1524045
[RESULT] [ 80330.247115] [tflops-fp16] [GPU:: 36479] GFLOPS 1527386 Target GFLOPS: 0 met: TRUE
[RESULT] [ 80330.676131] [tflops-fp16] [GPU:: 42583] GFLOPS 1509079
[RESULT] [ 80330.676160] [tflops-fp16] [GPU:: 42583] GFLOPS 1513174 Target GFLOPS: 0 met: TRUE
+=====================================================================+
|                 ROCm Validation Suite (RVS) Summary                 |
+=====================================================================+
|                           System Overview                           |
+---------------------------------------------------------------------+
| Operating System                 | Ubuntu 22.04.5 LTS               |
| RVS version                      | 1.7.8                            |
| ROCm version                     | N/A                              |
| amdgpu version                   | 6.19.14                          |
| GPUs                             | 8                                |
+---------------------------------------------------------------------+
| GPU Name - GPU ID                |                                  |
| ID - Node ID - BDF               |                                  |
+---------------------------------------------------------------------+
| AMD Instinct MI355X - 42583      | AMD Instinct MI355X - 27226      |
| 0 - 3 - 0000:05:00.0             | 1 - 5 - 0000:15:00.0             |
+---------------------------------------------------------------------+
| AMD Instinct MI355X - 36479      | AMD Instinct MI355X - 17010      |
| 2 - 4 - 0000:65:00.0             | 3 - 2 - 0000:75:00.0             |
+---------------------------------------------------------------------+
| AMD Instinct MI355X - 1590       | AMD Instinct MI355X - 51771      |
| 4 - 7 - 0000:85:00.0             | 5 - 9 - 0000:95:00.0             |
+---------------------------------------------------------------------+
| AMD Instinct MI355X - 11806      | AMD Instinct MI355X - 57875      |
| 6 - 8 - 0000:e5:00.0             | 7 - 6 - 0000:f5:00.0             |
+=====================================================================+
| Action Name                      | Module         | Result          |
+=====================================================================+
| tflops-fp16                      | GST            | [32mPASS          [0m  |
+---------------------------------------------------------------------+
