[RESULT] [ 80381.454484] Action name :tflops-fp32
[RESULT] [ 80381.495869] Module name :gst
[RESULT] [ 80382.69423 ] [tflops-fp32] [GPU:: 42583] Start of GPU ramp up
[RESULT] [ 80382.69483 ] [tflops-fp32] [GPU:: 36479] Start of GPU ramp up
[RESULT] [ 80382.69571 ] [tflops-fp32] [GPU:: 27226] Start of GPU ramp up
[RESULT] [ 80386.802032] [tflops-fp32] [GPU:: 27226] GFLOPS 153348
[RESULT] [ 80386.848246] [tflops-fp32] [GPU:: 42583] GFLOPS 152519
[RESULT] [ 80386.850692] [tflops-fp32] [GPU:: 36479] GFLOPS 152646
[RESULT] [ 80387.800849] [tflops-fp32] [GPU:: 27226] End of GPU ramp up
[RESULT] [ 80387.849628] [tflops-fp32] [GPU:: 42583] End of GPU ramp up
[RESULT] [ 80387.855271] [tflops-fp32] [GPU:: 36479] End of GPU ramp up
[RESULT] [ 80402.153038] [tflops-fp32] [GPU:: 27226] GFLOPS 153218
[RESULT] [ 80402.161036] [tflops-fp32] [GPU:: 36479] GFLOPS 153716
[RESULT] [ 80402.238530] [tflops-fp32] [GPU:: 42583] GFLOPS 152828
[RESULT] [ 80416.486932] [tflops-fp32] [GPU:: 36479] GFLOPS 153500
[RESULT] [ 80416.498663] [tflops-fp32] [GPU:: 27226] GFLOPS 153289
[RESULT] [ 80416.623152] [tflops-fp32] [GPU:: 42583] GFLOPS 152873
[RESULT] [ 80430.796497] [tflops-fp32] [GPU:: 36479] GFLOPS 153675
[RESULT] [ 80430.796523] [tflops-fp32] [GPU:: 36479] GFLOPS 153716 Target GFLOPS: 0 met: TRUE
[RESULT] [ 80430.834367] [tflops-fp32] [GPU:: 27226] GFLOPS 153395
[RESULT] [ 80430.834387] [tflops-fp32] [GPU:: 27226] GFLOPS 153395 Target GFLOPS: 0 met: TRUE
[RESULT] [ 80431.14408 ] [tflops-fp32] [GPU:: 42583] GFLOPS 152803
[RESULT] [ 80431.14431 ] [tflops-fp32] [GPU:: 42583] GFLOPS 152873 Target GFLOPS: 0 met: TRUE
+=====================================================================+
|                 ROCm Validation Suite (RVS) Summary                 |
+=====================================================================+
|                           System Overview                           |
+---------------------------------------------------------------------+
| Operating System                 | Ubuntu 22.04.5 LTS               |
| RVS version                      | 1.7.8                            |
| ROCm version                     | N/A                              |
| amdgpu version                   | 6.19.14                          |
| GPUs                             | 8                                |
+---------------------------------------------------------------------+
| GPU Name - GPU ID                |                                  |
| ID - Node ID - BDF               |                                  |
+---------------------------------------------------------------------+
| AMD Instinct MI355X - 42583      | AMD Instinct MI355X - 27226      |
| 0 - 3 - 0000:05:00.0             | 1 - 5 - 0000:15:00.0             |
+---------------------------------------------------------------------+
| AMD Instinct MI355X - 36479      | AMD Instinct MI355X - 17010      |
| 2 - 4 - 0000:65:00.0             | 3 - 2 - 0000:75:00.0             |
+---------------------------------------------------------------------+
| AMD Instinct MI355X - 1590       | AMD Instinct MI355X - 51771      |
| 4 - 7 - 0000:85:00.0             | 5 - 9 - 0000:95:00.0             |
+---------------------------------------------------------------------+
| AMD Instinct MI355X - 11806      | AMD Instinct MI355X - 57875      |
| 6 - 8 - 0000:e5:00.0             | 7 - 6 - 0000:f5:00.0             |
+=====================================================================+
| Action Name                      | Module         | Result          |
+=====================================================================+
| tflops-fp32                      | GST            | [32mPASS          [0m  |
+---------------------------------------------------------------------+
