[RESULT] [ 80432.467464] Action name :tflops-fp64
[RESULT] [ 80432.509074] Module name :gst
[RESULT] [ 80433.85297 ] [tflops-fp64] [GPU:: 42583] Start of GPU ramp up
[RESULT] [ 80433.85355 ] [tflops-fp64] [GPU:: 36479] Start of GPU ramp up
[RESULT] [ 80433.85421 ] [tflops-fp64] [GPU:: 27226] Start of GPU ramp up
[RESULT] [ 80438.84120 ] [tflops-fp64] [GPU:: 36479] GFLOPS 76905
[RESULT] [ 80438.130896] [tflops-fp64] [GPU:: 27226] GFLOPS 76572
[RESULT] [ 80438.146248] [tflops-fp64] [GPU:: 42583] GFLOPS 76493
[RESULT] [ 80439.85443 ] [tflops-fp64] [GPU:: 36479] End of GPU ramp up
[RESULT] [ 80439.135920] [tflops-fp64] [GPU:: 27226] End of GPU ramp up
[RESULT] [ 80439.137849] [tflops-fp64] [GPU:: 42583] End of GPU ramp up
[RESULT] [ 80467.625150] [tflops-fp64] [GPU:: 36479] GFLOPS 77051
[RESULT] [ 80467.787147] [tflops-fp64] [GPU:: 27226] GFLOPS 76751
[RESULT] [ 80467.839685] [tflops-fp64] [GPU:: 42583] GFLOPS 76616
[RESULT] [ 80496.162711] [tflops-fp64] [GPU:: 36479] GFLOPS 77057
[RESULT] [ 80496.162727] [tflops-fp64] [GPU:: 36479] GFLOPS 77057 Target GFLOPS: 0 met: TRUE
[RESULT] [ 80496.457753] [tflops-fp64] [GPU:: 27226] GFLOPS 76699
[RESULT] [ 80496.457778] [tflops-fp64] [GPU:: 27226] GFLOPS 76751 Target GFLOPS: 0 met: TRUE
[RESULT] [ 80496.526441] [tflops-fp64] [GPU:: 42583] GFLOPS 76656
[RESULT] [ 80496.526464] [tflops-fp64] [GPU:: 42583] GFLOPS 76656 Target GFLOPS: 0 met: TRUE
+=====================================================================+
|                 ROCm Validation Suite (RVS) Summary                 |
+=====================================================================+
|                           System Overview                           |
+---------------------------------------------------------------------+
| Operating System                 | Ubuntu 22.04.5 LTS               |
| RVS version                      | 1.7.8                            |
| ROCm version                     | N/A                              |
| amdgpu version                   | 6.19.14                          |
| GPUs                             | 8                                |
+---------------------------------------------------------------------+
| GPU Name - GPU ID                |                                  |
| ID - Node ID - BDF               |                                  |
+---------------------------------------------------------------------+
| AMD Instinct MI355X - 42583      | AMD Instinct MI355X - 27226      |
| 0 - 3 - 0000:05:00.0             | 1 - 5 - 0000:15:00.0             |
+---------------------------------------------------------------------+
| AMD Instinct MI355X - 36479      | AMD Instinct MI355X - 17010      |
| 2 - 4 - 0000:65:00.0             | 3 - 2 - 0000:75:00.0             |
+---------------------------------------------------------------------+
| AMD Instinct MI355X - 1590       | AMD Instinct MI355X - 51771      |
| 4 - 7 - 0000:85:00.0             | 5 - 9 - 0000:95:00.0             |
+---------------------------------------------------------------------+
| AMD Instinct MI355X - 11806      | AMD Instinct MI355X - 57875      |
| 6 - 8 - 0000:e5:00.0             | 7 - 6 - 0000:f5:00.0             |
+=====================================================================+
| Action Name                      | Module         | Result          |
+=====================================================================+
| tflops-fp64                      | GST            | [32mPASS          [0m  |
+---------------------------------------------------------------------+
