[RESULT] [ 80070.942731] Action name :tflops-fp6
[RESULT] [ 80070.984187] Module name :gst
[RESULT] [ 80071.557711] [tflops-fp6] [GPU:: 42583] Start of GPU ramp up
[RESULT] [ 80071.557730] [tflops-fp6] [GPU:: 36479] Start of GPU ramp up
[RESULT] [ 80071.557777] [tflops-fp6] [GPU:: 27226] Start of GPU ramp up
[RESULT] [ 80092.75886 ] [tflops-fp6] [GPU:: 42583] GFLOPS 1164736
[RESULT] [ 80093.74967 ] [tflops-fp6] [GPU:: 42583] End of GPU ramp up
[RESULT] [ 80093.690457] [tflops-fp6] [GPU:: 27226] GFLOPS 883851
[RESULT] [ 80093.730677] [tflops-fp6] [GPU:: 36479] GFLOPS 917023
[RESULT] [ 80094.689460] [tflops-fp6] [GPU:: 27226] End of GPU ramp up
[RESULT] [ 80094.730227] [tflops-fp6] [GPU:: 36479] End of GPU ramp up
[RESULT] [ 80110.835886] [tflops-fp6] [GPU:: 42583] GFLOPS 1238126
[RESULT] [ 80112.440598] [tflops-fp6] [GPU:: 27226] GFLOPS 1238808
[RESULT] [ 80112.459062] [tflops-fp6] [GPU:: 36479] GFLOPS 1240367
[RESULT] [ 80128.594730] [tflops-fp6] [GPU:: 42583] GFLOPS 1238270
[RESULT] [ 80128.594746] [tflops-fp6] [GPU:: 42583] GFLOPS 1238270 Target GFLOPS: 0 met: TRUE
[RESULT] [ 80130.186959] [tflops-fp6] [GPU:: 36479] GFLOPS 1240433
[RESULT] [ 80130.186980] [tflops-fp6] [GPU:: 36479] GFLOPS 1240433 Target GFLOPS: 0 met: TRUE
[RESULT] [ 80130.201223] [tflops-fp6] [GPU:: 27226] GFLOPS 1238147
[RESULT] [ 80130.201241] [tflops-fp6] [GPU:: 27226] GFLOPS 1238808 Target GFLOPS: 0 met: TRUE
+=====================================================================+
|                 ROCm Validation Suite (RVS) Summary                 |
+=====================================================================+
|                           System Overview                           |
+---------------------------------------------------------------------+
| Operating System                 | Ubuntu 22.04.5 LTS               |
| RVS version                      | 1.7.8                            |
| ROCm version                     | N/A                              |
| amdgpu version                   | 6.19.14                          |
| GPUs                             | 8                                |
+---------------------------------------------------------------------+
| GPU Name - GPU ID                |                                  |
| ID - Node ID - BDF               |                                  |
+---------------------------------------------------------------------+
| AMD Instinct MI355X - 42583      | AMD Instinct MI355X - 27226      |
| 0 - 3 - 0000:05:00.0             | 1 - 5 - 0000:15:00.0             |
+---------------------------------------------------------------------+
| AMD Instinct MI355X - 36479      | AMD Instinct MI355X - 17010      |
| 2 - 4 - 0000:65:00.0             | 3 - 2 - 0000:75:00.0             |
+---------------------------------------------------------------------+
| AMD Instinct MI355X - 1590       | AMD Instinct MI355X - 51771      |
| 4 - 7 - 0000:85:00.0             | 5 - 9 - 0000:95:00.0             |
+---------------------------------------------------------------------+
| AMD Instinct MI355X - 11806      | AMD Instinct MI355X - 57875      |
| 6 - 8 - 0000:e5:00.0             | 7 - 6 - 0000:f5:00.0             |
+=====================================================================+
| Action Name                      | Module         | Result          |
+=====================================================================+
| tflops-fp6                       | GST            | [32mPASS          [0m  |
+---------------------------------------------------------------------+
