[RESULT] [ 80006.910352] Action name :tflops-fp4
[RESULT] [ 80006.951703] Module name :gst
[RESULT] [ 80007.524231] [tflops-fp4] [GPU:: 42583] Start of GPU ramp up
[RESULT] [ 80007.524242] [tflops-fp4] [GPU:: 36479] Start of GPU ramp up
[RESULT] [ 80007.524428] [tflops-fp4] [GPU:: 27226] Start of GPU ramp up
[RESULT] [ 80034.461379] [tflops-fp4] [GPU:: 42583] GFLOPS 3326812
[RESULT] [ 80034.566487] [tflops-fp4] [GPU:: 27226] GFLOPS 3301836
[RESULT] [ 80034.904916] [tflops-fp4] [GPU:: 36479] GFLOPS 3362420
[RESULT] [ 80035.462129] [tflops-fp4] [GPU:: 42583] End of GPU ramp up
[RESULT] [ 80035.566758] [tflops-fp4] [GPU:: 27226] End of GPU ramp up
[RESULT] [ 80035.904553] [tflops-fp4] [GPU:: 36479] End of GPU ramp up
[RESULT] [ 80041.494670] [tflops-fp4] [GPU:: 36479] GFLOPS 3933785
[RESULT] [ 80042.595270] [tflops-fp4] [GPU:: 27226] GFLOPS 3128726
[RESULT] [ 80042.651273] [tflops-fp4] [GPU:: 42583] GFLOPS 3058817
[RESULT] [ 80047.113268] [tflops-fp4] [GPU:: 36479] GFLOPS 3913849
[RESULT] [ 80049.13085 ] [tflops-fp4] [GPU:: 27226] GFLOPS 3426448
[RESULT] [ 80049.148094] [tflops-fp4] [GPU:: 42583] GFLOPS 3384778
[RESULT] [ 80052.735057] [tflops-fp4] [GPU:: 36479] GFLOPS 3911630
[RESULT] [ 80055.217255] [tflops-fp4] [GPU:: 27226] GFLOPS 3544438
[RESULT] [ 80055.348977] [tflops-fp4] [GPU:: 42583] GFLOPS 3546316
[RESULT] [ 80058.355569] [tflops-fp4] [GPU:: 36479] GFLOPS 3912517
[RESULT] [ 80061.825025] [tflops-fp4] [GPU:: 42583] GFLOPS 3395635
[RESULT] [ 80062.229391] [tflops-fp4] [GPU:: 27226] GFLOPS 3136032
[RESULT] [ 80063.977439] [tflops-fp4] [GPU:: 36479] GFLOPS 3911570
[RESULT] [ 80068.298369] [tflops-fp4] [GPU:: 42583] GFLOPS 3397053
[RESULT] [ 80068.298383] [tflops-fp4] [GPU:: 42583] GFLOPS 3546316 Target GFLOPS: 0 met: TRUE
[RESULT] [ 80068.580149] [tflops-fp4] [GPU:: 27226] GFLOPS 3462625
[RESULT] [ 80068.580164] [tflops-fp4] [GPU:: 27226] GFLOPS 3544438 Target GFLOPS: 0 met: TRUE
[RESULT] [ 80069.602339] [tflops-fp4] [GPU:: 36479] GFLOPS 3909464
[RESULT] [ 80069.602359] [tflops-fp4] [GPU:: 36479] GFLOPS 3933785 Target GFLOPS: 0 met: TRUE
+=====================================================================+
|                 ROCm Validation Suite (RVS) Summary                 |
+=====================================================================+
|                           System Overview                           |
+---------------------------------------------------------------------+
| Operating System                 | Ubuntu 22.04.5 LTS               |
| RVS version                      | 1.7.8                            |
| ROCm version                     | N/A                              |
| amdgpu version                   | 6.19.14                          |
| GPUs                             | 8                                |
+---------------------------------------------------------------------+
| GPU Name - GPU ID                |                                  |
| ID - Node ID - BDF               |                                  |
+---------------------------------------------------------------------+
| AMD Instinct MI355X - 42583      | AMD Instinct MI355X - 27226      |
| 0 - 3 - 0000:05:00.0             | 1 - 5 - 0000:15:00.0             |
+---------------------------------------------------------------------+
| AMD Instinct MI355X - 36479      | AMD Instinct MI355X - 17010      |
| 2 - 4 - 0000:65:00.0             | 3 - 2 - 0000:75:00.0             |
+---------------------------------------------------------------------+
| AMD Instinct MI355X - 1590       | AMD Instinct MI355X - 51771      |
| 4 - 7 - 0000:85:00.0             | 5 - 9 - 0000:95:00.0             |
+---------------------------------------------------------------------+
| AMD Instinct MI355X - 11806      | AMD Instinct MI355X - 57875      |
| 6 - 8 - 0000:e5:00.0             | 7 - 6 - 0000:f5:00.0             |
+=====================================================================+
| Action Name                      | Module         | Result          |
+=====================================================================+
| tflops-fp4                       | GST            | [32mPASS          [0m  |
+---------------------------------------------------------------------+
