[RESULT] [ 80626.587032] Action name :tflops-bf6
[RESULT] [ 80626.628390] Module name :gst
[RESULT] [ 80627.200135] [tflops-bf6] [GPU:: 17010] Start of GPU ramp up
[RESULT] [ 80627.200159] [tflops-bf6] [GPU:: 42583] Start of GPU ramp up
[RESULT] [ 80627.200312] [tflops-bf6] [GPU:: 36479] Start of GPU ramp up
[RESULT] [ 80627.200368] [tflops-bf6] [GPU:: 27226] Start of GPU ramp up
[RESULT] [ 80650.355289] [tflops-bf6] [GPU:: 36479] GFLOPS 1149515
[RESULT] [ 80651.356404] [tflops-bf6] [GPU:: 36479] End of GPU ramp up
[RESULT] [ 80652.783719] [tflops-bf6] [GPU:: 17010] GFLOPS 921249
[RESULT] [ 80653.184297] [tflops-bf6] [GPU:: 42583] GFLOPS 924736
[RESULT] [ 80653.561843] [tflops-bf6] [GPU:: 27226] GFLOPS 1167829
[RESULT] [ 80653.784505] [tflops-bf6] [GPU:: 17010] End of GPU ramp up
[RESULT] [ 80654.185786] [tflops-bf6] [GPU:: 42583] End of GPU ramp up
[RESULT] [ 80654.562496] [tflops-bf6] [GPU:: 27226] End of GPU ramp up
[RESULT] [ 80669.92383 ] [tflops-bf6] [GPU:: 36479] GFLOPS 1239867
[RESULT] [ 80671.517365] [tflops-bf6] [GPU:: 17010] GFLOPS 1240085
[RESULT] [ 80671.992614] [tflops-bf6] [GPU:: 42583] GFLOPS 1234933
[RESULT] [ 80672.334050] [tflops-bf6] [GPU:: 27226] GFLOPS 1237385
[RESULT] [ 80686.821421] [tflops-bf6] [GPU:: 36479] GFLOPS 1240352
[RESULT] [ 80686.821437] [tflops-bf6] [GPU:: 36479] GFLOPS 1240352 Target GFLOPS: 0 met: TRUE
[RESULT] [ 80689.265340] [tflops-bf6] [GPU:: 17010] GFLOPS 1239029
[RESULT] [ 80689.265365] [tflops-bf6] [GPU:: 17010] GFLOPS 1240085 Target GFLOPS: 0 met: TRUE
[RESULT] [ 80689.791384] [tflops-bf6] [GPU:: 42583] GFLOPS 1235493
[RESULT] [ 80689.791405] [tflops-bf6] [GPU:: 42583] GFLOPS 1235493 Target GFLOPS: 0 met: TRUE
[RESULT] [ 80690.108518] [tflops-bf6] [GPU:: 27226] GFLOPS 1237182
[RESULT] [ 80690.108539] [tflops-bf6] [GPU:: 27226] GFLOPS 1237385 Target GFLOPS: 0 met: TRUE
+=====================================================================+
|                 ROCm Validation Suite (RVS) Summary                 |
+=====================================================================+
|                           System Overview                           |
+---------------------------------------------------------------------+
| Operating System                 | Ubuntu 22.04.5 LTS               |
| RVS version                      | 1.7.8                            |
| ROCm version                     | N/A                              |
| amdgpu version                   | 6.19.14                          |
| GPUs                             | 8                                |
+---------------------------------------------------------------------+
| GPU Name - GPU ID                |                                  |
| ID - Node ID - BDF               |                                  |
+---------------------------------------------------------------------+
| AMD Instinct MI355X - 42583      | AMD Instinct MI355X - 27226      |
| 0 - 3 - 0000:05:00.0             | 1 - 5 - 0000:15:00.0             |
+---------------------------------------------------------------------+
| AMD Instinct MI355X - 36479      | AMD Instinct MI355X - 17010      |
| 2 - 4 - 0000:65:00.0             | 3 - 2 - 0000:75:00.0             |
+---------------------------------------------------------------------+
| AMD Instinct MI355X - 1590       | AMD Instinct MI355X - 51771      |
| 4 - 7 - 0000:85:00.0             | 5 - 9 - 0000:95:00.0             |
+---------------------------------------------------------------------+
| AMD Instinct MI355X - 11806      | AMD Instinct MI355X - 57875      |
| 6 - 8 - 0000:e5:00.0             | 7 - 6 - 0000:f5:00.0             |
+=====================================================================+
| Action Name                      | Module         | Result          |
+=====================================================================+
| tflops-bf6                       | GST            | [32mPASS          [0m  |
+---------------------------------------------------------------------+
