[RESULT] [ 80691.694875] Action name :tflops-fp8
[RESULT] [ 80691.736358] Module name :gst
[RESULT] [ 80692.310537] [tflops-fp8] [GPU:: 17010] Start of GPU ramp up
[RESULT] [ 80692.310629] [tflops-fp8] [GPU:: 42583] Start of GPU ramp up
[RESULT] [ 80692.310722] [tflops-fp8] [GPU:: 36479] Start of GPU ramp up
[RESULT] [ 80692.310848] [tflops-fp8] [GPU:: 27226] Start of GPU ramp up
[RESULT] [ 80699.290910] [tflops-fp8] [GPU:: 27226] GFLOPS 3593175
[RESULT] [ 80699.347721] [tflops-fp8] [GPU:: 42583] GFLOPS 3529732
[RESULT] [ 80699.364718] [tflops-fp8] [GPU:: 17010] GFLOPS 3671157
[RESULT] [ 80699.386156] [tflops-fp8] [GPU:: 36479] GFLOPS 3646804
[RESULT] [ 80700.290755] [tflops-fp8] [GPU:: 27226] End of GPU ramp up
[RESULT] [ 80700.347555] [tflops-fp8] [GPU:: 42583] End of GPU ramp up
[RESULT] [ 80700.364872] [tflops-fp8] [GPU:: 17010] End of GPU ramp up
[RESULT] [ 80700.386192] [tflops-fp8] [GPU:: 36479] End of GPU ramp up
[RESULT] [ 80706.531406] [tflops-fp8] [GPU:: 17010] GFLOPS 3566075
[RESULT] [ 80706.573360] [tflops-fp8] [GPU:: 27226] GFLOPS 3500192
[RESULT] [ 80706.582863] [tflops-fp8] [GPU:: 42583] GFLOPS 3526740
[RESULT] [ 80706.611240] [tflops-fp8] [GPU:: 36479] GFLOPS 3532556
[RESULT] [ 80712.706569] [tflops-fp8] [GPU:: 17010] GFLOPS 3561097
[RESULT] [ 80712.815180] [tflops-fp8] [GPU:: 42583] GFLOPS 3528440
[RESULT] [ 80712.829146] [tflops-fp8] [GPU:: 36479] GFLOPS 3536616
[RESULT] [ 80712.866512] [tflops-fp8] [GPU:: 27226] GFLOPS 3494328
[RESULT] [ 80718.886654] [tflops-fp8] [GPU:: 17010] GFLOPS 3558262
[RESULT] [ 80719.52540 ] [tflops-fp8] [GPU:: 36479] GFLOPS 3533506
[RESULT] [ 80719.58071 ] [tflops-fp8] [GPU:: 42583] GFLOPS 3522467
[RESULT] [ 80719.163896] [tflops-fp8] [GPU:: 27226] GFLOPS 3491983
[RESULT] [ 80725.70594 ] [tflops-fp8] [GPU:: 17010] GFLOPS 3556044
[RESULT] [ 80725.282775] [tflops-fp8] [GPU:: 36479] GFLOPS 3529619
[RESULT] [ 80725.305531] [tflops-fp8] [GPU:: 42583] GFLOPS 3519893
[RESULT] [ 80725.457260] [tflops-fp8] [GPU:: 27226] GFLOPS 3494216
[RESULT] [ 80731.257484] [tflops-fp8] [GPU:: 17010] GFLOPS 3554350
[RESULT] [ 80731.257517] [tflops-fp8] [GPU:: 17010] GFLOPS 3566075 Target GFLOPS: 0 met: TRUE
[RESULT] [ 80731.518009] [tflops-fp8] [GPU:: 36479] GFLOPS 3526792
[RESULT] [ 80731.518044] [tflops-fp8] [GPU:: 36479] GFLOPS 3536616 Target GFLOPS: 0 met: TRUE
[RESULT] [ 80731.563509] [tflops-fp8] [GPU:: 42583] GFLOPS 3513985
[RESULT] [ 80731.563551] [tflops-fp8] [GPU:: 42583] GFLOPS 3528440 Target GFLOPS: 0 met: TRUE
[RESULT] [ 80731.754283] [tflops-fp8] [GPU:: 27226] GFLOPS 3492184
[RESULT] [ 80731.754316] [tflops-fp8] [GPU:: 27226] GFLOPS 3500192 Target GFLOPS: 0 met: TRUE
+=====================================================================+
|                 ROCm Validation Suite (RVS) Summary                 |
+=====================================================================+
|                           System Overview                           |
+---------------------------------------------------------------------+
| Operating System                 | Ubuntu 22.04.5 LTS               |
| RVS version                      | 1.7.8                            |
| ROCm version                     | N/A                              |
| amdgpu version                   | 6.19.14                          |
| GPUs                             | 8                                |
+---------------------------------------------------------------------+
| GPU Name - GPU ID                |                                  |
| ID - Node ID - BDF               |                                  |
+---------------------------------------------------------------------+
| AMD Instinct MI355X - 42583      | AMD Instinct MI355X - 27226      |
| 0 - 3 - 0000:05:00.0             | 1 - 5 - 0000:15:00.0             |
+---------------------------------------------------------------------+
| AMD Instinct MI355X - 36479      | AMD Instinct MI355X - 17010      |
| 2 - 4 - 0000:65:00.0             | 3 - 2 - 0000:75:00.0             |
+---------------------------------------------------------------------+
| AMD Instinct MI355X - 1590       | AMD Instinct MI355X - 51771      |
| 4 - 7 - 0000:85:00.0             | 5 - 9 - 0000:95:00.0             |
+---------------------------------------------------------------------+
| AMD Instinct MI355X - 11806      | AMD Instinct MI355X - 57875      |
| 6 - 8 - 0000:e5:00.0             | 7 - 6 - 0000:f5:00.0             |
+=====================================================================+
| Action Name                      | Module         | Result          |
+=====================================================================+
| tflops-fp8                       | GST            | [32mPASS          [0m  |
+---------------------------------------------------------------------+
