[RESULT] [ 80880.175599] Action name :tflops-fp32
[RESULT] [ 80880.223277] Module name :gst
[RESULT] [ 80880.798047] [tflops-fp32] [GPU:: 42583] Start of GPU ramp up
[RESULT] [ 80880.798063] [tflops-fp32] [GPU:: 17010] Start of GPU ramp up
[RESULT] [ 80880.798209] [tflops-fp32] [GPU:: 36479] Start of GPU ramp up
[RESULT] [ 80880.798356] [tflops-fp32] [GPU:: 27226] Start of GPU ramp up
[RESULT] [ 80885.677684] [tflops-fp32] [GPU:: 17010] GFLOPS 153563
[RESULT] [ 80885.752696] [tflops-fp32] [GPU:: 27226] GFLOPS 153050
[RESULT] [ 80885.770250] [tflops-fp32] [GPU:: 42583] GFLOPS 152837
[RESULT] [ 80885.771223] [tflops-fp32] [GPU:: 36479] GFLOPS 153327
[RESULT] [ 80886.679842] [tflops-fp32] [GPU:: 17010] End of GPU ramp up
[RESULT] [ 80886.752550] [tflops-fp32] [GPU:: 27226] End of GPU ramp up
[RESULT] [ 80886.768944] [tflops-fp32] [GPU:: 36479] End of GPU ramp up
[RESULT] [ 80886.772447] [tflops-fp32] [GPU:: 42583] End of GPU ramp up
[RESULT] [ 80900.939762] [tflops-fp32] [GPU:: 17010] GFLOPS 154210
[RESULT] [ 80901.74243 ] [tflops-fp32] [GPU:: 36479] GFLOPS 153721
[RESULT] [ 80901.120170] [tflops-fp32] [GPU:: 27226] GFLOPS 153054
[RESULT] [ 80901.170608] [tflops-fp32] [GPU:: 42583] GFLOPS 152729
[RESULT] [ 80915.207864] [tflops-fp32] [GPU:: 17010] GFLOPS 154121
[RESULT] [ 80915.403165] [tflops-fp32] [GPU:: 36479] GFLOPS 153467
[RESULT] [ 80915.480578] [tflops-fp32] [GPU:: 27226] GFLOPS 153131
[RESULT] [ 80915.555640] [tflops-fp32] [GPU:: 42583] GFLOPS 152869
[RESULT] [ 80929.476525] [tflops-fp32] [GPU:: 17010] GFLOPS 154115
[RESULT] [ 80929.476553] [tflops-fp32] [GPU:: 17010] GFLOPS 154210 Target GFLOPS: 0 met: TRUE
[RESULT] [ 80929.718018] [tflops-fp32] [GPU:: 36479] GFLOPS 153618
[RESULT] [ 80929.718035] [tflops-fp32] [GPU:: 36479] GFLOPS 153721 Target GFLOPS: 0 met: TRUE
[RESULT] [ 80929.822442] [tflops-fp32] [GPU:: 27226] GFLOPS 153329
[RESULT] [ 80929.822459] [tflops-fp32] [GPU:: 27226] GFLOPS 153329 Target GFLOPS: 0 met: TRUE
[RESULT] [ 80929.963486] [tflops-fp32] [GPU:: 42583] GFLOPS 152627
[RESULT] [ 80929.963513] [tflops-fp32] [GPU:: 42583] GFLOPS 152869 Target GFLOPS: 0 met: TRUE
+=====================================================================+
|                 ROCm Validation Suite (RVS) Summary                 |
+=====================================================================+
|                           System Overview                           |
+---------------------------------------------------------------------+
| Operating System                 | Ubuntu 22.04.5 LTS               |
| RVS version                      | 1.7.8                            |
| ROCm version                     | N/A                              |
| amdgpu version                   | 6.19.14                          |
| GPUs                             | 8                                |
+---------------------------------------------------------------------+
| GPU Name - GPU ID                |                                  |
| ID - Node ID - BDF               |                                  |
+---------------------------------------------------------------------+
| AMD Instinct MI355X - 42583      | AMD Instinct MI355X - 27226      |
| 0 - 3 - 0000:05:00.0             | 1 - 5 - 0000:15:00.0             |
+---------------------------------------------------------------------+
| AMD Instinct MI355X - 36479      | AMD Instinct MI355X - 17010      |
| 2 - 4 - 0000:65:00.0             | 3 - 2 - 0000:75:00.0             |
+---------------------------------------------------------------------+
| AMD Instinct MI355X - 1590       | AMD Instinct MI355X - 51771      |
| 4 - 7 - 0000:85:00.0             | 5 - 9 - 0000:95:00.0             |
+---------------------------------------------------------------------+
| AMD Instinct MI355X - 11806      | AMD Instinct MI355X - 57875      |
| 6 - 8 - 0000:e5:00.0             | 7 - 6 - 0000:f5:00.0             |
+=====================================================================+
| Action Name                      | Module         | Result          |
+=====================================================================+
| tflops-fp32                      | GST            | [32mPASS          [0m  |
+---------------------------------------------------------------------+
