[RESULT] [ 80931.752585] Action name :tflops-fp64
[RESULT] [ 80931.793955] Module name :gst
[RESULT] [ 80932.368525] [tflops-fp64] [GPU:: 17010] Start of GPU ramp up
[RESULT] [ 80932.368540] [tflops-fp64] [GPU:: 42583] Start of GPU ramp up
[RESULT] [ 80932.368650] [tflops-fp64] [GPU:: 36479] Start of GPU ramp up
[RESULT] [ 80932.368759] [tflops-fp64] [GPU:: 27226] Start of GPU ramp up
[RESULT] [ 80937.246787] [tflops-fp64] [GPU:: 27226] GFLOPS 76781
[RESULT] [ 80937.401231] [tflops-fp64] [GPU:: 42583] GFLOPS 76738
[RESULT] [ 80937.424804] [tflops-fp64] [GPU:: 36479] GFLOPS 76888
[RESULT] [ 80937.437721] [tflops-fp64] [GPU:: 17010] GFLOPS 76813
[RESULT] [ 80938.252020] [tflops-fp64] [GPU:: 27226] End of GPU ramp up
[RESULT] [ 80938.405426] [tflops-fp64] [GPU:: 42583] End of GPU ramp up
[RESULT] [ 80938.426081] [tflops-fp64] [GPU:: 36479] End of GPU ramp up
[RESULT] [ 80938.438372] [tflops-fp64] [GPU:: 17010] End of GPU ramp up
[RESULT] [ 80966.922584] [tflops-fp64] [GPU:: 27226] GFLOPS 76699
[RESULT] [ 80966.979885] [tflops-fp64] [GPU:: 36479] GFLOPS 77013
[RESULT] [ 80966.983421] [tflops-fp64] [GPU:: 17010] GFLOPS 77037
[RESULT] [ 80967.99830 ] [tflops-fp64] [GPU:: 42583] GFLOPS 76636
[RESULT] [ 80995.538016] [tflops-fp64] [GPU:: 17010] GFLOPS 77011
[RESULT] [ 80995.538036] [tflops-fp64] [GPU:: 17010] GFLOPS 77037 Target GFLOPS: 0 met: TRUE
[RESULT] [ 80995.551446] [tflops-fp64] [GPU:: 36479] GFLOPS 76965
[RESULT] [ 80995.551470] [tflops-fp64] [GPU:: 36479] GFLOPS 77013 Target GFLOPS: 0 met: TRUE
[RESULT] [ 80995.611943] [tflops-fp64] [GPU:: 27226] GFLOPS 76649
[RESULT] [ 80995.611961] [tflops-fp64] [GPU:: 27226] GFLOPS 76699 Target GFLOPS: 0 met: TRUE
[RESULT] [ 80995.775660] [tflops-fp64] [GPU:: 42583] GFLOPS 76685
[RESULT] [ 80995.775685] [tflops-fp64] [GPU:: 42583] GFLOPS 76685 Target GFLOPS: 0 met: TRUE
+=====================================================================+
|                 ROCm Validation Suite (RVS) Summary                 |
+=====================================================================+
|                           System Overview                           |
+---------------------------------------------------------------------+
| Operating System                 | Ubuntu 22.04.5 LTS               |
| RVS version                      | 1.7.8                            |
| ROCm version                     | N/A                              |
| amdgpu version                   | 6.19.14                          |
| GPUs                             | 8                                |
+---------------------------------------------------------------------+
| GPU Name - GPU ID                |                                  |
| ID - Node ID - BDF               |                                  |
+---------------------------------------------------------------------+
| AMD Instinct MI355X - 42583      | AMD Instinct MI355X - 27226      |
| 0 - 3 - 0000:05:00.0             | 1 - 5 - 0000:15:00.0             |
+---------------------------------------------------------------------+
| AMD Instinct MI355X - 36479      | AMD Instinct MI355X - 17010      |
| 2 - 4 - 0000:65:00.0             | 3 - 2 - 0000:75:00.0             |
+---------------------------------------------------------------------+
| AMD Instinct MI355X - 1590       | AMD Instinct MI355X - 51771      |
| 4 - 7 - 0000:85:00.0             | 5 - 9 - 0000:95:00.0             |
+---------------------------------------------------------------------+
| AMD Instinct MI355X - 11806      | AMD Instinct MI355X - 57875      |
| 6 - 8 - 0000:e5:00.0             | 7 - 6 - 0000:f5:00.0             |
+=====================================================================+
| Action Name                      | Module         | Result          |
+=====================================================================+
| tflops-fp64                      | GST            | [32mPASS          [0m  |
+---------------------------------------------------------------------+
