[RESULT] [ 81341.786259] Action name :tflops-bf16
[RESULT] [ 81341.828079] Module name :gst
[RESULT] [ 81342.403935] [tflops-bf16] [GPU:: 17010] Start of GPU ramp up
[RESULT] [ 81342.403998] [tflops-bf16] [GPU:: 42583] Start of GPU ramp up
[RESULT] [ 81342.404060] [tflops-bf16] [GPU:: 36479] Start of GPU ramp up
[RESULT] [ 81342.404315] [tflops-bf16] [GPU::  1590] Start of GPU ramp up
[RESULT] [ 81342.404409] [tflops-bf16] [GPU:: 27226] Start of GPU ramp up
[RESULT] [ 81348.242136] [tflops-bf16] [GPU:: 36479] GFLOPS 1613369
[RESULT] [ 81348.372521] [tflops-bf16] [GPU:: 27226] GFLOPS 1625294
[RESULT] [ 81348.387052] [tflops-bf16] [GPU:: 42583] GFLOPS 1613369
[RESULT] [ 81348.396069] [tflops-bf16] [GPU::  1590] GFLOPS 1585452
[RESULT] [ 81348.397679] [tflops-bf16] [GPU:: 17010] GFLOPS 1614554
[RESULT] [ 81349.241740] [tflops-bf16] [GPU:: 36479] End of GPU ramp up
[RESULT] [ 81349.371604] [tflops-bf16] [GPU:: 27226] End of GPU ramp up
[RESULT] [ 81349.386608] [tflops-bf16] [GPU:: 42583] End of GPU ramp up
[RESULT] [ 81349.395134] [tflops-bf16] [GPU::  1590] End of GPU ramp up
[RESULT] [ 81349.397990] [tflops-bf16] [GPU:: 17010] End of GPU ramp up
[RESULT] [ 81362.673215] [tflops-bf16] [GPU:: 17010] GFLOPS 1656488
[RESULT] [ 81362.760733] [tflops-bf16] [GPU:: 36479] GFLOPS 1626620
[RESULT] [ 81362.815666] [tflops-bf16] [GPU:: 27226] GFLOPS 1635685
[RESULT] [ 81362.914548] [tflops-bf16] [GPU:: 42583] GFLOPS 1625543
[RESULT] [ 81363.63539 ] [tflops-bf16] [GPU::  1590] GFLOPS 1608838
[RESULT] [ 81375.969525] [tflops-bf16] [GPU:: 17010] GFLOPS 1653863
[RESULT] [ 81376.269186] [tflops-bf16] [GPU:: 27226] GFLOPS 1634537
[RESULT] [ 81376.292104] [tflops-bf16] [GPU:: 36479] GFLOPS 1625135
[RESULT] [ 81376.468155] [tflops-bf16] [GPU:: 42583] GFLOPS 1622466
[RESULT] [ 81376.746340] [tflops-bf16] [GPU::  1590] GFLOPS 1607147
[RESULT] [ 81389.262325] [tflops-bf16] [GPU:: 17010] GFLOPS 1654300
[RESULT] [ 81389.262347] [tflops-bf16] [GPU:: 17010] GFLOPS 1656488 Target GFLOPS: 0 met: TRUE
[RESULT] [ 81389.732888] [tflops-bf16] [GPU:: 27226] GFLOPS 1633301
[RESULT] [ 81389.732911] [tflops-bf16] [GPU:: 27226] GFLOPS 1635685 Target GFLOPS: 0 met: TRUE
[RESULT] [ 81389.831257] [tflops-bf16] [GPU:: 36479] GFLOPS 1624201
[RESULT] [ 81389.831304] [tflops-bf16] [GPU:: 36479] GFLOPS 1626620 Target GFLOPS: 0 met: TRUE
[RESULT] [ 81390.23172 ] [tflops-bf16] [GPU:: 42583] GFLOPS 1622299
[RESULT] [ 81390.23223 ] [tflops-bf16] [GPU:: 42583] GFLOPS 1625543 Target GFLOPS: 0 met: TRUE
[RESULT] [ 81390.438660] [tflops-bf16] [GPU::  1590] GFLOPS 1606030
[RESULT] [ 81390.438685] [tflops-bf16] [GPU::  1590] GFLOPS 1608838 Target GFLOPS: 0 met: TRUE
+=====================================================================+
|                 ROCm Validation Suite (RVS) Summary                 |
+=====================================================================+
|                           System Overview                           |
+---------------------------------------------------------------------+
| Operating System                 | Ubuntu 22.04.5 LTS               |
| RVS version                      | 1.7.8                            |
| ROCm version                     | N/A                              |
| amdgpu version                   | 6.19.14                          |
| GPUs                             | 8                                |
+---------------------------------------------------------------------+
| GPU Name - GPU ID                |                                  |
| ID - Node ID - BDF               |                                  |
+---------------------------------------------------------------------+
| AMD Instinct MI355X - 42583      | AMD Instinct MI355X - 27226      |
| 0 - 3 - 0000:05:00.0             | 1 - 5 - 0000:15:00.0             |
+---------------------------------------------------------------------+
| AMD Instinct MI355X - 36479      | AMD Instinct MI355X - 17010      |
| 2 - 4 - 0000:65:00.0             | 3 - 2 - 0000:75:00.0             |
+---------------------------------------------------------------------+
| AMD Instinct MI355X - 1590       | AMD Instinct MI355X - 51771      |
| 4 - 7 - 0000:85:00.0             | 5 - 9 - 0000:95:00.0             |
+---------------------------------------------------------------------+
| AMD Instinct MI355X - 11806      | AMD Instinct MI355X - 57875      |
| 6 - 8 - 0000:e5:00.0             | 7 - 6 - 0000:f5:00.0             |
+=====================================================================+
| Action Name                      | Module         | Result          |
+=====================================================================+
| tflops-bf16                      | GST            | [32mPASS          [0m  |
+---------------------------------------------------------------------+
