[RESULT] [ 81765.801675] Action name :tflops-bf8
[RESULT] [ 81765.843899] Module name :gst
[RESULT] [ 81766.420057] [tflops-bf8] [GPU:: 17010] Start of GPU ramp up
[RESULT] [ 81766.420092] [tflops-bf8] [GPU:: 42583] Start of GPU ramp up
[RESULT] [ 81766.420289] [tflops-bf8] [GPU:: 27226] Start of GPU ramp up
[RESULT] [ 81766.420318] [tflops-bf8] [GPU:: 36479] Start of GPU ramp up
[RESULT] [ 81766.420526] [tflops-bf8] [GPU::  1590] Start of GPU ramp up
[RESULT] [ 81766.420604] [tflops-bf8] [GPU:: 51771] Start of GPU ramp up
[RESULT] [ 81773.492965] [tflops-bf8] [GPU:: 51771] GFLOPS 3252992
[RESULT] [ 81773.566317] [tflops-bf8] [GPU:: 36479] GFLOPS 3326812
[RESULT] [ 81773.590222] [tflops-bf8] [GPU::  1590] GFLOPS 3311782
[RESULT] [ 81773.602010] [tflops-bf8] [GPU:: 42583] GFLOPS 3267493
[RESULT] [ 81773.603365] [tflops-bf8] [GPU:: 17010] GFLOPS 3331853
[RESULT] [ 81773.605749] [tflops-bf8] [GPU:: 27226] GFLOPS 3182378
[RESULT] [ 81774.492677] [tflops-bf8] [GPU:: 51771] End of GPU ramp up
[RESULT] [ 81774.566538] [tflops-bf8] [GPU:: 36479] End of GPU ramp up
[RESULT] [ 81774.590074] [tflops-bf8] [GPU::  1590] End of GPU ramp up
[RESULT] [ 81774.601921] [tflops-bf8] [GPU:: 42583] End of GPU ramp up
[RESULT] [ 81774.603334] [tflops-bf8] [GPU:: 17010] End of GPU ramp up
[RESULT] [ 81774.605717] [tflops-bf8] [GPU:: 27226] End of GPU ramp up
[RESULT] [ 81781.164855] [tflops-bf8] [GPU:: 51771] GFLOPS 3295823
[RESULT] [ 81781.341826] [tflops-bf8] [GPU:: 17010] GFLOPS 3263383
[RESULT] [ 81781.373741] [tflops-bf8] [GPU:: 36479] GFLOPS 3230449
[RESULT] [ 81781.443173] [tflops-bf8] [GPU:: 42583] GFLOPS 3214364
[RESULT] [ 81781.479635] [tflops-bf8] [GPU::  1590] GFLOPS 3191830
[RESULT] [ 81781.522729] [tflops-bf8] [GPU:: 27226] GFLOPS 3179159
[RESULT] [ 81787.851853] [tflops-bf8] [GPU:: 51771] GFLOPS 3288525
[RESULT] [ 81788.90412 ] [tflops-bf8] [GPU:: 17010] GFLOPS 3258507
[RESULT] [ 81788.189949] [tflops-bf8] [GPU:: 36479] GFLOPS 3226187
[RESULT] [ 81788.295122] [tflops-bf8] [GPU:: 42583] GFLOPS 3209350
[RESULT] [ 81788.384565] [tflops-bf8] [GPU::  1590] GFLOPS 3184730
[RESULT] [ 81788.450996] [tflops-bf8] [GPU:: 27226] GFLOPS 3173999
[RESULT] [ 81794.545884] [tflops-bf8] [GPU:: 51771] GFLOPS 3285072
[RESULT] [ 81794.840957] [tflops-bf8] [GPU:: 17010] GFLOPS 3257565
[RESULT] [ 81795.12117 ] [tflops-bf8] [GPU:: 36479] GFLOPS 3223371
[RESULT] [ 81795.150201] [tflops-bf8] [GPU:: 42583] GFLOPS 3207889
[RESULT] [ 81795.299479] [tflops-bf8] [GPU::  1590] GFLOPS 3180134
[RESULT] [ 81795.370978] [tflops-bf8] [GPU:: 27226] GFLOPS 3177803
[RESULT] [ 81801.239684] [tflops-bf8] [GPU:: 51771] GFLOPS 3285187
[RESULT] [ 81801.584089] [tflops-bf8] [GPU:: 17010] GFLOPS 3261148
[RESULT] [ 81801.844448] [tflops-bf8] [GPU:: 36479] GFLOPS 3218575
[RESULT] [ 81802.23503 ] [tflops-bf8] [GPU:: 42583] GFLOPS 3199384
[RESULT] [ 81802.224378] [tflops-bf8] [GPU::  1590] GFLOPS 3175549
[RESULT] [ 81802.302848] [tflops-bf8] [GPU:: 27226] GFLOPS 3172356
[RESULT] [ 81807.939574] [tflops-bf8] [GPU:: 51771] GFLOPS 3282201
[RESULT] [ 81807.939610] [tflops-bf8] [GPU:: 51771] GFLOPS 3295823 Target GFLOPS: 0 met: TRUE
[RESULT] [ 81808.337473] [tflops-bf8] [GPU:: 17010] GFLOPS 3256197
[RESULT] [ 81808.337511] [tflops-bf8] [GPU:: 17010] GFLOPS 3263383 Target GFLOPS: 0 met: TRUE
[RESULT] [ 81808.690787] [tflops-bf8] [GPU:: 36479] GFLOPS 3211990
[RESULT] [ 81808.690824] [tflops-bf8] [GPU:: 36479] GFLOPS 3230449 Target GFLOPS: 0 met: TRUE
[RESULT] [ 81808.892625] [tflops-bf8] [GPU:: 42583] GFLOPS 3201334
[RESULT] [ 81808.892659] [tflops-bf8] [GPU:: 42583] GFLOPS 3214364 Target GFLOPS: 0 met: TRUE
[RESULT] [ 81809.125567] [tflops-bf8] [GPU::  1590] GFLOPS 3186459
[RESULT] [ 81809.125603] [tflops-bf8] [GPU::  1590] GFLOPS 3191830 Target GFLOPS: 0 met: TRUE
[RESULT] [ 81809.236621] [tflops-bf8] [GPU:: 27226] GFLOPS 3171483
[RESULT] [ 81809.236652] [tflops-bf8] [GPU:: 27226] GFLOPS 3179159 Target GFLOPS: 0 met: TRUE
+=====================================================================+
|                 ROCm Validation Suite (RVS) Summary                 |
+=====================================================================+
|                           System Overview                           |
+---------------------------------------------------------------------+
| Operating System                 | Ubuntu 22.04.5 LTS               |
| RVS version                      | 1.7.8                            |
| ROCm version                     | N/A                              |
| amdgpu version                   | 6.19.14                          |
| GPUs                             | 8                                |
+---------------------------------------------------------------------+
| GPU Name - GPU ID                |                                  |
| ID - Node ID - BDF               |                                  |
+---------------------------------------------------------------------+
| AMD Instinct MI355X - 42583      | AMD Instinct MI355X - 27226      |
| 0 - 3 - 0000:05:00.0             | 1 - 5 - 0000:15:00.0             |
+---------------------------------------------------------------------+
| AMD Instinct MI355X - 36479      | AMD Instinct MI355X - 17010      |
| 2 - 4 - 0000:65:00.0             | 3 - 2 - 0000:75:00.0             |
+---------------------------------------------------------------------+
| AMD Instinct MI355X - 1590       | AMD Instinct MI355X - 51771      |
| 4 - 7 - 0000:85:00.0             | 5 - 9 - 0000:95:00.0             |
+---------------------------------------------------------------------+
| AMD Instinct MI355X - 11806      | AMD Instinct MI355X - 57875      |
| 6 - 8 - 0000:e5:00.0             | 7 - 6 - 0000:f5:00.0             |
+=====================================================================+
| Action Name                      | Module         | Result          |
+=====================================================================+
| tflops-bf8                       | GST            | [32mPASS          [0m  |
+---------------------------------------------------------------------+
