[RESULT] [ 81652.646067] Action name :tflops-bf6
[RESULT] [ 81652.687728] Module name :gst
[RESULT] [ 81653.265118] [tflops-bf6] [GPU:: 42583] Start of GPU ramp up
[RESULT] [ 81653.265157] [tflops-bf6] [GPU:: 17010] Start of GPU ramp up
[RESULT] [ 81653.265314] [tflops-bf6] [GPU:: 36479] Start of GPU ramp up
[RESULT] [ 81653.265553] [tflops-bf6] [GPU::  1590] Start of GPU ramp up
[RESULT] [ 81653.265657] [tflops-bf6] [GPU:: 51771] Start of GPU ramp up
[RESULT] [ 81653.265673] [tflops-bf6] [GPU:: 27226] Start of GPU ramp up
[RESULT] [ 81680.161703] [tflops-bf6] [GPU:: 27226] GFLOPS 1170315
[RESULT] [ 81681.160794] [tflops-bf6] [GPU:: 27226] End of GPU ramp up
[RESULT] [ 81683.256196] [tflops-bf6] [GPU::  1590] GFLOPS 1028542
[RESULT] [ 81684.255083] [tflops-bf6] [GPU::  1590] End of GPU ramp up
[RESULT] [ 81684.601945] [tflops-bf6] [GPU:: 36479] GFLOPS 892823
[RESULT] [ 81684.911866] [tflops-bf6] [GPU:: 17010] GFLOPS 867464
[RESULT] [ 81685.97770 ] [tflops-bf6] [GPU:: 51771] GFLOPS 828569
[RESULT] [ 81685.368614] [tflops-bf6] [GPU:: 42583] GFLOPS 788180
[RESULT] [ 81685.602291] [tflops-bf6] [GPU:: 36479] End of GPU ramp up
[RESULT] [ 81685.911542] [tflops-bf6] [GPU:: 17010] End of GPU ramp up
[RESULT] [ 81686.95810 ] [tflops-bf6] [GPU:: 51771] End of GPU ramp up
[RESULT] [ 81686.367129] [tflops-bf6] [GPU:: 42583] End of GPU ramp up
[RESULT] [ 81698.924759] [tflops-bf6] [GPU:: 27226] GFLOPS 1237914
[RESULT] [ 81702.11769 ] [tflops-bf6] [GPU::  1590] GFLOPS 1238421
[RESULT] [ 81703.311777] [tflops-bf6] [GPU:: 36479] GFLOPS 1241721
[RESULT] [ 81703.646824] [tflops-bf6] [GPU:: 17010] GFLOPS 1239915
[RESULT] [ 81703.858949] [tflops-bf6] [GPU:: 51771] GFLOPS 1237971
[RESULT] [ 81704.125674] [tflops-bf6] [GPU:: 42583] GFLOPS 1238291
[RESULT] [ 81716.685688] [tflops-bf6] [GPU:: 27226] GFLOPS 1238125
[RESULT] [ 81716.685702] [tflops-bf6] [GPU:: 27226] GFLOPS 1238125 Target GFLOPS: 0 met: TRUE
[RESULT] [ 81719.746384] [tflops-bf6] [GPU::  1590] GFLOPS 1239963
[RESULT] [ 81719.746412] [tflops-bf6] [GPU::  1590] GFLOPS 1239963 Target GFLOPS: 0 met: TRUE
[RESULT] [ 81721.21490 ] [tflops-bf6] [GPU:: 36479] GFLOPS 1241706
[RESULT] [ 81721.21518 ] [tflops-bf6] [GPU:: 36479] GFLOPS 1241721 Target GFLOPS: 0 met: TRUE
[RESULT] [ 81721.392364] [tflops-bf6] [GPU:: 17010] GFLOPS 1239199
[RESULT] [ 81721.392382] [tflops-bf6] [GPU:: 17010] GFLOPS 1239915 Target GFLOPS: 0 met: TRUE
[RESULT] [ 81721.625468] [tflops-bf6] [GPU:: 51771] GFLOPS 1237736
[RESULT] [ 81721.625485] [tflops-bf6] [GPU:: 51771] GFLOPS 1237971 Target GFLOPS: 0 met: TRUE
[RESULT] [ 81721.865819] [tflops-bf6] [GPU:: 42583] GFLOPS 1239576
[RESULT] [ 81721.865836] [tflops-bf6] [GPU:: 42583] GFLOPS 1239576 Target GFLOPS: 0 met: TRUE
+=====================================================================+
|                 ROCm Validation Suite (RVS) Summary                 |
+=====================================================================+
|                           System Overview                           |
+---------------------------------------------------------------------+
| Operating System                 | Ubuntu 22.04.5 LTS               |
| RVS version                      | 1.7.8                            |
| ROCm version                     | N/A                              |
| amdgpu version                   | 6.19.14                          |
| GPUs                             | 8                                |
+---------------------------------------------------------------------+
| GPU Name - GPU ID                |                                  |
| ID - Node ID - BDF               |                                  |
+---------------------------------------------------------------------+
| AMD Instinct MI355X - 42583      | AMD Instinct MI355X - 27226      |
| 0 - 3 - 0000:05:00.0             | 1 - 5 - 0000:15:00.0             |
+---------------------------------------------------------------------+
| AMD Instinct MI355X - 36479      | AMD Instinct MI355X - 17010      |
| 2 - 4 - 0000:65:00.0             | 3 - 2 - 0000:75:00.0             |
+---------------------------------------------------------------------+
| AMD Instinct MI355X - 1590       | AMD Instinct MI355X - 51771      |
| 4 - 7 - 0000:85:00.0             | 5 - 9 - 0000:95:00.0             |
+---------------------------------------------------------------------+
| AMD Instinct MI355X - 11806      | AMD Instinct MI355X - 57875      |
| 6 - 8 - 0000:e5:00.0             | 7 - 6 - 0000:f5:00.0             |
+=====================================================================+
| Action Name                      | Module         | Result          |
+=====================================================================+
| tflops-bf6                       | GST            | [32mPASS          [0m  |
+---------------------------------------------------------------------+
