[RESULT] [ 81811.4137  ] Action name :tflops-fp16
[RESULT] [ 81811.45500 ] Module name :gst
[RESULT] [ 81811.621906] [tflops-fp16] [GPU:: 17010] Start of GPU ramp up
[RESULT] [ 81811.621952] [tflops-fp16] [GPU:: 42583] Start of GPU ramp up
[RESULT] [ 81811.622053] [tflops-fp16] [GPU:: 36479] Start of GPU ramp up
[RESULT] [ 81811.622273] [tflops-fp16] [GPU:: 27226] Start of GPU ramp up
[RESULT] [ 81811.622344] [tflops-fp16] [GPU:: 51771] Start of GPU ramp up
[RESULT] [ 81811.622360] [tflops-fp16] [GPU::  1590] Start of GPU ramp up
[RESULT] [ 81817.408410] [tflops-fp16] [GPU:: 36479] GFLOPS 1496952
[RESULT] [ 81817.522440] [tflops-fp16] [GPU:: 17010] GFLOPS 1529223
[RESULT] [ 81817.537995] [tflops-fp16] [GPU::  1590] GFLOPS 1471903
[RESULT] [ 81817.540978] [tflops-fp16] [GPU:: 51771] GFLOPS 1502065
[RESULT] [ 81817.546835] [tflops-fp16] [GPU:: 27226] GFLOPS 1546429
[RESULT] [ 81817.547983] [tflops-fp16] [GPU:: 42583] GFLOPS 1504119
[RESULT] [ 81818.408766] [tflops-fp16] [GPU:: 36479] End of GPU ramp up
[RESULT] [ 81818.522027] [tflops-fp16] [GPU:: 17010] End of GPU ramp up
[RESULT] [ 81818.537950] [tflops-fp16] [GPU::  1590] End of GPU ramp up
[RESULT] [ 81818.540286] [tflops-fp16] [GPU:: 51771] End of GPU ramp up
[RESULT] [ 81818.546935] [tflops-fp16] [GPU:: 27226] End of GPU ramp up
[RESULT] [ 81818.547978] [tflops-fp16] [GPU:: 42583] End of GPU ramp up
[RESULT] [ 81832.741971] [tflops-fp16] [GPU:: 17010] GFLOPS 1546438
[RESULT] [ 81832.756709] [tflops-fp16] [GPU:: 51771] GFLOPS 1546821
[RESULT] [ 81832.810765] [tflops-fp16] [GPU:: 36479] GFLOPS 1526889
[RESULT] [ 81832.941828] [tflops-fp16] [GPU:: 27226] GFLOPS 1527643
[RESULT] [ 81833.113346] [tflops-fp16] [GPU:: 42583] GFLOPS 1509763
[RESULT] [ 81833.351966] [tflops-fp16] [GPU::  1590] GFLOPS 1484422
[RESULT] [ 81847.2765  ] [tflops-fp16] [GPU:: 17010] GFLOPS 1542009
[RESULT] [ 81847.3123  ] [tflops-fp16] [GPU:: 51771] GFLOPS 1543567
[RESULT] [ 81847.244975] [tflops-fp16] [GPU:: 36479] GFLOPS 1523483
[RESULT] [ 81847.375640] [tflops-fp16] [GPU:: 27226] GFLOPS 1523525
[RESULT] [ 81847.702237] [tflops-fp16] [GPU:: 42583] GFLOPS 1507330
[RESULT] [ 81848.142277] [tflops-fp16] [GPU::  1590] GFLOPS 1486802
[RESULT] [ 81861.283025] [tflops-fp16] [GPU:: 17010] GFLOPS 1539908
[RESULT] [ 81861.283050] [tflops-fp16] [GPU:: 17010] GFLOPS 1546438 Target GFLOPS: 0 met: TRUE
[RESULT] [ 81861.285976] [tflops-fp16] [GPU:: 51771] GFLOPS 1539628
[RESULT] [ 81861.286009] [tflops-fp16] [GPU:: 51771] GFLOPS 1546821 Target GFLOPS: 0 met: TRUE
[RESULT] [ 81861.686848] [tflops-fp16] [GPU:: 36479] GFLOPS 1522675
[RESULT] [ 81861.686878] [tflops-fp16] [GPU:: 36479] GFLOPS 1526889 Target GFLOPS: 0 met: TRUE
[RESULT] [ 81861.811733] [tflops-fp16] [GPU:: 27226] GFLOPS 1523284
[RESULT] [ 81861.811759] [tflops-fp16] [GPU:: 27226] GFLOPS 1527643 Target GFLOPS: 0 met: TRUE
[RESULT] [ 81862.309898] [tflops-fp16] [GPU:: 42583] GFLOPS 1505395
[RESULT] [ 81862.309927] [tflops-fp16] [GPU:: 42583] GFLOPS 1509763 Target GFLOPS: 0 met: TRUE
[RESULT] [ 81862.966428] [tflops-fp16] [GPU::  1590] GFLOPS 1483409
[RESULT] [ 81862.966460] [tflops-fp16] [GPU::  1590] GFLOPS 1486802 Target GFLOPS: 0 met: TRUE
+=====================================================================+
|                 ROCm Validation Suite (RVS) Summary                 |
+=====================================================================+
|                           System Overview                           |
+---------------------------------------------------------------------+
| Operating System                 | Ubuntu 22.04.5 LTS               |
| RVS version                      | 1.7.8                            |
| ROCm version                     | N/A                              |
| amdgpu version                   | 6.19.14                          |
| GPUs                             | 8                                |
+---------------------------------------------------------------------+
| GPU Name - GPU ID                |                                  |
| ID - Node ID - BDF               |                                  |
+---------------------------------------------------------------------+
| AMD Instinct MI355X - 42583      | AMD Instinct MI355X - 27226      |
| 0 - 3 - 0000:05:00.0             | 1 - 5 - 0000:15:00.0             |
+---------------------------------------------------------------------+
| AMD Instinct MI355X - 36479      | AMD Instinct MI355X - 17010      |
| 2 - 4 - 0000:65:00.0             | 3 - 2 - 0000:75:00.0             |
+---------------------------------------------------------------------+
| AMD Instinct MI355X - 1590       | AMD Instinct MI355X - 51771      |
| 4 - 7 - 0000:85:00.0             | 5 - 9 - 0000:95:00.0             |
+---------------------------------------------------------------------+
| AMD Instinct MI355X - 11806      | AMD Instinct MI355X - 57875      |
| 6 - 8 - 0000:e5:00.0             | 7 - 6 - 0000:f5:00.0             |
+=====================================================================+
| Action Name                      | Module         | Result          |
+=====================================================================+
| tflops-fp16                      | GST            | [32mPASS          [0m  |
+---------------------------------------------------------------------+
