[RESULT] [ 81915.626838] Action name :tflops-fp32
[RESULT] [ 81915.668529] Module name :gst
[RESULT] [ 81916.241381] [tflops-fp32] [GPU:: 17010] Start of GPU ramp up
[RESULT] [ 81916.241460] [tflops-fp32] [GPU:: 42583] Start of GPU ramp up
[RESULT] [ 81916.241795] [tflops-fp32] [GPU:: 27226] Start of GPU ramp up
[RESULT] [ 81916.241801] [tflops-fp32] [GPU::  1590] Start of GPU ramp up
[RESULT] [ 81916.241795] [tflops-fp32] [GPU:: 36479] Start of GPU ramp up
[RESULT] [ 81916.241969] [tflops-fp32] [GPU:: 51771] Start of GPU ramp up
[RESULT] [ 81921.317484] [tflops-fp32] [GPU:: 17010] GFLOPS 153950
[RESULT] [ 81921.522355] [tflops-fp32] [GPU:: 36479] GFLOPS 153135
[RESULT] [ 81921.530797] [tflops-fp32] [GPU::  1590] GFLOPS 152476
[RESULT] [ 81921.553605] [tflops-fp32] [GPU:: 51771] GFLOPS 153563
[RESULT] [ 81921.563165] [tflops-fp32] [GPU:: 27226] GFLOPS 153071
[RESULT] [ 81921.576604] [tflops-fp32] [GPU:: 42583] GFLOPS 152837
[RESULT] [ 81922.319053] [tflops-fp32] [GPU:: 17010] End of GPU ramp up
[RESULT] [ 81922.520088] [tflops-fp32] [GPU:: 36479] End of GPU ramp up
[RESULT] [ 81922.528850] [tflops-fp32] [GPU::  1590] End of GPU ramp up
[RESULT] [ 81922.551216] [tflops-fp32] [GPU:: 51771] End of GPU ramp up
[RESULT] [ 81922.564042] [tflops-fp32] [GPU:: 27226] End of GPU ramp up
[RESULT] [ 81922.578808] [tflops-fp32] [GPU:: 42583] End of GPU ramp up
[RESULT] [ 81936.559519] [tflops-fp32] [GPU:: 17010] GFLOPS 154421
[RESULT] [ 81936.829974] [tflops-fp32] [GPU:: 36479] GFLOPS 153671
[RESULT] [ 81936.884447] [tflops-fp32] [GPU:: 51771] GFLOPS 153421
[RESULT] [ 81936.933050] [tflops-fp32] [GPU:: 27226] GFLOPS 153039
[RESULT] [ 81936.957352] [tflops-fp32] [GPU::  1590] GFLOPS 152408
[RESULT] [ 81936.979955] [tflops-fp32] [GPU:: 42583] GFLOPS 152698
[RESULT] [ 81950.826620] [tflops-fp32] [GPU:: 17010] GFLOPS 154132
[RESULT] [ 81951.162016] [tflops-fp32] [GPU:: 36479] GFLOPS 153434
[RESULT] [ 81951.223877] [tflops-fp32] [GPU:: 51771] GFLOPS 153355
[RESULT] [ 81951.274754] [tflops-fp32] [GPU:: 27226] GFLOPS 153330
[RESULT] [ 81951.370071] [tflops-fp32] [GPU::  1590] GFLOPS 152575
[RESULT] [ 81951.372870] [tflops-fp32] [GPU:: 42583] GFLOPS 152785
[RESULT] [ 81965.83898 ] [tflops-fp32] [GPU:: 17010] GFLOPS 154238
[RESULT] [ 81965.83924 ] [tflops-fp32] [GPU:: 17010] GFLOPS 154421 Target GFLOPS: 0 met: TRUE
[RESULT] [ 81965.470024] [tflops-fp32] [GPU:: 36479] GFLOPS 153692
[RESULT] [ 81965.470045] [tflops-fp32] [GPU:: 36479] GFLOPS 153692 Target GFLOPS: 0 met: TRUE
[RESULT] [ 81965.562249] [tflops-fp32] [GPU:: 51771] GFLOPS 153366
[RESULT] [ 81965.562272] [tflops-fp32] [GPU:: 51771] GFLOPS 153421 Target GFLOPS: 0 met: TRUE
[RESULT] [ 81965.620295] [tflops-fp32] [GPU:: 27226] GFLOPS 153289
[RESULT] [ 81965.620319] [tflops-fp32] [GPU:: 27226] GFLOPS 153330 Target GFLOPS: 0 met: TRUE
[RESULT] [ 81965.790296] [tflops-fp32] [GPU::  1590] GFLOPS 152496
[RESULT] [ 81965.790321] [tflops-fp32] [GPU::  1590] GFLOPS 152575 Target GFLOPS: 0 met: TRUE
[RESULT] [ 81965.793040] [tflops-fp32] [GPU:: 42583] GFLOPS 152496
[RESULT] [ 81965.793066] [tflops-fp32] [GPU:: 42583] GFLOPS 152785 Target GFLOPS: 0 met: TRUE
+=====================================================================+
|                 ROCm Validation Suite (RVS) Summary                 |
+=====================================================================+
|                           System Overview                           |
+---------------------------------------------------------------------+
| Operating System                 | Ubuntu 22.04.5 LTS               |
| RVS version                      | 1.7.8                            |
| ROCm version                     | N/A                              |
| amdgpu version                   | 6.19.14                          |
| GPUs                             | 8                                |
+---------------------------------------------------------------------+
| GPU Name - GPU ID                |                                  |
| ID - Node ID - BDF               |                                  |
+---------------------------------------------------------------------+
| AMD Instinct MI355X - 42583      | AMD Instinct MI355X - 27226      |
| 0 - 3 - 0000:05:00.0             | 1 - 5 - 0000:15:00.0             |
+---------------------------------------------------------------------+
| AMD Instinct MI355X - 36479      | AMD Instinct MI355X - 17010      |
| 2 - 4 - 0000:65:00.0             | 3 - 2 - 0000:75:00.0             |
+---------------------------------------------------------------------+
| AMD Instinct MI355X - 1590       | AMD Instinct MI355X - 51771      |
| 4 - 7 - 0000:85:00.0             | 5 - 9 - 0000:95:00.0             |
+---------------------------------------------------------------------+
| AMD Instinct MI355X - 11806      | AMD Instinct MI355X - 57875      |
| 6 - 8 - 0000:e5:00.0             | 7 - 6 - 0000:f5:00.0             |
+=====================================================================+
| Action Name                      | Module         | Result          |
+=====================================================================+
| tflops-fp32                      | GST            | [32mPASS          [0m  |
+---------------------------------------------------------------------+
