[RESULT] [ 82185.475903] Action name :tflops-bf6
[RESULT] [ 82185.517506] Module name :gst
[RESULT] [ 82186.95786 ] [tflops-bf6] [GPU:: 17010] Start of GPU ramp up
[RESULT] [ 82186.95793 ] [tflops-bf6] [GPU:: 42583] Start of GPU ramp up
[RESULT] [ 82186.95893 ] [tflops-bf6] [GPU:: 36479] Start of GPU ramp up
[RESULT] [ 82186.95995 ] [tflops-bf6] [GPU:: 27226] Start of GPU ramp up
[RESULT] [ 82186.96357 ] [tflops-bf6] [GPU::  1590] Start of GPU ramp up
[RESULT] [ 82186.96375 ] [tflops-bf6] [GPU:: 11806] Start of GPU ramp up
[RESULT] [ 82186.96617 ] [tflops-bf6] [GPU:: 51771] Start of GPU ramp up
[RESULT] [ 82217.279631] [tflops-bf6] [GPU:: 51771] GFLOPS 1171562
[RESULT] [ 82218.36322 ] [tflops-bf6] [GPU:: 42583] GFLOPS 788180
[RESULT] [ 82218.45599 ] [tflops-bf6] [GPU:: 27226] GFLOPS 1021850
[RESULT] [ 82218.58815 ] [tflops-bf6] [GPU:: 11806] GFLOPS 908311
[RESULT] [ 82218.62400 ] [tflops-bf6] [GPU:: 36479] GFLOPS 1130603
[RESULT] [ 82218.279457] [tflops-bf6] [GPU:: 51771] End of GPU ramp up
[RESULT] [ 82219.34219 ] [tflops-bf6] [GPU:: 42583] End of GPU ramp up
[RESULT] [ 82219.47657 ] [tflops-bf6] [GPU:: 27226] End of GPU ramp up
[RESULT] [ 82219.59888 ] [tflops-bf6] [GPU:: 11806] End of GPU ramp up
[RESULT] [ 82219.61480 ] [tflops-bf6] [GPU:: 36479] End of GPU ramp up
[RESULT] [ 82220.217107] [tflops-bf6] [GPU:: 17010] GFLOPS 557844
[RESULT] [ 82220.366291] [tflops-bf6] [GPU::  1590] GFLOPS 794157
[RESULT] [ 82221.214415] [tflops-bf6] [GPU:: 17010] End of GPU ramp up
[RESULT] [ 82221.366756] [tflops-bf6] [GPU::  1590] End of GPU ramp up
[RESULT] [ 82236.26740 ] [tflops-bf6] [GPU:: 51771] GFLOPS 1239078
[RESULT] [ 82236.794111] [tflops-bf6] [GPU:: 36479] GFLOPS 1240101
[RESULT] [ 82236.814455] [tflops-bf6] [GPU:: 11806] GFLOPS 1238568
[RESULT] [ 82237.715939] [tflops-bf6] [GPU:: 27226] GFLOPS 1177947
[RESULT] [ 82238.230523] [tflops-bf6] [GPU:: 42583] GFLOPS 1145546
[RESULT] [ 82239.109326] [tflops-bf6] [GPU::  1590] GFLOPS 1239406
[RESULT] [ 82240.348261] [tflops-bf6] [GPU:: 17010] GFLOPS 1149286
[RESULT] [ 82253.773046] [tflops-bf6] [GPU:: 51771] GFLOPS 1239146
[RESULT] [ 82253.773070] [tflops-bf6] [GPU:: 51771] GFLOPS 1239146 Target GFLOPS: 0 met: TRUE
[RESULT] [ 82254.520551] [tflops-bf6] [GPU:: 36479] GFLOPS 1240534
[RESULT] [ 82254.520577] [tflops-bf6] [GPU:: 36479] GFLOPS 1240534 Target GFLOPS: 0 met: TRUE
[RESULT] [ 82254.568411] [tflops-bf6] [GPU:: 11806] GFLOPS 1238611
[RESULT] [ 82254.568427] [tflops-bf6] [GPU:: 11806] GFLOPS 1238611 Target GFLOPS: 0 met: TRUE
[RESULT] [ 82255.495515] [tflops-bf6] [GPU:: 27226] GFLOPS 1236828
[RESULT] [ 82255.495547] [tflops-bf6] [GPU:: 27226] GFLOPS 1236828 Target GFLOPS: 0 met: TRUE
[RESULT] [ 82255.982212] [tflops-bf6] [GPU:: 42583] GFLOPS 1238770
[RESULT] [ 82255.982240] [tflops-bf6] [GPU:: 42583] GFLOPS 1238770 Target GFLOPS: 0 met: TRUE
[RESULT] [ 82256.848860] [tflops-bf6] [GPU::  1590] GFLOPS 1239618
[RESULT] [ 82256.848880] [tflops-bf6] [GPU::  1590] GFLOPS 1239618 Target GFLOPS: 0 met: TRUE
[RESULT] [ 82258.540772] [tflops-bf6] [GPU:: 17010] GFLOPS 1208753
[RESULT] [ 82258.540791] [tflops-bf6] [GPU:: 17010] GFLOPS 1208753 Target GFLOPS: 0 met: TRUE
+=====================================================================+
|                 ROCm Validation Suite (RVS) Summary                 |
+=====================================================================+
|                           System Overview                           |
+---------------------------------------------------------------------+
| Operating System                 | Ubuntu 22.04.5 LTS               |
| RVS version                      | 1.7.8                            |
| ROCm version                     | N/A                              |
| amdgpu version                   | 6.19.14                          |
| GPUs                             | 8                                |
+---------------------------------------------------------------------+
| GPU Name - GPU ID                |                                  |
| ID - Node ID - BDF               |                                  |
+---------------------------------------------------------------------+
| AMD Instinct MI355X - 42583      | AMD Instinct MI355X - 27226      |
| 0 - 3 - 0000:05:00.0             | 1 - 5 - 0000:15:00.0             |
+---------------------------------------------------------------------+
| AMD Instinct MI355X - 36479      | AMD Instinct MI355X - 17010      |
| 2 - 4 - 0000:65:00.0             | 3 - 2 - 0000:75:00.0             |
+---------------------------------------------------------------------+
| AMD Instinct MI355X - 1590       | AMD Instinct MI355X - 51771      |
| 4 - 7 - 0000:85:00.0             | 5 - 9 - 0000:95:00.0             |
+---------------------------------------------------------------------+
| AMD Instinct MI355X - 11806      | AMD Instinct MI355X - 57875      |
| 6 - 8 - 0000:e5:00.0             | 7 - 6 - 0000:f5:00.0             |
+=====================================================================+
| Action Name                      | Module         | Result          |
+=====================================================================+
| tflops-bf6                       | GST            | [32mPASS          [0m  |
+---------------------------------------------------------------------+
