[2026-08-19T17:15:29+00:00] Kimi-K3 max-num-seqs=256 experiment start (out: /home/amd/shaohao/amd-benchmarks/amd-cloud/logs/atom/kimi_maxseqs_20260819_171529)
[2026-08-19T17:15:29+00:00] image=rocm/atom-dev:latest conc='64 128 256' ISL/OSL=1024/1024
[2026-08-19T17:15:29+00:00] GPUs idle, no foreign server, model + image present
[2026-08-19T17:15:29+00:00] starting server (max-num-seqs=256) on port 8011
[2026-08-19T17:15:29+00:00] waiting for server (1.5 TB load, up to 40 min)
[2026-08-19T17:17:34+00:00]   still loading (120s)
[2026-08-19T17:19:35+00:00] server READY
Kimi-K3 max-num-seqs=256 sweep 20260819_171529
image   : rocm/atom-dev:latest
model   : /mnt/scratch/shaohao/models/Kimi-K3
port    : 8011
ISL/OSL : 1024/1024
conc    : 64 128 256

  conc        req/s    out_tok/s  ttft_ms_med  tpot_ms_med
    64         1.34       1237.0        282.9        49.98  rc=0 550s completed=640
   128         1.95       1792.5        346.4        70.98  rc=0 687s completed=1280
   256         2.69       2482.2        463.1       103.72  rc=0 984s completed=2560
[2026-08-19T17:56:36+00:00] stopping server
[2026-08-19T17:57:13+00:00] generating results/kimi-k3-maxseqs.md
[2026-08-19T17:57:13+00:00] analyze rc=0 -> /home/amd/shaohao/amd-benchmarks/amd-cloud/results/kimi-k3-maxseqs.md
[2026-08-19T17:57:13+00:00] MAX-NUM-SEQS EXPERIMENT DONE
