[RESULT] [644813.599815] Action name :babel-double-825MiB
[RESULT] [644813.641916] Module name :babel
[INFO  ] [644813.641950] Missing 'device_index' key.
[RESULT] [644814.236250] [babel-double-825MiB] [GPU:: 17010] Starting the Babel memory stress test
[RESULT] [644814.236325] Running kernels 2000 times, Precision: double
[RESULT] [644814.236361] Array size: 6920.6 MB (=6.9 GB), Total size: 20761.8 MB (=20.8 GB)

[INFO  ] [644817.461132] 
elements per lane 2,chunks per block 1, block count 844800
Using HIP device AMD Instinct MI355X, Driver: 71460850, pciBusID: 117
[RESULT] [644848.692683] 
---------------------------------------------------------------------------------
GPU Id      Function    MBytes/sec     Max MB/s       Min MB/s       Avg MB/s       
---------------------------------------------------------------------------------
17010       Read        7264998.872    7264998.872    6648332.442    7205290.256    
17010       Write       6794869.338    6794869.338    5691424.624    6390129.837    
17010       Copy        6433591.584    6433591.584    6135029.480    6349529.298    
17010       Mul         6418736.630    6418736.630    6062293.056    6334624.881    
17010       Add         6297260.930    6297260.930    6089423.684    6211476.343    
17010       Triad       6270084.512    6270084.512    6068902.007    6195822.353    
17010       Dot         6202078.412    6202078.412    5958836.458    6151130.775    
---------------------------------------------------------------------------------

[RESULT] [644849.286880] [babel-double-825MiB] [GPU:: 42583] Starting the Babel memory stress test
[RESULT] [644849.286936] Running kernels 2000 times, Precision: double
[RESULT] [644849.286955] Array size: 6920.6 MB (=6.9 GB), Total size: 20761.8 MB (=20.8 GB)

[INFO  ] [644852.577599] 
elements per lane 2,chunks per block 1, block count 844800
Using HIP device AMD Instinct MI355X, Driver: 71460850, pciBusID: 117
[RESULT] [644883.902127] 
---------------------------------------------------------------------------------
GPU Id      Function    MBytes/sec     Max MB/s       Min MB/s       Avg MB/s       
---------------------------------------------------------------------------------
42583       Read        7232132.959    7232132.959    6299519.385    7145282.613    
42583       Write       6901732.264    6901732.264    5826692.520    6588878.133    
42583       Copy        6529374.537    6529374.537    6186996.993    6456863.449    
42583       Mul         6519717.227    6519717.227    6127994.531    6443897.107    
42583       Add         6461392.583    6461392.583    6242768.084    6401724.879    
42583       Triad       6143007.433    6143007.433    5855399.106    6074123.316    
42583       Dot         5886509.624    5886509.624    5038355.222    5844513.028    
---------------------------------------------------------------------------------

[RESULT] [644884.582103] [babel-double-825MiB] [GPU:: 36479] Starting the Babel memory stress test
[RESULT] [644884.582158] Running kernels 2000 times, Precision: double
[RESULT] [644884.582184] Array size: 6920.6 MB (=6.9 GB), Total size: 20761.8 MB (=20.8 GB)

[INFO  ] [644887.870136] 
elements per lane 2,chunks per block 1, block count 844800
Using HIP device AMD Instinct MI355X, Driver: 71460850, pciBusID: 117
[RESULT] [644919.208550] 
---------------------------------------------------------------------------------
GPU Id      Function    MBytes/sec     Max MB/s       Min MB/s       Avg MB/s       
---------------------------------------------------------------------------------
36479       Read        7250233.464    7250233.464    6688096.609    7189167.070    
36479       Write       6809042.252    6809042.252    5683380.759    6374615.860    
36479       Copy        6421056.265    6421056.265    6119649.619    6335280.775    
36479       Mul         6444585.203    6444585.203    6155027.028    6356910.119    
36479       Add         6312520.690    6312520.690    6058152.862    6227105.222    
36479       Triad       6239522.375    6239522.375    6031680.653    6140735.240    
36479       Dot         6160750.086    6160750.086    5246600.317    6111417.089    
---------------------------------------------------------------------------------

[RESULT] [644919.769640] [babel-double-825MiB] [GPU:: 27226] Starting the Babel memory stress test
[RESULT] [644919.769694] Running kernels 2000 times, Precision: double
[RESULT] [644919.769718] Array size: 6920.6 MB (=6.9 GB), Total size: 20761.8 MB (=20.8 GB)

[INFO  ] [644923.10435 ] 
elements per lane 2,chunks per block 1, block count 844800
Using HIP device AMD Instinct MI355X, Driver: 71460850, pciBusID: 117
[RESULT] [644954.668139] 
---------------------------------------------------------------------------------
GPU Id      Function    MBytes/sec     Max MB/s       Min MB/s       Avg MB/s       
---------------------------------------------------------------------------------
27226       Read        7266600.797    7266600.797    6681058.914    7174127.976    
27226       Write       6799742.968    6799742.968    5859548.668    6416061.472    
27226       Copy        6431498.967    6431498.967    6009832.517    6341692.801    
27226       Mul         6426004.858    6426004.858    6130817.436    6343963.458    
27226       Add         6263577.386    6263577.386    5951662.938    6191409.111    
27226       Triad       6270654.529    6270654.529    5986084.083    6186564.838    
27226       Dot         5870060.375    5870060.375    5036432.071    5825449.345    
---------------------------------------------------------------------------------

[RESULT] [644955.335918] [babel-double-825MiB] [GPU:: 57875] Starting the Babel memory stress test
[RESULT] [644955.335972] Running kernels 2000 times, Precision: double
[RESULT] [644955.335992] Array size: 6920.6 MB (=6.9 GB), Total size: 20761.8 MB (=20.8 GB)

[INFO  ] [644958.568629] 
elements per lane 2,chunks per block 1, block count 844800
Using HIP device AMD Instinct MI355X, Driver: 71460850, pciBusID: 117
[RESULT] [644990.180420] 
---------------------------------------------------------------------------------
GPU Id      Function    MBytes/sec     Max MB/s       Min MB/s       Avg MB/s       
---------------------------------------------------------------------------------
57875       Read        7253881.170    7253881.170    6452456.522    7195281.212    
57875       Write       6777501.435    6777501.435    5775200.341    6355576.720    
57875       Copy        6420728.615    6420728.615    5971510.605    6324498.307    
57875       Mul         6396870.612    6396870.612    5995434.163    6314132.540    
57875       Add         6236280.040    6236280.040    5959964.576    6169780.204    
57875       Triad       6304644.169    6304644.169    6069611.693    6247177.843    
57875       Dot         5881259.534    5881259.534    4987288.995    5831278.551    
---------------------------------------------------------------------------------

[RESULT] [644990.772198] [babel-double-825MiB] [GPU:: 1590] Starting the Babel memory stress test
[RESULT] [644990.772246] Running kernels 2000 times, Precision: double
[RESULT] [644990.772273] Array size: 6920.6 MB (=6.9 GB), Total size: 20761.8 MB (=20.8 GB)

[INFO  ] [644994.56039 ] 
elements per lane 2,chunks per block 1, block count 844800
Using HIP device AMD Instinct MI355X, Driver: 71460850, pciBusID: 117
[RESULT] [645025.467923] 
---------------------------------------------------------------------------------
GPU Id      Function    MBytes/sec     Max MB/s       Min MB/s       Avg MB/s       
---------------------------------------------------------------------------------
1590        Read        7256771.542    7256771.542    6652480.044    7178454.028    
1590        Write       6736598.158    6736598.158    5603499.130    6330609.876    
1590        Copy        6422993.059    6422993.059    6038250.211    6334904.526    
1590        Mul         6401636.901    6401636.901    5989417.826    6320043.192    
1590        Add         6300605.243    6300605.243    6022407.675    6216042.441    
1590        Triad       6251111.704    6251111.704    5956614.825    6179716.314    
1590        Dot         6128103.057    6128103.057    5211104.108    6083309.589    
---------------------------------------------------------------------------------

[RESULT] [645026.70157 ] [babel-double-825MiB] [GPU:: 11806] Starting the Babel memory stress test
[RESULT] [645026.70259 ] Running kernels 2000 times, Precision: double
[RESULT] [645026.70284 ] Array size: 6920.6 MB (=6.9 GB), Total size: 20761.8 MB (=20.8 GB)

[INFO  ] [645029.382978] 
elements per lane 2,chunks per block 1, block count 844800
Using HIP device AMD Instinct MI355X, Driver: 71460850, pciBusID: 117
[RESULT] [645061.190057] 
---------------------------------------------------------------------------------
GPU Id      Function    MBytes/sec     Max MB/s       Min MB/s       Avg MB/s       
---------------------------------------------------------------------------------
11806       Read        7252748.469    7252748.469    6758571.604    7190321.262    
11806       Write       6742439.382    6742439.382    5669324.901    6336810.552    
11806       Copy        6402525.262    6402525.262    6017092.971    6312327.650    
11806       Mul         6417989.582    6417989.582    6022960.628    6322531.514    
11806       Add         6234931.621    6234931.621    6010240.490    6174876.811    
11806       Triad       6174870.699    6174870.699    5897697.144    6093777.755    
11806       Dot         5862996.230    5862996.230    5071380.882    5825399.327    
---------------------------------------------------------------------------------

[RESULT] [645061.780133] [babel-double-825MiB] [GPU:: 51771] Starting the Babel memory stress test
[RESULT] [645061.780192] Running kernels 2000 times, Precision: double
[RESULT] [645061.780218] Array size: 6920.6 MB (=6.9 GB), Total size: 20761.8 MB (=20.8 GB)

[INFO  ] [645065.38609 ] 
elements per lane 2,chunks per block 1, block count 844800
Using HIP device AMD Instinct MI355X, Driver: 71460850, pciBusID: 117
[RESULT] [645096.432238] 
---------------------------------------------------------------------------------
GPU Id      Function    MBytes/sec     Max MB/s       Min MB/s       Avg MB/s       
---------------------------------------------------------------------------------
51771       Read        7251752.896    7251752.896    6587015.380    7165068.946    
51771       Write       6806028.909    6806028.909    5614409.281    6346800.796    
51771       Copy        6431439.198    6431439.198    5865383.853    6337701.578    
51771       Mul         6405959.616    6405959.616    5895887.507    6317733.860    
51771       Add         6282949.267    6282949.267    5915913.792    6197242.151    
51771       Triad       6257989.033    6257989.033    6039049.357    6183249.548    
51771       Dot         6175951.668    6175951.668    4454929.527    6078137.984    
---------------------------------------------------------------------------------

+=====================================================================+
|                 ROCm Validation Suite (RVS) Summary                 |
+=====================================================================+
|                           System Overview                           |
+---------------------------------------------------------------------+
| Operating System                 | Ubuntu 22.04.5 LTS               |
| RVS version                      | 1.7.8                            |
| ROCm version                     | N/A                              |
| amdgpu version                   | 6.19.14                          |
| GPUs                             | 8                                |
+---------------------------------------------------------------------+
| GPU Name - GPU ID                |                                  |
| ID - Node ID - BDF               |                                  |
+---------------------------------------------------------------------+
| AMD Instinct MI355X - 42583      | AMD Instinct MI355X - 27226      |
| 0 - 3 - 0000:05:00.0             | 1 - 5 - 0000:15:00.0             |
+---------------------------------------------------------------------+
| AMD Instinct MI355X - 36479      | AMD Instinct MI355X - 17010      |
| 2 - 4 - 0000:65:00.0             | 3 - 2 - 0000:75:00.0             |
+---------------------------------------------------------------------+
| AMD Instinct MI355X - 1590       | AMD Instinct MI355X - 51771      |
| 4 - 7 - 0000:85:00.0             | 5 - 9 - 0000:95:00.0             |
+---------------------------------------------------------------------+
| AMD Instinct MI355X - 11806      | AMD Instinct MI355X - 57875      |
| 6 - 8 - 0000:e5:00.0             | 7 - 6 - 0000:f5:00.0             |
+=====================================================================+
| Action Name                      | Module         | Result          |
+=====================================================================+
| babel-double-825MiB              | BABEL          | [32mPASS          [0m  |
+---------------------------------------------------------------------+
