[RESULT] [ 87422.982160] Action name :babel-double-825MiB
[RESULT] [ 87423.29058 ] Module name :babel
[INFO  ] [ 87423.29083 ] Missing 'device_index' key.
[RESULT] [ 87423.602839] [babel-double-825MiB] [GPU:: 17010] Starting the Babel memory stress test
[RESULT] [ 87423.602904] Running kernels 2000 times, Precision: double
[RESULT] [ 87423.602936] Array size: 6920.6 MB (=6.9 GB), Total size: 20761.8 MB (=20.8 GB)

[INFO  ] [ 87427.565284] 
elements per lane 2,chunks per block 1, block count 844800
Using HIP device AMD Instinct MI355X, Driver: 71460850, pciBusID: 117
[RESULT] [ 87459.860200] 
---------------------------------------------------------------------------------
GPU Id      Function    MBytes/sec     Max MB/s       Min MB/s       Avg MB/s       
---------------------------------------------------------------------------------
17010       Read        7255630.331    7255630.331    6489309.136    7187922.793    
17010       Write       6754949.962    6754949.962    1338342.839    6351539.323    
17010       Copy        6417135.601    6417135.601    6015244.189    6317524.260    
17010       Mul         6411217.544    6411217.544    4810546.693    6322099.587    
17010       Add         6201378.163    6201378.163    5968605.106    6124718.457    
17010       Triad       6103391.997    6103391.997    5823690.148    6010392.549    
17010       Dot         5874574.809    5874574.809    5100669.847    5831724.904    
---------------------------------------------------------------------------------

[RESULT] [ 87460.821694] [babel-double-825MiB] [GPU:: 42583] Starting the Babel memory stress test
[RESULT] [ 87460.821743] Running kernels 2000 times, Precision: double
[RESULT] [ 87460.821767] Array size: 6920.6 MB (=6.9 GB), Total size: 20761.8 MB (=20.8 GB)

[INFO  ] [ 87464.851134] 
elements per lane 2,chunks per block 1, block count 844800
Using HIP device AMD Instinct MI355X, Driver: 71460850, pciBusID: 117
[RESULT] [ 87496.648726] 
---------------------------------------------------------------------------------
GPU Id      Function    MBytes/sec     Max MB/s       Min MB/s       Avg MB/s       
---------------------------------------------------------------------------------
42583       Read        7254344.996    7254344.996    6384837.145    7157108.945    
42583       Write       6928687.378    6928687.378    5984660.538    6603145.399    
42583       Copy        6477068.165    6477068.165    6113897.306    6406343.568    
42583       Mul         6440153.285    6440153.285    5991338.939    6339966.902    
42583       Add         6293677.859    6293677.859    6025735.665    6239556.559    
42583       Triad       6306545.844    6306545.844    6056019.966    6208846.066    
42583       Dot         5878239.790    5878239.790    5508327.118    5824150.198    
---------------------------------------------------------------------------------

[RESULT] [ 87497.470566] [babel-double-825MiB] [GPU:: 36479] Starting the Babel memory stress test
[RESULT] [ 87497.470615] Running kernels 2000 times, Precision: double
[RESULT] [ 87497.470638] Array size: 6920.6 MB (=6.9 GB), Total size: 20761.8 MB (=20.8 GB)

[INFO  ] [ 87501.519473] 
elements per lane 2,chunks per block 1, block count 844800
Using HIP device AMD Instinct MI355X, Driver: 71460850, pciBusID: 117
[RESULT] [ 87533.139042] 
---------------------------------------------------------------------------------
GPU Id      Function    MBytes/sec     Max MB/s       Min MB/s       Avg MB/s       
---------------------------------------------------------------------------------
36479       Read        7254040.841    7254040.841    6625736.451    7184438.581    
36479       Write       6947885.948    6947885.948    6056512.855    6605501.478    
36479       Copy        6502815.230    6502815.230    6195363.102    6408086.278    
36479       Mul         6575221.645    6575221.645    6244105.810    6498078.524    
36479       Add         6266609.841    6266609.841    6052824.318    6200158.316    
36479       Triad       6178661.722    6178661.722    5999096.400    6123400.163 