=== 1786659688.750759805 ===


============================ ROCm System Management Interface ============================
=============================== Current clock frequencies ================================
GPU[0]		: mclk clock level: 0: (2000Mhz)
GPU[0]		: sclk clock level: 1: (362Mhz)
GPU[0]		: socclk clock level: S: (44Mhz)
GPU[1]		: mclk clock level: 0: (2000Mhz)
GPU[1]		: sclk clock level: 1: (456Mhz)
GPU[1]		: socclk clock level: S: (46Mhz)
GPU[2]		: mclk clock level: 0: (2000Mhz)
GPU[2]		: sclk clock level: 1: (400Mhz)
GPU[2]		: socclk clock level: S: (45Mhz)
GPU[3]		: mclk clock level: 0: (2000Mhz)
GPU[3]		: sclk clock level: 1: (324Mhz)
GPU[3]		: socclk clock level: S: (43Mhz)
GPU[4]		: mclk clock level: 0: (2000Mhz)
GPU[4]		: sclk clock level: 1: (526Mhz)
GPU[4]		: socclk clock level: S: (48Mhz)
GPU[5]		: mclk clock level: 0: (2000Mhz)
GPU[5]		: sclk clock level: S: (237Mhz)
GPU[5]		: socclk clock level: S: (40Mhz)
GPU[6]		: mclk clock level: 0: (2000Mhz)
GPU[6]		: sclk clock level: S: (238Mhz)
GPU[6]		: socclk clock level: S: (40Mhz)
GPU[7]		: mclk clock level: 0: (2000Mhz)
GPU[7]		: sclk clock level: S: (245Mhz)
GPU[7]		: socclk clock level: S: (40Mhz)
==========================================================================================
=================================== Power Consumption ====================================
GPU[0]		: Current Socket Graphics Package Power (W): 263.0
GPU[1]		: Current Socket Graphics Package Power (W): 260.0
GPU[2]		: Current Socket Graphics Package Power (W): 264.0
GPU[3]		: Current Socket Graphics Package Power (W): 262.0
GPU[4]		: Current Socket Graphics Package Power (W): 273.0
GPU[5]		: Current Socket Graphics Package Power (W): 253.0
GPU[6]		: Current Socket Graphics Package Power (W): 254.0
GPU[7]		: Current Socket Graphics Package Power (W): 265.0
==========================================================================================
================================== End of ROCm SMI Log ===================================
=== 1786659690.847008478 ===


============================ ROCm System Management Interface ============================
=============================== Current clock frequencies ================================
GPU[0]		: mclk clock level: 0: (2000Mhz)
GPU[0]		: sclk clock level: 1: (2400Mhz)
GPU[0]		: socclk clock level: S: (38Mhz)
GPU[1]		: mclk clock level: 0: (2000Mhz)
GPU[1]		: sclk clock level: 1: (2400Mhz)
GPU[1]		: socclk clock level: S: (38Mhz)
GPU[2]		: mclk clock level: 0: (2000Mhz)
GPU[2]		: sclk clock level: 1: (2400Mhz)
GPU[2]		: socclk clock level: S: (38Mhz)
GPU[3]		: mclk clock level: 0: (2000Mhz)
GPU[3]		: sclk clock level: 1: (2400Mhz)
GPU[3]		: socclk clock level: S: (38Mhz)
GPU[4]		: mclk clock level: 0: (2000Mhz)
GPU[4]		: sclk clock level: 1: (2400Mhz)
GPU[4]		: socclk clock level: S: (38Mhz)
GPU[5]		: mclk clock level: 0: (2000Mhz)
GPU[5]		: sclk clock level: 1: (2400Mhz)
GPU[5]		: socclk clock level: S: (38Mhz)
GPU[6]		: mclk clock level: 0: (2000Mhz)
GPU[6]		: sclk clock level: S: (157Mhz)
GPU[6]		: socclk clock level: S: (38Mhz)
GPU[7]		: mclk clock level: 0: (2000Mhz)
GPU[7]		: sclk clock level: S: (156Mhz)
GPU[7]		: socclk clock level: S: (38Mhz)
==========================================================================================
=================================== Power Consumption ====================================
GPU[0]		: Current Socket Graphics Package Power (W): 300.0
GPU[1]		: Current Socket Graphics Package Power (W): 298.0
GPU[2]		: Current Socket Graphics Package Power (W): 302.0
GPU[3]		: Current Socket Graphics Package Power (W): 300.0
GPU[4]		: Current Socket Graphics Package Power (W): 307.0
GPU[5]		: Current Socket Graphics Package Power (W): 292.0
GPU[6]		: Current Socket Graphics Package Power (W): 252.0
GPU[7]		: Current Socket Graphics Package Power (W): 263.0
==========================================================================================
================================== End of ROCm SMI Log ===================================
=== 1786659692.946081943 ===


============================ ROCm System Management Interface ============================
=============================== Current clock frequencies ================================
GPU[0]		: mclk clock level: 0: (2000Mhz)
GPU[0]		: sclk clock level: 1: (2400Mhz)
GPU[0]		: socclk clock level: S: (38Mhz)
GPU[1]		: mclk clock level: 0: (2000Mhz)
GPU[1]		: sclk clock level: 1: (2400Mhz)
GPU[1]		: socclk clock level: S: (38Mhz)
GPU[2]		: mclk clock level: 0: (2000Mhz)
GPU[2]		: sclk clock level: 1: (2400Mhz)
GPU[2]		: socclk clock level: S: (38Mhz)
GPU[3]		: mclk clock level: 0: (2000Mhz)
GPU[3]		: sclk clock level: 1: (2400Mhz)
GPU[3]		: socclk clock level: S: (38Mhz)
GPU[4]		: mclk clock level: 0: (2000Mhz)
GPU[4]		: sclk clock level: 1: (2400Mhz)
GPU[4]		: socclk clock level: S: (38Mhz)
GPU[5]		: mclk clock level: 0: (2000Mhz)
GPU[5]		: sclk clock level: 1: (2400Mhz)
GPU[5]		: socclk clock level: S: (38Mhz)
GPU[6]		: mclk clock level: 0: (2000Mhz)
GPU[6]		: sclk clock level: S: (156Mhz)
GPU[6]		: socclk clock level: S: (38Mhz)
GPU[7]		: mclk clock level: 0: (2000Mhz)
GPU[7]		: sclk clock level: S: (156Mhz)
GPU[7]		: socclk clock level: S: (38Mhz)
==========================================================================================
=================================== Power Consumption ====================================
GPU[0]		: Current Socket Graphics Package Power (W): 300.0
GPU[1]		: Current Socket Graphics Package Power (W): 297.0
GPU[2]		: Current Socket Graphics Package Power (W): 302.0
GPU[3]		: Current Socket Graphics Package Power (W): 300.0
GPU[4]		: Current Socket Graphics Package Power (W): 307.0
GPU[5]		: Current Socket Graphics Package Power (W): 292.0
GPU[6]		: Current Socket Graphics Package Power (W): 252.0
GPU[7]		: Current Socket Graphics Package Power (W): 263.0
==========================================================================================
================================== End of ROCm SMI Log ===================================
=== 1786659695.043678513 ===


============================ ROCm System Management Interface ============================
=============================== Current clock frequencies ================================
GPU[0]		: mclk clock level: 0: (2000Mhz)
GPU[0]		: sclk clock level: 1: (1856Mhz)
GPU[0]		: socclk clock level: S: (38Mhz)
GPU[1]		: mclk clock level: 0: (2000Mhz)
GPU[1]		: sclk clock level: 1: (1825Mhz)
GPU[1]		: socclk clock level: S: (38Mhz)
GPU[2]		: mclk clock level: 0: (2000Mhz)
GPU[2]		: sclk clock level: 1: (1848Mhz)
GPU[2]		: socclk clock level: S: (38Mhz)
GPU[3]		: mclk clock level: 0: (2000Mhz)
GPU[3]		: sclk clock level: 1: (1840Mhz)
GPU[3]		: socclk clock level: S: (38Mhz)
GPU[4]		: mclk clock level: 0: (2000Mhz)
GPU[4]		: sclk clock level: 1: (1829Mhz)
GPU[4]		: socclk clock level: S: (38Mhz)
GPU[5]		: mclk clock level: 0: (2000Mhz)
GPU[5]		: sclk clock level: 1: (1810Mhz)
GPU[5]		: socclk clock level: S: (38Mhz)
GPU[6]		: mclk clock level: 0: (2000Mhz)
GPU[6]		: sclk clock level: S: (120Mhz)
GPU[6]		: socclk clock level: S: (38Mhz)
GPU[7]		: mclk clock level: 0: (2000Mhz)
GPU[7]		: sclk clock level: S: (120Mhz)
GPU[7]		: socclk clock level: S: (38Mhz)
==========================================================================================
=================================== Power Consumption ====================================
GPU[0]		: Current Socket Graphics Package Power (W): 280.0
GPU[1]		: Current Socket Graphics Package Power (W): 275.0
GPU[2]		: Current Socket Graphics Package Power (W): 280.0
GPU[3]		: Current Socket Graphics Package Power (W): 280.0
GPU[4]		: Current Socket Graphics Package Power (W): 286.0
GPU[5]		: Current Socket Graphics Package Power (W): 272.0
GPU[6]		: Current Socket Graphics Package Power (W): 247.0
GPU[7]		: Current Socket Graphics Package Power (W): 258.0
==========================================================================================
================================== End of ROCm SMI Log ===================================
=== 1786659697.143120312 ===


============================ ROCm System Management Interface ============================
=============================== Current clock frequencies ================================
GPU[0]		: mclk clock level: 0: (2000Mhz)
GPU[0]		: sclk clock level: 1: (1412Mhz)
GPU[0]		: socclk clock level: S: (38Mhz)
GPU[1]		: mclk clock level: 0: (2000Mhz)
GPU[1]		: sclk clock level: 1: (1393Mhz)
GPU[1]		: socclk clock level: S: (38Mhz)
GPU[2]		: mclk clock level: 0: (2000Mhz)
GPU[2]		: sclk clock level: 1: (1405Mhz)
GPU[2]		: socclk clock level: S: (38Mhz)
GPU[3]		: mclk clock level: 0: (2000Mhz)
GPU[3]		: sclk clock level: 1: (1400Mhz)
GPU[3]		: socclk clock level: S: (38Mhz)
GPU[4]		: mclk clock level: 0: (2000Mhz)
GPU[4]		: sclk clock level: 1: (1408Mhz)
GPU[4]		: socclk clock level: S: (38Mhz)
GPU[5]		: mclk clock level: 0: (2000Mhz)
GPU[5]		: sclk clock level: 1: (1399Mhz)
GPU[5]		: socclk clock level: S: (38Mhz)
GPU[6]		: mclk clock level: 0: (2000Mhz)
GPU[6]		: sclk clock level: S: (94Mhz)
GPU[6]		: socclk clock level: S: (38Mhz)
GPU[7]		: mclk clock level: 0: (2000Mhz)
GPU[7]		: sclk clock level: S: (93Mhz)
GPU[7]		: socclk clock level: S: (38Mhz)
==========================================================================================
=================================== Power Consumption ====================================
GPU[0]		: Current Socket Graphics Package Power (W): 266.0
GPU[1]		: Current Socket Graphics Package Power (W): 261.0
GPU[2]		: Current Socket Graphics Package Power (W): 265.0
GPU[3]		: Current Socket Graphics Package Power (W): 266.0
GPU[4]		: Current Socket Graphics Package Power (W): 272.0
GPU[5]		: Current Socket Graphics Package Power (W): 258.0
GPU[6]		: Current Socket Graphics Package Power (W): 243.0
GPU[7]		: Current Socket Graphics Package Power (W): 255.0
==========================================================================================
================================== End of ROCm SMI Log ===================================
=== 1786659699.242951034 ===


============================ ROCm System Management Interface ============================
=============================== Current clock frequencies ================================
GPU[0]		: mclk clock level: 0: (2000Mhz)
GPU[0]		: sclk clock level: 1: (1412Mhz)
GPU[0]		: socclk clock level: S: (38Mhz)
GPU[1]		: mclk clock level: 0: (2000Mhz)
GPU[1]		: sclk clock level: 1: (1393Mhz)
GPU[1]		: socclk clock level: S: (38Mhz)
GPU[2]		: mclk clock level: 0: (2000Mhz)
GPU[2]		: sclk clock level: 1: (1404Mhz)
GPU[2]		: socclk clock level: S: (38Mhz)
GPU[3]		: mclk clock level: 0: (2000Mhz)
GPU[3]		: sclk clock level: 1: (1400Mhz)
GPU[3]		: socclk clock level: S: (38Mhz)
GPU[4]		: mclk clock level: 0: (2000Mhz)
GPU[4]		: sclk clock level: 1: (1407Mhz)
GPU[4]		: socclk clock level: S: (38Mhz)
GPU[5]		: mclk clock level: 0: (2000Mhz)
GPU[5]		: sclk clock level: 1: (1399Mhz)
GPU[5]		: socclk clock level: S: (38Mhz)
GPU[6]		: mclk clock level: 0: (2000Mhz)
GPU[6]		: sclk clock level: S: (94Mhz)
GPU[6]		: socclk clock level: S: (38Mhz)
GPU[7]		: mclk clock level: 0: (2000Mhz)
GPU[7]		: sclk clock level: S: (94Mhz)
GPU[7]		: socclk clock level: S: (38Mhz)
==========================================================================================
=================================== Power Consumption ====================================
GPU[0]		: Current Socket Graphics Package Power (W): 266.0
GPU[1]		: Current Socket Graphics Package Power (W): 261.0
GPU[2]		: Current Socket Graphics Package Power (W): 264.0
GPU[3]		: Current Socket Graphics Package Power (W): 266.0
GPU[4]		: Current Socket Graphics Package Power (W): 272.0
GPU[5]		: Current Socket Graphics Package Power (W): 258.0
GPU[6]		: Current Socket Graphics Package Power (W): 243.0
GPU[7]		: Current Socket Graphics Package Power (W): 254.0
==========================================================================================
================================== End of ROCm SMI Log ===================================
=== 1786659701.339502852 ===


============================ ROCm System Management Interface ============================
=============================== Current clock frequencies ================================
GPU[0]		: mclk clock level: 0: (2000Mhz)
GPU[0]		: sclk clock level: 1: (1413Mhz)
GPU[0]		: socclk clock level: S: (38Mhz)
GPU[1]		: mclk clock level: 0: (2000Mhz)
GPU[1]		: sclk clock level: 1: (1394Mhz)
GPU[1]		: socclk clock level: S: (38Mhz)
GPU[2]		: mclk clock level: 0: (2000Mhz)
GPU[2]		: sclk clock level: 1: (1404Mhz)
GPU[2]		: socclk clock level: S: (38Mhz)
GPU[3]		: mclk clock level: 0: (2000Mhz)
GPU[3]		: sclk clock level: 1: (1401Mhz)
GPU[3]		: socclk clock level: S: (38Mhz)
GPU[4]		: mclk clock level: 0: (2000Mhz)
GPU[4]		: sclk clock level: 1: (1407Mhz)
GPU[4]		: socclk clock level: S: (38Mhz)
GPU[5]		: mclk clock level: 0: (2000Mhz)
GPU[5]		: sclk clock level: 1: (1398Mhz)
GPU[5]		: socclk clock level: S: (38Mhz)
GPU[6]		: mclk clock level: 0: (2000Mhz)
GPU[6]		: sclk clock level: S: (94Mhz)
GPU[6]		: socclk clock level: S: (38Mhz)
GPU[7]		: mclk clock level: 0: (2000Mhz)
GPU[7]		: sclk clock level: S: (94Mhz)
GPU[7]		: socclk clock level: S: (38Mhz)
==========================================================================================
=================================== Power Consumption ====================================
GPU[0]		: Current Socket Graphics Package Power (W): 266.0
GPU[1]		: Current Socket Graphics Package Power (W): 260.0
GPU[2]		: Current Socket Graphics Package Power (W): 264.0
GPU[3]		: Current Socket Graphics Package Power (W): 265.0
GPU[4]		: Current Socket Graphics Package Power (W): 272.0
GPU[5]		: Current Socket Graphics Package Power (W): 258.0
GPU[6]		: Current Socket Graphics Package Power (W): 243.0
GPU[7]		: Current Socket Graphics Package Power (W): 254.0
==========================================================================================
================================== End of ROCm SMI Log ===================================
=== 1786659703.436757068 ===


============================ ROCm System Management Interface ============================
=============================== Current clock frequencies ================================
GPU[0]		: mclk clock level: 0: (2000Mhz)
GPU[0]		: sclk clock level: 1: (1413Mhz)
GPU[0]		: socclk clock level: S: (38Mhz)
GPU[1]		: mclk clock level: 0: (2000Mhz)
GPU[1]		: sclk clock level: 1: (1394Mhz)
GPU[1]		: socclk clock level: S: (38Mhz)
GPU[2]		: mclk clock level: 0: (2000Mhz)
GPU[2]		: sclk clock level: 1: (1404Mhz)
GPU[2]		: socclk clock level: S: (38Mhz)
GPU[3]		: mclk clock level: 0: (2000Mhz)
GPU[3]		: sclk clock level: 1: (1400Mhz)
GPU[3]		: socclk clock level: S: (38Mhz)
GPU[4]		: mclk clock level: 0: (2000Mhz)
GPU[4]		: sclk clock level: 1: (1407Mhz)
GPU[4]		: socclk clock level: S: (38Mhz)
GPU[5]		: mclk clock level: 0: (2000Mhz)
GPU[5]		: sclk clock level: 1: (1399Mhz)
GPU[5]		: socclk clock level: S: (38Mhz)
GPU[6]		: mclk clock level: 0: (2000Mhz)
GPU[6]		: sclk clock level: S: (94Mhz)
GPU[6]		: socclk clock level: S: (38Mhz)
GPU[7]		: mclk clock level: 0: (2000Mhz)
GPU[7]		: sclk clock level: S: (94Mhz)
GPU[7]		: socclk clock level: S: (38Mhz)
==========================================================================================
=================================== Power Consumption ====================================
GPU[0]		: Current Socket Graphics Package Power (W): 266.0
GPU[1]		: Current Socket Graphics Package Power (W): 260.0
GPU[2]		: Current Socket Graphics Package Power (W): 264.0
GPU[3]		: Current Socket Graphics Package Power (W): 265.0
GPU[4]		: Current Socket Graphics Package Power (W): 271.0
GPU[5]		: Current Socket Graphics Package Power (W): 258.0
GPU[6]		: Current Socket Graphics Package Power (W): 243.0
GPU[7]		: Current Socket Graphics Package Power (W): 255.0
==========================================================================================
================================== End of ROCm SMI Log ===================================
=== 1786659705.534867789 ===


============================ ROCm System Management Interface ============================
=============================== Current clock frequencies ================================
GPU[0]		: mclk clock level: 0: (2000Mhz)
GPU[0]		: sclk clock level: 1: (1413Mhz)
GPU[0]		: socclk clock level: S: (38Mhz)
GPU[1]		: mclk clock level: 0: (2000Mhz)
GPU[1]		: sclk clock level: 1: (1391Mhz)
GPU[1]		: socclk clock level: S: (38Mhz)
GPU[2]		: mclk clock level: 0: (2000Mhz)
GPU[2]		: sclk clock level: 1: (1405Mhz)
GPU[2]		: socclk clock level: S: (38Mhz)
GPU[3]		: mclk clock level: 0: (2000Mhz)
GPU[3]		: sclk clock level: 1: (1400Mhz)
GPU[3]		: socclk clock level: S: (38Mhz)
GPU[4]		: mclk clock level: 0: (2000Mhz)
GPU[4]		: sclk clock level: 1: (1407Mhz)
GPU[4]		: socclk clock level: S: (38Mhz)
GPU[5]		: mclk clock level: 0: (2000Mhz)
GPU[5]		: sclk clock level: 1: (1398Mhz)
GPU[5]		: socclk clock level: S: (38Mhz)
GPU[6]		: mclk clock level: 0: (2000Mhz)
GPU[6]		: sclk clock level: S: (96Mhz)
GPU[6]		: socclk clock level: S: (38Mhz)
GPU[7]		: mclk clock level: 0: (2000Mhz)
GPU[7]		: sclk clock level: S: (94Mhz)
GPU[7]		: socclk clock level: S: (38Mhz)
==========================================================================================
=================================== Power Consumption ====================================
GPU[0]		: Current Socket Graphics Package Power (W): 266.0
GPU[1]		: Current Socket Graphics Package Power (W): 260.0
GPU[2]		: Current Socket Graphics Package Power (W): 264.0
GPU[3]		: Current Socket Graphics Package Power (W): 266.0
GPU[4]		: Current Socket Graphics Package Power (W): 271.0
GPU[5]		: Current Socket Graphics Package Power (W): 258.0
GPU[6]		: Current Socket Graphics Package Power (W): 243.0
GPU[7]		: Current Socket Graphics Package Power (W): 255.0
==========================================================================================
================================== End of ROCm SMI Log ===================================
=== 1786659707.631332069 ===


============================ ROCm System Management Interface ============================
=============================== Current clock frequencies ================================
GPU[0]		: mclk clock level: 0: (2000Mhz)
GPU[0]		: sclk clock level: 1: (1413Mhz)
GPU[0]		: socclk clock level: S: (38Mhz)
GPU[1]		: mclk clock level: 0: (2000Mhz)
GPU[1]		: sclk clock level: 1: (1392Mhz)
GPU[1]		: socclk clock level: S: (38Mhz)
GPU[2]		: mclk clock level: 0: (2000Mhz)
GPU[2]		: sclk clock level: 1: (1404Mhz)
GPU[2]		: socclk clock level: S: (38Mhz)
GPU[3]		: mclk clock level: 0: (2000Mhz)
GPU[3]		: sclk clock level: 1: (1400Mhz)
GPU[3]		: socclk clock level: S: (38Mhz)
GPU[4]		: mclk clock level: 0: (2000Mhz)
GPU[4]		: sclk clock level: 1: (1406Mhz)
GPU[4]		: socclk clock level: S: (38Mhz)
GPU[5]		: mclk clock level: 0: (2000Mhz)
GPU[5]		: sclk clock level: 1: (1398Mhz)
GPU[5]		: socclk clock level: S: (38Mhz)
GPU[6]		: mclk clock level: 0: (2000Mhz)
GPU[6]		: sclk clock level: S: (99Mhz)
GPU[6]		: socclk clock level: S: (39Mhz)
GPU[7]		: mclk clock level: 0: (2000Mhz)
GPU[7]		: sclk clock level: S: (94Mhz)
GPU[7]		: socclk clock level: S: (38Mhz)
==========================================================================================
=================================== Power Consumption ====================================
GPU[0]		: Current Socket Graphics Package Power (W): 266.0
GPU[1]		: Current Socket Graphics Package Power (W): 260.0
GPU[2]		: Current Socket Graphics Package Power (W): 264.0
GPU[3]		: Current Socket Graphics Package Power (W): 265.0
GPU[4]		: Current Socket Graphics Package Power (W): 271.0
GPU[5]		: Current Socket Graphics Package Power (W): 258.0
GPU[6]		: Current Socket Graphics Package Power (W): 243.0
GPU[7]		: Current Socket Graphics Package Power (W): 255.0
==========================================================================================
================================== End of ROCm SMI Log ===================================
=== 1786659709.728255900 ===


============================ ROCm System Management Interface ============================
=============================== Current clock frequencies ================================
GPU[0]		: mclk clock level: 0: (2000Mhz)
GPU[0]		: sclk clock level: 1: (1413Mhz)
GPU[0]		: socclk clock level: S: (38Mhz)
GPU[1]		: mclk clock level: 0: (2000Mhz)
GPU[1]		: sclk clock level: 1: (1393Mhz)
GPU[1]		: socclk clock level: S: (38Mhz)
GPU[2]		: mclk clock level: 0: (2000Mhz)
GPU[2]		: sclk clock level: 1: (1404Mhz)
GPU[2]		: socclk clock level: S: (38Mhz)
GPU[3]		: mclk clock level: 0: (2000Mhz)
GPU[3]		: sclk clock level: 1: (1400Mhz)
GPU[3]		: socclk clock level: S: (38Mhz)
GPU[4]		: mclk clock level: 0: (2000Mhz)
GPU[4]		: sclk clock level: 1: (1406Mhz)
GPU[4]		: socclk clock level: S: (38Mhz)
GPU[5]		: mclk clock level: 0: (2000Mhz)
GPU[5]		: sclk clock level: 1: (1398Mhz)
GPU[5]		: socclk clock level: S: (38Mhz)
GPU[6]		: mclk clock level: 0: (2000Mhz)
GPU[6]		: sclk clock level: S: (94Mhz)
GPU[6]		: socclk clock level: S: (38Mhz)
GPU[7]		: mclk clock level: 0: (2000Mhz)
GPU[7]		: sclk clock level: S: (94Mhz)
GPU[7]		: socclk clock level: S: (38Mhz)
==========================================================================================
=================================== Power Consumption ====================================
GPU[0]		: Current Socket Graphics Package Power (W): 266.0
GPU[1]		: Current Socket Graphics Package Power (W): 260.0
GPU[2]		: Current Socket Graphics Package Power (W): 264.0
GPU[3]		: Current Socket Graphics Package Power (W): 265.0
GPU[4]		: Current Socket Graphics Package Power (W): 271.0
GPU[5]		: Current Socket Graphics Package Power (W): 258.0
GPU[6]		: Current Socket Graphics Package Power (W): 243.0
GPU[7]		: Current Socket Graphics Package Power (W): 255.0
==========================================================================================
================================== End of ROCm SMI Log ===================================
=== 1786659711.824846547 ===


============================ ROCm System Management Interface ============================
=============================== Current clock frequencies ================================
GPU[0]		: mclk clock level: 0: (2000Mhz)
GPU[0]		: sclk clock level: 1: (1414Mhz)
GPU[0]		: socclk clock level: S: (38Mhz)
GPU[1]		: mclk clock level: 0: (2000Mhz)
GPU[1]		: sclk clock level: 1: (1390Mhz)
GPU[1]		: socclk clock level: S: (38Mhz)
GPU[2]		: mclk clock level: 0: (2000Mhz)
GPU[2]		: sclk clock level: 1: (1405Mhz)
GPU[2]		: socclk clock level: S: (38Mhz)
GPU[3]		: mclk clock level: 0: (2000Mhz)
GPU[3]		: sclk clock level: 1: (1401Mhz)
GPU[3]		: socclk clock level: S: (38Mhz)
GPU[4]		: mclk clock level: 0: (2000Mhz)
GPU[4]		: sclk clock level: 1: (1406Mhz)
GPU[4]		: socclk clock level: S: (38Mhz)
GPU[5]		: mclk clock level: 0: (2000Mhz)
GPU[5]		: sclk clock level: 1: (1398Mhz)
GPU[5]		: socclk clock level: S: (38Mhz)
GPU[6]		: mclk clock level: 0: (2000Mhz)
GPU[6]		: sclk clock level: S: (95Mhz)
GPU[6]		: socclk clock level: S: (38Mhz)
GPU[7]		: mclk clock level: 0: (2000Mhz)
GPU[7]		: sclk clock level: S: (94Mhz)
GPU[7]		: socclk clock level: S: (38Mhz)
==========================================================================================
=================================== Power Consumption ====================================
GPU[0]		: Current Socket Graphics Package Power (W): 266.0
GPU[1]		: Current Socket Graphics Package Power (W): 260.0
GPU[2]		: Current Socket Graphics Package Power (W): 264.0
GPU[3]		: Current Socket Graphics Package Power (W): 266.0
GPU[4]		: Current Socket Graphics Package Power (W): 271.0
GPU[5]		: Current Socket Graphics Package Power (W): 258.0
GPU[6]		: Current Socket Graphics Package Power (W): 243.0
GPU[7]		: Current Socket Graphics Package Power (W): 255.0
==========================================================================================
================================== End of ROCm SMI Log ===================================
=== 1786659713.923340232 ===


============================ ROCm System Management Interface ============================
=============================== Current clock frequencies ================================
GPU[0]		: mclk clock level: 0: (2000Mhz)
GPU[0]		: sclk clock level: 1: (2400Mhz)
GPU[0]		: socclk clock level: S: (38Mhz)
GPU[1]		: mclk clock level: 0: (2000Mhz)
GPU[1]		: sclk clock level: S: (157Mhz)
GPU[1]		: socclk clock level: S: (38Mhz)
GPU[2]		: mclk clock level: 0: (2000Mhz)
GPU[2]		: sclk clock level: S: (157Mhz)
GPU[2]		: socclk clock level: S: (38Mhz)
GPU[3]		: mclk clock level: 0: (2000Mhz)
GPU[3]		: sclk clock level: 1: (2400Mhz)
GPU[3]		: socclk clock level: S: (38Mhz)
GPU[4]		: mclk clock level: 0: (2000Mhz)
GPU[4]		: sclk clock level: 1: (2400Mhz)
GPU[4]		: socclk clock level: S: (38Mhz)
GPU[5]		: mclk clock level: 0: (2000Mhz)
GPU[5]		: sclk clock level: 1: (2400Mhz)
GPU[5]		: socclk clock level: S: (38Mhz)
GPU[6]		: mclk clock level: 0: (2000Mhz)
GPU[6]		: sclk clock level: S: (157Mhz)
GPU[6]		: socclk clock level: S: (38Mhz)
GPU[7]		: mclk clock level: 0: (2000Mhz)
GPU[7]		: sclk clock level: S: (156Mhz)
GPU[7]		: socclk clock level: S: (38Mhz)
==========================================================================================
=================================== Power Consumption ====================================
GPU[0]		: Current Socket Graphics Package Power (W): 298.0
GPU[1]		: Current Socket Graphics Package Power (W): 252.0
GPU[2]		: Current Socket Graphics Package Power (W): 257.0
GPU[3]		: Current Socket Graphics Package Power (W): 299.0
GPU[4]		: Current Socket Graphics Package Power (W): 305.0
GPU[5]		: Current Socket Graphics Package Power (W): 292.0
GPU[6]		: Current Socket Graphics Package Power (W): 251.0
GPU[7]		: Current Socket Graphics Package Power (W): 263.0
==========================================================================================
================================== End of ROCm SMI Log ===================================
=== 1786659716.025963168 ===


============================ ROCm System Management Interface ============================
=============================== Current clock frequencies ================================
GPU[0]		: mclk clock level: 0: (2000Mhz)
GPU[0]		: sclk clock level: 1: (2400Mhz)
GPU[0]		: socclk clock level: S: (38Mhz)
GPU[1]		: mclk clock level: 0: (2000Mhz)
GPU[1]		: sclk clock level: S: (156Mhz)
GPU[1]		: socclk clock level: S: (38Mhz)
GPU[2]		: mclk clock level: 0: (2000Mhz)
GPU[2]		: sclk clock level: S: (156Mhz)
GPU[2]		: socclk clock level: S: (38Mhz)
GPU[3]		: mclk clock level: 0: (2000Mhz)
GPU[3]		: sclk clock level: 1: (2400Mhz)
GPU[3]		: socclk clock level: S: (38Mhz)
GPU[4]		: mclk clock level: 0: (2000Mhz)
GPU[4]		: sclk clock level: 1: (2400Mhz)
GPU[4]		: socclk clock level: S: (38Mhz)
GPU[5]		: mclk clock level: 0: (2000Mhz)
GPU[5]		: sclk clock level: 1: (2400Mhz)
GPU[5]		: socclk clock level: S: (38Mhz)
GPU[6]		: mclk clock level: 0: (2000Mhz)
GPU[6]		: sclk clock level: S: (157Mhz)
GPU[6]		: socclk clock level: S: (38Mhz)
GPU[7]		: mclk clock level: 0: (2000Mhz)
GPU[7]		: sclk clock level: S: (156Mhz)
GPU[7]		: socclk clock level: S: (38Mhz)
==========================================================================================
=================================== Power Consumption ====================================
GPU[0]		: Current Socket Graphics Package Power (W): 296.0
GPU[1]		: Current Socket Graphics Package Power (W): 252.0
GPU[2]		: Current Socket Graphics Package Power (W): 257.0
GPU[3]		: Current Socket Graphics Package Power (W): 300.0
GPU[4]		: Current Socket Graphics Package Power (W): 305.0
GPU[5]		: Current Socket Graphics Package Power (W): 292.0
GPU[6]		: Current Socket Graphics Package Power (W): 252.0
GPU[7]		: Current Socket Graphics Package Power (W): 264.0
==========================================================================================
================================== End of ROCm SMI Log ===================================
=== 1786659718.123130055 ===


============================ ROCm System Management Interface ============================
=============================== Current clock frequencies ================================
GPU[0]		: mclk clock level: 0: (2000Mhz)
GPU[0]		: sclk clock level: S: (158Mhz)
GPU[0]		: socclk clock level: S: (38Mhz)
GPU[1]		: mclk clock level: 0: (2000Mhz)
GPU[1]		: sclk clock level: 1: (2111Mhz)
GPU[1]		: socclk clock level: S: (53Mhz)
GPU[2]		: mclk clock level: 0: (2000Mhz)
GPU[2]		: sclk clock level: 1: (2127Mhz)
GPU[2]		: socclk clock level: S: (52Mhz)
GPU[3]		: mclk clock level: 0: (2000Mhz)
GPU[3]		: sclk clock level: S: (158Mhz)
GPU[3]		: socclk clock level: S: (38Mhz)
GPU[4]		: mclk clock level: 0: (2000Mhz)
GPU[4]		: sclk clock level: S: (157Mhz)
GPU[4]		: socclk clock level: S: (38Mhz)
GPU[5]		: mclk clock level: 0: (2000Mhz)
GPU[5]		: sclk clock level: S: (156Mhz)
GPU[5]		: socclk clock level: S: (38Mhz)
GPU[6]		: mclk clock level: 0: (2000Mhz)
GPU[6]		: sclk clock level: S: (157Mhz)
GPU[6]		: socclk clock level: S: (38Mhz)
GPU[7]		: mclk clock level: 0: (2000Mhz)
GPU[7]		: sclk clock level: S: (156Mhz)
GPU[7]		: socclk clock level: S: (38Mhz)
==========================================================================================
=================================== Power Consumption ====================================
GPU[0]		: Current Socket Graphics Package Power (W): 257.0
GPU[1]		: Current Socket Graphics Package Power (W): 1108.0
GPU[2]		: Current Socket Graphics Package Power (W): 1069.0
GPU[3]		: Current Socket Graphics Package Power (W): 257.0
GPU[4]		: Current Socket Graphics Package Power (W): 264.0
GPU[5]		: Current Socket Graphics Package Power (W): 252.0
GPU[6]		: Current Socket Graphics Package Power (W): 251.0
GPU[7]		: Current Socket Graphics Package Power (W): 263.0
==========================================================================================
================================== End of ROCm SMI Log ===================================
=== 1786659720.219869139 ===


============================ ROCm System Management Interface ============================
=============================== Current clock frequencies ================================
GPU[0]		: mclk clock level: 0: (2000Mhz)
GPU[0]		: sclk clock level: S: (159Mhz)
GPU[0]		: socclk clock level: S: (38Mhz)
GPU[1]		: mclk clock level: 0: (2000Mhz)
GPU[1]		: sclk clock level: 1: (2121Mhz)
GPU[1]		: socclk clock level: S: (49Mhz)
GPU[2]		: mclk clock level: 0: (2000Mhz)
GPU[2]		: sclk clock level: 1: (2122Mhz)
GPU[2]		: socclk clock level: S: (49Mhz)
GPU[3]		: mclk clock level: 0: (2000Mhz)
GPU[3]		: sclk clock level: S: (158Mhz)
GPU[3]		: socclk clock level: S: (38Mhz)
GPU[4]		: mclk clock level: 0: (2000Mhz)
GPU[4]		: sclk clock level: S: (158Mhz)
GPU[4]		: socclk clock level: S: (38Mhz)
GPU[5]		: mclk clock level: 0: (2000Mhz)
GPU[5]		: sclk clock level: S: (156Mhz)
GPU[5]		: socclk clock level: S: (38Mhz)
GPU[6]		: mclk clock level: 0: (2000Mhz)
GPU[6]		: sclk clock level: S: (157Mhz)
GPU[6]		: socclk clock level: S: (38Mhz)
GPU[7]		: mclk clock level: 0: (2000Mhz)
GPU[7]		: sclk clock level: S: (156Mhz)
GPU[7]		: socclk clock level: S: (38Mhz)
==========================================================================================
=================================== Power Consumption ====================================
GPU[0]		: Current Socket Graphics Package Power (W): 257.0
GPU[1]		: Current Socket Graphics Package Power (W): 1173.0
GPU[2]		: Current Socket Graphics Package Power (W): 1100.0
GPU[3]		: Current Socket Graphics Package Power (W): 258.0
GPU[4]		: Current Socket Graphics Package Power (W): 263.0
GPU[5]		: Current Socket Graphics Package Power (W): 252.0
GPU[6]		: Current Socket Graphics Package Power (W): 252.0
GPU[7]		: Current Socket Graphics Package Power (W): 264.0
==========================================================================================
================================== End of ROCm SMI Log ===================================
=== 1786659722.318111589 ===


============================ ROCm System Management Interface ============================
=============================== Current clock frequencies ================================
GPU[0]		: mclk clock level: 0: (2000Mhz)
GPU[0]		: sclk clock level: 1: (2280Mhz)
GPU[0]		: socclk clock level: S: (45Mhz)
GPU[1]		: mclk clock level: 0: (2000Mhz)
GPU[1]		: sclk clock level: 1: (2091Mhz)
GPU[1]		: socclk clock level: S: (50Mhz)
GPU[2]		: mclk clock level: 0: (2000Mhz)
GPU[2]		: sclk clock level: 1: (2017Mhz)
GPU[2]		: socclk clock level: S: (44Mhz)
GPU[3]		: mclk clock level: 0: (2000Mhz)
GPU[3]		: sclk clock level: 1: (2122Mhz)
GPU[3]		: socclk clock level: S: (96Mhz)
GPU[4]		: mclk clock level: 0: (2000Mhz)
GPU[4]		: sclk clock level: 1: (1650Mhz)
GPU[4]		: socclk clock level: S: (209Mhz)
GPU[5]		: mclk clock level: 0: (2000Mhz)
GPU[5]		: sclk clock level: S: (161Mhz)
GPU[5]		: socclk clock level: S: (38Mhz)
GPU[6]		: mclk clock level: 0: (2000Mhz)
GPU[6]		: sclk clock level: S: (160Mhz)
GPU[6]		: socclk clock level: S: (38Mhz)
GPU[7]		: mclk clock level: 0: (2000Mhz)
GPU[7]		: sclk clock level: S: (174Mhz)
GPU[7]		: socclk clock level: S: (38Mhz)
==========================================================================================
=================================== Power Consumption ====================================
GPU[0]		: Current Socket Graphics Package Power (W): 670.0
GPU[1]		: Current Socket Graphics Package Power (W): 1371.0
GPU[2]		: Current Socket Graphics Package Power (W): 1401.0
GPU[3]		: Current Socket Graphics Package Power (W): 731.0
GPU[4]		: Current Socket Graphics Package Power (W): 293.0
GPU[5]		: Current Socket Graphics Package Power (W): 252.0
GPU[6]		: Current Socket Graphics Package Power (W): 252.0
GPU[7]		: Current Socket Graphics Package Power (W): 263.0
==========================================================================================
================================== End of ROCm SMI Log ===================================
=== 1786659724.449934240 ===


============================ ROCm System Management Interface ============================
=============================== Current clock frequencies ================================
GPU[0]		: mclk clock level: 0: (2000Mhz)
GPU[0]		: sclk clock level: 1: (2307Mhz)
GPU[0]		: socclk clock level: S: (42Mhz)
GPU[1]		: mclk clock level: 0: (2000Mhz)
GPU[1]		: sclk clock level: 1: (2087Mhz)
GPU[1]		: socclk clock level: S: (45Mhz)
GPU[2]		: mclk clock level: 0: (2000Mhz)
GPU[2]		: sclk clock level: 1: (2313Mhz)
GPU[2]		: socclk clock level: S: (41Mhz)
GPU[3]		: mclk clock level: 0: (2000Mhz)
GPU[3]		: sclk clock level: 1: (2254Mhz)
GPU[3]		: socclk clock level: S: (52Mhz)
GPU[4]		: mclk clock level: 0: (2000Mhz)
GPU[4]		: sclk clock level: 1: (2244Mhz)
GPU[4]		: socclk clock level: S: (53Mhz)
GPU[5]		: mclk clock level: 0: (2000Mhz)
GPU[5]		: sclk clock level: 1: (2245Mhz)
GPU[5]		: socclk clock level: S: (44Mhz)
GPU[6]		: mclk clock level: 0: (2000Mhz)
GPU[6]		: sclk clock level: S: (157Mhz)
GPU[6]		: socclk clock level: S: (38Mhz)
GPU[7]		: mclk clock level: 0: (2000Mhz)
GPU[7]		: sclk clock level: S: (157Mhz)
GPU[7]		: socclk clock level: S: (38Mhz)
==========================================================================================
=================================== Power Consumption ====================================
GPU[0]		: Current Socket Graphics Package Power (W): 589.0
GPU[1]		: Current Socket Graphics Package Power (W): 1379.0
GPU[2]		: Current Socket Graphics Package Power (W): 792.0
GPU[3]		: Current Socket Graphics Package Power (W): 767.0
GPU[4]		: Current Socket Graphics Package Power (W): 800.0
GPU[5]		: Current Socket Graphics Package Power (W): 748.0
GPU[6]		: Current Socket Graphics Package Power (W): 252.0
GPU[7]		: Current Socket Graphics Package Power (W): 264.0
==========================================================================================
================================== End of ROCm SMI Log ===================================
=== 1786659726.557436733 ===


============================ ROCm System Management Interface ============================
=============================== Current clock frequencies ================================
GPU[0]		: mclk clock level: 0: (2000Mhz)
GPU[0]		: sclk clock level: 1: (2330Mhz)
GPU[0]		: socclk clock level: S: (40Mhz)
GPU[1]		: mclk clock level: 0: (2000Mhz)
GPU[1]		: sclk clock level: 1: (2248Mhz)
GPU[1]		: socclk clock level: S: (43Mhz)
GPU[2]		: mclk clock level: 0: (2000Mhz)
GPU[2]		: sclk clock level: 1: (2338Mhz)
GPU[2]		: socclk clock level: S: (40Mhz)
GPU[3]		: mclk clock level: 0: (2000Mhz)
GPU[3]		: sclk clock level: 1: (2238Mhz)
GPU[3]		: socclk clock level: S: (43Mhz)
GPU[4]		: mclk clock level: 0: (2000Mhz)
GPU[4]		: sclk clock level: 1: (2238Mhz)
GPU[4]		: socclk clock level: S: (43Mhz)
GPU[5]		: mclk clock level: 0: (2000Mhz)
GPU[5]		: sclk clock level: 1: (2254Mhz)
GPU[5]		: socclk clock level: S: (43Mhz)
GPU[6]		: mclk clock level: 0: (2000Mhz)
GPU[6]		: sclk clock level: S: (157Mhz)
GPU[6]		: socclk clock level: S: (38Mhz)
GPU[7]		: mclk clock level: 0: (2000Mhz)
GPU[7]		: sclk clock level: S: (156Mhz)
GPU[7]		: socclk clock level: S: (38Mhz)
==========================================================================================
=================================== Power Consumption ====================================
GPU[0]		: Current Socket Graphics Package Power (W): 644.0
GPU[1]		: Current Socket Graphics Package Power (W): 1023.0
GPU[2]		: Current Socket Graphics Package Power (W): 666.0
GPU[3]		: Current Socket Graphics Package Power (W): 990.0
GPU[4]		: Current Socket Graphics Package Power (W): 964.0
GPU[5]		: Current Socket Graphics Package Power (W): 873.0
GPU[6]		: Current Socket Graphics Package Power (W): 251.0
GPU[7]		: Current Socket Graphics Package Power (W): 263.0
==========================================================================================
================================== End of ROCm SMI Log ===================================
=== 1786659728.653972032 ===


============================ ROCm System Management Interface ============================
=============================== Current clock frequencies ================================
GPU[0]		: mclk clock level: 0: (2000Mhz)
GPU[0]		: sclk clock level: 1: (2308Mhz)
GPU[0]		: socclk clock level: S: (40Mhz)
GPU[1]		: mclk clock level: 0: (2000Mhz)
GPU[1]		: sclk clock level: 1: (2274Mhz)
GPU[1]		: socclk clock level: S: (42Mhz)
GPU[2]		: mclk clock level: 0: (2000Mhz)
GPU[2]		: sclk clock level: 1: (2309Mhz)
GPU[2]		: socclk clock level: S: (40Mhz)
GPU[3]		: mclk clock level: 0: (2000Mhz)
GPU[3]		: sclk clock level: 1: (2253Mhz)
GPU[3]		: socclk clock level: S: (43Mhz)
GPU[4]		: mclk clock level: 0: (2000Mhz)
GPU[4]		: sclk clock level: 1: (2237Mhz)
GPU[4]		: socclk clock level: S: (43Mhz)
GPU[5]		: mclk clock level: 0: (2000Mhz)
GPU[5]		: sclk clock level: 1: (2256Mhz)
GPU[5]		: socclk clock level: S: (43Mhz)
GPU[6]		: mclk clock level: 0: (2000Mhz)
GPU[6]		: sclk clock level: S: (96Mhz)
GPU[6]		: socclk clock level: S: (38Mhz)
GPU[7]		: mclk clock level: 0: (2000Mhz)
GPU[7]		: sclk clock level: S: (94Mhz)
GPU[7]		: socclk clock level: S: (38Mhz)
==========================================================================================
=================================== Power Consumption ====================================
GPU[0]		: Current Socket Graphics Package Power (W): 594.0
GPU[1]		: Current Socket Graphics Package Power (W): 914.0
GPU[2]		: Current Socket Graphics Package Power (W): 607.0
GPU[3]		: Current Socket Graphics Package Power (W): 965.0
GPU[4]		: Current Socket Graphics Package Power (W): 996.0
GPU[5]		: Current Socket Graphics Package Power (W): 945.0
GPU[6]		: Current Socket Graphics Package Power (W): 243.0
GPU[7]		: Current Socket Graphics Package Power (W): 254.0
==========================================================================================
================================== End of ROCm SMI Log ===================================
=== 1786659730.751475993 ===


============================ ROCm System Management Interface ============================
=============================== Current clock frequencies ================================
GPU[0]		: mclk clock level: 0: (2000Mhz)
GPU[0]		: sclk clock level: 1: (2304Mhz)
GPU[0]		: socclk clock level: S: (40Mhz)
GPU[1]		: mclk clock level: 0: (2000Mhz)
GPU[1]		: sclk clock level: 1: (2259Mhz)
GPU[1]		: socclk clock level: S: (43Mhz)
GPU[2]		: mclk clock level: 0: (2000Mhz)
GPU[2]		: sclk clock level: 1: (2296Mhz)
GPU[2]		: socclk clock level: S: (40Mhz)
GPU[3]		: mclk clock level: 0: (2000Mhz)
GPU[3]		: sclk clock level: 1: (2260Mhz)
GPU[3]		: socclk clock level: S: (43Mhz)
GPU[4]		: mclk clock level: 0: (2000Mhz)
GPU[4]		: sclk clock level: 1: (2239Mhz)
GPU[4]		: socclk clock level: S: (43Mhz)
GPU[5]		: mclk clock level: 0: (2000Mhz)
GPU[5]		: sclk clock level: 1: (2259Mhz)
GPU[5]		: socclk clock level: S: (43Mhz)
GPU[6]		: mclk clock level: 0: (2000Mhz)
GPU[6]		: sclk clock level: S: (94Mhz)
GPU[6]		: socclk clock level: S: (38Mhz)
GPU[7]		: mclk clock level: 0: (2000Mhz)
GPU[7]		: sclk clock level: S: (94Mhz)
GPU[7]		: socclk clock level: S: (38Mhz)
==========================================================================================
=================================== Power Consumption ====================================
GPU[0]		: Current Socket Graphics Package Power (W): 596.0
GPU[1]		: Current Socket Graphics Package Power (W): 997.0
GPU[2]		: Current Socket Graphics Package Power (W): 612.0
GPU[3]		: Current Socket Graphics Package Power (W): 977.0
GPU[4]		: Current Socket Graphics Package Power (W): 1008.0
GPU[5]		: Current Socket Graphics Package Power (W): 969.0
GPU[6]		: Current Socket Graphics Package Power (W): 243.0
GPU[7]		: Current Socket Graphics Package Power (W): 256.0
==========================================================================================
================================== End of ROCm SMI Log ===================================
=== 1786659732.854096678 ===


============================ ROCm System Management Interface ============================
=============================== Current clock frequencies ================================
GPU[0]		: mclk clock level: 0: (2000Mhz)
GPU[0]		: sclk clock level: 1: (2303Mhz)
GPU[0]		: socclk clock level: S: (40Mhz)
GPU[1]		: mclk clock level: 0: (2000Mhz)
GPU[1]		: sclk clock level: 1: (2261Mhz)
GPU[1]		: socclk clock level: S: (43Mhz)
GPU[2]		: mclk clock level: 0: (2000Mhz)
GPU[2]		: sclk clock level: 1: (2299Mhz)
GPU[2]		: socclk clock level: S: (40Mhz)
GPU[3]		: mclk clock level: 0: (2000Mhz)
GPU[3]		: sclk clock level: 1: (2263Mhz)
GPU[3]		: socclk clock level: S: (43Mhz)
GPU[4]		: mclk clock level: 0: (2000Mhz)
GPU[4]		: sclk clock level: 1: (2235Mhz)
GPU[4]		: socclk clock level: S: (43Mhz)
GPU[5]		: mclk clock level: 0: (2000Mhz)
GPU[5]		: sclk clock level: 1: (2259Mhz)
GPU[5]		: socclk clock level: S: (43Mhz)
GPU[6]		: mclk clock level: 0: (2000Mhz)
GPU[6]		: sclk clock level: S: (94Mhz)
GPU[6]		: socclk clock level: S: (38Mhz)
GPU[7]		: mclk clock level: 0: (2000Mhz)
GPU[7]		: sclk clock level: S: (94Mhz)
GPU[7]		: socclk clock level: S: (38Mhz)
==========================================================================================
=================================== Power Consumption ====================================
GPU[0]		: Current Socket Graphics Package Power (W): 603.0
GPU[1]		: Current Socket Graphics Package Power (W): 984.0
GPU[2]		: Current Socket Graphics Package Power (W): 605.0
GPU[3]		: Current Socket Graphics Package Power (W): 978.0
GPU[4]		: Current Socket Graphics Package Power (W): 1007.0
GPU[5]		: Current Socket Graphics Package Power (W): 979.0
GPU[6]		: Current Socket Graphics Package Power (W): 243.0
GPU[7]		: Current Socket Graphics Package Power (W): 256.0
==========================================================================================
================================== End of ROCm SMI Log ===================================
=== 1786659734.951338014 ===


============================ ROCm System Management Interface ============================
=============================== Current clock frequencies ================================
GPU[0]		: mclk clock level: 0: (2000Mhz)
GPU[0]		: sclk clock level: 1: (2298Mhz)
GPU[0]		: socclk clock level: S: (40Mhz)
GPU[1]		: mclk clock level: 0: (2000Mhz)
GPU[1]		: sclk clock level: 1: (2268Mhz)
GPU[1]		: socclk clock level: S: (43Mhz)
GPU[2]		: mclk clock level: 0: (2000Mhz)
GPU[2]		: sclk clock level: 1: (2290Mhz)
GPU[2]		: socclk clock level: S: (40Mhz)
GPU[3]		: mclk clock level: 0: (2000Mhz)
GPU[3]		: sclk clock level: 1: (2265Mhz)
GPU[3]		: socclk clock level: S: (43Mhz)
GPU[4]		: mclk clock level: 0: (2000Mhz)
GPU[4]		: sclk clock level: 1: (2244Mhz)
GPU[4]		: socclk clock level: S: (43Mhz)
GPU[5]		: mclk clock level: 0: (2000Mhz)
GPU[5]		: sclk clock level: 1: (2270Mhz)
GPU[5]		: socclk clock level: S: (43Mhz)
GPU[6]		: mclk clock level: 0: (2000Mhz)
GPU[6]		: sclk clock level: S: (94Mhz)
GPU[6]		: socclk clock level: S: (38Mhz)
GPU[7]		: mclk clock level: 0: (2000Mhz)
GPU[7]		: sclk clock level: S: (94Mhz)
GPU[7]		: socclk clock level: S: (38Mhz)
==========================================================================================
=================================== Power Consumption ====================================
GPU[0]		: Current Socket Graphics Package Power (W): 590.0
GPU[1]		: Current Socket Graphics Package Power (W): 962.0
GPU[2]		: Current Socket Graphics Package Power (W): 594.0
GPU[3]		: Current Socket Graphics Package Power (W): 957.0
GPU[4]		: Current Socket Graphics Package Power (W): 993.0
GPU[5]		: Current Socket Graphics Package Power (W): 953.0
GPU[6]		: Current Socket Graphics Package Power (W): 243.0
GPU[7]		: Current Socket Graphics Package Power (W): 255.0
==========================================================================================
================================== End of ROCm SMI Log ===================================
=== 1786659737.041733826 ===


============================ ROCm System Management Interface ============================
=============================== Current clock frequencies ================================
GPU[0]		: mclk clock level: 0: (2000Mhz)
GPU[0]		: sclk clock level: 1: (2302Mhz)
GPU[0]		: socclk clock level: S: (40Mhz)
GPU[1]		: mclk clock level: 0: (2000Mhz)
GPU[1]		: sclk clock level: 1: (2258Mhz)
GPU[1]		: socclk clock level: S: (43Mhz)
GPU[2]		: mclk clock level: 0: (2000Mhz)
GPU[2]		: sclk clock level: 1: (2286Mhz)
GPU[2]		: socclk clock level: S: (40Mhz)
GPU[3]		: mclk clock level: 0: (2000Mhz)
GPU[3]		: sclk clock level: 1: (2265Mhz)
GPU[3]		: socclk clock level: S: (43Mhz)
GPU[4]		: mclk clock level: 0: (2000Mhz)
GPU[4]		: sclk clock level: 1: (2239Mhz)
GPU[4]		: socclk clock level: S: (43Mhz)
GPU[5]		: mclk clock level: 0: (2000Mhz)
GPU[5]		: sclk clock level: 1: (2271Mhz)
GPU[5]		: socclk clock level: S: (43Mhz)
GPU[6]		: mclk clock level: 0: (2000Mhz)
GPU[6]		: sclk clock level: S: (95Mhz)
GPU[6]		: socclk clock level: S: (38Mhz)
GPU[7]		: mclk clock level: 0: (2000Mhz)
GPU[7]		: sclk clock level: S: (94Mhz)
GPU[7]		: socclk clock level: S: (38Mhz)
==========================================================================================
=================================== Power Consumption ====================================
GPU[0]		: Current Socket Graphics Package Power (W): 588.0
GPU[1]		: Current Socket Graphics Package Power (W): 986.0
GPU[2]		: Current Socket Graphics Package Power (W): 604.0
GPU[3]		: Current Socket Graphics Package Power (W): 991.0
GPU[4]		: Current Socket Graphics Package Power (W): 1025.0
GPU[5]		: Current Socket Graphics Package Power (W): 966.0
GPU[6]		: Current Socket Graphics Package Power (W): 243.0
GPU[7]		: Current Socket Graphics Package Power (W): 255.0
==========================================================================================
================================== End of ROCm SMI Log ===================================
=== 1786659739.139415395 ===


============================ ROCm System Management Interface ============================
=============================== Current clock frequencies ================================
GPU[0]		: mclk clock level: 0: (2000Mhz)
GPU[0]		: sclk clock level: 1: (2315Mhz)
GPU[0]		: socclk clock level: S: (40Mhz)
GPU[1]		: mclk clock level: 0: (2000Mhz)
GPU[1]		: sclk clock level: 1: (2263Mhz)
GPU[1]		: socclk clock level: S: (43Mhz)
GPU[2]		: mclk clock level: 0: (2000Mhz)
GPU[2]		: sclk clock level: 1: (2282Mhz)
GPU[2]		: socclk clock level: S: (40Mhz)
GPU[3]		: mclk clock level: 0: (2000Mhz)
GPU[3]		: sclk clock level: 1: (2270Mhz)
GPU[3]		: socclk clock level: S: (43Mhz)
GPU[4]		: mclk clock level: 0: (2000Mhz)
GPU[4]		: sclk clock level: 1: (2246Mhz)
GPU[4]		: socclk clock level: S: (43Mhz)
GPU[5]		: mclk clock level: 0: (2000Mhz)
GPU[5]		: sclk clock level: 1: (2273Mhz)
GPU[5]		: socclk clock level: S: (43Mhz)
GPU[6]		: mclk clock level: 0: (2000Mhz)
GPU[6]		: sclk clock level: S: (95Mhz)
GPU[6]		: socclk clock level: S: (38Mhz)
GPU[7]		: mclk clock level: 0: (2000Mhz)
GPU[7]		: sclk clock level: S: (94Mhz)
GPU[7]		: socclk clock level: S: (38Mhz)
==========================================================================================
=================================== Power Consumption ====================================
GPU[0]		: Current Socket Graphics Package Power (W): 593.0
GPU[1]		: Current Socket Graphics Package Power (W): 976.0
GPU[2]		: Current Socket Graphics Package Power (W): 596.0
GPU[3]		: Current Socket Graphics Package Power (W): 978.0
GPU[4]		: Current Socket Graphics Package Power (W): 1004.0
GPU[5]		: Current Socket Graphics Package Power (W): 976.0
GPU[6]		: Current Socket Graphics Package Power (W): 243.0
GPU[7]		: Current Socket Graphics Package Power (W): 255.0
==========================================================================================
================================== End of ROCm SMI Log ===================================
=== 1786659741.232872285 ===


============================ ROCm System Management Interface ============================
=============================== Current clock frequencies ================================
GPU[0]		: mclk clock level: 0: (2000Mhz)
GPU[0]		: sclk clock level: 1: (2335Mhz)
GPU[0]		: socclk clock level: S: (40Mhz)
GPU[1]		: mclk clock level: 0: (2000Mhz)
GPU[1]		: sclk clock level: 1: (2258Mhz)
GPU[1]		: socclk clock level: S: (43Mhz)
GPU[2]		: mclk clock level: 0: (2000Mhz)
GPU[2]		: sclk clock level: 1: (2321Mhz)
GPU[2]		: socclk clock level: S: (40Mhz)
GPU[3]		: mclk clock level: 0: (2000Mhz)
GPU[3]		: sclk clock level: 1: (2277Mhz)
GPU[3]		: socclk clock level: S: (43Mhz)
GPU[4]		: mclk clock level: 0: (2000Mhz)
GPU[4]		: sclk clock level: 1: (2235Mhz)
GPU[4]		: socclk clock level: S: (43Mhz)
GPU[5]		: mclk clock level: 0: (2000Mhz)
GPU[5]		: sclk clock level: 1: (2274Mhz)
GPU[5]		: socclk clock level: S: (43Mhz)
GPU[6]		: mclk clock level: 0: (2000Mhz)
GPU[6]		: sclk clock level: S: (98Mhz)
GPU[6]		: socclk clock level: S: (38Mhz)
GPU[7]		: mclk clock level: 0: (2000Mhz)
GPU[7]		: sclk clock level: S: (94Mhz)
GPU[7]		: socclk clock level: S: (38Mhz)
==========================================================================================
=================================== Power Consumption ====================================
GPU[0]		: Current Socket Graphics Package Power (W): 602.0
GPU[1]		: Current Socket Graphics Package Power (W): 989.0
GPU[2]		: Current Socket Graphics Package Power (W): 604.0
GPU[3]		: Current Socket Graphics Package Power (W): 986.0
GPU[4]		: Current Socket Graphics Package Power (W): 1026.0
GPU[5]		: Current Socket Graphics Package Power (W): 974.0
GPU[6]		: Current Socket Graphics Package Power (W): 243.0
GPU[7]		: Current Socket Graphics Package Power (W): 255.0
==========================================================================================
================================== End of ROCm SMI Log ===================================
=== 1786659743.321492187 ===


============================ ROCm System Management Interface ============================
=============================== Current clock frequencies ================================
GPU[0]		: mclk clock level: 0: (2000Mhz)
GPU[0]		: sclk clock level: 1: (2312Mhz)
GPU[0]		: socclk clock level: S: (40Mhz)
GPU[1]		: mclk clock level: 0: (2000Mhz)
GPU[1]		: sclk clock level: 1: (2262Mhz)
GPU[1]		: socclk clock level: S: (43Mhz)
GPU[2]		: mclk clock level: 0: (2000Mhz)
GPU[2]		: sclk clock level: 1: (2340Mhz)
GPU[2]		: socclk clock level: S: (40Mhz)
GPU[3]		: mclk clock level: 0: (2000Mhz)
GPU[3]		: sclk clock level: 1: (2272Mhz)
GPU[3]		: socclk clock level: S: (43Mhz)
GPU[4]		: mclk clock level: 0: (2000Mhz)
GPU[4]		: sclk clock level: 1: (2235Mhz)
GPU[4]		: socclk clock level: S: (43Mhz)
GPU[5]		: mclk clock level: 0: (2000Mhz)
GPU[5]		: sclk clock level: 1: (2276Mhz)
GPU[5]		: socclk clock level: S: (43Mhz)
GPU[6]		: mclk clock level: 0: (2000Mhz)
GPU[6]		: sclk clock level: S: (94Mhz)
GPU[6]		: socclk clock level: S: (38Mhz)
GPU[7]		: mclk clock level: 0: (2000Mhz)
GPU[7]		: sclk clock level: S: (94Mhz)
GPU[7]		: socclk clock level: S: (38Mhz)
==========================================================================================
=================================== Power Consumption ====================================
GPU[0]		: Current Socket Graphics Package Power (W): 547.0
GPU[1]		: Current Socket Graphics Package Power (W): 992.0
GPU[2]		: Current Socket Graphics Package Power (W): 627.0
GPU[3]		: Current Socket Graphics Package Power (W): 981.0
GPU[4]		: Current Socket Graphics Package Power (W): 1036.0
GPU[5]		: Current Socket Graphics Package Power (W): 975.0
GPU[6]		: Current Socket Graphics Package Power (W): 243.0
GPU[7]		: Current Socket Graphics Package Power (W): 255.0
==========================================================================================
================================== End of ROCm SMI Log ===================================
=== 1786659745.418581716 ===


============================ ROCm System Management Interface ============================
=============================== Current clock frequencies ================================
GPU[0]		: mclk clock level: 0: (2000Mhz)
GPU[0]		: sclk clock level: 1: (2321Mhz)
GPU[0]		: socclk clock level: S: (40Mhz)
GPU[1]		: mclk clock level: 0: (2000Mhz)
GPU[1]		: sclk clock level: 1: (2259Mhz)
GPU[1]		: socclk clock level: S: (43Mhz)
GPU[2]		: mclk clock level: 0: (2000Mhz)
GPU[2]		: sclk clock level: 1: (2339Mhz)
GPU[2]		: socclk clock level: S: (40Mhz)
GPU[3]		: mclk clock level: 0: (2000Mhz)
GPU[3]		: sclk clock level: 1: (2272Mhz)
GPU[3]		: socclk clock level: S: (43Mhz)
GPU[4]		: mclk clock level: 0: (2000Mhz)
GPU[4]		: sclk clock level: 1: (2239Mhz)
GPU[4]		: socclk clock level: S: (43Mhz)
GPU[5]		: mclk clock level: 0: (2000Mhz)
GPU[5]		: sclk clock level: 1: (2278Mhz)
GPU[5]		: socclk clock level: S: (43Mhz)
GPU[6]		: mclk clock level: 0: (2000Mhz)
GPU[6]		: sclk clock level: S: (94Mhz)
GPU[6]		: socclk clock level: S: (38Mhz)
GPU[7]		: mclk clock level: 0: (2000Mhz)
GPU[7]		: sclk clock level: S: (94Mhz)
GPU[7]		: socclk clock level: S: (38Mhz)
==========================================================================================
=================================== Power Consumption ====================================
GPU[0]		: Current Socket Graphics Package Power (W): 559.0
GPU[1]		: Current Socket Graphics Package Power (W): 988.0
GPU[2]		: Current Socket Graphics Package Power (W): 627.0
GPU[3]		: Current Socket Graphics Package Power (W): 976.0
GPU[4]		: Current Socket Graphics Package Power (W): 1036.0
GPU[5]		: Current Socket Graphics Package Power (W): 976.0
GPU[6]		: Current Socket Graphics Package Power (W): 241.0
GPU[7]		: Current Socket Graphics Package Power (W): 255.0
==========================================================================================
================================== End of ROCm SMI Log ===================================
=== 1786659747.515573276 ===


============================ ROCm System Management Interface ============================
=============================== Current clock frequencies ================================
GPU[0]		: mclk clock level: 0: (2000Mhz)
GPU[0]		: sclk clock level: 1: (2311Mhz)
GPU[0]		: socclk clock level: S: (40Mhz)
GPU[1]		: mclk clock level: 0: (2000Mhz)
GPU[1]		: sclk clock level: 1: (2261Mhz)
GPU[1]		: socclk clock level: S: (43Mhz)
GPU[2]		: mclk clock level: 0: (2000Mhz)
GPU[2]		: sclk clock level: 1: (2341Mhz)
GPU[2]		: socclk clock level: S: (40Mhz)
GPU[3]		: mclk clock level: 0: (2000Mhz)
GPU[3]		: sclk clock level: 1: (2272Mhz)
GPU[3]		: socclk clock level: S: (43Mhz)
GPU[4]		: mclk clock level: 0: (2000Mhz)
GPU[4]		: sclk clock level: 1: (2248Mhz)
GPU[4]		: socclk clock level: S: (43Mhz)
GPU[5]		: mclk clock level: 0: (2000Mhz)
GPU[5]		: sclk clock level: 1: (2275Mhz)
GPU[5]		: socclk clock level: S: (43Mhz)
GPU[6]		: mclk clock level: 0: (2000Mhz)
GPU[6]		: sclk clock level: S: (94Mhz)
GPU[6]		: socclk clock level: S: (38Mhz)
GPU[7]		: mclk clock level: 0: (2000Mhz)
GPU[7]		: sclk clock level: S: (94Mhz)
GPU[7]		: socclk clock level: S: (38Mhz)
==========================================================================================
=================================== Power Consumption ====================================
GPU[0]		: Current Socket Graphics Package Power (W): 542.0
GPU[1]		: Current Socket Graphics Package Power (W): 992.0
GPU[2]		: Current Socket Graphics Package Power (W): 624.0
GPU[3]		: Current Socket Graphics Package Power (W): 982.0
GPU[4]		: Current Socket Graphics Package Power (W): 1000.0
GPU[5]		: Current Socket Graphics Package Power (W): 974.0
GPU[6]		: Current Socket Graphics Package Power (W): 243.0
GPU[7]		: Current Socket Graphics Package Power (W): 255.0
==========================================================================================
================================== End of ROCm SMI Log ===================================
=== 1786659749.612024025 ===


============================ ROCm System Management Interface ============================
=============================== Current clock frequencies ================================
GPU[0]		: mclk clock level: 0: (2000Mhz)
GPU[0]		: sclk clock level: 1: (2319Mhz)
GPU[0]		: socclk clock level: S: (40Mhz)
GPU[1]		: mclk clock level: 0: (2000Mhz)
GPU[1]		: sclk clock level: 1: (2262Mhz)
GPU[1]		: socclk clock level: S: (43Mhz)
GPU[2]		: mclk clock level: 0: (2000Mhz)
GPU[2]		: sclk clock level: 1: (2341Mhz)
GPU[2]		: socclk clock level: S: (40Mhz)
GPU[3]		: mclk clock level: 0: (2000Mhz)
GPU[3]		: sclk clock level: 1: (2273Mhz)
GPU[3]		: socclk clock level: S: (43Mhz)
GPU[4]		: mclk clock level: 0: (2000Mhz)
GPU[4]		: sclk clock level: 1: (2250Mhz)
GPU[4]		: socclk clock level: S: (43Mhz)
GPU[5]		: mclk clock level: 0: (2000Mhz)
GPU[5]		: sclk clock level: 1: (2281Mhz)
GPU[5]		: socclk clock level: S: (43Mhz)
GPU[6]		: mclk clock level: 0: (2000Mhz)
GPU[6]		: sclk clock level: S: (94Mhz)
GPU[6]		: socclk clock level: S: (38Mhz)
GPU[7]		: mclk clock level: 0: (2000Mhz)
GPU[7]		: sclk clock level: S: (94Mhz)
GPU[7]		: socclk clock level: S: (38Mhz)
==========================================================================================
=================================== Power Consumption ====================================
GPU[0]		: Current Socket Graphics Package Power (W): 567.0
GPU[1]		: Current Socket Graphics Package Power (W): 1003.0
GPU[2]		: Current Socket Graphics Package Power (W): 633.0
GPU[3]		: Current Socket Graphics Package Power (W): 986.0
GPU[4]		: Current Socket Graphics Package Power (W): 1012.0
GPU[5]		: Current Socket Graphics Package Power (W): 989.0
GPU[6]		: Current Socket Graphics Package Power (W): 243.0
GPU[7]		: Current Socket Graphics Package Power (W): 254.0
==========================================================================================
================================== End of ROCm SMI Log ===================================
=== 1786659751.710315834 ===


============================ ROCm System Management Interface ============================
=============================== Current clock frequencies ================================
GPU[0]		: mclk clock level: 0: (2000Mhz)
GPU[0]		: sclk clock level: 1: (2321Mhz)
GPU[0]		: socclk clock level: S: (40Mhz)
GPU[1]		: mclk clock level: 0: (2000Mhz)
GPU[1]		: sclk clock level: 1: (2262Mhz)
GPU[1]		: socclk clock level: S: (43Mhz)
GPU[2]		: mclk clock level: 0: (2000Mhz)
GPU[2]		: sclk clock level: 1: (2336Mhz)
GPU[2]		: socclk clock level: S: (40Mhz)
GPU[3]		: mclk clock level: 0: (2000Mhz)
GPU[3]		: sclk clock level: 1: (2277Mhz)
GPU[3]		: socclk clock level: S: (43Mhz)
GPU[4]		: mclk clock level: 0: (2000Mhz)
GPU[4]		: sclk clock level: 1: (2250Mhz)
GPU[4]		: socclk clock level: S: (43Mhz)
GPU[5]		: mclk clock level: 0: (2000Mhz)
GPU[5]		: sclk clock level: 1: (2283Mhz)
GPU[5]		: socclk clock level: S: (43Mhz)
GPU[6]		: mclk clock level: 0: (2000Mhz)
GPU[6]		: sclk clock level: S: (95Mhz)
GPU[6]		: socclk clock level: S: (38Mhz)
GPU[7]		: mclk clock level: 0: (2000Mhz)
GPU[7]		: sclk clock level: S: (94Mhz)
GPU[7]		: socclk clock level: S: (38Mhz)
==========================================================================================
=================================== Power Consumption ====================================
GPU[0]		: Current Socket Graphics Package Power (W): 564.0
GPU[1]		: Current Socket Graphics Package Power (W): 1000.0
GPU[2]		: Current Socket Graphics Package Power (W): 626.0
GPU[3]		: Current Socket Graphics Package Power (W): 995.0
GPU[4]		: Current Socket Graphics Package Power (W): 1002.0
GPU[5]		: Current Socket Graphics Package Power (W): 986.0
GPU[6]		: Current Socket Graphics Package Power (W): 242.0
GPU[7]		: Current Socket Graphics Package Power (W): 255.0
==========================================================================================
================================== End of ROCm SMI Log ===================================
=== 1786659753.806257402 ===


============================ ROCm System Management Interface ============================
=============================== Current clock frequencies ================================
GPU[0]		: mclk clock level: 0: (2000Mhz)
GPU[0]		: sclk clock level: 1: (2326Mhz)
GPU[0]		: socclk clock level: S: (40Mhz)
GPU[1]		: mclk clock level: 0: (2000Mhz)
GPU[1]		: sclk clock level: 1: (2229Mhz)
GPU[1]		: socclk clock level: S: (44Mhz)
GPU[2]		: mclk clock level: 0: (2000Mhz)
GPU[2]		: sclk clock level: 1: (2400Mhz)
GPU[2]		: socclk clock level: S: (38Mhz)
GPU[3]		: mclk clock level: 0: (2000Mhz)
GPU[3]		: sclk clock level: 1: (2262Mhz)
GPU[3]		: socclk clock level: S: (44Mhz)
GPU[4]		: mclk clock level: 0: (2000Mhz)
GPU[4]		: sclk clock level: 1: (2219Mhz)
GPU[4]		: socclk clock level: S: (44Mhz)
GPU[5]		: mclk clock level: 0: (2000Mhz)
GPU[5]		: sclk clock level: 1: (2255Mhz)
GPU[5]		: socclk clock level: S: (44Mhz)
GPU[6]		: mclk clock level: 0: (2000Mhz)
GPU[6]		: sclk clock level: S: (94Mhz)
GPU[6]		: socclk clock level: S: (38Mhz)
GPU[7]		: mclk clock level: 0: (2000Mhz)
GPU[7]		: sclk clock level: S: (94Mhz)
GPU[7]		: socclk clock level: S: (38Mhz)
==========================================================================================
=================================== Power Consumption ====================================
GPU[0]		: Current Socket Graphics Package Power (W): 582.0
GPU[1]		: Current Socket Graphics Package Power (W): 1106.0
GPU[2]		: Current Socket Graphics Package Power (W): 302.0
GPU[3]		: Current Socket Graphics Package Power (W): 1094.0
GPU[4]		: Current Socket Graphics Package Power (W): 1116.0
GPU[5]		: Current Socket Graphics Package Power (W): 1076.0
GPU[6]		: Current Socket Graphics Package Power (W): 242.0
GPU[7]		: Current Socket Graphics Package Power (W): 255.0
==========================================================================================
================================== End of ROCm SMI Log ===================================
=== 1786659755.898189198 ===


============================ ROCm System Management Interface ============================
=============================== Current clock frequencies ================================
GPU[0]		: mclk clock level: 0: (2000Mhz)
GPU[0]		: sclk clock level: 1: (2312Mhz)
GPU[0]		: socclk clock level: S: (41Mhz)
GPU[1]		: mclk clock level: 0: (2000Mhz)
GPU[1]		: sclk clock level: 1: (2400Mhz)
GPU[1]		: socclk clock level: S: (38Mhz)
GPU[2]		: mclk clock level: 0: (2000Mhz)
GPU[2]		: sclk clock level: 1: (2400Mhz)
GPU[2]		: socclk clock level: S: (38Mhz)
GPU[3]		: mclk clock level: 0: (2000Mhz)
GPU[3]		: sclk clock level: 1: (2197Mhz)
GPU[3]		: socclk clock level: S: (46Mhz)
GPU[4]		: mclk clock level: 0: (2000Mhz)
GPU[4]		: sclk clock level: 1: (2173Mhz)
GPU[4]		: socclk clock level: S: (45Mhz)
GPU[5]		: mclk clock level: 0: (2000Mhz)
GPU[5]		: sclk clock level: 1: (2200Mhz)
GPU[5]		: socclk clock level: S: (46Mhz)
GPU[6]		: mclk clock level: 0: (2000Mhz)
GPU[6]		: sclk clock level: S: (94Mhz)
GPU[6]		: socclk clock level: S: (38Mhz)
GPU[7]		: mclk clock level: 0: (2000Mhz)
GPU[7]		: sclk clock level: S: (94Mhz)
GPU[7]		: socclk clock level: S: (38Mhz)
==========================================================================================
=================================== Power Consumption ====================================
GPU[0]		: Current Socket Graphics Package Power (W): 703.0
GPU[1]		: Current Socket Graphics Package Power (W): 313.0
GPU[2]		: Current Socket Graphics Package Power (W): 301.0
GPU[3]		: Current Socket Graphics Package Power (W): 1295.0
GPU[4]		: Current Socket Graphics Package Power (W): 1300.0
GPU[5]		: Current Socket Graphics Package Power (W): 1323.0
GPU[6]		: Current Socket Graphics Package Power (W): 243.0
GPU[7]		: Current Socket Graphics Package Power (W): 254.0
==========================================================================================
================================== End of ROCm SMI Log ===================================
=== 1786659757.995640990 ===


============================ ROCm System Management Interface ============================
=============================== Current clock frequencies ================================
GPU[0]		: mclk clock level: 0: (2000Mhz)
GPU[0]		: sclk clock level: 1: (2311Mhz)
GPU[0]		: socclk clock level: S: (41Mhz)
GPU[1]		: mclk clock level: 0: (2000Mhz)
GPU[1]		: sclk clock level: 1: (2400Mhz)
GPU[1]		: socclk clock level: S: (38Mhz)
GPU[2]		: mclk clock level: 0: (2000Mhz)
GPU[2]		: sclk clock level: 1: (1485Mhz)
GPU[2]		: socclk clock level: S: (38Mhz)
GPU[3]		: mclk clock level: 0: (2000Mhz)
GPU[3]		: sclk clock level: 1: (2214Mhz)
GPU[3]		: socclk clock level: S: (46Mhz)
GPU[4]		: mclk clock level: 0: (2000Mhz)
GPU[4]		: sclk clock level: 1: (2176Mhz)
GPU[4]		: socclk clock level: S: (45Mhz)
GPU[5]		: mclk clock level: 0: (2000Mhz)
GPU[5]		: sclk clock level: 1: (2212Mhz)
GPU[5]		: socclk clock level: S: (46Mhz)
GPU[6]		: mclk clock level: 0: (2000Mhz)
GPU[6]		: sclk clock level: S: (94Mhz)
GPU[6]		: socclk clock level: S: (38Mhz)
GPU[7]		: mclk clock level: 0: (2000Mhz)
GPU[7]		: sclk clock level: S: (94Mhz)
GPU[7]		: socclk clock level: S: (38Mhz)
==========================================================================================
=================================== Power Consumption ====================================
GPU[0]		: Current Socket Graphics Package Power (W): 713.0
GPU[1]		: Current Socket Graphics Package Power (W): 299.0
GPU[2]		: Current Socket Graphics Package Power (W): 268.0
GPU[3]		: Current Socket Graphics Package Power (W): 1304.0
GPU[4]		: Current Socket Graphics Package Power (W): 1304.0
GPU[5]		: Current Socket Graphics Package Power (W): 1327.0
GPU[6]		: Current Socket Graphics Package Power (W): 243.0
GPU[7]		: Current Socket Graphics Package Power (W): 255.0
==========================================================================================
================================== End of ROCm SMI Log ===================================
=== 1786659760.091897233 ===


============================ ROCm System Management Interface ============================
=============================== Current clock frequencies ================================
GPU[0]		: mclk clock level: 0: (2000Mhz)
GPU[0]		: sclk clock level: 1: (2098Mhz)
GPU[0]		: socclk clock level: S: (51Mhz)
GPU[1]		: mclk clock level: 0: (2000Mhz)
GPU[1]		: sclk clock level: 1: (2400Mhz)
GPU[1]		: socclk clock level: S: (38Mhz)
GPU[2]		: mclk clock level: 0: (2000Mhz)
GPU[2]		: sclk clock level: 1: (1404Mhz)
GPU[2]		: socclk clock level: S: (38Mhz)
GPU[3]		: mclk clock level: 0: (2000Mhz)
GPU[3]		: sclk clock level: 1: (2400Mhz)
GPU[3]		: socclk clock level: S: (38Mhz)
GPU[4]		: mclk clock level: 0: (2000Mhz)
GPU[4]		: sclk clock level: 1: (2339Mhz)
GPU[4]		: socclk clock level: S: (38Mhz)
GPU[5]		: mclk clock level: 0: (2000Mhz)
GPU[5]		: sclk clock level: 1: (2400Mhz)
GPU[5]		: socclk clock level: S: (38Mhz)
GPU[6]		: mclk clock level: 0: (2000Mhz)
GPU[6]		: sclk clock level: S: (100Mhz)
GPU[6]		: socclk clock level: S: (38Mhz)
GPU[7]		: mclk clock level: 0: (2000Mhz)
GPU[7]		: sclk clock level: S: (94Mhz)
GPU[7]		: socclk clock level: S: (38Mhz)
==========================================================================================
=================================== Power Consumption ====================================
GPU[0]		: Current Socket Graphics Package Power (W): 1353.0
GPU[1]		: Current Socket Graphics Package Power (W): 298.0
GPU[2]		: Current Socket Graphics Package Power (W): 265.0
GPU[3]		: Current Socket Graphics Package Power (W): 304.0
GPU[4]		: Current Socket Graphics Package Power (W): 467.0
GPU[5]		: Current Socket Graphics Package Power (W): 311.0
GPU[6]		: Current Socket Graphics Package Power (W): 244.0
GPU[7]		: Current Socket Graphics Package Power (W): 255.0
==========================================================================================
================================== End of ROCm SMI Log ===================================
=== 1786659762.188975682 ===


============================ ROCm System Management Interface ============================
=============================== Current clock frequencies ================================
GPU[0]		: mclk clock level: 0: (2000Mhz)
GPU[0]		: sclk clock level: 1: (2400Mhz)
GPU[0]		: socclk clock level: S: (38Mhz)
GPU[1]		: mclk clock level: 0: (2000Mhz)
GPU[1]		: sclk clock level: 1: (2400Mhz)
GPU[1]		: socclk clock level: S: (38Mhz)
GPU[2]		: mclk clock level: 0: (2000Mhz)
GPU[2]		: sclk clock level: 1: (2400Mhz)
GPU[2]		: socclk clock level: S: (38Mhz)
GPU[3]		: mclk clock level: 0: (2000Mhz)
GPU[3]		: sclk clock level: 1: (2400Mhz)
GPU[3]		: socclk clock level: S: (38Mhz)
GPU[4]		: mclk clock level: 0: (2000Mhz)
GPU[4]		: sclk clock level: 1: (2400Mhz)
GPU[4]		: socclk clock level: S: (38Mhz)
GPU[5]		: mclk clock level: 0: (2000Mhz)
GPU[5]		: sclk clock level: 1: (2400Mhz)
GPU[5]		: socclk clock level: S: (38Mhz)
GPU[6]		: mclk clock level: 0: (2000Mhz)
GPU[6]		: sclk clock level: S: (156Mhz)
GPU[6]		: socclk clock level: S: (38Mhz)
GPU[7]		: mclk clock level: 0: (2000Mhz)
GPU[7]		: sclk clock level: S: (157Mhz)
GPU[7]		: socclk clock level: S: (38Mhz)
==========================================================================================
=================================== Power Consumption ====================================
GPU[0]		: Current Socket Graphics Package Power (W): 300.0
GPU[1]		: Current Socket Graphics Package Power (W): 296.0
GPU[2]		: Current Socket Graphics Package Power (W): 300.0
GPU[3]		: Current Socket Graphics Package Power (W): 301.0
GPU[4]		: Current Socket Graphics Package Power (W): 307.0
GPU[5]		: Current Socket Graphics Package Power (W): 295.0
GPU[6]		: Current Socket Graphics Package Power (W): 252.0
GPU[7]		: Current Socket Graphics Package Power (W): 264.0
==========================================================================================
================================== End of ROCm SMI Log ===================================
