=== 1786660064.721112724 ===


============================ ROCm System Management Interface ============================
=============================== Current clock frequencies ================================
GPU[0]		: mclk clock level: 0: (2000Mhz)
GPU[0]		: sclk clock level: 1: (294Mhz)
GPU[0]		: socclk clock level: S: (42Mhz)
GPU[1]		: mclk clock level: 0: (2000Mhz)
GPU[1]		: sclk clock level: 1: (334Mhz)
GPU[1]		: socclk clock level: S: (43Mhz)
GPU[2]		: mclk clock level: 0: (2000Mhz)
GPU[2]		: sclk clock level: 1: (306Mhz)
GPU[2]		: socclk clock level: S: (42Mhz)
GPU[3]		: mclk clock level: 0: (2000Mhz)
GPU[3]		: sclk clock level: 1: (266Mhz)
GPU[3]		: socclk clock level: S: (41Mhz)
GPU[4]		: mclk clock level: 0: (2000Mhz)
GPU[4]		: sclk clock level: 1: (358Mhz)
GPU[4]		: socclk clock level: S: (44Mhz)
GPU[5]		: mclk clock level: 0: (2000Mhz)
GPU[5]		: sclk clock level: 1: (466Mhz)
GPU[5]		: socclk clock level: S: (47Mhz)
GPU[6]		: mclk clock level: 0: (2000Mhz)
GPU[6]		: sclk clock level: 1: (405Mhz)
GPU[6]		: socclk clock level: S: (45Mhz)
GPU[7]		: mclk clock level: 0: (2000Mhz)
GPU[7]		: sclk clock level: S: (230Mhz)
GPU[7]		: socclk clock level: S: (40Mhz)
==========================================================================================
=================================== Power Consumption ====================================
GPU[0]		: Current Socket Graphics Package Power (W): 262.0
GPU[1]		: Current Socket Graphics Package Power (W): 256.0
GPU[2]		: Current Socket Graphics Package Power (W): 262.0
GPU[3]		: Current Socket Graphics Package Power (W): 261.0
GPU[4]		: Current Socket Graphics Package Power (W): 270.0
GPU[5]		: Current Socket Graphics Package Power (W): 260.0
GPU[6]		: Current Socket Graphics Package Power (W): 258.0
GPU[7]		: Current Socket Graphics Package Power (W): 266.0
==========================================================================================
================================== End of ROCm SMI Log ===================================
=== 1786660066.819970868 ===


============================ ROCm System Management Interface ============================
=============================== Current clock frequencies ================================
GPU[0]		: mclk clock level: 0: (2000Mhz)
GPU[0]		: sclk clock level: 1: (2400Mhz)
GPU[0]		: socclk clock level: S: (38Mhz)
GPU[1]		: mclk clock level: 0: (2000Mhz)
GPU[1]		: sclk clock level: 1: (2400Mhz)
GPU[1]		: socclk clock level: S: (38Mhz)
GPU[2]		: mclk clock level: 0: (2000Mhz)
GPU[2]		: sclk clock level: 1: (2400Mhz)
GPU[2]		: socclk clock level: S: (38Mhz)
GPU[3]		: mclk clock level: 0: (2000Mhz)
GPU[3]		: sclk clock level: 1: (2400Mhz)
GPU[3]		: socclk clock level: S: (38Mhz)
GPU[4]		: mclk clock level: 0: (2000Mhz)
GPU[4]		: sclk clock level: 1: (2400Mhz)
GPU[4]		: socclk clock level: S: (38Mhz)
GPU[5]		: mclk clock level: 0: (2000Mhz)
GPU[5]		: sclk clock level: 1: (2400Mhz)
GPU[5]		: socclk clock level: S: (38Mhz)
GPU[6]		: mclk clock level: 0: (2000Mhz)
GPU[6]		: sclk clock level: 1: (2400Mhz)
GPU[6]		: socclk clock level: S: (38Mhz)
GPU[7]		: mclk clock level: 0: (2000Mhz)
GPU[7]		: sclk clock level: S: (157Mhz)
GPU[7]		: socclk clock level: S: (38Mhz)
==========================================================================================
=================================== Power Consumption ====================================
GPU[0]		: Current Socket Graphics Package Power (W): 300.0
GPU[1]		: Current Socket Graphics Package Power (W): 297.0
GPU[2]		: Current Socket Graphics Package Power (W): 302.0
GPU[3]		: Current Socket Graphics Package Power (W): 300.0
GPU[4]		: Current Socket Graphics Package Power (W): 307.0
GPU[5]		: Current Socket Graphics Package Power (W): 294.0
GPU[6]		: Current Socket Graphics Package Power (W): 295.0
GPU[7]		: Current Socket Graphics Package Power (W): 264.0
==========================================================================================
================================== End of ROCm SMI Log ===================================
=== 1786660068.939755298 ===


============================ ROCm System Management Interface ============================
=============================== Current clock frequencies ================================
GPU[0]		: mclk clock level: 0: (2000Mhz)
GPU[0]		: sclk clock level: 1: (2400Mhz)
GPU[0]		: socclk clock level: S: (38Mhz)
GPU[1]		: mclk clock level: 0: (2000Mhz)
GPU[1]		: sclk clock level: 1: (2400Mhz)
GPU[1]		: socclk clock level: S: (38Mhz)
GPU[2]		: mclk clock level: 0: (2000Mhz)
GPU[2]		: sclk clock level: 1: (2400Mhz)
GPU[2]		: socclk clock level: S: (38Mhz)
GPU[3]		: mclk clock level: 0: (2000Mhz)
GPU[3]		: sclk clock level: 1: (2400Mhz)
GPU[3]		: socclk clock level: S: (38Mhz)
GPU[4]		: mclk clock level: 0: (2000Mhz)
GPU[4]		: sclk clock level: 1: (2400Mhz)
GPU[4]		: socclk clock level: S: (38Mhz)
GPU[5]		: mclk clock level: 0: (2000Mhz)
GPU[5]		: sclk clock level: 1: (2400Mhz)
GPU[5]		: socclk clock level: S: (38Mhz)
GPU[6]		: mclk clock level: 0: (2000Mhz)
GPU[6]		: sclk clock level: 1: (2400Mhz)
GPU[6]		: socclk clock level: S: (38Mhz)
GPU[7]		: mclk clock level: 0: (2000Mhz)
GPU[7]		: sclk clock level: S: (156Mhz)
GPU[7]		: socclk clock level: S: (38Mhz)
==========================================================================================
=================================== Power Consumption ====================================
GPU[0]		: Current Socket Graphics Package Power (W): 300.0
GPU[1]		: Current Socket Graphics Package Power (W): 297.0
GPU[2]		: Current Socket Graphics Package Power (W): 302.0
GPU[3]		: Current Socket Graphics Package Power (W): 300.0
GPU[4]		: Current Socket Graphics Package Power (W): 307.0
GPU[5]		: Current Socket Graphics Package Power (W): 293.0
GPU[6]		: Current Socket Graphics Package Power (W): 296.0
GPU[7]		: Current Socket Graphics Package Power (W): 263.0
==========================================================================================
================================== End of ROCm SMI Log ===================================
=== 1786660071.035474125 ===


============================ ROCm System Management Interface ============================
=============================== Current clock frequencies ================================
GPU[0]		: mclk clock level: 0: (2000Mhz)
GPU[0]		: sclk clock level: 1: (2400Mhz)
GPU[0]		: socclk clock level: S: (38Mhz)
GPU[1]		: mclk clock level: 0: (2000Mhz)
GPU[1]		: sclk clock level: 1: (2400Mhz)
GPU[1]		: socclk clock level: S: (38Mhz)
GPU[2]		: mclk clock level: 0: (2000Mhz)
GPU[2]		: sclk clock level: 1: (2400Mhz)
GPU[2]		: socclk clock level: S: (38Mhz)
GPU[3]		: mclk clock level: 0: (2000Mhz)
GPU[3]		: sclk clock level: 1: (2400Mhz)
GPU[3]		: socclk clock level: S: (38Mhz)
GPU[4]		: mclk clock level: 0: (2000Mhz)
GPU[4]		: sclk clock level: 1: (2369Mhz)
GPU[4]		: socclk clock level: S: (38Mhz)
GPU[5]		: mclk clock level: 0: (2000Mhz)
GPU[5]		: sclk clock level: 1: (2339Mhz)
GPU[5]		: socclk clock level: S: (38Mhz)
GPU[6]		: mclk clock level: 0: (2000Mhz)
GPU[6]		: sclk clock level: 1: (2334Mhz)
GPU[6]		: socclk clock level: S: (38Mhz)
GPU[7]		: mclk clock level: 0: (2000Mhz)
GPU[7]		: sclk clock level: S: (154Mhz)
GPU[7]		: socclk clock level: S: (38Mhz)
==========================================================================================
=================================== Power Consumption ====================================
GPU[0]		: Current Socket Graphics Package Power (W): 300.0
GPU[1]		: Current Socket Graphics Package Power (W): 297.0
GPU[2]		: Current Socket Graphics Package Power (W): 302.0
GPU[3]		: Current Socket Graphics Package Power (W): 300.0
GPU[4]		: Current Socket Graphics Package Power (W): 304.0
GPU[5]		: Current Socket Graphics Package Power (W): 290.0
GPU[6]		: Current Socket Graphics Package Power (W): 293.0
GPU[7]		: Current Socket Graphics Package Power (W): 263.0
==========================================================================================
================================== End of ROCm SMI Log ===================================
=== 1786660073.132956753 ===


============================ ROCm System Management Interface ============================
=============================== Current clock frequencies ================================
GPU[0]		: mclk clock level: 0: (2000Mhz)
GPU[0]		: sclk clock level: 1: (1412Mhz)
GPU[0]		: socclk clock level: S: (38Mhz)
GPU[1]		: mclk clock level: 0: (2000Mhz)
GPU[1]		: sclk clock level: 1: (1394Mhz)
GPU[1]		: socclk clock level: S: (38Mhz)
GPU[2]		: mclk clock level: 0: (2000Mhz)
GPU[2]		: sclk clock level: 1: (1404Mhz)
GPU[2]		: socclk clock level: S: (38Mhz)
GPU[3]		: mclk clock level: 0: (2000Mhz)
GPU[3]		: sclk clock level: 1: (1400Mhz)
GPU[3]		: socclk clock level: S: (38Mhz)
GPU[4]		: mclk clock level: 0: (2000Mhz)
GPU[4]		: sclk clock level: 1: (1409Mhz)
GPU[4]		: socclk clock level: S: (38Mhz)
GPU[5]		: mclk clock level: 0: (2000Mhz)
GPU[5]		: sclk clock level: 1: (1397Mhz)
GPU[5]		: socclk clock level: S: (38Mhz)
GPU[6]		: mclk clock level: 0: (2000Mhz)
GPU[6]		: sclk clock level: 1: (1395Mhz)
GPU[6]		: socclk clock level: S: (38Mhz)
GPU[7]		: mclk clock level: 0: (2000Mhz)
GPU[7]		: sclk clock level: S: (94Mhz)
GPU[7]		: socclk clock level: S: (38Mhz)
==========================================================================================
=================================== Power Consumption ====================================
GPU[0]		: Current Socket Graphics Package Power (W): 267.0
GPU[1]		: Current Socket Graphics Package Power (W): 260.0
GPU[2]		: Current Socket Graphics Package Power (W): 264.0
GPU[3]		: Current Socket Graphics Package Power (W): 266.0
GPU[4]		: Current Socket Graphics Package Power (W): 272.0
GPU[5]		: Current Socket Graphics Package Power (W): 259.0
GPU[6]		: Current Socket Graphics Package Power (W): 259.0
GPU[7]		: Current Socket Graphics Package Power (W): 255.0
==========================================================================================
================================== End of ROCm SMI Log ===================================
=== 1786660075.221792447 ===


============================ ROCm System Management Interface ============================
=============================== Current clock frequencies ================================
GPU[0]		: mclk clock level: 0: (2000Mhz)
GPU[0]		: sclk clock level: 1: (1412Mhz)
GPU[0]		: socclk clock level: S: (38Mhz)
GPU[1]		: mclk clock level: 0: (2000Mhz)
GPU[1]		: sclk clock level: 1: (1394Mhz)
GPU[1]		: socclk clock level: S: (38Mhz)
GPU[2]		: mclk clock level: 0: (2000Mhz)
GPU[2]		: sclk clock level: 1: (1405Mhz)
GPU[2]		: socclk clock level: S: (38Mhz)
GPU[3]		: mclk clock level: 0: (2000Mhz)
GPU[3]		: sclk clock level: 1: (1400Mhz)
GPU[3]		: socclk clock level: S: (38Mhz)
GPU[4]		: mclk clock level: 0: (2000Mhz)
GPU[4]		: sclk clock level: 1: (1408Mhz)
GPU[4]		: socclk clock level: S: (38Mhz)
GPU[5]		: mclk clock level: 0: (2000Mhz)
GPU[5]		: sclk clock level: 1: (1398Mhz)
GPU[5]		: socclk clock level: S: (38Mhz)
GPU[6]		: mclk clock level: 0: (2000Mhz)
GPU[6]		: sclk clock level: 1: (1391Mhz)
GPU[6]		: socclk clock level: S: (38Mhz)
GPU[7]		: mclk clock level: 0: (2000Mhz)
GPU[7]		: sclk clock level: S: (94Mhz)
GPU[7]		: socclk clock level: S: (38Mhz)
==========================================================================================
=================================== Power Consumption ====================================
GPU[0]		: Current Socket Graphics Package Power (W): 267.0
GPU[1]		: Current Socket Graphics Package Power (W): 260.0
GPU[2]		: Current Socket Graphics Package Power (W): 264.0
GPU[3]		: Current Socket Graphics Package Power (W): 266.0
GPU[4]		: Current Socket Graphics Package Power (W): 272.0
GPU[5]		: Current Socket Graphics Package Power (W): 259.0
GPU[6]		: Current Socket Graphics Package Power (W): 260.0
GPU[7]		: Current Socket Graphics Package Power (W): 255.0
==========================================================================================
================================== End of ROCm SMI Log ===================================
=== 1786660077.319697197 ===


============================ ROCm System Management Interface ============================
=============================== Current clock frequencies ================================
GPU[0]		: mclk clock level: 0: (2000Mhz)
GPU[0]		: sclk clock level: 1: (1412Mhz)
GPU[0]		: socclk clock level: S: (38Mhz)
GPU[1]		: mclk clock level: 0: (2000Mhz)
GPU[1]		: sclk clock level: 1: (1393Mhz)
GPU[1]		: socclk clock level: S: (38Mhz)
GPU[2]		: mclk clock level: 0: (2000Mhz)
GPU[2]		: sclk clock level: 1: (1405Mhz)
GPU[2]		: socclk clock level: S: (38Mhz)
GPU[3]		: mclk clock level: 0: (2000Mhz)
GPU[3]		: sclk clock level: 1: (1399Mhz)
GPU[3]		: socclk clock level: S: (38Mhz)
GPU[4]		: mclk clock level: 0: (2000Mhz)
GPU[4]		: sclk clock level: 1: (1409Mhz)
GPU[4]		: socclk clock level: S: (38Mhz)
GPU[5]		: mclk clock level: 0: (2000Mhz)
GPU[5]		: sclk clock level: 1: (1398Mhz)
GPU[5]		: socclk clock level: S: (38Mhz)
GPU[6]		: mclk clock level: 0: (2000Mhz)
GPU[6]		: sclk clock level: 1: (1392Mhz)
GPU[6]		: socclk clock level: S: (38Mhz)
GPU[7]		: mclk clock level: 0: (2000Mhz)
GPU[7]		: sclk clock level: S: (94Mhz)
GPU[7]		: socclk clock level: S: (38Mhz)
==========================================================================================
=================================== Power Consumption ====================================
GPU[0]		: Current Socket Graphics Package Power (W): 267.0
GPU[1]		: Current Socket Graphics Package Power (W): 260.0
GPU[2]		: Current Socket Graphics Package Power (W): 265.0
GPU[3]		: Current Socket Graphics Package Power (W): 265.0
GPU[4]		: Current Socket Graphics Package Power (W): 272.0
GPU[5]		: Current Socket Graphics Package Power (W): 259.0
GPU[6]		: Current Socket Graphics Package Power (W): 260.0
GPU[7]		: Current Socket Graphics Package Power (W): 255.0
==========================================================================================
================================== End of ROCm SMI Log ===================================
=== 1786660079.416104203 ===


============================ ROCm System Management Interface ============================
=============================== Current clock frequencies ================================
GPU[0]		: mclk clock level: 0: (2000Mhz)
GPU[0]		: sclk clock level: 1: (1412Mhz)
GPU[0]		: socclk clock level: S: (38Mhz)
GPU[1]		: mclk clock level: 0: (2000Mhz)
GPU[1]		: sclk clock level: 1: (1390Mhz)
GPU[1]		: socclk clock level: S: (38Mhz)
GPU[2]		: mclk clock level: 0: (2000Mhz)
GPU[2]		: sclk clock level: 1: (1404Mhz)
GPU[2]		: socclk clock level: S: (38Mhz)
GPU[3]		: mclk clock level: 0: (2000Mhz)
GPU[3]		: sclk clock level: 1: (1400Mhz)
GPU[3]		: socclk clock level: S: (38Mhz)
GPU[4]		: mclk clock level: 0: (2000Mhz)
GPU[4]		: sclk clock level: 1: (1408Mhz)
GPU[4]		: socclk clock level: S: (38Mhz)
GPU[5]		: mclk clock level: 0: (2000Mhz)
GPU[5]		: sclk clock level: 1: (1398Mhz)
GPU[5]		: socclk clock level: S: (38Mhz)
GPU[6]		: mclk clock level: 0: (2000Mhz)
GPU[6]		: sclk clock level: 1: (1391Mhz)
GPU[6]		: socclk clock level: S: (38Mhz)
GPU[7]		: mclk clock level: 0: (2000Mhz)
GPU[7]		: sclk clock level: S: (94Mhz)
GPU[7]		: socclk clock level: S: (38Mhz)
==========================================================================================
=================================== Power Consumption ====================================
GPU[0]		: Current Socket Graphics Package Power (W): 266.0
GPU[1]		: Current Socket Graphics Package Power (W): 260.0
GPU[2]		: Current Socket Graphics Package Power (W): 264.0
GPU[3]		: Current Socket Graphics Package Power (W): 265.0
GPU[4]		: Current Socket Graphics Package Power (W): 272.0
GPU[5]		: Current Socket Graphics Package Power (W): 259.0
GPU[6]		: Current Socket Graphics Package Power (W): 260.0
GPU[7]		: Current Socket Graphics Package Power (W): 255.0
==========================================================================================
================================== End of ROCm SMI Log ===================================
=== 1786660081.512449520 ===


============================ ROCm System Management Interface ============================
=============================== Current clock frequencies ================================
GPU[0]		: mclk clock level: 0: (2000Mhz)
GPU[0]		: sclk clock level: 1: (1412Mhz)
GPU[0]		: socclk clock level: S: (38Mhz)
GPU[1]		: mclk clock level: 0: (2000Mhz)
GPU[1]		: sclk clock level: 1: (1394Mhz)
GPU[1]		: socclk clock level: S: (38Mhz)
GPU[2]		: mclk clock level: 0: (2000Mhz)
GPU[2]		: sclk clock level: 1: (1405Mhz)
GPU[2]		: socclk clock level: S: (38Mhz)
GPU[3]		: mclk clock level: 0: (2000Mhz)
GPU[3]		: sclk clock level: 1: (1399Mhz)
GPU[3]		: socclk clock level: S: (38Mhz)
GPU[4]		: mclk clock level: 0: (2000Mhz)
GPU[4]		: sclk clock level: 1: (1407Mhz)
GPU[4]		: socclk clock level: S: (38Mhz)
GPU[5]		: mclk clock level: 0: (2000Mhz)
GPU[5]		: sclk clock level: 1: (1397Mhz)
GPU[5]		: socclk clock level: S: (38Mhz)
GPU[6]		: mclk clock level: 0: (2000Mhz)
GPU[6]		: sclk clock level: 1: (1393Mhz)
GPU[6]		: socclk clock level: S: (38Mhz)
GPU[7]		: mclk clock level: 0: (2000Mhz)
GPU[7]		: sclk clock level: S: (94Mhz)
GPU[7]		: socclk clock level: S: (38Mhz)
==========================================================================================
=================================== Power Consumption ====================================
GPU[0]		: Current Socket Graphics Package Power (W): 267.0
GPU[1]		: Current Socket Graphics Package Power (W): 260.0
GPU[2]		: Current Socket Graphics Package Power (W): 264.0
GPU[3]		: Current Socket Graphics Package Power (W): 266.0
GPU[4]		: Current Socket Graphics Package Power (W): 271.0
GPU[5]		: Current Socket Graphics Package Power (W): 259.0
GPU[6]		: Current Socket Graphics Package Power (W): 260.0
GPU[7]		: Current Socket Graphics Package Power (W): 255.0
==========================================================================================
================================== End of ROCm SMI Log ===================================
=== 1786660083.609730701 ===


============================ ROCm System Management Interface ============================
=============================== Current clock frequencies ================================
GPU[0]		: mclk clock level: 0: (2000Mhz)
GPU[0]		: sclk clock level: 1: (1413Mhz)
GPU[0]		: socclk clock level: S: (38Mhz)
GPU[1]		: mclk clock level: 0: (2000Mhz)
GPU[1]		: sclk clock level: 1: (1391Mhz)
GPU[1]		: socclk clock level: S: (38Mhz)
GPU[2]		: mclk clock level: 0: (2000Mhz)
GPU[2]		: sclk clock level: 1: (1405Mhz)
GPU[2]		: socclk clock level: S: (38Mhz)
GPU[3]		: mclk clock level: 0: (2000Mhz)
GPU[3]		: sclk clock level: 1: (1400Mhz)
GPU[3]		: socclk clock level: S: (38Mhz)
GPU[4]		: mclk clock level: 0: (2000Mhz)
GPU[4]		: sclk clock level: 1: (1407Mhz)
GPU[4]		: socclk clock level: S: (38Mhz)
GPU[5]		: mclk clock level: 0: (2000Mhz)
GPU[5]		: sclk clock level: 1: (1397Mhz)
GPU[5]		: socclk clock level: S: (38Mhz)
GPU[6]		: mclk clock level: 0: (2000Mhz)
GPU[6]		: sclk clock level: 1: (1391Mhz)
GPU[6]		: socclk clock level: S: (38Mhz)
GPU[7]		: mclk clock level: 0: (2000Mhz)
GPU[7]		: sclk clock level: S: (94Mhz)
GPU[7]		: socclk clock level: S: (38Mhz)
==========================================================================================
=================================== Power Consumption ====================================
GPU[0]		: Current Socket Graphics Package Power (W): 266.0
GPU[1]		: Current Socket Graphics Package Power (W): 260.0
GPU[2]		: Current Socket Graphics Package Power (W): 264.0
GPU[3]		: Current Socket Graphics Package Power (W): 265.0
GPU[4]		: Current Socket Graphics Package Power (W): 272.0
GPU[5]		: Current Socket Graphics Package Power (W): 259.0
GPU[6]		: Current Socket Graphics Package Power (W): 259.0
GPU[7]		: Current Socket Graphics Package Power (W): 254.0
==========================================================================================
================================== End of ROCm SMI Log ===================================
=== 1786660085.707318846 ===


============================ ROCm System Management Interface ============================
=============================== Current clock frequencies ================================
GPU[0]		: mclk clock level: 0: (2000Mhz)
GPU[0]		: sclk clock level: 1: (1413Mhz)
GPU[0]		: socclk clock level: S: (38Mhz)
GPU[1]		: mclk clock level: 0: (2000Mhz)
GPU[1]		: sclk clock level: 1: (1393Mhz)
GPU[1]		: socclk clock level: S: (38Mhz)
GPU[2]		: mclk clock level: 0: (2000Mhz)
GPU[2]		: sclk clock level: 1: (1405Mhz)
GPU[2]		: socclk clock level: S: (38Mhz)
GPU[3]		: mclk clock level: 0: (2000Mhz)
GPU[3]		: sclk clock level: 1: (1400Mhz)
GPU[3]		: socclk clock level: S: (38Mhz)
GPU[4]		: mclk clock level: 0: (2000Mhz)
GPU[4]		: sclk clock level: 1: (1408Mhz)
GPU[4]		: socclk clock level: S: (38Mhz)
GPU[5]		: mclk clock level: 0: (2000Mhz)
GPU[5]		: sclk clock level: 1: (1398Mhz)
GPU[5]		: socclk clock level: S: (38Mhz)
GPU[6]		: mclk clock level: 0: (2000Mhz)
GPU[6]		: sclk clock level: 1: (1390Mhz)
GPU[6]		: socclk clock level: S: (38Mhz)
GPU[7]		: mclk clock level: 0: (2000Mhz)
GPU[7]		: sclk clock level: S: (94Mhz)
GPU[7]		: socclk clock level: S: (38Mhz)
==========================================================================================
=================================== Power Consumption ====================================
GPU[0]		: Current Socket Graphics Package Power (W): 266.0
GPU[1]		: Current Socket Graphics Package Power (W): 260.0
GPU[2]		: Current Socket Graphics Package Power (W): 264.0
GPU[3]		: Current Socket Graphics Package Power (W): 266.0
GPU[4]		: Current Socket Graphics Package Power (W): 271.0
GPU[5]		: Current Socket Graphics Package Power (W): 259.0
GPU[6]		: Current Socket Graphics Package Power (W): 259.0
GPU[7]		: Current Socket Graphics Package Power (W): 255.0
==========================================================================================
================================== End of ROCm SMI Log ===================================
=== 1786660087.803703862 ===


============================ ROCm System Management Interface ============================
=============================== Current clock frequencies ================================
GPU[0]		: mclk clock level: 0: (2000Mhz)
GPU[0]		: sclk clock level: 1: (1412Mhz)
GPU[0]		: socclk clock level: S: (38Mhz)
GPU[1]		: mclk clock level: 0: (2000Mhz)
GPU[1]		: sclk clock level: 1: (1390Mhz)
GPU[1]		: socclk clock level: S: (38Mhz)
GPU[2]		: mclk clock level: 0: (2000Mhz)
GPU[2]		: sclk clock level: 1: (1405Mhz)
GPU[2]		: socclk clock level: S: (38Mhz)
GPU[3]		: mclk clock level: 0: (2000Mhz)
GPU[3]		: sclk clock level: 1: (1399Mhz)
GPU[3]		: socclk clock level: S: (38Mhz)
GPU[4]		: mclk clock level: 0: (2000Mhz)
GPU[4]		: sclk clock level: 1: (1406Mhz)
GPU[4]		: socclk clock level: S: (38Mhz)
GPU[5]		: mclk clock level: 0: (2000Mhz)
GPU[5]		: sclk clock level: 1: (1398Mhz)
GPU[5]		: socclk clock level: S: (38Mhz)
GPU[6]		: mclk clock level: 0: (2000Mhz)
GPU[6]		: sclk clock level: 1: (1392Mhz)
GPU[6]		: socclk clock level: S: (38Mhz)
GPU[7]		: mclk clock level: 0: (2000Mhz)
GPU[7]		: sclk clock level: S: (94Mhz)
GPU[7]		: socclk clock level: S: (38Mhz)
==========================================================================================
=================================== Power Consumption ====================================
GPU[0]		: Current Socket Graphics Package Power (W): 266.0
GPU[1]		: Current Socket Graphics Package Power (W): 260.0
GPU[2]		: Current Socket Graphics Package Power (W): 264.0
GPU[3]		: Current Socket Graphics Package Power (W): 265.0
GPU[4]		: Current Socket Graphics Package Power (W): 271.0
GPU[5]		: Current Socket Graphics Package Power (W): 259.0
GPU[6]		: Current Socket Graphics Package Power (W): 260.0
GPU[7]		: Current Socket Graphics Package Power (W): 255.0
==========================================================================================
================================== End of ROCm SMI Log ===================================
=== 1786660089.905128792 ===


============================ ROCm System Management Interface ============================
=============================== Current clock frequencies ================================
GPU[0]		: mclk clock level: 0: (2000Mhz)
GPU[0]		: sclk clock level: 1: (1413Mhz)
GPU[0]		: socclk clock level: S: (38Mhz)
GPU[1]		: mclk clock level: 0: (2000Mhz)
GPU[1]		: sclk clock level: 1: (1395Mhz)
GPU[1]		: socclk clock level: S: (38Mhz)
GPU[2]		: mclk clock level: 0: (2000Mhz)
GPU[2]		: sclk clock level: 1: (1405Mhz)
GPU[2]		: socclk clock level: S: (38Mhz)
GPU[3]		: mclk clock level: 0: (2000Mhz)
GPU[3]		: sclk clock level: 1: (1399Mhz)
GPU[3]		: socclk clock level: S: (38Mhz)
GPU[4]		: mclk clock level: 0: (2000Mhz)
GPU[4]		: sclk clock level: S: (157Mhz)
GPU[4]		: socclk clock level: S: (38Mhz)
GPU[5]		: mclk clock level: 0: (2000Mhz)
GPU[5]		: sclk clock level: 1: (1397Mhz)
GPU[5]		: socclk clock level: S: (38Mhz)
GPU[6]		: mclk clock level: 0: (2000Mhz)
GPU[6]		: sclk clock level: 1: (1392Mhz)
GPU[6]		: socclk clock level: S: (38Mhz)
GPU[7]		: mclk clock level: 0: (2000Mhz)
GPU[7]		: sclk clock level: S: (94Mhz)
GPU[7]		: socclk clock level: S: (38Mhz)
==========================================================================================
=================================== Power Consumption ====================================
GPU[0]		: Current Socket Graphics Package Power (W): 266.0
GPU[1]		: Current Socket Graphics Package Power (W): 259.0
GPU[2]		: Current Socket Graphics Package Power (W): 264.0
GPU[3]		: Current Socket Graphics Package Power (W): 265.0
GPU[4]		: Current Socket Graphics Package Power (W): 264.0
GPU[5]		: Current Socket Graphics Package Power (W): 259.0
GPU[6]		: Current Socket Graphics Package Power (W): 259.0
GPU[7]		: Current Socket Graphics Package Power (W): 254.0
==========================================================================================
================================== End of ROCm SMI Log ===================================
=== 1786660092.001747565 ===


============================ ROCm System Management Interface ============================
=============================== Current clock frequencies ================================
GPU[0]		: mclk clock level: 0: (2000Mhz)
GPU[0]		: sclk clock level: 1: (1413Mhz)
GPU[0]		: socclk clock level: S: (38Mhz)
GPU[1]		: mclk clock level: 0: (2000Mhz)
GPU[1]		: sclk clock level: 1: (1391Mhz)
GPU[1]		: socclk clock level: S: (38Mhz)
GPU[2]		: mclk clock level: 0: (2000Mhz)
GPU[2]		: sclk clock level: 1: (1404Mhz)
GPU[2]		: socclk clock level: S: (38Mhz)
GPU[3]		: mclk clock level: 0: (2000Mhz)
GPU[3]		: sclk clock level: 1: (1399Mhz)
GPU[3]		: socclk clock level: S: (38Mhz)
GPU[4]		: mclk clock level: 0: (2000Mhz)
GPU[4]		: sclk clock level: S: (157Mhz)
GPU[4]		: socclk clock level: S: (38Mhz)
GPU[5]		: mclk clock level: 0: (2000Mhz)
GPU[5]		: sclk clock level: 1: (1398Mhz)
GPU[5]		: socclk clock level: S: (38Mhz)
GPU[6]		: mclk clock level: 0: (2000Mhz)
GPU[6]		: sclk clock level: 1: (1392Mhz)
GPU[6]		: socclk clock level: S: (38Mhz)
GPU[7]		: mclk clock level: 0: (2000Mhz)
GPU[7]		: sclk clock level: S: (94Mhz)
GPU[7]		: socclk clock level: S: (38Mhz)
==========================================================================================
=================================== Power Consumption ====================================
GPU[0]		: Current Socket Graphics Package Power (W): 267.0
GPU[1]		: Current Socket Graphics Package Power (W): 260.0
GPU[2]		: Current Socket Graphics Package Power (W): 264.0
GPU[3]		: Current Socket Graphics Package Power (W): 265.0
GPU[4]		: Current Socket Graphics Package Power (W): 264.0
GPU[5]		: Current Socket Graphics Package Power (W): 259.0
GPU[6]		: Current Socket Graphics Package Power (W): 259.0
GPU[7]		: Current Socket Graphics Package Power (W): 254.0
==========================================================================================
================================== End of ROCm SMI Log ===================================
=== 1786660094.099857562 ===


============================ ROCm System Management Interface ============================
=============================== Current clock frequencies ================================
GPU[0]		: mclk clock level: 0: (2000Mhz)
GPU[0]		: sclk clock level: S: (174Mhz)
GPU[0]		: socclk clock level: S: (38Mhz)
GPU[1]		: mclk clock level: 0: (2000Mhz)
GPU[1]		: sclk clock level: 1: (2238Mhz)
GPU[1]		: socclk clock level: S: (38Mhz)
GPU[2]		: mclk clock level: 0: (2000Mhz)
GPU[2]		: sclk clock level: 1: (2242Mhz)
GPU[2]		: socclk clock level: S: (38Mhz)
GPU[3]		: mclk clock level: 0: (2000Mhz)
GPU[3]		: sclk clock level: 1: (2262Mhz)
GPU[3]		: socclk clock level: S: (38Mhz)
GPU[4]		: mclk clock level: 0: (2000Mhz)
GPU[4]		: sclk clock level: 1: (1947Mhz)
GPU[4]		: socclk clock level: S: (140Mhz)
GPU[5]		: mclk clock level: 0: (2000Mhz)
GPU[5]		: sclk clock level: 1: (2240Mhz)
GPU[5]		: socclk clock level: S: (38Mhz)
GPU[6]		: mclk clock level: 0: (2000Mhz)
GPU[6]		: sclk clock level: 1: (2247Mhz)
GPU[6]		: socclk clock level: S: (38Mhz)
GPU[7]		: mclk clock level: 0: (2000Mhz)
GPU[7]		: sclk clock level: S: (149Mhz)
GPU[7]		: socclk clock level: S: (38Mhz)
==========================================================================================
=================================== Power Consumption ====================================
GPU[0]		: Current Socket Graphics Package Power (W): 257.0
GPU[1]		: Current Socket Graphics Package Power (W): 291.0
GPU[2]		: Current Socket Graphics Package Power (W): 296.0
GPU[3]		: Current Socket Graphics Package Power (W): 294.0
GPU[4]		: Current Socket Graphics Package Power (W): 612.0
GPU[5]		: Current Socket Graphics Package Power (W): 288.0
GPU[6]		: Current Socket Graphics Package Power (W): 289.0
GPU[7]		: Current Socket Graphics Package Power (W): 262.0
==========================================================================================
================================== End of ROCm SMI Log ===================================
=== 1786660096.196832038 ===


============================ ROCm System Management Interface ============================
=============================== Current clock frequencies ================================
GPU[0]		: mclk clock level: 0: (2000Mhz)
GPU[0]		: sclk clock level: S: (188Mhz)
GPU[0]		: socclk clock level: S: (38Mhz)
GPU[1]		: mclk clock level: 0: (2000Mhz)
GPU[1]		: sclk clock level: S: (157Mhz)
GPU[1]		: socclk clock level: S: (38Mhz)
GPU[2]		: mclk clock level: 0: (2000Mhz)
GPU[2]		: sclk clock level: S: (157Mhz)
GPU[2]		: socclk clock level: S: (38Mhz)
GPU[3]		: mclk clock level: 0: (2000Mhz)
GPU[3]		: sclk clock level: 1: (1362Mhz)
GPU[3]		: socclk clock level: S: (38Mhz)
GPU[4]		: mclk clock level: 0: (2000Mhz)
GPU[4]		: sclk clock level: 1: (2086Mhz)
GPU[4]		: socclk clock level: S: (50Mhz)
GPU[5]		: mclk clock level: 0: (2000Mhz)
GPU[5]		: sclk clock level: S: (160Mhz)
GPU[5]		: socclk clock level: S: (38Mhz)
GPU[6]		: mclk clock level: 0: (2000Mhz)
GPU[6]		: sclk clock level: 1: (2400Mhz)
GPU[6]		: socclk clock level: S: (38Mhz)
GPU[7]		: mclk clock level: 0: (2000Mhz)
GPU[7]		: sclk clock level: S: (156Mhz)
GPU[7]		: socclk clock level: S: (38Mhz)
==========================================================================================
=================================== Power Consumption ====================================
GPU[0]		: Current Socket Graphics Package Power (W): 258.0
GPU[1]		: Current Socket Graphics Package Power (W): 252.0
GPU[2]		: Current Socket Graphics Package Power (W): 257.0
GPU[3]		: Current Socket Graphics Package Power (W): 279.0
GPU[4]		: Current Socket Graphics Package Power (W): 1202.0
GPU[5]		: Current Socket Graphics Package Power (W): 252.0
GPU[6]		: Current Socket Graphics Package Power (W): 294.0
GPU[7]		: Current Socket Graphics Package Power (W): 264.0
==========================================================================================
================================== End of ROCm SMI Log ===================================
=== 1786660098.285411856 ===


============================ ROCm System Management Interface ============================
=============================== Current clock frequencies ================================
GPU[0]		: mclk clock level: 0: (2000Mhz)
GPU[0]		: sclk clock level: 1: (2145Mhz)
GPU[0]		: socclk clock level: S: (50Mhz)
GPU[1]		: mclk clock level: 0: (2000Mhz)
GPU[1]		: sclk clock level: S: (157Mhz)
GPU[1]		: socclk clock level: S: (38Mhz)
GPU[2]		: mclk clock level: 0: (2000Mhz)
GPU[2]		: sclk clock level: S: (157Mhz)
GPU[2]		: socclk clock level: S: (38Mhz)
GPU[3]		: mclk clock level: 0: (2000Mhz)
GPU[3]		: sclk clock level: S: (158Mhz)
GPU[3]		: socclk clock level: S: (38Mhz)
GPU[4]		: mclk clock level: 0: (2000Mhz)
GPU[4]		: sclk clock level: 1: (1992Mhz)
GPU[4]		: socclk clock level: S: (64Mhz)
GPU[5]		: mclk clock level: 0: (2000Mhz)
GPU[5]		: sclk clock level: S: (156Mhz)
GPU[5]		: socclk clock level: S: (38Mhz)
GPU[6]		: mclk clock level: 0: (2000Mhz)
GPU[6]		: sclk clock level: S: (157Mhz)
GPU[6]		: socclk clock level: S: (38Mhz)
GPU[7]		: mclk clock level: 0: (2000Mhz)
GPU[7]		: sclk clock level: S: (157Mhz)
GPU[7]		: socclk clock level: S: (38Mhz)
==========================================================================================
=================================== Power Consumption ====================================
GPU[0]		: Current Socket Graphics Package Power (W): 1002.0
GPU[1]		: Current Socket Graphics Package Power (W): 251.0
GPU[2]		: Current Socket Graphics Package Power (W): 258.0
GPU[3]		: Current Socket Graphics Package Power (W): 257.0
GPU[4]		: Current Socket Graphics Package Power (W): 1390.0
GPU[5]		: Current Socket Graphics Package Power (W): 253.0
GPU[6]		: Current Socket Graphics Package Power (W): 253.0
GPU[7]		: Current Socket Graphics Package Power (W): 264.0
==========================================================================================
================================== End of ROCm SMI Log ===================================
=== 1786660100.398941452 ===


============================ ROCm System Management Interface ============================
=============================== Current clock frequencies ================================
GPU[0]		: mclk clock level: 0: (2000Mhz)
GPU[0]		: sclk clock level: 1: (2090Mhz)
GPU[0]		: socclk clock level: S: (49Mhz)
GPU[1]		: mclk clock level: 0: (2000Mhz)
GPU[1]		: sclk clock level: 1: (2090Mhz)
GPU[1]		: socclk clock level: S: (51Mhz)
GPU[2]		: mclk clock level: 0: (2000Mhz)
GPU[2]		: sclk clock level: S: (157Mhz)
GPU[2]		: socclk clock level: S: (38Mhz)
GPU[3]		: mclk clock level: 0: (2000Mhz)
GPU[3]		: sclk clock level: S: (158Mhz)
GPU[3]		: socclk clock level: S: (38Mhz)
GPU[4]		: mclk clock level: 0: (2000Mhz)
GPU[4]		: sclk clock level: 1: (2068Mhz)
GPU[4]		: socclk clock level: S: (38Mhz)
GPU[5]		: mclk clock level: 0: (2000Mhz)
GPU[5]		: sclk clock level: S: (156Mhz)
GPU[5]		: socclk clock level: S: (38Mhz)
GPU[6]		: mclk clock level: 0: (2000Mhz)
GPU[6]		: sclk clock level: S: (157Mhz)
GPU[6]		: socclk clock level: S: (38Mhz)
GPU[7]		: mclk clock level: 0: (2000Mhz)
GPU[7]		: sclk clock level: S: (156Mhz)
GPU[7]		: socclk clock level: S: (38Mhz)
==========================================================================================
=================================== Power Consumption ====================================
GPU[0]		: Current Socket Graphics Package Power (W): 1173.0
GPU[1]		: Current Socket Graphics Package Power (W): 1175.0
GPU[2]		: Current Socket Graphics Package Power (W): 258.0
GPU[3]		: Current Socket Graphics Package Power (W): 259.0
GPU[4]		: Current Socket Graphics Package Power (W): 1350.0
GPU[5]		: Current Socket Graphics Package Power (W): 253.0
GPU[6]		: Current Socket Graphics Package Power (W): 253.0
GPU[7]		: Current Socket Graphics Package Power (W): 264.0
==========================================================================================
================================== End of ROCm SMI Log ===================================
=== 1786660102.496175614 ===


============================ ROCm System Management Interface ============================
=============================== Current clock frequencies ================================
GPU[0]		: mclk clock level: 0: (2000Mhz)
GPU[0]		: sclk clock level: 1: (2073Mhz)
GPU[0]		: socclk clock level: S: (47Mhz)
GPU[1]		: mclk clock level: 0: (2000Mhz)
GPU[1]		: sclk clock level: 1: (2242Mhz)
GPU[1]		: socclk clock level: S: (44Mhz)
GPU[2]		: mclk clock level: 0: (2000Mhz)
GPU[2]		: sclk clock level: 1: (2293Mhz)
GPU[2]		: socclk clock level: S: (44Mhz)
GPU[3]		: mclk clock level: 0: (2000Mhz)
GPU[3]		: sclk clock level: 1: (2283Mhz)
GPU[3]		: socclk clock level: S: (56Mhz)
GPU[4]		: mclk clock level: 0: (2000Mhz)
GPU[4]		: sclk clock level: 1: (2038Mhz)
GPU[4]		: socclk clock level: S: (38Mhz)
GPU[5]		: mclk clock level: 0: (2000Mhz)
GPU[5]		: sclk clock level: 1: (2294Mhz)
GPU[5]		: socclk clock level: S: (42Mhz)
GPU[6]		: mclk clock level: 0: (2000Mhz)
GPU[6]		: sclk clock level: 1: (2265Mhz)
GPU[6]		: socclk clock level: S: (87Mhz)
GPU[7]		: mclk clock level: 0: (2000Mhz)
GPU[7]		: sclk clock level: S: (156Mhz)
GPU[7]		: socclk clock level: S: (38Mhz)
==========================================================================================
=================================== Power Consumption ====================================
GPU[0]		: Current Socket Graphics Package Power (W): 1347.0
GPU[1]		: Current Socket Graphics Package Power (W): 837.0
GPU[2]		: Current Socket Graphics Package Power (W): 671.0
GPU[3]		: Current Socket Graphics Package Power (W): 590.0
GPU[4]		: Current Socket Graphics Package Power (W): 1343.0
GPU[5]		: Current Socket Graphics Package Power (W): 624.0
GPU[6]		: Current Socket Graphics Package Power (W): 590.0
GPU[7]		: Current Socket Graphics Package Power (W): 265.0
==========================================================================================
================================== End of ROCm SMI Log ===================================
=== 1786660104.592404042 ===


============================ ROCm System Management Interface ============================
=============================== Current clock frequencies ================================
GPU[0]		: mclk clock level: 0: (2000Mhz)
GPU[0]		: sclk clock level: 1: (2238Mhz)
GPU[0]		: socclk clock level: S: (43Mhz)
GPU[1]		: mclk clock level: 0: (2000Mhz)
GPU[1]		: sclk clock level: 1: (2202Mhz)
GPU[1]		: socclk clock level: S: (43Mhz)
GPU[2]		: mclk clock level: 0: (2000Mhz)
GPU[2]		: sclk clock level: 1: (2287Mhz)
GPU[2]		: socclk clock level: S: (41Mhz)
GPU[3]		: mclk clock level: 0: (2000Mhz)
GPU[3]		: sclk clock level: 1: (2304Mhz)
GPU[3]		: socclk clock level: S: (41Mhz)
GPU[4]		: mclk clock level: 0: (2000Mhz)
GPU[4]		: sclk clock level: 1: (2234Mhz)
GPU[4]		: socclk clock level: S: (43Mhz)
GPU[5]		: mclk clock level: 0: (2000Mhz)
GPU[5]		: sclk clock level: 1: (2281Mhz)
GPU[5]		: socclk clock level: S: (41Mhz)
GPU[6]		: mclk clock level: 0: (2000Mhz)
GPU[6]		: sclk clock level: 1: (2271Mhz)
GPU[6]		: socclk clock level: S: (73Mhz)
GPU[7]		: mclk clock level: 0: (2000Mhz)
GPU[7]		: sclk clock level: S: (156Mhz)
GPU[7]		: socclk clock level: S: (38Mhz)
==========================================================================================
=================================== Power Consumption ====================================
GPU[0]		: Current Socket Graphics Package Power (W): 1050.0
GPU[1]		: Current Socket Graphics Package Power (W): 1050.0
GPU[2]		: Current Socket Graphics Package Power (W): 527.0
GPU[3]		: Current Socket Graphics Package Power (W): 497.0
GPU[4]		: Current Socket Graphics Package Power (W): 1073.0
GPU[5]		: Current Socket Graphics Package Power (W): 504.0
GPU[6]		: Current Socket Graphics Package Power (W): 500.0
GPU[7]		: Current Socket Graphics Package Power (W): 264.0
==========================================================================================
================================== End of ROCm SMI Log ===================================
=== 1786660106.690099056 ===


============================ ROCm System Management Interface ============================
=============================== Current clock frequencies ================================
GPU[0]		: mclk clock level: 0: (2000Mhz)
GPU[0]		: sclk clock level: 1: (2258Mhz)
GPU[0]		: socclk clock level: S: (43Mhz)
GPU[1]		: mclk clock level: 0: (2000Mhz)
GPU[1]		: sclk clock level: 1: (2246Mhz)
GPU[1]		: socclk clock level: S: (43Mhz)
GPU[2]		: mclk clock level: 0: (2000Mhz)
GPU[2]		: sclk clock level: 1: (2329Mhz)
GPU[2]		: socclk clock level: S: (40Mhz)
GPU[3]		: mclk clock level: 0: (2000Mhz)
GPU[3]		: sclk clock level: 1: (2297Mhz)
GPU[3]		: socclk clock level: S: (40Mhz)
GPU[4]		: mclk clock level: 0: (2000Mhz)
GPU[4]		: sclk clock level: 1: (2258Mhz)
GPU[4]		: socclk clock level: S: (43Mhz)
GPU[5]		: mclk clock level: 0: (2000Mhz)
GPU[5]		: sclk clock level: 1: (2282Mhz)
GPU[5]		: socclk clock level: S: (40Mhz)
GPU[6]		: mclk clock level: 0: (2000Mhz)
GPU[6]		: sclk clock level: 1: (2277Mhz)
GPU[6]		: socclk clock level: S: (40Mhz)
GPU[7]		: mclk clock level: 0: (2000Mhz)
GPU[7]		: sclk clock level: S: (133Mhz)
GPU[7]		: socclk clock level: S: (38Mhz)
==========================================================================================
=================================== Power Consumption ====================================
GPU[0]		: Current Socket Graphics Package Power (W): 961.0
GPU[1]		: Current Socket Graphics Package Power (W): 970.0
GPU[2]		: Current Socket Graphics Package Power (W): 593.0
GPU[3]		: Current Socket Graphics Package Power (W): 549.0
GPU[4]		: Current Socket Graphics Package Power (W): 990.0
GPU[5]		: Current Socket Graphics Package Power (W): 564.0
GPU[6]		: Current Socket Graphics Package Power (W): 543.0
GPU[7]		: Current Socket Graphics Package Power (W): 259.0
==========================================================================================
================================== End of ROCm SMI Log ===================================
=== 1786660108.790024852 ===


============================ ROCm System Management Interface ============================
=============================== Current clock frequencies ================================
GPU[0]		: mclk clock level: 0: (2000Mhz)
GPU[0]		: sclk clock level: 1: (2268Mhz)
GPU[0]		: socclk clock level: S: (42Mhz)
GPU[1]		: mclk clock level: 0: (2000Mhz)
GPU[1]		: sclk clock level: 1: (2251Mhz)
GPU[1]		: socclk clock level: S: (43Mhz)
GPU[2]		: mclk clock level: 0: (2000Mhz)
GPU[2]		: sclk clock level: 1: (2338Mhz)
GPU[2]		: socclk clock level: S: (40Mhz)
GPU[3]		: mclk clock level: 0: (2000Mhz)
GPU[3]		: sclk clock level: 1: (2299Mhz)
GPU[3]		: socclk clock level: S: (40Mhz)
GPU[4]		: mclk clock level: 0: (2000Mhz)
GPU[4]		: sclk clock level: 1: (2260Mhz)
GPU[4]		: socclk clock level: S: (43Mhz)
GPU[5]		: mclk clock level: 0: (2000Mhz)
GPU[5]		: sclk clock level: 1: (2275Mhz)
GPU[5]		: socclk clock level: S: (40Mhz)
GPU[6]		: mclk clock level: 0: (2000Mhz)
GPU[6]		: sclk clock level: 1: (2277Mhz)
GPU[6]		: socclk clock level: S: (40Mhz)
GPU[7]		: mclk clock level: 0: (2000Mhz)
GPU[7]		: sclk clock level: S: (93Mhz)
GPU[7]		: socclk clock level: S: (38Mhz)
==========================================================================================
=================================== Power Consumption ====================================
GPU[0]		: Current Socket Graphics Package Power (W): 933.0
GPU[1]		: Current Socket Graphics Package Power (W): 960.0
GPU[2]		: Current Socket Graphics Package Power (W): 633.0
GPU[3]		: Current Socket Graphics Package Power (W): 540.0
GPU[4]		: Current Socket Graphics Package Power (W): 992.0
GPU[5]		: Current Socket Graphics Package Power (W): 558.0
GPU[6]		: Current Socket Graphics Package Power (W): 545.0
GPU[7]		: Current Socket Graphics Package Power (W): 254.0
==========================================================================================
================================== End of ROCm SMI Log ===================================
=== 1786660110.887772295 ===


============================ ROCm System Management Interface ============================
=============================== Current clock frequencies ================================
GPU[0]		: mclk clock level: 0: (2000Mhz)
GPU[0]		: sclk clock level: 1: (2267Mhz)
GPU[0]		: socclk clock level: S: (42Mhz)
GPU[1]		: mclk clock level: 0: (2000Mhz)
GPU[1]		: sclk clock level: 1: (2251Mhz)
GPU[1]		: socclk clock level: S: (43Mhz)
GPU[2]		: mclk clock level: 0: (2000Mhz)
GPU[2]		: sclk clock level: 1: (2298Mhz)
GPU[2]		: socclk clock level: S: (40Mhz)
GPU[3]		: mclk clock level: 0: (2000Mhz)
GPU[3]		: sclk clock level: 1: (2287Mhz)
GPU[3]		: socclk clock level: S: (40Mhz)
GPU[4]		: mclk clock level: 0: (2000Mhz)
GPU[4]		: sclk clock level: 1: (2259Mhz)
GPU[4]		: socclk clock level: S: (43Mhz)
GPU[5]		: mclk clock level: 0: (2000Mhz)
GPU[5]		: sclk clock level: 1: (2277Mhz)
GPU[5]		: socclk clock level: S: (40Mhz)
GPU[6]		: mclk clock level: 0: (2000Mhz)
GPU[6]		: sclk clock level: 1: (2275Mhz)
GPU[6]		: socclk clock level: S: (40Mhz)
GPU[7]		: mclk clock level: 0: (2000Mhz)
GPU[7]		: sclk clock level: S: (94Mhz)
GPU[7]		: socclk clock level: S: (38Mhz)
==========================================================================================
=================================== Power Consumption ====================================
GPU[0]		: Current Socket Graphics Package Power (W): 945.0
GPU[1]		: Current Socket Graphics Package Power (W): 965.0
GPU[2]		: Current Socket Graphics Package Power (W): 550.0
GPU[3]		: Current Socket Graphics Package Power (W): 601.0
GPU[4]		: Current Socket Graphics Package Power (W): 989.0
GPU[5]		: Current Socket Graphics Package Power (W): 551.0
GPU[6]		: Current Socket Graphics Package Power (W): 537.0
GPU[7]		: Current Socket Graphics Package Power (W): 255.0
==========================================================================================
================================== End of ROCm SMI Log ===================================
=== 1786660112.986749617 ===


============================ ROCm System Management Interface ============================
=============================== Current clock frequencies ================================
GPU[0]		: mclk clock level: 0: (2000Mhz)
GPU[0]		: sclk clock level: 1: (2268Mhz)
GPU[0]		: socclk clock level: S: (42Mhz)
GPU[1]		: mclk clock level: 0: (2000Mhz)
GPU[1]		: sclk clock level: 1: (2248Mhz)
GPU[1]		: socclk clock level: S: (43Mhz)
GPU[2]		: mclk clock level: 0: (2000Mhz)
GPU[2]		: sclk clock level: 1: (2304Mhz)
GPU[2]		: socclk clock level: S: (40Mhz)
GPU[3]		: mclk clock level: 0: (2000Mhz)
GPU[3]		: sclk clock level: 1: (2285Mhz)
GPU[3]		: socclk clock level: S: (40Mhz)
GPU[4]		: mclk clock level: 0: (2000Mhz)
GPU[4]		: sclk clock level: 1: (2255Mhz)
GPU[4]		: socclk clock level: S: (43Mhz)
GPU[5]		: mclk clock level: 0: (2000Mhz)
GPU[5]		: sclk clock level: 1: (2279Mhz)
GPU[5]		: socclk clock level: S: (40Mhz)
GPU[6]		: mclk clock level: 0: (2000Mhz)
GPU[6]		: sclk clock level: 1: (2270Mhz)
GPU[6]		: socclk clock level: S: (40Mhz)
GPU[7]		: mclk clock level: 0: (2000Mhz)
GPU[7]		: sclk clock level: S: (94Mhz)
GPU[7]		: socclk clock level: S: (38Mhz)
==========================================================================================
=================================== Power Consumption ====================================
GPU[0]		: Current Socket Graphics Package Power (W): 936.0
GPU[1]		: Current Socket Graphics Package Power (W): 981.0
GPU[2]		: Current Socket Graphics Package Power (W): 558.0
GPU[3]		: Current Socket Graphics Package Power (W): 598.0
GPU[4]		: Current Socket Graphics Package Power (W): 997.0
GPU[5]		: Current Socket Graphics Package Power (W): 553.0
GPU[6]		: Current Socket Graphics Package Power (W): 535.0
GPU[7]		: Current Socket Graphics Package Power (W): 256.0
==========================================================================================
================================== End of ROCm SMI Log ===================================
=== 1786660115.089204181 ===


============================ ROCm System Management Interface ============================
=============================== Current clock frequencies ================================
GPU[0]		: mclk clock level: 0: (2000Mhz)
GPU[0]		: sclk clock level: 1: (2272Mhz)
GPU[0]		: socclk clock level: S: (42Mhz)
GPU[1]		: mclk clock level: 0: (2000Mhz)
GPU[1]		: sclk clock level: 1: (2253Mhz)
GPU[1]		: socclk clock level: S: (43Mhz)
GPU[2]		: mclk clock level: 0: (2000Mhz)
GPU[2]		: sclk clock level: 1: (2298Mhz)
GPU[2]		: socclk clock level: S: (40Mhz)
GPU[3]		: mclk clock level: 0: (2000Mhz)
GPU[3]		: sclk clock level: 1: (2287Mhz)
GPU[3]		: socclk clock level: S: (40Mhz)
GPU[4]		: mclk clock level: 0: (2000Mhz)
GPU[4]		: sclk clock level: 1: (2253Mhz)
GPU[4]		: socclk clock level: S: (43Mhz)
GPU[5]		: mclk clock level: 0: (2000Mhz)
GPU[5]		: sclk clock level: 1: (2276Mhz)
GPU[5]		: socclk clock level: S: (40Mhz)
GPU[6]		: mclk clock level: 0: (2000Mhz)
GPU[6]		: sclk clock level: 1: (2275Mhz)
GPU[6]		: socclk clock level: S: (40Mhz)
GPU[7]		: mclk clock level: 0: (2000Mhz)
GPU[7]		: sclk clock level: S: (94Mhz)
GPU[7]		: socclk clock level: S: (38Mhz)
==========================================================================================
=================================== Power Consumption ====================================
GPU[0]		: Current Socket Graphics Package Power (W): 939.0
GPU[1]		: Current Socket Graphics Package Power (W): 979.0
GPU[2]		: Current Socket Graphics Package Power (W): 554.0
GPU[3]		: Current Socket Graphics Package Power (W): 597.0
GPU[4]		: Current Socket Graphics Package Power (W): 999.0
GPU[5]		: Current Socket Graphics Package Power (W): 551.0
GPU[6]		: Current Socket Graphics Package Power (W): 534.0
GPU[7]		: Current Socket Graphics Package Power (W): 255.0
==========================================================================================
================================== End of ROCm SMI Log ===================================
=== 1786660117.190248648 ===


============================ ROCm System Management Interface ============================
=============================== Current clock frequencies ================================
GPU[0]		: mclk clock level: 0: (2000Mhz)
GPU[0]		: sclk clock level: 1: (2273Mhz)
GPU[0]		: socclk clock level: S: (42Mhz)
GPU[1]		: mclk clock level: 0: (2000Mhz)
GPU[1]		: sclk clock level: 1: (2251Mhz)
GPU[1]		: socclk clock level: S: (43Mhz)
GPU[2]		: mclk clock level: 0: (2000Mhz)
GPU[2]		: sclk clock level: 1: (2291Mhz)
GPU[2]		: socclk clock level: S: (40Mhz)
GPU[3]		: mclk clock level: 0: (2000Mhz)
GPU[3]		: sclk clock level: 1: (2300Mhz)
GPU[3]		: socclk clock level: S: (40Mhz)
GPU[4]		: mclk clock level: 0: (2000Mhz)
GPU[4]		: sclk clock level: 1: (2260Mhz)
GPU[4]		: socclk clock level: S: (43Mhz)
GPU[5]		: mclk clock level: 0: (2000Mhz)
GPU[5]		: sclk clock level: 1: (2278Mhz)
GPU[5]		: socclk clock level: S: (40Mhz)
GPU[6]		: mclk clock level: 0: (2000Mhz)
GPU[6]		: sclk clock level: 1: (2263Mhz)
GPU[6]		: socclk clock level: S: (40Mhz)
GPU[7]		: mclk clock level: 0: (2000Mhz)
GPU[7]		: sclk clock level: S: (94Mhz)
GPU[7]		: socclk clock level: S: (38Mhz)
==========================================================================================
=================================== Power Consumption ====================================
GPU[0]		: Current Socket Graphics Package Power (W): 941.0
GPU[1]		: Current Socket Graphics Package Power (W): 980.0
GPU[2]		: Current Socket Graphics Package Power (W): 542.0
GPU[3]		: Current Socket Graphics Package Power (W): 594.0
GPU[4]		: Current Socket Graphics Package Power (W): 985.0
GPU[5]		: Current Socket Graphics Package Power (W): 550.0
GPU[6]		: Current Socket Graphics Package Power (W): 598.0
GPU[7]		: Current Socket Graphics Package Power (W): 255.0
==========================================================================================
================================== End of ROCm SMI Log ===================================
=== 1786660119.288889756 ===


============================ ROCm System Management Interface ============================
=============================== Current clock frequencies ================================
GPU[0]		: mclk clock level: 0: (2000Mhz)
GPU[0]		: sclk clock level: 1: (2271Mhz)
GPU[0]		: socclk clock level: S: (42Mhz)
GPU[1]		: mclk clock level: 0: (2000Mhz)
GPU[1]		: sclk clock level: 1: (2251Mhz)
GPU[1]		: socclk clock level: S: (43Mhz)
GPU[2]		: mclk clock level: 0: (2000Mhz)
GPU[2]		: sclk clock level: 1: (2290Mhz)
GPU[2]		: socclk clock level: S: (40Mhz)
GPU[3]		: mclk clock level: 0: (2000Mhz)
GPU[3]		: sclk clock level: 1: (2295Mhz)
GPU[3]		: socclk clock level: S: (40Mhz)
GPU[4]		: mclk clock level: 0: (2000Mhz)
GPU[4]		: sclk clock level: 1: (2260Mhz)
GPU[4]		: socclk clock level: S: (43Mhz)
GPU[5]		: mclk clock level: 0: (2000Mhz)
GPU[5]		: sclk clock level: 1: (2277Mhz)
GPU[5]		: socclk clock level: S: (40Mhz)
GPU[6]		: mclk clock level: 0: (2000Mhz)
GPU[6]		: sclk clock level: 1: (2263Mhz)
GPU[6]		: socclk clock level: S: (40Mhz)
GPU[7]		: mclk clock level: 0: (2000Mhz)
GPU[7]		: sclk clock level: S: (94Mhz)
GPU[7]		: socclk clock level: S: (38Mhz)
==========================================================================================
=================================== Power Consumption ====================================
GPU[0]		: Current Socket Graphics Package Power (W): 938.0
GPU[1]		: Current Socket Graphics Package Power (W): 982.0
GPU[2]		: Current Socket Graphics Package Power (W): 547.0
GPU[3]		: Current Socket Graphics Package Power (W): 589.0
GPU[4]		: Current Socket Graphics Package Power (W): 984.0
GPU[5]		: Current Socket Graphics Package Power (W): 553.0
GPU[6]		: Current Socket Graphics Package Power (W): 593.0
GPU[7]		: Current Socket Graphics Package Power (W): 255.0
==========================================================================================
================================== End of ROCm SMI Log ===================================
=== 1786660121.393946705 ===


============================ ROCm System Management Interface ============================
=============================== Current clock frequencies ================================
GPU[0]		: mclk clock level: 0: (2000Mhz)
GPU[0]		: sclk clock level: 1: (2276Mhz)
GPU[0]		: socclk clock level: S: (42Mhz)
GPU[1]		: mclk clock level: 0: (2000Mhz)
GPU[1]		: sclk clock level: 1: (2252Mhz)
GPU[1]		: socclk clock level: S: (43Mhz)
GPU[2]		: mclk clock level: 0: (2000Mhz)
GPU[2]		: sclk clock level: 1: (2293Mhz)
GPU[2]		: socclk clock level: S: (40Mhz)
GPU[3]		: mclk clock level: 0: (2000Mhz)
GPU[3]		: sclk clock level: 1: (2290Mhz)
GPU[3]		: socclk clock level: S: (40Mhz)
GPU[4]		: mclk clock level: 0: (2000Mhz)
GPU[4]		: sclk clock level: 1: (2266Mhz)
GPU[4]		: socclk clock level: S: (43Mhz)
GPU[5]		: mclk clock level: 0: (2000Mhz)
GPU[5]		: sclk clock level: 1: (2275Mhz)
GPU[5]		: socclk clock level: S: (40Mhz)
GPU[6]		: mclk clock level: 0: (2000Mhz)
GPU[6]		: sclk clock level: 1: (2265Mhz)
GPU[6]		: socclk clock level: S: (40Mhz)
GPU[7]		: mclk clock level: 0: (2000Mhz)
GPU[7]		: sclk clock level: S: (94Mhz)
GPU[7]		: socclk clock level: S: (38Mhz)
==========================================================================================
=================================== Power Consumption ====================================
GPU[0]		: Current Socket Graphics Package Power (W): 932.0
GPU[1]		: Current Socket Graphics Package Power (W): 990.0
GPU[2]		: Current Socket Graphics Package Power (W): 535.0
GPU[3]		: Current Socket Graphics Package Power (W): 592.0
GPU[4]		: Current Socket Graphics Package Power (W): 972.0
GPU[5]		: Current Socket Graphics Package Power (W): 546.0
GPU[6]		: Current Socket Graphics Package Power (W): 593.0
GPU[7]		: Current Socket Graphics Package Power (W): 255.0
==========================================================================================
================================== End of ROCm SMI Log ===================================
=== 1786660123.495827758 ===


============================ ROCm System Management Interface ============================
=============================== Current clock frequencies ================================
GPU[0]		: mclk clock level: 0: (2000Mhz)
GPU[0]		: sclk clock level: 1: (2270Mhz)
GPU[0]		: socclk clock level: S: (43Mhz)
GPU[1]		: mclk clock level: 0: (2000Mhz)
GPU[1]		: sclk clock level: 1: (2251Mhz)
GPU[1]		: socclk clock level: S: (43Mhz)
GPU[2]		: mclk clock level: 0: (2000Mhz)
GPU[2]		: sclk clock level: 1: (2292Mhz)
GPU[2]		: socclk clock level: S: (40Mhz)
GPU[3]		: mclk clock level: 0: (2000Mhz)
GPU[3]		: sclk clock level: 1: (2293Mhz)
GPU[3]		: socclk clock level: S: (40Mhz)
GPU[4]		: mclk clock level: 0: (2000Mhz)
GPU[4]		: sclk clock level: 1: (2266Mhz)
GPU[4]		: socclk clock level: S: (43Mhz)
GPU[5]		: mclk clock level: 0: (2000Mhz)
GPU[5]		: sclk clock level: 1: (2276Mhz)
GPU[5]		: socclk clock level: S: (40Mhz)
GPU[6]		: mclk clock level: 0: (2000Mhz)
GPU[6]		: sclk clock level: 1: (2269Mhz)
GPU[6]		: socclk clock level: S: (40Mhz)
GPU[7]		: mclk clock level: 0: (2000Mhz)
GPU[7]		: sclk clock level: S: (94Mhz)
GPU[7]		: socclk clock level: S: (38Mhz)
==========================================================================================
=================================== Power Consumption ====================================
GPU[0]		: Current Socket Graphics Package Power (W): 971.0
GPU[1]		: Current Socket Graphics Package Power (W): 988.0
GPU[2]		: Current Socket Graphics Package Power (W): 545.0
GPU[3]		: Current Socket Graphics Package Power (W): 600.0
GPU[4]		: Current Socket Graphics Package Power (W): 985.0
GPU[5]		: Current Socket Graphics Package Power (W): 548.0
GPU[6]		: Current Socket Graphics Package Power (W): 593.0
GPU[7]		: Current Socket Graphics Package Power (W): 255.0
==========================================================================================
================================== End of ROCm SMI Log ===================================
=== 1786660125.591214731 ===


============================ ROCm System Management Interface ============================
=============================== Current clock frequencies ================================
GPU[0]		: mclk clock level: 0: (2000Mhz)
GPU[0]		: sclk clock level: 1: (2274Mhz)
GPU[0]		: socclk clock level: S: (42Mhz)
GPU[1]		: mclk clock level: 0: (2000Mhz)
GPU[1]		: sclk clock level: 1: (2255Mhz)
GPU[1]		: socclk clock level: S: (43Mhz)
GPU[2]		: mclk clock level: 0: (2000Mhz)
GPU[2]		: sclk clock level: 1: (2312Mhz)
GPU[2]		: socclk clock level: S: (40Mhz)
GPU[3]		: mclk clock level: 0: (2000Mhz)
GPU[3]		: sclk clock level: 1: (2295Mhz)
GPU[3]		: socclk clock level: S: (40Mhz)
GPU[4]		: mclk clock level: 0: (2000Mhz)
GPU[4]		: sclk clock level: 1: (2275Mhz)
GPU[4]		: socclk clock level: S: (42Mhz)
GPU[5]		: mclk clock level: 0: (2000Mhz)
GPU[5]		: sclk clock level: 1: (2278Mhz)
GPU[5]		: socclk clock level: S: (40Mhz)
GPU[6]		: mclk clock level: 0: (2000Mhz)
GPU[6]		: sclk clock level: 1: (2267Mhz)
GPU[6]		: socclk clock level: S: (40Mhz)
GPU[7]		: mclk clock level: 0: (2000Mhz)
GPU[7]		: sclk clock level: S: (94Mhz)
GPU[7]		: socclk clock level: S: (38Mhz)
==========================================================================================
=================================== Power Consumption ====================================
GPU[0]		: Current Socket Graphics Package Power (W): 965.0
GPU[1]		: Current Socket Graphics Package Power (W): 983.0
GPU[2]		: Current Socket Graphics Package Power (W): 600.0
GPU[3]		: Current Socket Graphics Package Power (W): 598.0
GPU[4]		: Current Socket Graphics Package Power (W): 933.0
GPU[5]		: Current Socket Graphics Package Power (W): 550.0
GPU[6]		: Current Socket Graphics Package Power (W): 588.0
GPU[7]		: Current Socket Graphics Package Power (W): 254.0
==========================================================================================
================================== End of ROCm SMI Log ===================================
=== 1786660127.688809617 ===


============================ ROCm System Management Interface ============================
=============================== Current clock frequencies ================================
GPU[0]		: mclk clock level: 0: (2000Mhz)
GPU[0]		: sclk clock level: 1: (2273Mhz)
GPU[0]		: socclk clock level: S: (43Mhz)
GPU[1]		: mclk clock level: 0: (2000Mhz)
GPU[1]		: sclk clock level: 1: (2253Mhz)
GPU[1]		: socclk clock level: S: (43Mhz)
GPU[2]		: mclk clock level: 0: (2000Mhz)
GPU[2]		: sclk clock level: 1: (2311Mhz)
GPU[2]		: socclk clock level: S: (40Mhz)
GPU[3]		: mclk clock level: 0: (2000Mhz)
GPU[3]		: sclk clock level: 1: (2344Mhz)
GPU[3]		: socclk clock level: S: (40Mhz)
GPU[4]		: mclk clock level: 0: (2000Mhz)
GPU[4]		: sclk clock level: 1: (2275Mhz)
GPU[4]		: socclk clock level: S: (44Mhz)
GPU[5]		: mclk clock level: 0: (2000Mhz)
GPU[5]		: sclk clock level: 1: (2280Mhz)
GPU[5]		: socclk clock level: S: (40Mhz)
GPU[6]		: mclk clock level: 0: (2000Mhz)
GPU[6]		: sclk clock level: 1: (2243Mhz)
GPU[6]		: socclk clock level: S: (41Mhz)
GPU[7]		: mclk clock level: 0: (2000Mhz)
GPU[7]		: sclk clock level: S: (94Mhz)
GPU[7]		: socclk clock level: S: (38Mhz)
==========================================================================================
=================================== Power Consumption ====================================
GPU[0]		: Current Socket Graphics Package Power (W): 967.0
GPU[1]		: Current Socket Graphics Package Power (W): 988.0
GPU[2]		: Current Socket Graphics Package Power (W): 606.0
GPU[3]		: Current Socket Graphics Package Power (W): 623.0
GPU[4]		: Current Socket Graphics Package Power (W): 939.0
GPU[5]		: Current Socket Graphics Package Power (W): 547.0
GPU[6]		: Current Socket Graphics Package Power (W): 584.0
GPU[7]		: Current Socket Graphics Package Power (W): 255.0
==========================================================================================
================================== End of ROCm SMI Log ===================================
=== 1786660129.792410051 ===


============================ ROCm System Management Interface ============================
=============================== Current clock frequencies ================================
GPU[0]		: mclk clock level: 0: (2000Mhz)
GPU[0]		: sclk clock level: 1: (2275Mhz)
GPU[0]		: socclk clock level: S: (43Mhz)
GPU[1]		: mclk clock level: 0: (2000Mhz)
GPU[1]		: sclk clock level: 1: (2251Mhz)
GPU[1]		: socclk clock level: S: (43Mhz)
GPU[2]		: mclk clock level: 0: (2000Mhz)
GPU[2]		: sclk clock level: 1: (2288Mhz)
GPU[2]		: socclk clock level: S: (40Mhz)
GPU[3]		: mclk clock level: 0: (2000Mhz)
GPU[3]		: sclk clock level: 1: (2298Mhz)
GPU[3]		: socclk clock level: S: (40Mhz)
GPU[4]		: mclk clock level: 0: (2000Mhz)
GPU[4]		: sclk clock level: 1: (2270Mhz)
GPU[4]		: socclk clock level: S: (42Mhz)
GPU[5]		: mclk clock level: 0: (2000Mhz)
GPU[5]		: sclk clock level: 1: (2269Mhz)
GPU[5]		: socclk clock level: S: (40Mhz)
GPU[6]		: mclk clock level: 0: (2000Mhz)
GPU[6]		: sclk clock level: 1: (2242Mhz)
GPU[6]		: socclk clock level: S: (40Mhz)
GPU[7]		: mclk clock level: 0: (2000Mhz)
GPU[7]		: sclk clock level: S: (94Mhz)
GPU[7]		: socclk clock level: S: (38Mhz)
==========================================================================================
=================================== Power Consumption ====================================
GPU[0]		: Current Socket Graphics Package Power (W): 971.0
GPU[1]		: Current Socket Graphics Package Power (W): 995.0
GPU[2]		: Current Socket Graphics Package Power (W): 569.0
GPU[3]		: Current Socket Graphics Package Power (W): 547.0
GPU[4]		: Current Socket Graphics Package Power (W): 959.0
GPU[5]		: Current Socket Graphics Package Power (W): 589.0
GPU[6]		: Current Socket Graphics Package Power (W): 594.0
GPU[7]		: Current Socket Graphics Package Power (W): 254.0
==========================================================================================
================================== End of ROCm SMI Log ===================================
=== 1786660131.889212860 ===


============================ ROCm System Management Interface ============================
=============================== Current clock frequencies ================================
GPU[0]		: mclk clock level: 0: (2000Mhz)
GPU[0]		: sclk clock level: 1: (2273Mhz)
GPU[0]		: socclk clock level: S: (43Mhz)
GPU[1]		: mclk clock level: 0: (2000Mhz)
GPU[1]		: sclk clock level: 1: (2256Mhz)
GPU[1]		: socclk clock level: S: (43Mhz)
GPU[2]		: mclk clock level: 0: (2000Mhz)
GPU[2]		: sclk clock level: 1: (2289Mhz)
GPU[2]		: socclk clock level: S: (40Mhz)
GPU[3]		: mclk clock level: 0: (2000Mhz)
GPU[3]		: sclk clock level: 1: (2300Mhz)
GPU[3]		: socclk clock level: S: (40Mhz)
GPU[4]		: mclk clock level: 0: (2000Mhz)
GPU[4]		: sclk clock level: 1: (2277Mhz)
GPU[4]		: socclk clock level: S: (42Mhz)
GPU[5]		: mclk clock level: 0: (2000Mhz)
GPU[5]		: sclk clock level: 1: (2277Mhz)
GPU[5]		: socclk clock level: S: (40Mhz)
GPU[6]		: mclk clock level: 0: (2000Mhz)
GPU[6]		: sclk clock level: 1: (2264Mhz)
GPU[6]		: socclk clock level: S: (40Mhz)
GPU[7]		: mclk clock level: 0: (2000Mhz)
GPU[7]		: sclk clock level: S: (94Mhz)
GPU[7]		: socclk clock level: S: (38Mhz)
==========================================================================================
=================================== Power Consumption ====================================
GPU[0]		: Current Socket Graphics Package Power (W): 965.0
GPU[1]		: Current Socket Graphics Package Power (W): 985.0
GPU[2]		: Current Socket Graphics Package Power (W): 565.0
GPU[3]		: Current Socket Graphics Package Power (W): 541.0
GPU[4]		: Current Socket Graphics Package Power (W): 935.0
GPU[5]		: Current Socket Graphics Package Power (W): 592.0
GPU[6]		: Current Socket Graphics Package Power (W): 590.0
GPU[7]		: Current Socket Graphics Package Power (W): 254.0
==========================================================================================
================================== End of ROCm SMI Log ===================================
=== 1786660133.986169226 ===


============================ ROCm System Management Interface ============================
=============================== Current clock frequencies ================================
GPU[0]		: mclk clock level: 0: (2000Mhz)
GPU[0]		: sclk clock level: 1: (2241Mhz)
GPU[0]		: socclk clock level: S: (44Mhz)
GPU[1]		: mclk clock level: 0: (2000Mhz)
GPU[1]		: sclk clock level: 1: (2216Mhz)
GPU[1]		: socclk clock level: S: (44Mhz)
GPU[2]		: mclk clock level: 0: (2000Mhz)
GPU[2]		: sclk clock level: 1: (2331Mhz)
GPU[2]		: socclk clock level: S: (40Mhz)
GPU[3]		: mclk clock level: 0: (2000Mhz)
GPU[3]		: sclk clock level: 1: (2337Mhz)
GPU[3]		: socclk clock level: S: (40Mhz)
GPU[4]		: mclk clock level: 0: (2000Mhz)
GPU[4]		: sclk clock level: 1: (2400Mhz)
GPU[4]		: socclk clock level: S: (38Mhz)
GPU[5]		: mclk clock level: 0: (2000Mhz)
GPU[5]		: sclk clock level: 1: (2324Mhz)
GPU[5]		: socclk clock level: S: (41Mhz)
GPU[6]		: mclk clock level: 0: (2000Mhz)
GPU[6]		: sclk clock level: 1: (2266Mhz)
GPU[6]		: socclk clock level: S: (41Mhz)
GPU[7]		: mclk clock level: 0: (2000Mhz)
GPU[7]		: sclk clock level: S: (94Mhz)
GPU[7]		: socclk clock level: S: (38Mhz)
==========================================================================================
=================================== Power Consumption ====================================
GPU[0]		: Current Socket Graphics Package Power (W): 1106.0
GPU[1]		: Current Socket Graphics Package Power (W): 1139.0
GPU[2]		: Current Socket Graphics Package Power (W): 682.0
GPU[3]		: Current Socket Graphics Package Power (W): 630.0
GPU[4]		: Current Socket Graphics Package Power (W): 308.0
GPU[5]		: Current Socket Graphics Package Power (W): 694.0
GPU[6]		: Current Socket Graphics Package Power (W): 684.0
GPU[7]		: Current Socket Graphics Package Power (W): 254.0
==========================================================================================
================================== End of ROCm SMI Log ===================================
=== 1786660136.081837455 ===


============================ ROCm System Management Interface ============================
=============================== Current clock frequencies ================================
GPU[0]		: mclk clock level: 0: (2000Mhz)
GPU[0]		: sclk clock level: 1: (2241Mhz)
GPU[0]		: socclk clock level: S: (44Mhz)
GPU[1]		: mclk clock level: 0: (2000Mhz)
GPU[1]		: sclk clock level: 1: (2219Mhz)
GPU[1]		: socclk clock level: S: (44Mhz)
GPU[2]		: mclk clock level: 0: (2000Mhz)
GPU[2]		: sclk clock level: 1: (2332Mhz)
GPU[2]		: socclk clock level: S: (40Mhz)
GPU[3]		: mclk clock level: 0: (2000Mhz)
GPU[3]		: sclk clock level: 1: (2333Mhz)
GPU[3]		: socclk clock level: S: (40Mhz)
GPU[4]		: mclk clock level: 0: (2000Mhz)
GPU[4]		: sclk clock level: 1: (2400Mhz)
GPU[4]		: socclk clock level: S: (38Mhz)
GPU[5]		: mclk clock level: 0: (2000Mhz)
GPU[5]		: sclk clock level: 1: (2322Mhz)
GPU[5]		: socclk clock level: S: (41Mhz)
GPU[6]		: mclk clock level: 0: (2000Mhz)
GPU[6]		: sclk clock level: 1: (2266Mhz)
GPU[6]		: socclk clock level: S: (41Mhz)
GPU[7]		: mclk clock level: 0: (2000Mhz)
GPU[7]		: sclk clock level: S: (94Mhz)
GPU[7]		: socclk clock level: S: (38Mhz)
==========================================================================================
=================================== Power Consumption ====================================
GPU[0]		: Current Socket Graphics Package Power (W): 1112.0
GPU[1]		: Current Socket Graphics Package Power (W): 1137.0
GPU[2]		: Current Socket Graphics Package Power (W): 688.0
GPU[3]		: Current Socket Graphics Package Power (W): 641.0
GPU[4]		: Current Socket Graphics Package Power (W): 307.0
GPU[5]		: Current Socket Graphics Package Power (W): 697.0
GPU[6]		: Current Socket Graphics Package Power (W): 687.0
GPU[7]		: Current Socket Graphics Package Power (W): 255.0
==========================================================================================
================================== End of ROCm SMI Log ===================================
=== 1786660138.179478549 ===


============================ ROCm System Management Interface ============================
=============================== Current clock frequencies ================================
GPU[0]		: mclk clock level: 0: (2000Mhz)
GPU[0]		: sclk clock level: 1: (2400Mhz)
GPU[0]		: socclk clock level: S: (38Mhz)
GPU[1]		: mclk clock level: 0: (2000Mhz)
GPU[1]		: sclk clock level: 1: (2092Mhz)
GPU[1]		: socclk clock level: S: (46Mhz)
GPU[2]		: mclk clock level: 0: (2000Mhz)
GPU[2]		: sclk clock level: 1: (2308Mhz)
GPU[2]		: socclk clock level: S: (41Mhz)
GPU[3]		: mclk clock level: 0: (2000Mhz)
GPU[3]		: sclk clock level: 1: (2324Mhz)
GPU[3]		: socclk clock level: S: (41Mhz)
GPU[4]		: mclk clock level: 0: (2000Mhz)
GPU[4]		: sclk clock level: 1: (1410Mhz)
GPU[4]		: socclk clock level: S: (38Mhz)
GPU[5]		: mclk clock level: 0: (2000Mhz)
GPU[5]		: sclk clock level: 1: (2296Mhz)
GPU[5]		: socclk clock level: S: (42Mhz)
GPU[6]		: mclk clock level: 0: (2000Mhz)
GPU[6]		: sclk clock level: 1: (2227Mhz)
GPU[6]		: socclk clock level: S: (42Mhz)
GPU[7]		: mclk clock level: 0: (2000Mhz)
GPU[7]		: sclk clock level: S: (94Mhz)
GPU[7]		: socclk clock level: S: (38Mhz)
==========================================================================================
=================================== Power Consumption ====================================
GPU[0]		: Current Socket Graphics Package Power (W): 302.0
GPU[1]		: Current Socket Graphics Package Power (W): 1392.0
GPU[2]		: Current Socket Graphics Package Power (W): 811.0
GPU[3]		: Current Socket Graphics Package Power (W): 756.0
GPU[4]		: Current Socket Graphics Package Power (W): 272.0
GPU[5]		: Current Socket Graphics Package Power (W): 839.0
GPU[6]		: Current Socket Graphics Package Power (W): 813.0
GPU[7]		: Current Socket Graphics Package Power (W): 255.0
==========================================================================================
================================== End of ROCm SMI Log ===================================
=== 1786660140.276686621 ===


============================ ROCm System Management Interface ============================
=============================== Current clock frequencies ================================
GPU[0]		: mclk clock level: 0: (2000Mhz)
GPU[0]		: sclk clock level: 1: (2400Mhz)
GPU[0]		: socclk clock level: S: (38Mhz)
GPU[1]		: mclk clock level: 0: (2000Mhz)
GPU[1]		: sclk clock level: 1: (2400Mhz)
GPU[1]		: socclk clock level: S: (38Mhz)
GPU[2]		: mclk clock level: 0: (2000Mhz)
GPU[2]		: sclk clock level: 1: (2243Mhz)
GPU[2]		: socclk clock level: S: (44Mhz)
GPU[3]		: mclk clock level: 0: (2000Mhz)
GPU[3]		: sclk clock level: 1: (2262Mhz)
GPU[3]		: socclk clock level: S: (44Mhz)
GPU[4]		: mclk clock level: 0: (2000Mhz)
GPU[4]		: sclk clock level: 1: (1410Mhz)
GPU[4]		: socclk clock level: S: (38Mhz)
GPU[5]		: mclk clock level: 0: (2000Mhz)
GPU[5]		: sclk clock level: 1: (2234Mhz)
GPU[5]		: socclk clock level: S: (44Mhz)
GPU[6]		: mclk clock level: 0: (2000Mhz)
GPU[6]		: sclk clock level: 1: (2104Mhz)
GPU[6]		: socclk clock level: S: (44Mhz)
GPU[7]		: mclk clock level: 0: (2000Mhz)
GPU[7]		: sclk clock level: S: (94Mhz)
GPU[7]		: socclk clock level: S: (38Mhz)
==========================================================================================
=================================== Power Consumption ====================================
GPU[0]		: Current Socket Graphics Package Power (W): 302.0
GPU[1]		: Current Socket Graphics Package Power (W): 299.0
GPU[2]		: Current Socket Graphics Package Power (W): 1106.0
GPU[3]		: Current Socket Graphics Package Power (W): 1061.0
GPU[4]		: Current Socket Graphics Package Power (W): 272.0
GPU[5]		: Current Socket Graphics Package Power (W): 1079.0
GPU[6]		: Current Socket Graphics Package Power (W): 1123.0
GPU[7]		: Current Socket Graphics Package Power (W): 255.0
==========================================================================================
================================== End of ROCm SMI Log ===================================
=== 1786660142.373324093 ===


============================ ROCm System Management Interface ============================
=============================== Current clock frequencies ================================
GPU[0]		: mclk clock level: 0: (2000Mhz)
GPU[0]		: sclk clock level: 1: (2400Mhz)
GPU[0]		: socclk clock level: S: (51Mhz)
GPU[1]		: mclk clock level: 0: (2000Mhz)
GPU[1]		: sclk clock level: 1: (2400Mhz)
GPU[1]		: socclk clock level: S: (53Mhz)
GPU[2]		: mclk clock level: 0: (2000Mhz)
GPU[2]		: sclk clock level: 1: (2400Mhz)
GPU[2]		: socclk clock level: S: (53Mhz)
GPU[3]		: mclk clock level: 0: (2000Mhz)
GPU[3]		: sclk clock level: 1: (2400Mhz)
GPU[3]		: socclk clock level: S: (51Mhz)
GPU[4]		: mclk clock level: 0: (2000Mhz)
GPU[4]		: sclk clock level: 1: (2400Mhz)
GPU[4]		: socclk clock level: S: (53Mhz)
GPU[5]		: mclk clock level: 0: (2000Mhz)
GPU[5]		: sclk clock level: 1: (2400Mhz)
GPU[5]		: socclk clock level: S: (51Mhz)
GPU[6]		: mclk clock level: 0: (2000Mhz)
GPU[6]		: sclk clock level: 1: (2374Mhz)
GPU[6]		: socclk clock level: S: (54Mhz)
GPU[7]		: mclk clock level: 0: (2000Mhz)
GPU[7]		: sclk clock level: 1: (460Mhz)
GPU[7]		: socclk clock level: S: (47Mhz)
==========================================================================================
=================================== Power Consumption ====================================
GPU[0]		: Current Socket Graphics Package Power (W): 301.0
GPU[1]		: Current Socket Graphics Package Power (W): 298.0
GPU[2]		: Current Socket Graphics Package Power (W): 303.0
GPU[3]		: Current Socket Graphics Package Power (W): 302.0
GPU[4]		: Current Socket Graphics Package Power (W): 307.0
GPU[5]		: Current Socket Graphics Package Power (W): 294.0
GPU[6]		: Current Socket Graphics Package Power (W): 297.0
GPU[7]		: Current Socket Graphics Package Power (W): 271.0
==========================================================================================
================================== End of ROCm SMI Log ===================================
