=== 1786659541.053203444 ===


============================ ROCm System Management Interface ============================
=============================== Current clock frequencies ================================
GPU[0]		: mclk clock level: 0: (2000Mhz)
GPU[0]		: sclk clock level: 1: (390Mhz)
GPU[0]		: socclk clock level: S: (44Mhz)
GPU[1]		: mclk clock level: 0: (2000Mhz)
GPU[1]		: sclk clock level: 1: (452Mhz)
GPU[1]		: socclk clock level: S: (46Mhz)
GPU[2]		: mclk clock level: 0: (2000Mhz)
GPU[2]		: sclk clock level: 1: (392Mhz)
GPU[2]		: socclk clock level: S: (45Mhz)
GPU[3]		: mclk clock level: 0: (2000Mhz)
GPU[3]		: sclk clock level: 1: (325Mhz)
GPU[3]		: socclk clock level: S: (43Mhz)
GPU[4]		: mclk clock level: 0: (2000Mhz)
GPU[4]		: sclk clock level: 0: (500Mhz)
GPU[4]		: socclk clock level: S: (48Mhz)
GPU[5]		: mclk clock level: 0: (2000Mhz)
GPU[5]		: sclk clock level: S: (244Mhz)
GPU[5]		: socclk clock level: S: (40Mhz)
GPU[6]		: mclk clock level: 0: (2000Mhz)
GPU[6]		: sclk clock level: S: (246Mhz)
GPU[6]		: socclk clock level: S: (40Mhz)
GPU[7]		: mclk clock level: 0: (2000Mhz)
GPU[7]		: sclk clock level: S: (243Mhz)
GPU[7]		: socclk clock level: S: (40Mhz)
==========================================================================================
=================================== Power Consumption ====================================
GPU[0]		: Current Socket Graphics Package Power (W): 261.0
GPU[1]		: Current Socket Graphics Package Power (W): 259.0
GPU[2]		: Current Socket Graphics Package Power (W): 263.0
GPU[3]		: Current Socket Graphics Package Power (W): 261.0
GPU[4]		: Current Socket Graphics Package Power (W): 272.0
GPU[5]		: Current Socket Graphics Package Power (W): 253.0
GPU[6]		: Current Socket Graphics Package Power (W): 253.0
GPU[7]		: Current Socket Graphics Package Power (W): 265.0
==========================================================================================
================================== End of ROCm SMI Log ===================================
=== 1786659543.151366295 ===


============================ ROCm System Management Interface ============================
=============================== Current clock frequencies ================================
GPU[0]		: mclk clock level: 0: (2000Mhz)
GPU[0]		: sclk clock level: 1: (2400Mhz)
GPU[0]		: socclk clock level: S: (38Mhz)
GPU[1]		: mclk clock level: 0: (2000Mhz)
GPU[1]		: sclk clock level: 1: (2400Mhz)
GPU[1]		: socclk clock level: S: (38Mhz)
GPU[2]		: mclk clock level: 0: (2000Mhz)
GPU[2]		: sclk clock level: 1: (2400Mhz)
GPU[2]		: socclk clock level: S: (38Mhz)
GPU[3]		: mclk clock level: 0: (2000Mhz)
GPU[3]		: sclk clock level: 1: (2400Mhz)
GPU[3]		: socclk clock level: S: (38Mhz)
GPU[4]		: mclk clock level: 0: (2000Mhz)
GPU[4]		: sclk clock level: 1: (2400Mhz)
GPU[4]		: socclk clock level: S: (38Mhz)
GPU[5]		: mclk clock level: 0: (2000Mhz)
GPU[5]		: sclk clock level: S: (156Mhz)
GPU[5]		: socclk clock level: S: (38Mhz)
GPU[6]		: mclk clock level: 0: (2000Mhz)
GPU[6]		: sclk clock level: S: (157Mhz)
GPU[6]		: socclk clock level: S: (38Mhz)
GPU[7]		: mclk clock level: 0: (2000Mhz)
GPU[7]		: sclk clock level: S: (156Mhz)
GPU[7]		: socclk clock level: S: (38Mhz)
==========================================================================================
=================================== Power Consumption ====================================
GPU[0]		: Current Socket Graphics Package Power (W): 299.0
GPU[1]		: Current Socket Graphics Package Power (W): 297.0
GPU[2]		: Current Socket Graphics Package Power (W): 302.0
GPU[3]		: Current Socket Graphics Package Power (W): 300.0
GPU[4]		: Current Socket Graphics Package Power (W): 306.0
GPU[5]		: Current Socket Graphics Package Power (W): 251.0
GPU[6]		: Current Socket Graphics Package Power (W): 251.0
GPU[7]		: Current Socket Graphics Package Power (W): 263.0
==========================================================================================
================================== End of ROCm SMI Log ===================================
=== 1786659545.247906323 ===


============================ ROCm System Management Interface ============================
=============================== Current clock frequencies ================================
GPU[0]		: mclk clock level: 0: (2000Mhz)
GPU[0]		: sclk clock level: 1: (2400Mhz)
GPU[0]		: socclk clock level: S: (38Mhz)
GPU[1]		: mclk clock level: 0: (2000Mhz)
GPU[1]		: sclk clock level: 1: (2400Mhz)
GPU[1]		: socclk clock level: S: (38Mhz)
GPU[2]		: mclk clock level: 0: (2000Mhz)
GPU[2]		: sclk clock level: 1: (2400Mhz)
GPU[2]		: socclk clock level: S: (38Mhz)
GPU[3]		: mclk clock level: 0: (2000Mhz)
GPU[3]		: sclk clock level: 1: (2400Mhz)
GPU[3]		: socclk clock level: S: (38Mhz)
GPU[4]		: mclk clock level: 0: (2000Mhz)
GPU[4]		: sclk clock level: 1: (2400Mhz)
GPU[4]		: socclk clock level: S: (38Mhz)
GPU[5]		: mclk clock level: 0: (2000Mhz)
GPU[5]		: sclk clock level: S: (156Mhz)
GPU[5]		: socclk clock level: S: (38Mhz)
GPU[6]		: mclk clock level: 0: (2000Mhz)
GPU[6]		: sclk clock level: S: (156Mhz)
GPU[6]		: socclk clock level: S: (38Mhz)
GPU[7]		: mclk clock level: 0: (2000Mhz)
GPU[7]		: sclk clock level: S: (157Mhz)
GPU[7]		: socclk clock level: S: (38Mhz)
==========================================================================================
=================================== Power Consumption ====================================
GPU[0]		: Current Socket Graphics Package Power (W): 299.0
GPU[1]		: Current Socket Graphics Package Power (W): 297.0
GPU[2]		: Current Socket Graphics Package Power (W): 301.0
GPU[3]		: Current Socket Graphics Package Power (W): 299.0
GPU[4]		: Current Socket Graphics Package Power (W): 306.0
GPU[5]		: Current Socket Graphics Package Power (W): 251.0
GPU[6]		: Current Socket Graphics Package Power (W): 252.0
GPU[7]		: Current Socket Graphics Package Power (W): 263.0
==========================================================================================
================================== End of ROCm SMI Log ===================================
=== 1786659547.346960328 ===


============================ ROCm System Management Interface ============================
=============================== Current clock frequencies ================================
GPU[0]		: mclk clock level: 0: (2000Mhz)
GPU[0]		: sclk clock level: 1: (1771Mhz)
GPU[0]		: socclk clock level: S: (38Mhz)
GPU[1]		: mclk clock level: 0: (2000Mhz)
GPU[1]		: sclk clock level: 1: (1767Mhz)
GPU[1]		: socclk clock level: S: (38Mhz)
GPU[2]		: mclk clock level: 0: (2000Mhz)
GPU[2]		: sclk clock level: 1: (1763Mhz)
GPU[2]		: socclk clock level: S: (38Mhz)
GPU[3]		: mclk clock level: 0: (2000Mhz)
GPU[3]		: sclk clock level: 1: (1751Mhz)
GPU[3]		: socclk clock level: S: (38Mhz)
GPU[4]		: mclk clock level: 0: (2000Mhz)
GPU[4]		: sclk clock level: 1: (1749Mhz)
GPU[4]		: socclk clock level: S: (38Mhz)
GPU[5]		: mclk clock level: 0: (2000Mhz)
GPU[5]		: sclk clock level: S: (122Mhz)
GPU[5]		: socclk clock level: S: (38Mhz)
GPU[6]		: mclk clock level: 0: (2000Mhz)
GPU[6]		: sclk clock level: S: (119Mhz)
GPU[6]		: socclk clock level: S: (38Mhz)
GPU[7]		: mclk clock level: 0: (2000Mhz)
GPU[7]		: sclk clock level: S: (115Mhz)
GPU[7]		: socclk clock level: S: (38Mhz)
==========================================================================================
=================================== Power Consumption ====================================
GPU[0]		: Current Socket Graphics Package Power (W): 277.0
GPU[1]		: Current Socket Graphics Package Power (W): 273.0
GPU[2]		: Current Socket Graphics Package Power (W): 278.0
GPU[3]		: Current Socket Graphics Package Power (W): 276.0
GPU[4]		: Current Socket Graphics Package Power (W): 283.0
GPU[5]		: Current Socket Graphics Package Power (W): 245.0
GPU[6]		: Current Socket Graphics Package Power (W): 246.0
GPU[7]		: Current Socket Graphics Package Power (W): 257.0
==========================================================================================
================================== End of ROCm SMI Log ===================================
=== 1786659549.443822741 ===


============================ ROCm System Management Interface ============================
=============================== Current clock frequencies ================================
GPU[0]		: mclk clock level: 0: (2000Mhz)
GPU[0]		: sclk clock level: 1: (1414Mhz)
GPU[0]		: socclk clock level: S: (38Mhz)
GPU[1]		: mclk clock level: 0: (2000Mhz)
GPU[1]		: sclk clock level: 1: (1391Mhz)
GPU[1]		: socclk clock level: S: (38Mhz)
GPU[2]		: mclk clock level: 0: (2000Mhz)
GPU[2]		: sclk clock level: 1: (1404Mhz)
GPU[2]		: socclk clock level: S: (38Mhz)
GPU[3]		: mclk clock level: 0: (2000Mhz)
GPU[3]		: sclk clock level: 1: (1400Mhz)
GPU[3]		: socclk clock level: S: (38Mhz)
GPU[4]		: mclk clock level: 0: (2000Mhz)
GPU[4]		: sclk clock level: 1: (1406Mhz)
GPU[4]		: socclk clock level: S: (38Mhz)
GPU[5]		: mclk clock level: 0: (2000Mhz)
GPU[5]		: sclk clock level: S: (107Mhz)
GPU[5]		: socclk clock level: S: (38Mhz)
GPU[6]		: mclk clock level: 0: (2000Mhz)
GPU[6]		: sclk clock level: S: (105Mhz)
GPU[6]		: socclk clock level: S: (38Mhz)
GPU[7]		: mclk clock level: 0: (2000Mhz)
GPU[7]		: sclk clock level: S: (94Mhz)
GPU[7]		: socclk clock level: S: (38Mhz)
==========================================================================================
=================================== Power Consumption ====================================
GPU[0]		: Current Socket Graphics Package Power (W): 266.0
GPU[1]		: Current Socket Graphics Package Power (W): 260.0
GPU[2]		: Current Socket Graphics Package Power (W): 265.0
GPU[3]		: Current Socket Graphics Package Power (W): 265.0
GPU[4]		: Current Socket Graphics Package Power (W): 271.0
GPU[5]		: Current Socket Graphics Package Power (W): 242.0
GPU[6]		: Current Socket Graphics Package Power (W): 243.0
GPU[7]		: Current Socket Graphics Package Power (W): 254.0
==========================================================================================
================================== End of ROCm SMI Log ===================================
=== 1786659551.542946905 ===


============================ ROCm System Management Interface ============================
=============================== Current clock frequencies ================================
GPU[0]		: mclk clock level: 0: (2000Mhz)
GPU[0]		: sclk clock level: 1: (1414Mhz)
GPU[0]		: socclk clock level: S: (38Mhz)
GPU[1]		: mclk clock level: 0: (2000Mhz)
GPU[1]		: sclk clock level: 1: (1389Mhz)
GPU[1]		: socclk clock level: S: (38Mhz)
GPU[2]		: mclk clock level: 0: (2000Mhz)
GPU[2]		: sclk clock level: 1: (1404Mhz)
GPU[2]		: socclk clock level: S: (38Mhz)
GPU[3]		: mclk clock level: 0: (2000Mhz)
GPU[3]		: sclk clock level: 1: (1400Mhz)
GPU[3]		: socclk clock level: S: (38Mhz)
GPU[4]		: mclk clock level: 0: (2000Mhz)
GPU[4]		: sclk clock level: 1: (1406Mhz)
GPU[4]		: socclk clock level: S: (38Mhz)
GPU[5]		: mclk clock level: 0: (2000Mhz)
GPU[5]		: sclk clock level: S: (109Mhz)
GPU[5]		: socclk clock level: S: (38Mhz)
GPU[6]		: mclk clock level: 0: (2000Mhz)
GPU[6]		: sclk clock level: S: (111Mhz)
GPU[6]		: socclk clock level: S: (38Mhz)
GPU[7]		: mclk clock level: 0: (2000Mhz)
GPU[7]		: sclk clock level: S: (94Mhz)
GPU[7]		: socclk clock level: S: (38Mhz)
==========================================================================================
=================================== Power Consumption ====================================
GPU[0]		: Current Socket Graphics Package Power (W): 266.0
GPU[1]		: Current Socket Graphics Package Power (W): 260.0
GPU[2]		: Current Socket Graphics Package Power (W): 264.0
GPU[3]		: Current Socket Graphics Package Power (W): 265.0
GPU[4]		: Current Socket Graphics Package Power (W): 271.0
GPU[5]		: Current Socket Graphics Package Power (W): 242.0
GPU[6]		: Current Socket Graphics Package Power (W): 243.0
GPU[7]		: Current Socket Graphics Package Power (W): 254.0
==========================================================================================
================================== End of ROCm SMI Log ===================================
=== 1786659553.640795591 ===


============================ ROCm System Management Interface ============================
=============================== Current clock frequencies ================================
GPU[0]		: mclk clock level: 0: (2000Mhz)
GPU[0]		: sclk clock level: 1: (1414Mhz)
GPU[0]		: socclk clock level: S: (38Mhz)
GPU[1]		: mclk clock level: 0: (2000Mhz)
GPU[1]		: sclk clock level: 1: (1389Mhz)
GPU[1]		: socclk clock level: S: (38Mhz)
GPU[2]		: mclk clock level: 0: (2000Mhz)
GPU[2]		: sclk clock level: 1: (1405Mhz)
GPU[2]		: socclk clock level: S: (38Mhz)
GPU[3]		: mclk clock level: 0: (2000Mhz)
GPU[3]		: sclk clock level: 1: (1400Mhz)
GPU[3]		: socclk clock level: S: (38Mhz)
GPU[4]		: mclk clock level: 0: (2000Mhz)
GPU[4]		: sclk clock level: 1: (1406Mhz)
GPU[4]		: socclk clock level: S: (38Mhz)
GPU[5]		: mclk clock level: 0: (2000Mhz)
GPU[5]		: sclk clock level: S: (110Mhz)
GPU[5]		: socclk clock level: S: (38Mhz)
GPU[6]		: mclk clock level: 0: (2000Mhz)
GPU[6]		: sclk clock level: S: (107Mhz)
GPU[6]		: socclk clock level: S: (38Mhz)
GPU[7]		: mclk clock level: 0: (2000Mhz)
GPU[7]		: sclk clock level: S: (94Mhz)
GPU[7]		: socclk clock level: S: (38Mhz)
==========================================================================================
=================================== Power Consumption ====================================
GPU[0]		: Current Socket Graphics Package Power (W): 266.0
GPU[1]		: Current Socket Graphics Package Power (W): 260.0
GPU[2]		: Current Socket Graphics Package Power (W): 264.0
GPU[3]		: Current Socket Graphics Package Power (W): 266.0
GPU[4]		: Current Socket Graphics Package Power (W): 271.0
GPU[5]		: Current Socket Graphics Package Power (W): 242.0
GPU[6]		: Current Socket Graphics Package Power (W): 243.0
GPU[7]		: Current Socket Graphics Package Power (W): 254.0
==========================================================================================
================================== End of ROCm SMI Log ===================================
=== 1786659555.738763665 ===


============================ ROCm System Management Interface ============================
=============================== Current clock frequencies ================================
GPU[0]		: mclk clock level: 0: (2000Mhz)
GPU[0]		: sclk clock level: 1: (1414Mhz)
GPU[0]		: socclk clock level: S: (38Mhz)
GPU[1]		: mclk clock level: 0: (2000Mhz)
GPU[1]		: sclk clock level: 1: (1390Mhz)
GPU[1]		: socclk clock level: S: (38Mhz)
GPU[2]		: mclk clock level: 0: (2000Mhz)
GPU[2]		: sclk clock level: 1: (1405Mhz)
GPU[2]		: socclk clock level: S: (38Mhz)
GPU[3]		: mclk clock level: 0: (2000Mhz)
GPU[3]		: sclk clock level: 1: (1400Mhz)
GPU[3]		: socclk clock level: S: (38Mhz)
GPU[4]		: mclk clock level: 0: (2000Mhz)
GPU[4]		: sclk clock level: 1: (1405Mhz)
GPU[4]		: socclk clock level: S: (38Mhz)
GPU[5]		: mclk clock level: 0: (2000Mhz)
GPU[5]		: sclk clock level: S: (107Mhz)
GPU[5]		: socclk clock level: S: (38Mhz)
GPU[6]		: mclk clock level: 0: (2000Mhz)
GPU[6]		: sclk clock level: S: (112Mhz)
GPU[6]		: socclk clock level: S: (38Mhz)
GPU[7]		: mclk clock level: 0: (2000Mhz)
GPU[7]		: sclk clock level: S: (94Mhz)
GPU[7]		: socclk clock level: S: (38Mhz)
==========================================================================================
=================================== Power Consumption ====================================
GPU[0]		: Current Socket Graphics Package Power (W): 266.0
GPU[1]		: Current Socket Graphics Package Power (W): 260.0
GPU[2]		: Current Socket Graphics Package Power (W): 264.0
GPU[3]		: Current Socket Graphics Package Power (W): 265.0
GPU[4]		: Current Socket Graphics Package Power (W): 271.0
GPU[5]		: Current Socket Graphics Package Power (W): 242.0
GPU[6]		: Current Socket Graphics Package Power (W): 243.0
GPU[7]		: Current Socket Graphics Package Power (W): 254.0
==========================================================================================
================================== End of ROCm SMI Log ===================================
=== 1786659557.843895688 ===


============================ ROCm System Management Interface ============================
=============================== Current clock frequencies ================================
GPU[0]		: mclk clock level: 0: (2000Mhz)
GPU[0]		: sclk clock level: 1: (1414Mhz)
GPU[0]		: socclk clock level: S: (38Mhz)
GPU[1]		: mclk clock level: 0: (2000Mhz)
GPU[1]		: sclk clock level: 1: (1390Mhz)
GPU[1]		: socclk clock level: S: (38Mhz)
GPU[2]		: mclk clock level: 0: (2000Mhz)
GPU[2]		: sclk clock level: 1: (1404Mhz)
GPU[2]		: socclk clock level: S: (38Mhz)
GPU[3]		: mclk clock level: 0: (2000Mhz)
GPU[3]		: sclk clock level: 1: (1399Mhz)
GPU[3]		: socclk clock level: S: (39Mhz)
GPU[4]		: mclk clock level: 0: (2000Mhz)
GPU[4]		: sclk clock level: 1: (1405Mhz)
GPU[4]		: socclk clock level: S: (38Mhz)
GPU[5]		: mclk clock level: 0: (2000Mhz)
GPU[5]		: sclk clock level: S: (105Mhz)
GPU[5]		: socclk clock level: S: (38Mhz)
GPU[6]		: mclk clock level: 0: (2000Mhz)
GPU[6]		: sclk clock level: S: (106Mhz)
GPU[6]		: socclk clock level: S: (38Mhz)
GPU[7]		: mclk clock level: 0: (2000Mhz)
GPU[7]		: sclk clock level: S: (94Mhz)
GPU[7]		: socclk clock level: S: (38Mhz)
==========================================================================================
=================================== Power Consumption ====================================
GPU[0]		: Current Socket Graphics Package Power (W): 266.0
GPU[1]		: Current Socket Graphics Package Power (W): 260.0
GPU[2]		: Current Socket Graphics Package Power (W): 263.0
GPU[3]		: Current Socket Graphics Package Power (W): 265.0
GPU[4]		: Current Socket Graphics Package Power (W): 271.0
GPU[5]		: Current Socket Graphics Package Power (W): 243.0
GPU[6]		: Current Socket Graphics Package Power (W): 243.0
GPU[7]		: Current Socket Graphics Package Power (W): 255.0
==========================================================================================
================================== End of ROCm SMI Log ===================================
=== 1786659559.945003218 ===


============================ ROCm System Management Interface ============================
=============================== Current clock frequencies ================================
GPU[0]		: mclk clock level: 0: (2000Mhz)
GPU[0]		: sclk clock level: 1: (1414Mhz)
GPU[0]		: socclk clock level: S: (38Mhz)
GPU[1]		: mclk clock level: 0: (2000Mhz)
GPU[1]		: sclk clock level: 1: (1390Mhz)
GPU[1]		: socclk clock level: S: (38Mhz)
GPU[2]		: mclk clock level: 0: (2000Mhz)
GPU[2]		: sclk clock level: 1: (1405Mhz)
GPU[2]		: socclk clock level: S: (38Mhz)
GPU[3]		: mclk clock level: 0: (2000Mhz)
GPU[3]		: sclk clock level: 1: (1400Mhz)
GPU[3]		: socclk clock level: S: (38Mhz)
GPU[4]		: mclk clock level: 0: (2000Mhz)
GPU[4]		: sclk clock level: 1: (1405Mhz)
GPU[4]		: socclk clock level: S: (38Mhz)
GPU[5]		: mclk clock level: 0: (2000Mhz)
GPU[5]		: sclk clock level: S: (102Mhz)
GPU[5]		: socclk clock level: S: (38Mhz)
GPU[6]		: mclk clock level: 0: (2000Mhz)
GPU[6]		: sclk clock level: S: (109Mhz)
GPU[6]		: socclk clock level: S: (38Mhz)
GPU[7]		: mclk clock level: 0: (2000Mhz)
GPU[7]		: sclk clock level: S: (94Mhz)
GPU[7]		: socclk clock level: S: (38Mhz)
==========================================================================================
=================================== Power Consumption ====================================
GPU[0]		: Current Socket Graphics Package Power (W): 266.0
GPU[1]		: Current Socket Graphics Package Power (W): 259.0
GPU[2]		: Current Socket Graphics Package Power (W): 264.0
GPU[3]		: Current Socket Graphics Package Power (W): 264.0
GPU[4]		: Current Socket Graphics Package Power (W): 271.0
GPU[5]		: Current Socket Graphics Package Power (W): 242.0
GPU[6]		: Current Socket Graphics Package Power (W): 242.0
GPU[7]		: Current Socket Graphics Package Power (W): 254.0
==========================================================================================
================================== End of ROCm SMI Log ===================================
=== 1786659562.044235511 ===


============================ ROCm System Management Interface ============================
=============================== Current clock frequencies ================================
GPU[0]		: mclk clock level: 0: (2000Mhz)
GPU[0]		: sclk clock level: 1: (1414Mhz)
GPU[0]		: socclk clock level: S: (38Mhz)
GPU[1]		: mclk clock level: 0: (2000Mhz)
GPU[1]		: sclk clock level: 1: (1390Mhz)
GPU[1]		: socclk clock level: S: (38Mhz)
GPU[2]		: mclk clock level: 0: (2000Mhz)
GPU[2]		: sclk clock level: 1: (1405Mhz)
GPU[2]		: socclk clock level: S: (38Mhz)
GPU[3]		: mclk clock level: 0: (2000Mhz)
GPU[3]		: sclk clock level: 1: (1400Mhz)
GPU[3]		: socclk clock level: S: (38Mhz)
GPU[4]		: mclk clock level: 0: (2000Mhz)
GPU[4]		: sclk clock level: 1: (1406Mhz)
GPU[4]		: socclk clock level: S: (38Mhz)
GPU[5]		: mclk clock level: 0: (2000Mhz)
GPU[5]		: sclk clock level: S: (112Mhz)
GPU[5]		: socclk clock level: S: (38Mhz)
GPU[6]		: mclk clock level: 0: (2000Mhz)
GPU[6]		: sclk clock level: S: (108Mhz)
GPU[6]		: socclk clock level: S: (38Mhz)
GPU[7]		: mclk clock level: 0: (2000Mhz)
GPU[7]		: sclk clock level: S: (94Mhz)
GPU[7]		: socclk clock level: S: (38Mhz)
==========================================================================================
=================================== Power Consumption ====================================
GPU[0]		: Current Socket Graphics Package Power (W): 266.0
GPU[1]		: Current Socket Graphics Package Power (W): 259.0
GPU[2]		: Current Socket Graphics Package Power (W): 264.0
GPU[3]		: Current Socket Graphics Package Power (W): 265.0
GPU[4]		: Current Socket Graphics Package Power (W): 271.0
GPU[5]		: Current Socket Graphics Package Power (W): 242.0
GPU[6]		: Current Socket Graphics Package Power (W): 243.0
GPU[7]		: Current Socket Graphics Package Power (W): 254.0
==========================================================================================
================================== End of ROCm SMI Log ===================================
=== 1786659564.142808435 ===


============================ ROCm System Management Interface ============================
=============================== Current clock frequencies ================================
GPU[0]		: mclk clock level: 0: (2000Mhz)
GPU[0]		: sclk clock level: S: (159Mhz)
GPU[0]		: socclk clock level: S: (38Mhz)
GPU[1]		: mclk clock level: 0: (2000Mhz)
GPU[1]		: sclk clock level: 1: (2400Mhz)
GPU[1]		: socclk clock level: S: (38Mhz)
GPU[2]		: mclk clock level: 0: (2000Mhz)
GPU[2]		: sclk clock level: 1: (2400Mhz)
GPU[2]		: socclk clock level: S: (38Mhz)
GPU[3]		: mclk clock level: 0: (2000Mhz)
GPU[3]		: sclk clock level: S: (160Mhz)
GPU[3]		: socclk clock level: S: (38Mhz)
GPU[4]		: mclk clock level: 0: (2000Mhz)
GPU[4]		: sclk clock level: 1: (2400Mhz)
GPU[4]		: socclk clock level: S: (38Mhz)
GPU[5]		: mclk clock level: 0: (2000Mhz)
GPU[5]		: sclk clock level: S: (157Mhz)
GPU[5]		: socclk clock level: S: (38Mhz)
GPU[6]		: mclk clock level: 0: (2000Mhz)
GPU[6]		: sclk clock level: S: (156Mhz)
GPU[6]		: socclk clock level: S: (38Mhz)
GPU[7]		: mclk clock level: 0: (2000Mhz)
GPU[7]		: sclk clock level: S: (157Mhz)
GPU[7]		: socclk clock level: S: (38Mhz)
==========================================================================================
=================================== Power Consumption ====================================
GPU[0]		: Current Socket Graphics Package Power (W): 256.0
GPU[1]		: Current Socket Graphics Package Power (W): 296.0
GPU[2]		: Current Socket Graphics Package Power (W): 301.0
GPU[3]		: Current Socket Graphics Package Power (W): 257.0
GPU[4]		: Current Socket Graphics Package Power (W): 305.0
GPU[5]		: Current Socket Graphics Package Power (W): 251.0
GPU[6]		: Current Socket Graphics Package Power (W): 252.0
GPU[7]		: Current Socket Graphics Package Power (W): 262.0
==========================================================================================
================================== End of ROCm SMI Log ===================================
=== 1786659566.238584825 ===


============================ ROCm System Management Interface ============================
=============================== Current clock frequencies ================================
GPU[0]		: mclk clock level: 0: (2000Mhz)
GPU[0]		: sclk clock level: S: (158Mhz)
GPU[0]		: socclk clock level: S: (38Mhz)
GPU[1]		: mclk clock level: 0: (2000Mhz)
GPU[1]		: sclk clock level: 1: (405Mhz)
GPU[1]		: socclk clock level: S: (38Mhz)
GPU[2]		: mclk clock level: 0: (2000Mhz)
GPU[2]		: sclk clock level: 1: (2400Mhz)
GPU[2]		: socclk clock level: S: (38Mhz)
GPU[3]		: mclk clock level: 0: (2000Mhz)
GPU[3]		: sclk clock level: S: (158Mhz)
GPU[3]		: socclk clock level: S: (38Mhz)
GPU[4]		: mclk clock level: 0: (2000Mhz)
GPU[4]		: sclk clock level: 1: (2400Mhz)
GPU[4]		: socclk clock level: S: (38Mhz)
GPU[5]		: mclk clock level: 0: (2000Mhz)
GPU[5]		: sclk clock level: S: (157Mhz)
GPU[5]		: socclk clock level: S: (38Mhz)
GPU[6]		: mclk clock level: 0: (2000Mhz)
GPU[6]		: sclk clock level: S: (157Mhz)
GPU[6]		: socclk clock level: S: (38Mhz)
GPU[7]		: mclk clock level: 0: (2000Mhz)
GPU[7]		: sclk clock level: S: (157Mhz)
GPU[7]		: socclk clock level: S: (38Mhz)
==========================================================================================
=================================== Power Consumption ====================================
GPU[0]		: Current Socket Graphics Package Power (W): 257.0
GPU[1]		: Current Socket Graphics Package Power (W): 256.0
GPU[2]		: Current Socket Graphics Package Power (W): 300.0
GPU[3]		: Current Socket Graphics Package Power (W): 256.0
GPU[4]		: Current Socket Graphics Package Power (W): 305.0
GPU[5]		: Current Socket Graphics Package Power (W): 251.0
GPU[6]		: Current Socket Graphics Package Power (W): 251.0
GPU[7]		: Current Socket Graphics Package Power (W): 263.0
==========================================================================================
================================== End of ROCm SMI Log ===================================
=== 1786659568.352917673 ===


============================ ROCm System Management Interface ============================
=============================== Current clock frequencies ================================
GPU[0]		: mclk clock level: 0: (2000Mhz)
GPU[0]		: sclk clock level: S: (147Mhz)
GPU[0]		: socclk clock level: S: (38Mhz)
GPU[1]		: mclk clock level: 0: (2000Mhz)
GPU[1]		: sclk clock level: S: (157Mhz)
GPU[1]		: socclk clock level: S: (38Mhz)
GPU[2]		: mclk clock level: 0: (2000Mhz)
GPU[2]		: sclk clock level: S: (157Mhz)
GPU[2]		: socclk clock level: S: (38Mhz)
GPU[3]		: mclk clock level: 0: (2000Mhz)
GPU[3]		: sclk clock level: S: (158Mhz)
GPU[3]		: socclk clock level: S: (38Mhz)
GPU[4]		: mclk clock level: 0: (2000Mhz)
GPU[4]		: sclk clock level: S: (157Mhz)
GPU[4]		: socclk clock level: S: (38Mhz)
GPU[5]		: mclk clock level: 0: (2000Mhz)
GPU[5]		: sclk clock level: S: (147Mhz)
GPU[5]		: socclk clock level: S: (38Mhz)
GPU[6]		: mclk clock level: 0: (2000Mhz)
GPU[6]		: sclk clock level: S: (141Mhz)
GPU[6]		: socclk clock level: S: (38Mhz)
GPU[7]		: mclk clock level: 0: (2000Mhz)
GPU[7]		: sclk clock level: S: (139Mhz)
GPU[7]		: socclk clock level: S: (38Mhz)
==========================================================================================
=================================== Power Consumption ====================================
GPU[0]		: Current Socket Graphics Package Power (W): 254.0
GPU[1]		: Current Socket Graphics Package Power (W): 251.0
GPU[2]		: Current Socket Graphics Package Power (W): 257.0
GPU[3]		: Current Socket Graphics Package Power (W): 257.0
GPU[4]		: Current Socket Graphics Package Power (W): 263.0
GPU[5]		: Current Socket Graphics Package Power (W): 248.0
GPU[6]		: Current Socket Graphics Package Power (W): 249.0
GPU[7]		: Current Socket Graphics Package Power (W): 260.0
==========================================================================================
================================== End of ROCm SMI Log ===================================
=== 1786659570.497188364 ===


============================ ROCm System Management Interface ============================
=============================== Current clock frequencies ================================
GPU[0]		: mclk clock level: 0: (2000Mhz)
GPU[0]		: sclk clock level: 1: (2090Mhz)
GPU[0]		: socclk clock level: S: (50Mhz)
GPU[1]		: mclk clock level: 0: (2000Mhz)
GPU[1]		: sclk clock level: S: (157Mhz)
GPU[1]		: socclk clock level: S: (38Mhz)
GPU[2]		: mclk clock level: 0: (2000Mhz)
GPU[2]		: sclk clock level: S: (157Mhz)
GPU[2]		: socclk clock level: S: (38Mhz)
GPU[3]		: mclk clock level: 0: (2000Mhz)
GPU[3]		: sclk clock level: 1: (2108Mhz)
GPU[3]		: socclk clock level: S: (53Mhz)
GPU[4]		: mclk clock level: 0: (2000Mhz)
GPU[4]		: sclk clock level: S: (157Mhz)
GPU[4]		: socclk clock level: S: (38Mhz)
GPU[5]		: mclk clock level: 0: (2000Mhz)
GPU[5]		: sclk clock level: S: (157Mhz)
GPU[5]		: socclk clock level: S: (38Mhz)
GPU[6]		: mclk clock level: 0: (2000Mhz)
GPU[6]		: sclk clock level: S: (156Mhz)
GPU[6]		: socclk clock level: S: (38Mhz)
GPU[7]		: mclk clock level: 0: (2000Mhz)
GPU[7]		: sclk clock level: S: (156Mhz)
GPU[7]		: socclk clock level: S: (38Mhz)
==========================================================================================
=================================== Power Consumption ====================================
GPU[0]		: Current Socket Graphics Package Power (W): 1146.0
GPU[1]		: Current Socket Graphics Package Power (W): 251.0
GPU[2]		: Current Socket Graphics Package Power (W): 257.0
GPU[3]		: Current Socket Graphics Package Power (W): 1127.0
GPU[4]		: Current Socket Graphics Package Power (W): 263.0
GPU[5]		: Current Socket Graphics Package Power (W): 251.0
GPU[6]		: Current Socket Graphics Package Power (W): 251.0
GPU[7]		: Current Socket Graphics Package Power (W): 263.0
==========================================================================================
================================== End of ROCm SMI Log ===================================
=== 1786659572.593821531 ===


============================ ROCm System Management Interface ============================
=============================== Current clock frequencies ================================
GPU[0]		: mclk clock level: 0: (2000Mhz)
GPU[0]		: sclk clock level: 1: (2207Mhz)
GPU[0]		: socclk clock level: S: (45Mhz)
GPU[1]		: mclk clock level: 0: (2000Mhz)
GPU[1]		: sclk clock level: 1: (2171Mhz)
GPU[1]		: socclk clock level: S: (46Mhz)
GPU[2]		: mclk clock level: 0: (2000Mhz)
GPU[2]		: sclk clock level: 1: (2216Mhz)
GPU[2]		: socclk clock level: S: (51Mhz)
GPU[3]		: mclk clock level: 0: (2000Mhz)
GPU[3]		: sclk clock level: 1: (2183Mhz)
GPU[3]		: socclk clock level: S: (49Mhz)
GPU[4]		: mclk clock level: 0: (2000Mhz)
GPU[4]		: sclk clock level: 1: (2201Mhz)
GPU[4]		: socclk clock level: S: (47Mhz)
GPU[5]		: mclk clock level: 0: (2000Mhz)
GPU[5]		: sclk clock level: S: (157Mhz)
GPU[5]		: socclk clock level: S: (38Mhz)
GPU[6]		: mclk clock level: 0: (2000Mhz)
GPU[6]		: sclk clock level: S: (157Mhz)
GPU[6]		: socclk clock level: S: (38Mhz)
GPU[7]		: mclk clock level: 0: (2000Mhz)
GPU[7]		: sclk clock level: S: (156Mhz)
GPU[7]		: socclk clock level: S: (38Mhz)
==========================================================================================
=================================== Power Consumption ====================================
GPU[0]		: Current Socket Graphics Package Power (W): 842.0
GPU[1]		: Current Socket Graphics Package Power (W): 980.0
GPU[2]		: Current Socket Graphics Package Power (W): 820.0
GPU[3]		: Current Socket Graphics Package Power (W): 942.0
GPU[4]		: Current Socket Graphics Package Power (W): 866.0
GPU[5]		: Current Socket Graphics Package Power (W): 251.0
GPU[6]		: Current Socket Graphics Package Power (W): 252.0
GPU[7]		: Current Socket Graphics Package Power (W): 264.0
==========================================================================================
================================== End of ROCm SMI Log ===================================
=== 1786659574.690538116 ===


============================ ROCm System Management Interface ============================
=============================== Current clock frequencies ================================
GPU[0]		: mclk clock level: 0: (2000Mhz)
GPU[0]		: sclk clock level: 1: (2256Mhz)
GPU[0]		: socclk clock level: S: (42Mhz)
GPU[1]		: mclk clock level: 0: (2000Mhz)
GPU[1]		: sclk clock level: 1: (2234Mhz)
GPU[1]		: socclk clock level: S: (47Mhz)
GPU[2]		: mclk clock level: 0: (2000Mhz)
GPU[2]		: sclk clock level: 1: (2274Mhz)
GPU[2]		: socclk clock level: S: (52Mhz)
GPU[3]		: mclk clock level: 0: (2000Mhz)
GPU[3]		: sclk clock level: 1: (2104Mhz)
GPU[3]		: socclk clock level: S: (47Mhz)
GPU[4]		: mclk clock level: 0: (2000Mhz)
GPU[4]		: sclk clock level: 1: (2284Mhz)
GPU[4]		: socclk clock level: S: (42Mhz)
GPU[5]		: mclk clock level: 0: (2000Mhz)
GPU[5]		: sclk clock level: S: (157Mhz)
GPU[5]		: socclk clock level: S: (38Mhz)
GPU[6]		: mclk clock level: 0: (2000Mhz)
GPU[6]		: sclk clock level: S: (157Mhz)
GPU[6]		: socclk clock level: S: (38Mhz)
GPU[7]		: mclk clock level: 0: (2000Mhz)
GPU[7]		: sclk clock level: S: (157Mhz)
GPU[7]		: socclk clock level: S: (38Mhz)
==========================================================================================
=================================== Power Consumption ====================================
GPU[0]		: Current Socket Graphics Package Power (W): 895.0
GPU[1]		: Current Socket Graphics Package Power (W): 839.0
GPU[2]		: Current Socket Graphics Package Power (W): 608.0
GPU[3]		: Current Socket Graphics Package Power (W): 1349.0
GPU[4]		: Current Socket Graphics Package Power (W): 689.0
GPU[5]		: Current Socket Graphics Package Power (W): 251.0
GPU[6]		: Current Socket Graphics Package Power (W): 251.0
GPU[7]		: Current Socket Graphics Package Power (W): 263.0
==========================================================================================
================================== End of ROCm SMI Log ===================================
=== 1786659576.789832677 ===


============================ ROCm System Management Interface ============================
=============================== Current clock frequencies ================================
GPU[0]		: mclk clock level: 0: (2000Mhz)
GPU[0]		: sclk clock level: 1: (2292Mhz)
GPU[0]		: socclk clock level: S: (41Mhz)
GPU[1]		: mclk clock level: 0: (2000Mhz)
GPU[1]		: sclk clock level: 1: (2180Mhz)
GPU[1]		: socclk clock level: S: (44Mhz)
GPU[2]		: mclk clock level: 0: (2000Mhz)
GPU[2]		: sclk clock level: 1: (2318Mhz)
GPU[2]		: socclk clock level: S: (41Mhz)
GPU[3]		: mclk clock level: 0: (2000Mhz)
GPU[3]		: sclk clock level: 1: (2234Mhz)
GPU[3]		: socclk clock level: S: (44Mhz)
GPU[4]		: mclk clock level: 0: (2000Mhz)
GPU[4]		: sclk clock level: 1: (2297Mhz)
GPU[4]		: socclk clock level: S: (41Mhz)
GPU[5]		: mclk clock level: 0: (2000Mhz)
GPU[5]		: sclk clock level: S: (157Mhz)
GPU[5]		: socclk clock level: S: (38Mhz)
GPU[6]		: mclk clock level: 0: (2000Mhz)
GPU[6]		: sclk clock level: S: (156Mhz)
GPU[6]		: socclk clock level: S: (38Mhz)
GPU[7]		: mclk clock level: 0: (2000Mhz)
GPU[7]		: sclk clock level: S: (156Mhz)
GPU[7]		: socclk clock level: S: (38Mhz)
==========================================================================================
=================================== Power Consumption ====================================
GPU[0]		: Current Socket Graphics Package Power (W): 758.0
GPU[1]		: Current Socket Graphics Package Power (W): 1186.0
GPU[2]		: Current Socket Graphics Package Power (W): 721.0
GPU[3]		: Current Socket Graphics Package Power (W): 1169.0
GPU[4]		: Current Socket Graphics Package Power (W): 771.0
GPU[5]		: Current Socket Graphics Package Power (W): 252.0
GPU[6]		: Current Socket Graphics Package Power (W): 251.0
GPU[7]		: Current Socket Graphics Package Power (W): 263.0
==========================================================================================
================================== End of ROCm SMI Log ===================================
=== 1786659578.885722996 ===


============================ ROCm System Management Interface ============================
=============================== Current clock frequencies ================================
GPU[0]		: mclk clock level: 0: (2000Mhz)
GPU[0]		: sclk clock level: 1: (2295Mhz)
GPU[0]		: socclk clock level: S: (41Mhz)
GPU[1]		: mclk clock level: 0: (2000Mhz)
GPU[1]		: sclk clock level: 1: (2194Mhz)
GPU[1]		: socclk clock level: S: (44Mhz)
GPU[2]		: mclk clock level: 0: (2000Mhz)
GPU[2]		: sclk clock level: 1: (2321Mhz)
GPU[2]		: socclk clock level: S: (41Mhz)
GPU[3]		: mclk clock level: 0: (2000Mhz)
GPU[3]		: sclk clock level: 1: (2250Mhz)
GPU[3]		: socclk clock level: S: (44Mhz)
GPU[4]		: mclk clock level: 0: (2000Mhz)
GPU[4]		: sclk clock level: 1: (2300Mhz)
GPU[4]		: socclk clock level: S: (41Mhz)
GPU[5]		: mclk clock level: 0: (2000Mhz)
GPU[5]		: sclk clock level: S: (97Mhz)
GPU[5]		: socclk clock level: S: (38Mhz)
GPU[6]		: mclk clock level: 0: (2000Mhz)
GPU[6]		: sclk clock level: S: (103Mhz)
GPU[6]		: socclk clock level: S: (38Mhz)
GPU[7]		: mclk clock level: 0: (2000Mhz)
GPU[7]		: sclk clock level: S: (94Mhz)
GPU[7]		: socclk clock level: S: (38Mhz)
==========================================================================================
=================================== Power Consumption ====================================
GPU[0]		: Current Socket Graphics Package Power (W): 752.0
GPU[1]		: Current Socket Graphics Package Power (W): 1179.0
GPU[2]		: Current Socket Graphics Package Power (W): 715.0
GPU[3]		: Current Socket Graphics Package Power (W): 1155.0
GPU[4]		: Current Socket Graphics Package Power (W): 780.0
GPU[5]		: Current Socket Graphics Package Power (W): 242.0
GPU[6]		: Current Socket Graphics Package Power (W): 243.0
GPU[7]		: Current Socket Graphics Package Power (W): 255.0
==========================================================================================
================================== End of ROCm SMI Log ===================================
=== 1786659580.987640563 ===


============================ ROCm System Management Interface ============================
=============================== Current clock frequencies ================================
GPU[0]		: mclk clock level: 0: (2000Mhz)
GPU[0]		: sclk clock level: 1: (2320Mhz)
GPU[0]		: socclk clock level: S: (41Mhz)
GPU[1]		: mclk clock level: 0: (2000Mhz)
GPU[1]		: sclk clock level: 1: (2203Mhz)
GPU[1]		: socclk clock level: S: (44Mhz)
GPU[2]		: mclk clock level: 0: (2000Mhz)
GPU[2]		: sclk clock level: 1: (2322Mhz)
GPU[2]		: socclk clock level: S: (41Mhz)
GPU[3]		: mclk clock level: 0: (2000Mhz)
GPU[3]		: sclk clock level: 1: (2241Mhz)
GPU[3]		: socclk clock level: S: (44Mhz)
GPU[4]		: mclk clock level: 0: (2000Mhz)
GPU[4]		: sclk clock level: 1: (2299Mhz)
GPU[4]		: socclk clock level: S: (41Mhz)
GPU[5]		: mclk clock level: 0: (2000Mhz)
GPU[5]		: sclk clock level: S: (108Mhz)
GPU[5]		: socclk clock level: S: (38Mhz)
GPU[6]		: mclk clock level: 0: (2000Mhz)
GPU[6]		: sclk clock level: S: (105Mhz)
GPU[6]		: socclk clock level: S: (38Mhz)
GPU[7]		: mclk clock level: 0: (2000Mhz)
GPU[7]		: sclk clock level: S: (94Mhz)
GPU[7]		: socclk clock level: S: (38Mhz)
==========================================================================================
=================================== Power Consumption ====================================
GPU[0]		: Current Socket Graphics Package Power (W): 674.0
GPU[1]		: Current Socket Graphics Package Power (W): 1193.0
GPU[2]		: Current Socket Graphics Package Power (W): 717.0
GPU[3]		: Current Socket Graphics Package Power (W): 1179.0
GPU[4]		: Current Socket Graphics Package Power (W): 776.0
GPU[5]		: Current Socket Graphics Package Power (W): 242.0
GPU[6]		: Current Socket Graphics Package Power (W): 244.0
GPU[7]		: Current Socket Graphics Package Power (W): 254.0
==========================================================================================
================================== End of ROCm SMI Log ===================================
=== 1786659583.083691889 ===


============================ ROCm System Management Interface ============================
=============================== Current clock frequencies ================================
GPU[0]		: mclk clock level: 0: (2000Mhz)
GPU[0]		: sclk clock level: 1: (2316Mhz)
GPU[0]		: socclk clock level: S: (41Mhz)
GPU[1]		: mclk clock level: 0: (2000Mhz)
GPU[1]		: sclk clock level: 1: (2203Mhz)
GPU[1]		: socclk clock level: S: (45Mhz)
GPU[2]		: mclk clock level: 0: (2000Mhz)
GPU[2]		: sclk clock level: 1: (2320Mhz)
GPU[2]		: socclk clock level: S: (41Mhz)
GPU[3]		: mclk clock level: 0: (2000Mhz)
GPU[3]		: sclk clock level: 1: (2238Mhz)
GPU[3]		: socclk clock level: S: (44Mhz)
GPU[4]		: mclk clock level: 0: (2000Mhz)
GPU[4]		: sclk clock level: 1: (2303Mhz)
GPU[4]		: socclk clock level: S: (41Mhz)
GPU[5]		: mclk clock level: 0: (2000Mhz)
GPU[5]		: sclk clock level: S: (103Mhz)
GPU[5]		: socclk clock level: S: (38Mhz)
GPU[6]		: mclk clock level: 0: (2000Mhz)
GPU[6]		: sclk clock level: S: (100Mhz)
GPU[6]		: socclk clock level: S: (38Mhz)
GPU[7]		: mclk clock level: 0: (2000Mhz)
GPU[7]		: sclk clock level: S: (94Mhz)
GPU[7]		: socclk clock level: S: (38Mhz)
==========================================================================================
=================================== Power Consumption ====================================
GPU[0]		: Current Socket Graphics Package Power (W): 691.0
GPU[1]		: Current Socket Graphics Package Power (W): 1214.0
GPU[2]		: Current Socket Graphics Package Power (W): 727.0
GPU[3]		: Current Socket Graphics Package Power (W): 1202.0
GPU[4]		: Current Socket Graphics Package Power (W): 778.0
GPU[5]		: Current Socket Graphics Package Power (W): 242.0
GPU[6]		: Current Socket Graphics Package Power (W): 243.0
GPU[7]		: Current Socket Graphics Package Power (W): 254.0
==========================================================================================
================================== End of ROCm SMI Log ===================================
=== 1786659585.181569115 ===


============================ ROCm System Management Interface ============================
=============================== Current clock frequencies ================================
GPU[0]		: mclk clock level: 0: (2000Mhz)
GPU[0]		: sclk clock level: 1: (2292Mhz)
GPU[0]		: socclk clock level: S: (41Mhz)
GPU[1]		: mclk clock level: 0: (2000Mhz)
GPU[1]		: sclk clock level: 1: (2204Mhz)
GPU[1]		: socclk clock level: S: (44Mhz)
GPU[2]		: mclk clock level: 0: (2000Mhz)
GPU[2]		: sclk clock level: 1: (2331Mhz)
GPU[2]		: socclk clock level: S: (41Mhz)
GPU[3]		: mclk clock level: 0: (2000Mhz)
GPU[3]		: sclk clock level: 1: (2243Mhz)
GPU[3]		: socclk clock level: S: (44Mhz)
GPU[4]		: mclk clock level: 0: (2000Mhz)
GPU[4]		: sclk clock level: 1: (2300Mhz)
GPU[4]		: socclk clock level: S: (41Mhz)
GPU[5]		: mclk clock level: 0: (2000Mhz)
GPU[5]		: sclk clock level: S: (112Mhz)
GPU[5]		: socclk clock level: S: (38Mhz)
GPU[6]		: mclk clock level: 0: (2000Mhz)
GPU[6]		: sclk clock level: S: (100Mhz)
GPU[6]		: socclk clock level: S: (38Mhz)
GPU[7]		: mclk clock level: 0: (2000Mhz)
GPU[7]		: sclk clock level: S: (94Mhz)
GPU[7]		: socclk clock level: S: (38Mhz)
==========================================================================================
=================================== Power Consumption ====================================
GPU[0]		: Current Socket Graphics Package Power (W): 776.0
GPU[1]		: Current Socket Graphics Package Power (W): 1211.0
GPU[2]		: Current Socket Graphics Package Power (W): 684.0
GPU[3]		: Current Socket Graphics Package Power (W): 1186.0
GPU[4]		: Current Socket Graphics Package Power (W): 785.0
GPU[5]		: Current Socket Graphics Package Power (W): 242.0
GPU[6]		: Current Socket Graphics Package Power (W): 243.0
GPU[7]		: Current Socket Graphics Package Power (W): 254.0
==========================================================================================
================================== End of ROCm SMI Log ===================================
=== 1786659587.277454964 ===


============================ ROCm System Management Interface ============================
=============================== Current clock frequencies ================================
GPU[0]		: mclk clock level: 0: (2000Mhz)
GPU[0]		: sclk clock level: 1: (2306Mhz)
GPU[0]		: socclk clock level: S: (41Mhz)
GPU[1]		: mclk clock level: 0: (2000Mhz)
GPU[1]		: sclk clock level: 1: (2211Mhz)
GPU[1]		: socclk clock level: S: (44Mhz)
GPU[2]		: mclk clock level: 0: (2000Mhz)
GPU[2]		: sclk clock level: 1: (2313Mhz)
GPU[2]		: socclk clock level: S: (41Mhz)
GPU[3]		: mclk clock level: 0: (2000Mhz)
GPU[3]		: sclk clock level: 1: (2243Mhz)
GPU[3]		: socclk clock level: S: (44Mhz)
GPU[4]		: mclk clock level: 0: (2000Mhz)
GPU[4]		: sclk clock level: 1: (2300Mhz)
GPU[4]		: socclk clock level: S: (41Mhz)
GPU[5]		: mclk clock level: 0: (2000Mhz)
GPU[5]		: sclk clock level: S: (109Mhz)
GPU[5]		: socclk clock level: S: (38Mhz)
GPU[6]		: mclk clock level: 0: (2000Mhz)
GPU[6]		: sclk clock level: S: (104Mhz)
GPU[6]		: socclk clock level: S: (38Mhz)
GPU[7]		: mclk clock level: 0: (2000Mhz)
GPU[7]		: sclk clock level: S: (94Mhz)
GPU[7]		: socclk clock level: S: (38Mhz)
==========================================================================================
=================================== Power Consumption ====================================
GPU[0]		: Current Socket Graphics Package Power (W): 734.0
GPU[1]		: Current Socket Graphics Package Power (W): 1202.0
GPU[2]		: Current Socket Graphics Package Power (W): 777.0
GPU[3]		: Current Socket Graphics Package Power (W): 1188.0
GPU[4]		: Current Socket Graphics Package Power (W): 785.0
GPU[5]		: Current Socket Graphics Package Power (W): 243.0
GPU[6]		: Current Socket Graphics Package Power (W): 243.0
GPU[7]		: Current Socket Graphics Package Power (W): 255.0
==========================================================================================
================================== End of ROCm SMI Log ===================================
=== 1786659589.375674173 ===


============================ ROCm System Management Interface ============================
=============================== Current clock frequencies ================================
GPU[0]		: mclk clock level: 0: (2000Mhz)
GPU[0]		: sclk clock level: 1: (2309Mhz)
GPU[0]		: socclk clock level: S: (41Mhz)
GPU[1]		: mclk clock level: 0: (2000Mhz)
GPU[1]		: sclk clock level: 1: (2210Mhz)
GPU[1]		: socclk clock level: S: (44Mhz)
GPU[2]		: mclk clock level: 0: (2000Mhz)
GPU[2]		: sclk clock level: 1: (2315Mhz)
GPU[2]		: socclk clock level: S: (41Mhz)
GPU[3]		: mclk clock level: 0: (2000Mhz)
GPU[3]		: sclk clock level: 1: (2244Mhz)
GPU[3]		: socclk clock level: S: (44Mhz)
GPU[4]		: mclk clock level: 0: (2000Mhz)
GPU[4]		: sclk clock level: 1: (2302Mhz)
GPU[4]		: socclk clock level: S: (41Mhz)
GPU[5]		: mclk clock level: 0: (2000Mhz)
GPU[5]		: sclk clock level: S: (114Mhz)
GPU[5]		: socclk clock level: S: (38Mhz)
GPU[6]		: mclk clock level: 0: (2000Mhz)
GPU[6]		: sclk clock level: S: (103Mhz)
GPU[6]		: socclk clock level: S: (38Mhz)
GPU[7]		: mclk clock level: 0: (2000Mhz)
GPU[7]		: sclk clock level: S: (94Mhz)
GPU[7]		: socclk clock level: S: (38Mhz)
==========================================================================================
=================================== Power Consumption ====================================
GPU[0]		: Current Socket Graphics Package Power (W): 727.0
GPU[1]		: Current Socket Graphics Package Power (W): 1210.0
GPU[2]		: Current Socket Graphics Package Power (W): 764.0
GPU[3]		: Current Socket Graphics Package Power (W): 1189.0
GPU[4]		: Current Socket Graphics Package Power (W): 781.0
GPU[5]		: Current Socket Graphics Package Power (W): 243.0
GPU[6]		: Current Socket Graphics Package Power (W): 242.0
GPU[7]		: Current Socket Graphics Package Power (W): 255.0
==========================================================================================
================================== End of ROCm SMI Log ===================================
=== 1786659591.472386818 ===


============================ ROCm System Management Interface ============================
=============================== Current clock frequencies ================================
GPU[0]		: mclk clock level: 0: (2000Mhz)
GPU[0]		: sclk clock level: 1: (2307Mhz)
GPU[0]		: socclk clock level: S: (41Mhz)
GPU[1]		: mclk clock level: 0: (2000Mhz)
GPU[1]		: sclk clock level: 1: (2216Mhz)
GPU[1]		: socclk clock level: S: (44Mhz)
GPU[2]		: mclk clock level: 0: (2000Mhz)
GPU[2]		: sclk clock level: 1: (2310Mhz)
GPU[2]		: socclk clock level: S: (41Mhz)
GPU[3]		: mclk clock level: 0: (2000Mhz)
GPU[3]		: sclk clock level: 1: (2265Mhz)
GPU[3]		: socclk clock level: S: (44Mhz)
GPU[4]		: mclk clock level: 0: (2000Mhz)
GPU[4]		: sclk clock level: 1: (2302Mhz)
GPU[4]		: socclk clock level: S: (41Mhz)
GPU[5]		: mclk clock level: 0: (2000Mhz)
GPU[5]		: sclk clock level: S: (117Mhz)
GPU[5]		: socclk clock level: S: (38Mhz)
GPU[6]		: mclk clock level: 0: (2000Mhz)
GPU[6]		: sclk clock level: S: (98Mhz)
GPU[6]		: socclk clock level: S: (38Mhz)
GPU[7]		: mclk clock level: 0: (2000Mhz)
GPU[7]		: sclk clock level: S: (94Mhz)
GPU[7]		: socclk clock level: S: (38Mhz)
==========================================================================================
=================================== Power Consumption ====================================
GPU[0]		: Current Socket Graphics Package Power (W): 736.0
GPU[1]		: Current Socket Graphics Package Power (W): 1197.0
GPU[2]		: Current Socket Graphics Package Power (W): 792.0
GPU[3]		: Current Socket Graphics Package Power (W): 1194.0
GPU[4]		: Current Socket Graphics Package Power (W): 789.0
GPU[5]		: Current Socket Graphics Package Power (W): 242.0
GPU[6]		: Current Socket Graphics Package Power (W): 243.0
GPU[7]		: Current Socket Graphics Package Power (W): 254.0
==========================================================================================
================================== End of ROCm SMI Log ===================================
=== 1786659593.570591118 ===


============================ ROCm System Management Interface ============================
=============================== Current clock frequencies ================================
GPU[0]		: mclk clock level: 0: (2000Mhz)
GPU[0]		: sclk clock level: 1: (2319Mhz)
GPU[0]		: socclk clock level: S: (41Mhz)
GPU[1]		: mclk clock level: 0: (2000Mhz)
GPU[1]		: sclk clock level: 1: (2226Mhz)
GPU[1]		: socclk clock level: S: (44Mhz)
GPU[2]		: mclk clock level: 0: (2000Mhz)
GPU[2]		: sclk clock level: 1: (2319Mhz)
GPU[2]		: socclk clock level: S: (41Mhz)
GPU[3]		: mclk clock level: 0: (2000Mhz)
GPU[3]		: sclk clock level: 1: (2263Mhz)
GPU[3]		: socclk clock level: S: (44Mhz)
GPU[4]		: mclk clock level: 0: (2000Mhz)
GPU[4]		: sclk clock level: 1: (2308Mhz)
GPU[4]		: socclk clock level: S: (41Mhz)
GPU[5]		: mclk clock level: 0: (2000Mhz)
GPU[5]		: sclk clock level: S: (114Mhz)
GPU[5]		: socclk clock level: S: (38Mhz)
GPU[6]		: mclk clock level: 0: (2000Mhz)
GPU[6]		: sclk clock level: S: (98Mhz)
GPU[6]		: socclk clock level: S: (38Mhz)
GPU[7]		: mclk clock level: 0: (2000Mhz)
GPU[7]		: sclk clock level: S: (94Mhz)
GPU[7]		: socclk clock level: S: (38Mhz)
==========================================================================================
=================================== Power Consumption ====================================
GPU[0]		: Current Socket Graphics Package Power (W): 696.0
GPU[1]		: Current Socket Graphics Package Power (W): 1167.0
GPU[2]		: Current Socket Graphics Package Power (W): 740.0
GPU[3]		: Current Socket Graphics Package Power (W): 1148.0
GPU[4]		: Current Socket Graphics Package Power (W): 754.0
GPU[5]		: Current Socket Graphics Package Power (W): 243.0
GPU[6]		: Current Socket Graphics Package Power (W): 242.0
GPU[7]		: Current Socket Graphics Package Power (W): 255.0
==========================================================================================
================================== End of ROCm SMI Log ===================================
=== 1786659595.679870521 ===


============================ ROCm System Management Interface ============================
=============================== Current clock frequencies ================================
GPU[0]		: mclk clock level: 0: (2000Mhz)
GPU[0]		: sclk clock level: 1: (2319Mhz)
GPU[0]		: socclk clock level: S: (41Mhz)
GPU[1]		: mclk clock level: 0: (2000Mhz)
GPU[1]		: sclk clock level: 1: (2215Mhz)
GPU[1]		: socclk clock level: S: (44Mhz)
GPU[2]		: mclk clock level: 0: (2000Mhz)
GPU[2]		: sclk clock level: 1: (2312Mhz)
GPU[2]		: socclk clock level: S: (41Mhz)
GPU[3]		: mclk clock level: 0: (2000Mhz)
GPU[3]		: sclk clock level: 1: (2251Mhz)
GPU[3]		: socclk clock level: S: (44Mhz)
GPU[4]		: mclk clock level: 0: (2000Mhz)
GPU[4]		: sclk clock level: 1: (2302Mhz)
GPU[4]		: socclk clock level: S: (41Mhz)
GPU[5]		: mclk clock level: 0: (2000Mhz)
GPU[5]		: sclk clock level: S: (112Mhz)
GPU[5]		: socclk clock level: S: (38Mhz)
GPU[6]		: mclk clock level: 0: (2000Mhz)
GPU[6]		: sclk clock level: S: (94Mhz)
GPU[6]		: socclk clock level: S: (38Mhz)
GPU[7]		: mclk clock level: 0: (2000Mhz)
GPU[7]		: sclk clock level: S: (94Mhz)
GPU[7]		: socclk clock level: S: (38Mhz)
==========================================================================================
=================================== Power Consumption ====================================
GPU[0]		: Current Socket Graphics Package Power (W): 693.0
GPU[1]		: Current Socket Graphics Package Power (W): 1225.0
GPU[2]		: Current Socket Graphics Package Power (W): 785.0
GPU[3]		: Current Socket Graphics Package Power (W): 1198.0
GPU[4]		: Current Socket Graphics Package Power (W): 776.0
GPU[5]		: Current Socket Graphics Package Power (W): 243.0
GPU[6]		: Current Socket Graphics Package Power (W): 243.0
GPU[7]		: Current Socket Graphics Package Power (W): 254.0
==========================================================================================
================================== End of ROCm SMI Log ===================================
=== 1786659597.778039682 ===


============================ ROCm System Management Interface ============================
=============================== Current clock frequencies ================================
GPU[0]		: mclk clock level: 0: (2000Mhz)
GPU[0]		: sclk clock level: 1: (2320Mhz)
GPU[0]		: socclk clock level: S: (43Mhz)
GPU[1]		: mclk clock level: 0: (2000Mhz)
GPU[1]		: sclk clock level: 1: (2214Mhz)
GPU[1]		: socclk clock level: S: (47Mhz)
GPU[2]		: mclk clock level: 0: (2000Mhz)
GPU[2]		: sclk clock level: 1: (2312Mhz)
GPU[2]		: socclk clock level: S: (43Mhz)
GPU[3]		: mclk clock level: 0: (2000Mhz)
GPU[3]		: sclk clock level: 1: (2250Mhz)
GPU[3]		: socclk clock level: S: (47Mhz)
GPU[4]		: mclk clock level: 0: (2000Mhz)
GPU[4]		: sclk clock level: 1: (2299Mhz)
GPU[4]		: socclk clock level: S: (43Mhz)
GPU[5]		: mclk clock level: 0: (2000Mhz)
GPU[5]		: sclk clock level: S: (110Mhz)
GPU[5]		: socclk clock level: S: (40Mhz)
GPU[6]		: mclk clock level: 0: (2000Mhz)
GPU[6]		: sclk clock level: S: (95Mhz)
GPU[6]		: socclk clock level: S: (40Mhz)
GPU[7]		: mclk clock level: 0: (2000Mhz)
GPU[7]		: sclk clock level: S: (94Mhz)
GPU[7]		: socclk clock level: S: (40Mhz)
==========================================================================================
=================================== Power Consumption ====================================
GPU[0]		: Current Socket Graphics Package Power (W): 696.0
GPU[1]		: Current Socket Graphics Package Power (W): 1218.0
GPU[2]		: Current Socket Graphics Package Power (W): 790.0
GPU[3]		: Current Socket Graphics Package Power (W): 1200.0
GPU[4]		: Current Socket Graphics Package Power (W): 775.0
GPU[5]		: Current Socket Graphics Package Power (W): 243.0
GPU[6]		: Current Socket Graphics Package Power (W): 243.0
GPU[7]		: Current Socket Graphics Package Power (W): 255.0
==========================================================================================
================================== End of ROCm SMI Log ===================================
=== 1786659599.875111661 ===


============================ ROCm System Management Interface ============================
=============================== Current clock frequencies ================================
GPU[0]		: mclk clock level: 0: (2000Mhz)
GPU[0]		: sclk clock level: 1: (2205Mhz)
GPU[0]		: socclk clock level: S: (44Mhz)
GPU[1]		: mclk clock level: 0: (2000Mhz)
GPU[1]		: sclk clock level: 1: (2220Mhz)
GPU[1]		: socclk clock level: S: (44Mhz)
GPU[2]		: mclk clock level: 0: (2000Mhz)
GPU[2]		: sclk clock level: 1: (2315Mhz)
GPU[2]		: socclk clock level: S: (41Mhz)
GPU[3]		: mclk clock level: 0: (2000Mhz)
GPU[3]		: sclk clock level: 1: (2338Mhz)
GPU[3]		: socclk clock level: S: (41Mhz)
GPU[4]		: mclk clock level: 0: (2000Mhz)
GPU[4]		: sclk clock level: 1: (2295Mhz)
GPU[4]		: socclk clock level: S: (41Mhz)
GPU[5]		: mclk clock level: 0: (2000Mhz)
GPU[5]		: sclk clock level: S: (105Mhz)
GPU[5]		: socclk clock level: S: (38Mhz)
GPU[6]		: mclk clock level: 0: (2000Mhz)
GPU[6]		: sclk clock level: S: (96Mhz)
GPU[6]		: socclk clock level: S: (38Mhz)
GPU[7]		: mclk clock level: 0: (2000Mhz)
GPU[7]		: sclk clock level: S: (94Mhz)
GPU[7]		: socclk clock level: S: (38Mhz)
==========================================================================================
=================================== Power Consumption ====================================
GPU[0]		: Current Socket Graphics Package Power (W): 1098.0
GPU[1]		: Current Socket Graphics Package Power (W): 1184.0
GPU[2]		: Current Socket Graphics Package Power (W): 763.0
GPU[3]		: Current Socket Graphics Package Power (W): 744.0
GPU[4]		: Current Socket Graphics Package Power (W): 794.0
GPU[5]		: Current Socket Graphics Package Power (W): 242.0
GPU[6]		: Current Socket Graphics Package Power (W): 242.0
GPU[7]		: Current Socket Graphics Package Power (W): 254.0
==========================================================================================
================================== End of ROCm SMI Log ===================================
=== 1786659601.979114552 ===


============================ ROCm System Management Interface ============================
=============================== Current clock frequencies ================================
GPU[0]		: mclk clock level: 0: (2000Mhz)
GPU[0]		: sclk clock level: 1: (2221Mhz)
GPU[0]		: socclk clock level: S: (44Mhz)
GPU[1]		: mclk clock level: 0: (2000Mhz)
GPU[1]		: sclk clock level: 1: (2231Mhz)
GPU[1]		: socclk clock level: S: (44Mhz)
GPU[2]		: mclk clock level: 0: (2000Mhz)
GPU[2]		: sclk clock level: 1: (2316Mhz)
GPU[2]		: socclk clock level: S: (41Mhz)
GPU[3]		: mclk clock level: 0: (2000Mhz)
GPU[3]		: sclk clock level: 1: (2340Mhz)
GPU[3]		: socclk clock level: S: (41Mhz)
GPU[4]		: mclk clock level: 0: (2000Mhz)
GPU[4]		: sclk clock level: 1: (2206Mhz)
GPU[4]		: socclk clock level: S: (44Mhz)
GPU[5]		: mclk clock level: 0: (2000Mhz)
GPU[5]		: sclk clock level: S: (113Mhz)
GPU[5]		: socclk clock level: S: (38Mhz)
GPU[6]		: mclk clock level: 0: (2000Mhz)
GPU[6]		: sclk clock level: S: (95Mhz)
GPU[6]		: socclk clock level: S: (38Mhz)
GPU[7]		: mclk clock level: 0: (2000Mhz)
GPU[7]		: sclk clock level: S: (94Mhz)
GPU[7]		: socclk clock level: S: (38Mhz)
==========================================================================================
=================================== Power Consumption ====================================
GPU[0]		: Current Socket Graphics Package Power (W): 1100.0
GPU[1]		: Current Socket Graphics Package Power (W): 1157.0
GPU[2]		: Current Socket Graphics Package Power (W): 763.0
GPU[3]		: Current Socket Graphics Package Power (W): 696.0
GPU[4]		: Current Socket Graphics Package Power (W): 1121.0
GPU[5]		: Current Socket Graphics Package Power (W): 243.0
GPU[6]		: Current Socket Graphics Package Power (W): 242.0
GPU[7]		: Current Socket Graphics Package Power (W): 254.0
==========================================================================================
================================== End of ROCm SMI Log ===================================
=== 1786659604.075437534 ===


============================ ROCm System Management Interface ============================
=============================== Current clock frequencies ================================
GPU[0]		: mclk clock level: 0: (2000Mhz)
GPU[0]		: sclk clock level: 1: (2223Mhz)
GPU[0]		: socclk clock level: S: (44Mhz)
GPU[1]		: mclk clock level: 0: (2000Mhz)
GPU[1]		: sclk clock level: 1: (2235Mhz)
GPU[1]		: socclk clock level: S: (44Mhz)
GPU[2]		: mclk clock level: 0: (2000Mhz)
GPU[2]		: sclk clock level: 1: (2318Mhz)
GPU[2]		: socclk clock level: S: (41Mhz)
GPU[3]		: mclk clock level: 0: (2000Mhz)
GPU[3]		: sclk clock level: 1: (2336Mhz)
GPU[3]		: socclk clock level: S: (41Mhz)
GPU[4]		: mclk clock level: 0: (2000Mhz)
GPU[4]		: sclk clock level: 1: (2218Mhz)
GPU[4]		: socclk clock level: S: (44Mhz)
GPU[5]		: mclk clock level: 0: (2000Mhz)
GPU[5]		: sclk clock level: S: (107Mhz)
GPU[5]		: socclk clock level: S: (38Mhz)
GPU[6]		: mclk clock level: 0: (2000Mhz)
GPU[6]		: sclk clock level: S: (94Mhz)
GPU[6]		: socclk clock level: S: (38Mhz)
GPU[7]		: mclk clock level: 0: (2000Mhz)
GPU[7]		: sclk clock level: S: (94Mhz)
GPU[7]		: socclk clock level: S: (38Mhz)
==========================================================================================
=================================== Power Consumption ====================================
GPU[0]		: Current Socket Graphics Package Power (W): 1125.0
GPU[1]		: Current Socket Graphics Package Power (W): 1145.0
GPU[2]		: Current Socket Graphics Package Power (W): 762.0
GPU[3]		: Current Socket Graphics Package Power (W): 701.0
GPU[4]		: Current Socket Graphics Package Power (W): 1112.0
GPU[5]		: Current Socket Graphics Package Power (W): 242.0
GPU[6]		: Current Socket Graphics Package Power (W): 242.0
GPU[7]		: Current Socket Graphics Package Power (W): 255.0
==========================================================================================
================================== End of ROCm SMI Log ===================================
=== 1786659606.174674986 ===


============================ ROCm System Management Interface ============================
=============================== Current clock frequencies ================================
GPU[0]		: mclk clock level: 0: (2000Mhz)
GPU[0]		: sclk clock level: 1: (2204Mhz)
GPU[0]		: socclk clock level: S: (44Mhz)
GPU[1]		: mclk clock level: 0: (2000Mhz)
GPU[1]		: sclk clock level: 1: (2218Mhz)
GPU[1]		: socclk clock level: S: (44Mhz)
GPU[2]		: mclk clock level: 0: (2000Mhz)
GPU[2]		: sclk clock level: 1: (2313Mhz)
GPU[2]		: socclk clock level: S: (41Mhz)
GPU[3]		: mclk clock level: 0: (2000Mhz)
GPU[3]		: sclk clock level: 1: (2339Mhz)
GPU[3]		: socclk clock level: S: (41Mhz)
GPU[4]		: mclk clock level: 0: (2000Mhz)
GPU[4]		: sclk clock level: 1: (2318Mhz)
GPU[4]		: socclk clock level: S: (40Mhz)
GPU[5]		: mclk clock level: 0: (2000Mhz)
GPU[5]		: sclk clock level: S: (108Mhz)
GPU[5]		: socclk clock level: S: (38Mhz)
GPU[6]		: mclk clock level: 0: (2000Mhz)
GPU[6]		: sclk clock level: S: (94Mhz)
GPU[6]		: socclk clock level: S: (38Mhz)
GPU[7]		: mclk clock level: 0: (2000Mhz)
GPU[7]		: sclk clock level: S: (94Mhz)
GPU[7]		: socclk clock level: S: (38Mhz)
==========================================================================================
=================================== Power Consumption ====================================
GPU[0]		: Current Socket Graphics Package Power (W): 1201.0
GPU[1]		: Current Socket Graphics Package Power (W): 1223.0
GPU[2]		: Current Socket Graphics Package Power (W): 790.0
GPU[3]		: Current Socket Graphics Package Power (W): 732.0
GPU[4]		: Current Socket Graphics Package Power (W): 709.0
GPU[5]		: Current Socket Graphics Package Power (W): 243.0
GPU[6]		: Current Socket Graphics Package Power (W): 243.0
GPU[7]		: Current Socket Graphics Package Power (W): 254.0
==========================================================================================
================================== End of ROCm SMI Log ===================================
=== 1786659608.275159158 ===


============================ ROCm System Management Interface ============================
=============================== Current clock frequencies ================================
GPU[0]		: mclk clock level: 0: (2000Mhz)
GPU[0]		: sclk clock level: 1: (2400Mhz)
GPU[0]		: socclk clock level: S: (38Mhz)
GPU[1]		: mclk clock level: 0: (2000Mhz)
GPU[1]		: sclk clock level: 1: (2016Mhz)
GPU[1]		: socclk clock level: S: (47Mhz)
GPU[2]		: mclk clock level: 0: (2000Mhz)
GPU[2]		: sclk clock level: 1: (2268Mhz)
GPU[2]		: socclk clock level: S: (43Mhz)
GPU[3]		: mclk clock level: 0: (2000Mhz)
GPU[3]		: sclk clock level: 1: (2295Mhz)
GPU[3]		: socclk clock level: S: (42Mhz)
GPU[4]		: mclk clock level: 0: (2000Mhz)
GPU[4]		: sclk clock level: 1: (2289Mhz)
GPU[4]		: socclk clock level: S: (42Mhz)
GPU[5]		: mclk clock level: 0: (2000Mhz)
GPU[5]		: sclk clock level: S: (104Mhz)
GPU[5]		: socclk clock level: S: (38Mhz)
GPU[6]		: mclk clock level: 0: (2000Mhz)
GPU[6]		: sclk clock level: S: (94Mhz)
GPU[6]		: socclk clock level: S: (38Mhz)
GPU[7]		: mclk clock level: 0: (2000Mhz)
GPU[7]		: sclk clock level: S: (94Mhz)
GPU[7]		: socclk clock level: S: (38Mhz)
==========================================================================================
=================================== Power Consumption ====================================
GPU[0]		: Current Socket Graphics Package Power (W): 302.0
GPU[1]		: Current Socket Graphics Package Power (W): 1401.0
GPU[2]		: Current Socket Graphics Package Power (W): 966.0
GPU[3]		: Current Socket Graphics Package Power (W): 878.0
GPU[4]		: Current Socket Graphics Package Power (W): 862.0
GPU[5]		: Current Socket Graphics Package Power (W): 243.0
GPU[6]		: Current Socket Graphics Package Power (W): 243.0
GPU[7]		: Current Socket Graphics Package Power (W): 255.0
==========================================================================================
================================== End of ROCm SMI Log ===================================
=== 1786659610.373284719 ===


============================ ROCm System Management Interface ============================
=============================== Current clock frequencies ================================
GPU[0]		: mclk clock level: 0: (2000Mhz)
GPU[0]		: sclk clock level: 1: (2400Mhz)
GPU[0]		: socclk clock level: S: (38Mhz)
GPU[1]		: mclk clock level: 0: (2000Mhz)
GPU[1]		: sclk clock level: 1: (2322Mhz)
GPU[1]		: socclk clock level: S: (38Mhz)
GPU[2]		: mclk clock level: 0: (2000Mhz)
GPU[2]		: sclk clock level: 1: (2037Mhz)
GPU[2]		: socclk clock level: S: (47Mhz)
GPU[3]		: mclk clock level: 0: (2000Mhz)
GPU[3]		: sclk clock level: 1: (2192Mhz)
GPU[3]		: socclk clock level: S: (46Mhz)
GPU[4]		: mclk clock level: 0: (2000Mhz)
GPU[4]		: sclk clock level: 1: (2179Mhz)
GPU[4]		: socclk clock level: S: (45Mhz)
GPU[5]		: mclk clock level: 0: (2000Mhz)
GPU[5]		: sclk clock level: S: (95Mhz)
GPU[5]		: socclk clock level: S: (38Mhz)
GPU[6]		: mclk clock level: 0: (2000Mhz)
GPU[6]		: sclk clock level: S: (94Mhz)
GPU[6]		: socclk clock level: S: (38Mhz)
GPU[7]		: mclk clock level: 0: (2000Mhz)
GPU[7]		: sclk clock level: S: (94Mhz)
GPU[7]		: socclk clock level: S: (38Mhz)
==========================================================================================
=================================== Power Consumption ====================================
GPU[0]		: Current Socket Graphics Package Power (W): 299.0
GPU[1]		: Current Socket Graphics Package Power (W): 494.0
GPU[2]		: Current Socket Graphics Package Power (W): 1391.0
GPU[3]		: Current Socket Graphics Package Power (W): 1311.0
GPU[4]		: Current Socket Graphics Package Power (W): 1232.0
GPU[5]		: Current Socket Graphics Package Power (W): 243.0
GPU[6]		: Current Socket Graphics Package Power (W): 243.0
GPU[7]		: Current Socket Graphics Package Power (W): 255.0
==========================================================================================
================================== End of ROCm SMI Log ===================================
=== 1786659612.469344585 ===


============================ ROCm System Management Interface ============================
=============================== Current clock frequencies ================================
GPU[0]		: mclk clock level: 0: (2000Mhz)
GPU[0]		: sclk clock level: 1: (2400Mhz)
GPU[0]		: socclk clock level: S: (38Mhz)
GPU[1]		: mclk clock level: 0: (2000Mhz)
GPU[1]		: sclk clock level: 1: (2400Mhz)
GPU[1]		: socclk clock level: S: (38Mhz)
GPU[2]		: mclk clock level: 0: (2000Mhz)
GPU[2]		: sclk clock level: 1: (2023Mhz)
GPU[2]		: socclk clock level: S: (38Mhz)
GPU[3]		: mclk clock level: 0: (2000Mhz)
GPU[3]		: sclk clock level: 1: (2400Mhz)
GPU[3]		: socclk clock level: S: (38Mhz)
GPU[4]		: mclk clock level: 0: (2000Mhz)
GPU[4]		: sclk clock level: 1: (2400Mhz)
GPU[4]		: socclk clock level: S: (38Mhz)
GPU[5]		: mclk clock level: 0: (2000Mhz)
GPU[5]		: sclk clock level: S: (105Mhz)
GPU[5]		: socclk clock level: S: (38Mhz)
GPU[6]		: mclk clock level: 0: (2000Mhz)
GPU[6]		: sclk clock level: S: (94Mhz)
GPU[6]		: socclk clock level: S: (38Mhz)
GPU[7]		: mclk clock level: 0: (2000Mhz)
GPU[7]		: sclk clock level: S: (94Mhz)
GPU[7]		: socclk clock level: S: (38Mhz)
==========================================================================================
=================================== Power Consumption ====================================
GPU[0]		: Current Socket Graphics Package Power (W): 301.0
GPU[1]		: Current Socket Graphics Package Power (W): 299.0
GPU[2]		: Current Socket Graphics Package Power (W): 1402.0
GPU[3]		: Current Socket Graphics Package Power (W): 302.0
GPU[4]		: Current Socket Graphics Package Power (W): 308.0
GPU[5]		: Current Socket Graphics Package Power (W): 243.0
GPU[6]		: Current Socket Graphics Package Power (W): 243.0
GPU[7]		: Current Socket Graphics Package Power (W): 255.0
==========================================================================================
================================== End of ROCm SMI Log ===================================
